Clock: clk
Sources: clk 
Generated: no
Virtual: no
Propagated: no
Period: 100.000000

===========================================================================
report_clock_properties
============================================================================
Clock                   Period          Waveform
----------------------------------------------------
clk                 100.000000    0.000000 50.000000

===========================================================================
report_clock_latency
============================================================================
Clock clk
rise -> rise
    min     max
0.000000 0.000000 source latency
2.301868         network latency m._277_/CLK
        2.301868 network latency m._277_/CLK
---------------
2.301868 2.301868 latency
        0.000000 skew

fall -> fall
    min     max
0.000000 0.000000 source latency
1.666621         network latency m._277_/CLK
        1.666621 network latency m._277_/CLK
---------------
1.666621 1.666621 latency
        0.000000 skew



===========================================================================
report_clock_min_period
============================================================================
clk period_min = 7.44 fmax = 134.32
