
===========================================================================
 report_power
============================================================================
======================= nom_slow_1p08V_125C Corner ===================================

Group                    Internal    Switching      Leakage        Total
                            Power        Power        Power        Power (Watts)
------------------------------------------------------------------------
Sequential           3.219731e-04 1.345953e-06 1.625434e-06 3.249446e-04  80.2%
Combinational        3.764501e-06 2.581064e-06 1.264230e-05 1.898786e-05   4.7%
Clock                0.000000e+00 0.000000e+00 0.000000e+00 0.000000e+00   0.0%
Macro                6.136233e-05 0.000000e+00 2.475190e-08 6.138708e-05  15.1%
Pad                  0.000000e+00 0.000000e+00 0.000000e+00 0.000000e+00   0.0%
------------------------------------------------------------------------
Total                3.870998e-04 3.927015e-06 1.429247e-05 4.053193e-04 100.0%
                            95.5%         1.0%         3.5%

