Clock: clk
Sources: clk 
Generated: no
Virtual: no
Propagated: no
Period: 100.000000

===========================================================================
report_clock_properties
============================================================================
Clock                   Period          Waveform
----------------------------------------------------
clk                 100.000000    0.000000 50.000000

===========================================================================
report_clock_latency
============================================================================
Clock clk
rise -> rise
    min     max
0.000000 0.000000 source latency
1.074443         network latency m._277_/CLK
        1.074443 network latency m._277_/CLK
---------------
1.074443 1.074443 latency
        0.000000 skew

fall -> fall
    min     max
0.000000 0.000000 source latency
0.788962         network latency m._277_/CLK
        0.788962 network latency m._277_/CLK
---------------
0.788962 0.788962 latency
        0.000000 skew



===========================================================================
report_clock_min_period
============================================================================
clk period_min = 3.77 fmax = 265.17
