
===========================================================================
 report_power
============================================================================
======================= nom_fast_1p32V_m40C Corner ===================================

Group                    Internal    Switching      Leakage        Total
                            Power        Power        Power        Power (Watts)
------------------------------------------------------------------------
Sequential           5.160082e-04 2.290475e-06 7.610826e-07 5.190598e-04  86.8%
Combinational        6.006298e-06 4.305659e-06 6.972594e-06 1.728455e-05   2.9%
Clock                0.000000e+00 0.000000e+00 0.000000e+00 0.000000e+00   0.0%
Macro                6.136233e-05 0.000000e+00 2.475190e-08 6.138708e-05  10.3%
Pad                  0.000000e+00 0.000000e+00 0.000000e+00 0.000000e+00   0.0%
------------------------------------------------------------------------
Total                5.833766e-04 6.596131e-06 7.758363e-06 5.977312e-04 100.0%
                            97.6%         1.1%         1.3%

