
===========================================================================
Violator List
============================================================================
[hold reg-reg] m.u_mnist_loader._72_/Q -> sram/A_ADDR[1] : -0.637848
[hold reg-reg] m.u_mnist_loader._75_/Q -> sram/A_ADDR[4] : -0.632671
[hold reg-reg] m.u_mnist_loader._71_/Q -> sram/A_ADDR[0] : -0.619450
[hold reg-reg] m.u_mnist_loader._74_/Q -> sram/A_ADDR[3] : -0.611469
[hold reg-reg] m.u_mnist_loader._73_/Q -> sram/A_ADDR[2] : -0.610976
[hold reg-reg] m.u_pool2._406_/Q -> sram/A_ADDR[7] : -0.554709
[hold reg-reg] m.u_pool2._406_/Q -> sram/A_ADDR[6] : -0.531397
[hold reg-reg] m.u_conv2.u_loader._931_/Q -> sram/A_ADDR[5] : -0.493128
[hold reg-reg] m.u_mnist_loader._70_/Q -> sram/A_BM[7] : -0.375736
[hold reg-reg] m.u_mnist_loader._70_/Q -> sram/A_BM[1] : -0.347308
[hold reg-reg] m.u_mnist_loader._70_/Q -> sram/A_DIN[0] : -0.346707
[hold reg-reg] m.u_mnist_loader._70_/Q -> sram/A_DIN[2] : -0.345207
[hold reg-reg] m.u_mnist_loader._70_/Q -> sram/A_BM[3] : -0.345010
[hold reg-reg] m.u_mnist_loader._70_/Q -> sram/A_DIN[1] : -0.342797
[hold reg-reg] m.u_conv3._584_/Q -> sram/A_REN : -0.339658
[hold reg-reg] m.u_mnist_loader._70_/Q -> sram/A_DIN[3] : -0.339475
[hold reg-reg] m.u_mnist_loader._70_/Q -> sram/A_BM[5] : -0.335012
[hold reg-reg] m.u_mnist_loader._70_/Q -> sram/A_BM[6] : -0.331567
[hold reg-reg] m._278_/Q -> sram/A_DIN[6] : -0.331031
[hold reg-reg] m._278_/Q -> sram/A_DIN[7] : -0.331031
[hold reg-reg] m._278_/Q -> sram/A_DIN[4] : -0.330923
[hold reg-reg] m._278_/Q -> sram/A_BM[0] : -0.329204
[hold reg-reg] m._278_/Q -> sram/A_BM[4] : -0.328998
[hold reg-reg] m._278_/Q -> sram/A_BM[2] : -0.328912
[hold reg-reg] m._278_/Q -> sram/A_DIN[5] : -0.327440
[hold reg-reg] m.u_pool1._537_/Q -> sram/A_WEN : -0.279359
[hold reg-reg] m.u_pool1._536_/Q -> m.u_pool1._534_/D : -0.095247
[hold reg-reg] m.u_pool2._406_/Q -> m.u_pool2._404_/D : -0.095247
[hold reg-reg] m.u_conv1.u_loader._929_/Q -> m.u_conv1.u_loader._933_/D : -0.089603
[hold reg-reg] m.u_conv2.u_loader._929_/Q -> m.u_conv2.u_loader._933_/D : -0.089603
[hold reg-reg] m.u_conv3._584_/Q -> m.u_conv3._583_/D : -0.083673
[hold reg-reg] m.u_pool2._408_/Q -> m.u_pool2._403_/D : -0.081754
[hold reg-reg] m.u_pool1._538_/Q -> m.u_pool1._533_/D : -0.081041
[hold reg-reg] m.u_conv1.u_loader._931_/Q -> m.u_conv1.u_loader._929_/D : -0.069803
[hold reg-reg] m.u_conv2.u_loader._931_/Q -> m.u_conv2.u_loader._929_/D : -0.069803
[hold reg-reg] m.u_conv1.u_loader._927_/Q -> m.u_conv1.u_loader._931_/D : -0.065590
[hold reg-reg] m.u_conv2.u_loader._927_/Q -> m.u_conv2.u_loader._931_/D : -0.065590
[hold reg-reg] m.u_conv2._3253_/Q -> m.u_conv2._3253_/D : -0.047806
[hold reg-reg] m.u_conv2._3449_/Q -> m.u_conv2._3449_/D : -0.047769
[hold reg-reg] m.u_conv2._3231_/Q -> m.u_conv2._3231_/D : -0.047264
[hold reg-reg] m.u_conv2._3232_/Q -> m.u_conv2._3232_/D : -0.047264
[hold reg-reg] m.u_conv2._3233_/Q -> m.u_conv2._3233_/D : -0.047264
[hold reg-reg] m.u_conv2._3234_/Q -> m.u_conv2._3234_/D : -0.047264
[hold reg-reg] m.u_conv2._3235_/Q -> m.u_conv2._3235_/D : -0.047264
[hold reg-reg] m.u_conv2._3236_/Q -> m.u_conv2._3236_/D : -0.047264
[hold reg-reg] m.u_conv2._3237_/Q -> m.u_conv2._3237_/D : -0.047264
[hold reg-reg] m.u_conv2._3421_/Q -> m.u_conv2._3421_/D : -0.047179
[hold reg-reg] m.u_conv2._3589_/Q -> m.u_conv2._3589_/D : -0.047179
[hold reg-reg] m._281_/Q -> m._281_/D : -0.047057
[hold reg-reg] m.u_conv2._3246_/Q -> m.u_conv2._3246_/D : -0.047027
[hold reg-reg] m.u_conv2._3259_/Q -> m.u_conv2._3259_/D : -0.047027
[hold reg-reg] m.u_conv2._3263_/Q -> m.u_conv2._3263_/D : -0.047027
[hold reg-reg] m.u_conv2._3265_/Q -> m.u_conv2._3265_/D : -0.047027
[hold reg-reg] m.u_conv2._3266_/Q -> m.u_conv2._3266_/D : -0.047027
[hold reg-reg] m.u_conv2._3269_/Q -> m.u_conv2._3269_/D : -0.047027
[hold reg-reg] m.u_conv2._3270_/Q -> m.u_conv2._3270_/D : -0.047027
[hold reg-reg] m.u_conv2._3271_/Q -> m.u_conv2._3271_/D : -0.047027
[hold reg-reg] m.u_conv2._3272_/Q -> m.u_conv2._3272_/D : -0.047027
[hold reg-reg] m.u_conv2._3274_/Q -> m.u_conv2._3274_/D : -0.047027
[hold reg-reg] m.u_conv2._3275_/Q -> m.u_conv2._3275_/D : -0.047027
[hold reg-reg] m.u_conv2._3276_/Q -> m.u_conv2._3276_/D : -0.047027
[hold reg-reg] m.u_conv2._3277_/Q -> m.u_conv2._3277_/D : -0.047027
[hold reg-reg] m.u_conv2._3278_/Q -> m.u_conv2._3278_/D : -0.047027
[hold reg-reg] m.u_conv2._3279_/Q -> m.u_conv2._3279_/D : -0.047027
[hold reg-reg] m.u_conv2._3280_/Q -> m.u_conv2._3280_/D : -0.047027
[hold reg-reg] m.u_conv2._3282_/Q -> m.u_conv2._3282_/D : -0.047027
[hold reg-reg] m.u_conv2._3283_/Q -> m.u_conv2._3283_/D : -0.047027
[hold reg-reg] m.u_conv2._3284_/Q -> m.u_conv2._3284_/D : -0.047027
[hold reg-reg] m.u_conv2._3286_/Q -> m.u_conv2._3286_/D : -0.047027
[hold reg-reg] m.u_conv2._3287_/Q -> m.u_conv2._3287_/D : -0.047027
[hold reg-reg] m.u_conv2._3288_/Q -> m.u_conv2._3288_/D : -0.047027
[hold reg-reg] m.u_conv2._3289_/Q -> m.u_conv2._3289_/D : -0.047027
[hold reg-reg] m.u_conv2._3290_/Q -> m.u_conv2._3290_/D : -0.047027
[hold reg-reg] m.u_conv2._3291_/Q -> m.u_conv2._3291_/D : -0.047027
[hold reg-reg] m.u_conv2._3292_/Q -> m.u_conv2._3292_/D : -0.047027
[hold reg-reg] m.u_conv2._3294_/Q -> m.u_conv2._3294_/D : -0.047027
[hold reg-reg] m.u_conv2._3295_/Q -> m.u_conv2._3295_/D : -0.047027
[hold reg-reg] m.u_conv2._3296_/Q -> m.u_conv2._3296_/D : -0.047027
[hold reg-reg] m.u_conv2._3297_/Q -> m.u_conv2._3297_/D : -0.047027
[hold reg-reg] m.u_conv2._3298_/Q -> m.u_conv2._3298_/D : -0.047027
[hold reg-reg] m.u_conv2._3299_/Q -> m.u_conv2._3299_/D : -0.047027
[hold reg-reg] m.u_conv2._3300_/Q -> m.u_conv2._3300_/D : -0.047027
[hold reg-reg] m.u_conv2._3301_/Q -> m.u_conv2._3301_/D : -0.047027
[hold reg-reg] m.u_conv2._3302_/Q -> m.u_conv2._3302_/D : -0.047027
[hold reg-reg] m.u_conv2._3303_/Q -> m.u_conv2._3303_/D : -0.047027
[hold reg-reg] m.u_conv2._3304_/Q -> m.u_conv2._3304_/D : -0.047027
[hold reg-reg] m.u_conv2._3305_/Q -> m.u_conv2._3305_/D : -0.047027
[hold reg-reg] m.u_conv2._3306_/Q -> m.u_conv2._3306_/D : -0.047027
[hold reg-reg] m.u_conv2._3307_/Q -> m.u_conv2._3307_/D : -0.047027
[hold reg-reg] m.u_conv2._3308_/Q -> m.u_conv2._3308_/D : -0.047027
[hold reg-reg] m.u_conv2._3309_/Q -> m.u_conv2._3309_/D : -0.047027
[hold reg-reg] m.u_conv2._3310_/Q -> m.u_conv2._3310_/D : -0.047027
[hold reg-reg] m.u_conv2._3311_/Q -> m.u_conv2._3311_/D : -0.047027
[hold reg-reg] m.u_conv2._3312_/Q -> m.u_conv2._3312_/D : -0.047027
[hold reg-reg] m.u_conv2._3313_/Q -> m.u_conv2._3313_/D : -0.047027
[hold reg-reg] m.u_conv2._3314_/Q -> m.u_conv2._3314_/D : -0.047027
[hold reg-reg] m.u_conv2._3315_/Q -> m.u_conv2._3315_/D : -0.047027
[hold reg-reg] m.u_conv2._3316_/Q -> m.u_conv2._3316_/D : -0.047027
[hold reg-reg] m.u_conv2._3317_/Q -> m.u_conv2._3317_/D : -0.047027
[hold reg-reg] m.u_conv2._3318_/Q -> m.u_conv2._3318_/D : -0.047027
[hold reg-reg] m.u_conv2._3320_/Q -> m.u_conv2._3320_/D : -0.047027
[hold reg-reg] m.u_conv2._3322_/Q -> m.u_conv2._3322_/D : -0.047027
[hold reg-reg] m.u_conv2._3324_/Q -> m.u_conv2._3324_/D : -0.047027
[hold reg-reg] m.u_conv2._3326_/Q -> m.u_conv2._3326_/D : -0.047027
[hold reg-reg] m.u_conv2._3329_/Q -> m.u_conv2._3329_/D : -0.047027
[hold reg-reg] m.u_conv2._3330_/Q -> m.u_conv2._3330_/D : -0.047027
[hold reg-reg] m.u_conv2._3331_/Q -> m.u_conv2._3331_/D : -0.047027
[hold reg-reg] m.u_conv2._3332_/Q -> m.u_conv2._3332_/D : -0.047027
[hold reg-reg] m.u_conv2._3334_/Q -> m.u_conv2._3334_/D : -0.047027
[hold reg-reg] m.u_conv2._3336_/Q -> m.u_conv2._3336_/D : -0.047027
[hold reg-reg] m.u_conv2._3337_/Q -> m.u_conv2._3337_/D : -0.047027
[hold reg-reg] m.u_conv2._3338_/Q -> m.u_conv2._3338_/D : -0.047027
[hold reg-reg] m.u_conv2._3339_/Q -> m.u_conv2._3339_/D : -0.047027
[hold reg-reg] m.u_conv2._3340_/Q -> m.u_conv2._3340_/D : -0.047027
[hold reg-reg] m.u_conv2._3341_/Q -> m.u_conv2._3341_/D : -0.047027
[hold reg-reg] m.u_conv2._3342_/Q -> m.u_conv2._3342_/D : -0.047027
[hold reg-reg] m.u_conv2._3346_/Q -> m.u_conv2._3346_/D : -0.047027
[hold reg-reg] m.u_conv2._3347_/Q -> m.u_conv2._3347_/D : -0.047027
[hold reg-reg] m.u_conv2._3348_/Q -> m.u_conv2._3348_/D : -0.047027
[hold reg-reg] m.u_conv2._3350_/Q -> m.u_conv2._3350_/D : -0.047027
[hold reg-reg] m.u_conv2._3351_/Q -> m.u_conv2._3351_/D : -0.047027
[hold reg-reg] m.u_conv2._3352_/Q -> m.u_conv2._3352_/D : -0.047027
[hold reg-reg] m.u_conv2._3355_/Q -> m.u_conv2._3355_/D : -0.047027
[hold reg-reg] m.u_conv2._3356_/Q -> m.u_conv2._3356_/D : -0.047027
[hold reg-reg] m.u_conv2._3359_/Q -> m.u_conv2._3359_/D : -0.047027
[hold reg-reg] m.u_conv2._3360_/Q -> m.u_conv2._3360_/D : -0.047027
[hold reg-reg] m.u_conv2._3361_/Q -> m.u_conv2._3361_/D : -0.047027
[hold reg-reg] m.u_conv2._3362_/Q -> m.u_conv2._3362_/D : -0.047027
[hold reg-reg] m.u_conv2._3363_/Q -> m.u_conv2._3363_/D : -0.047027
[hold reg-reg] m.u_conv2._3364_/Q -> m.u_conv2._3364_/D : -0.047027
[hold reg-reg] m.u_conv2._3367_/Q -> m.u_conv2._3367_/D : -0.047027
[hold reg-reg] m.u_conv2._3370_/Q -> m.u_conv2._3370_/D : -0.047027
[hold reg-reg] m.u_conv2._3371_/Q -> m.u_conv2._3371_/D : -0.047027
[hold reg-reg] m.u_conv2._3372_/Q -> m.u_conv2._3372_/D : -0.047027
[hold reg-reg] m.u_conv2._3373_/Q -> m.u_conv2._3373_/D : -0.047027
[hold reg-reg] m.u_conv2._3374_/Q -> m.u_conv2._3374_/D : -0.047027
[hold reg-reg] m.u_conv2._3376_/Q -> m.u_conv2._3376_/D : -0.047027
[hold reg-reg] m.u_conv2._3377_/Q -> m.u_conv2._3377_/D : -0.047027
[hold reg-reg] m.u_conv2._3378_/Q -> m.u_conv2._3378_/D : -0.047027
[hold reg-reg] m.u_conv2._3379_/Q -> m.u_conv2._3379_/D : -0.047027
[hold reg-reg] m.u_conv2._3381_/Q -> m.u_conv2._3381_/D : -0.047027
[hold reg-reg] m.u_conv2._3384_/Q -> m.u_conv2._3384_/D : -0.047027
[hold reg-reg] m.u_conv2._3389_/Q -> m.u_conv2._3389_/D : -0.047027
[hold reg-reg] m.u_conv2._3390_/Q -> m.u_conv2._3390_/D : -0.047027
[hold reg-reg] m.u_conv2._3391_/Q -> m.u_conv2._3391_/D : -0.047027
[hold reg-reg] m.u_conv2._3392_/Q -> m.u_conv2._3392_/D : -0.047027
[hold reg-reg] m.u_conv2._3393_/Q -> m.u_conv2._3393_/D : -0.047027
[hold reg-reg] m.u_conv2._3397_/Q -> m.u_conv2._3397_/D : -0.047027
[hold reg-reg] m.u_conv2._3412_/Q -> m.u_conv2._3412_/D : -0.047027
[hold reg-reg] m.u_conv2._3413_/Q -> m.u_conv2._3413_/D : -0.047027
[hold reg-reg] m.u_conv2._3422_/Q -> m.u_conv2._3422_/D : -0.047027
[hold reg-reg] m.u_conv2._3423_/Q -> m.u_conv2._3423_/D : -0.047027
[hold reg-reg] m.u_conv2._3427_/Q -> m.u_conv2._3427_/D : -0.047027
[hold reg-reg] m.u_conv2._3428_/Q -> m.u_conv2._3428_/D : -0.047027
[hold reg-reg] m.u_conv2._3431_/Q -> m.u_conv2._3431_/D : -0.047027
[hold reg-reg] m.u_conv2._3432_/Q -> m.u_conv2._3432_/D : -0.047027
[hold reg-reg] m.u_conv2._3433_/Q -> m.u_conv2._3433_/D : -0.047027
[hold reg-reg] m.u_conv2._3434_/Q -> m.u_conv2._3434_/D : -0.047027
[hold reg-reg] m.u_conv2._3435_/Q -> m.u_conv2._3435_/D : -0.047027
[hold reg-reg] m.u_conv2._3436_/Q -> m.u_conv2._3436_/D : -0.047027
[hold reg-reg] m.u_conv2._3439_/Q -> m.u_conv2._3439_/D : -0.047027
[hold reg-reg] m.u_conv2._3440_/Q -> m.u_conv2._3440_/D : -0.047027
[hold reg-reg] m.u_conv2._3442_/Q -> m.u_conv2._3442_/D : -0.047027
[hold reg-reg] m.u_conv2._3445_/Q -> m.u_conv2._3445_/D : -0.047027
[hold reg-reg] m.u_conv2._3446_/Q -> m.u_conv2._3446_/D : -0.047027
[hold reg-reg] m.u_conv2._3447_/Q -> m.u_conv2._3447_/D : -0.047027
[hold reg-reg] m.u_conv2._3448_/Q -> m.u_conv2._3448_/D : -0.047027
[hold reg-reg] m.u_conv2._3450_/Q -> m.u_conv2._3450_/D : -0.047027
[hold reg-reg] m.u_conv2._3452_/Q -> m.u_conv2._3452_/D : -0.047027
[hold reg-reg] m.u_conv2._3454_/Q -> m.u_conv2._3454_/D : -0.047027
[hold reg-reg] m.u_conv2._3462_/Q -> m.u_conv2._3462_/D : -0.047027
[hold reg-reg] m.u_conv2._3463_/Q -> m.u_conv2._3463_/D : -0.047027
[hold reg-reg] m.u_conv2._3464_/Q -> m.u_conv2._3464_/D : -0.047027
[hold reg-reg] m.u_conv2._3465_/Q -> m.u_conv2._3465_/D : -0.047027
[hold reg-reg] m.u_conv2._3471_/Q -> m.u_conv2._3471_/D : -0.047027
[hold reg-reg] m.u_conv2._3475_/Q -> m.u_conv2._3475_/D : -0.047027
[hold reg-reg] m.u_conv2._3481_/Q -> m.u_conv2._3481_/D : -0.047027
[hold reg-reg] m.u_conv2._3488_/Q -> m.u_conv2._3488_/D : -0.047027
[hold reg-reg] m.u_conv2._3492_/Q -> m.u_conv2._3492_/D : -0.047027
[hold reg-reg] m.u_conv2._3493_/Q -> m.u_conv2._3493_/D : -0.047027
[hold reg-reg] m.u_conv2._3494_/Q -> m.u_conv2._3494_/D : -0.047027
[hold reg-reg] m.u_conv2._3496_/Q -> m.u_conv2._3496_/D : -0.047027
[hold reg-reg] m.u_conv2._3498_/Q -> m.u_conv2._3498_/D : -0.047027
[hold reg-reg] m.u_conv2._3502_/Q -> m.u_conv2._3502_/D : -0.047027
[hold reg-reg] m.u_conv2._3506_/Q -> m.u_conv2._3506_/D : -0.047027
[hold reg-reg] m.u_conv2._3508_/Q -> m.u_conv2._3508_/D : -0.047027
[hold reg-reg] m.u_conv2._3510_/Q -> m.u_conv2._3510_/D : -0.047027
[hold reg-reg] m.u_conv2._3539_/Q -> m.u_conv2._3539_/D : -0.047027
[hold reg-reg] m.u_conv2._3540_/Q -> m.u_conv2._3540_/D : -0.047027
[hold reg-reg] m.u_conv2._3543_/Q -> m.u_conv2._3543_/D : -0.047027
[hold reg-reg] m.u_conv2._3547_/Q -> m.u_conv2._3547_/D : -0.047027
[hold reg-reg] m.u_conv2._3549_/Q -> m.u_conv2._3549_/D : -0.047027
[hold reg-reg] m.u_conv2._3550_/Q -> m.u_conv2._3550_/D : -0.047027
[hold reg-reg] m.u_conv2._3551_/Q -> m.u_conv2._3551_/D : -0.047027
[hold reg-reg] m.u_conv2._3553_/Q -> m.u_conv2._3553_/D : -0.047027
[hold reg-reg] m.u_conv2._3556_/Q -> m.u_conv2._3556_/D : -0.047027
[hold reg-reg] m.u_conv2._3557_/Q -> m.u_conv2._3557_/D : -0.047027
[hold reg-reg] m.u_conv2._3560_/Q -> m.u_conv2._3560_/D : -0.047027
[hold reg-reg] m.u_conv2._3562_/Q -> m.u_conv2._3562_/D : -0.047027
[hold reg-reg] m.u_conv2._3563_/Q -> m.u_conv2._3563_/D : -0.047027
[hold reg-reg] m.u_conv2._3565_/Q -> m.u_conv2._3565_/D : -0.047027
[hold reg-reg] m.u_conv2._3568_/Q -> m.u_conv2._3568_/D : -0.047027
[hold reg-reg] m.u_conv2._3569_/Q -> m.u_conv2._3569_/D : -0.047027
[hold reg-reg] m.u_conv2._3570_/Q -> m.u_conv2._3570_/D : -0.047027
[hold reg-reg] m.u_conv2._3571_/Q -> m.u_conv2._3571_/D : -0.047027
[hold reg-reg] m.u_conv2._3575_/Q -> m.u_conv2._3575_/D : -0.047027
[hold reg-reg] m.u_conv2._3576_/Q -> m.u_conv2._3576_/D : -0.047027
[hold reg-reg] m.u_conv2._3578_/Q -> m.u_conv2._3578_/D : -0.047027
[hold reg-reg] m.u_conv2._3579_/Q -> m.u_conv2._3579_/D : -0.047027
[hold reg-reg] m.u_conv2._3581_/Q -> m.u_conv2._3581_/D : -0.047027
[hold reg-reg] m.u_conv2._3583_/Q -> m.u_conv2._3583_/D : -0.047027
[hold reg-reg] m.u_conv2._3584_/Q -> m.u_conv2._3584_/D : -0.047027
[hold reg-reg] m.u_conv2._3585_/Q -> m.u_conv2._3585_/D : -0.047027
[hold reg-reg] m.u_conv2._3591_/Q -> m.u_conv2._3591_/D : -0.047027
[hold reg-reg] m.u_conv2._3592_/Q -> m.u_conv2._3592_/D : -0.047027
[hold reg-reg] m.u_conv2._3593_/Q -> m.u_conv2._3593_/D : -0.047027
[hold reg-reg] m.u_conv2._3594_/Q -> m.u_conv2._3594_/D : -0.047027
[hold reg-reg] m.u_conv2._3596_/Q -> m.u_conv2._3596_/D : -0.047027
[hold reg-reg] m.u_conv2._3597_/Q -> m.u_conv2._3597_/D : -0.047027
[hold reg-reg] m.u_conv2._3598_/Q -> m.u_conv2._3598_/D : -0.047027
[hold reg-reg] m.u_conv2._3599_/Q -> m.u_conv2._3599_/D : -0.047027
[hold reg-reg] m.u_conv2._3600_/Q -> m.u_conv2._3600_/D : -0.047027
[hold reg-reg] m.u_conv2._3601_/Q -> m.u_conv2._3601_/D : -0.047027
[hold reg-reg] m.u_conv2._3602_/Q -> m.u_conv2._3602_/D : -0.047027
[hold reg-reg] m.u_conv2._3603_/Q -> m.u_conv2._3603_/D : -0.047027
[hold reg-reg] m.u_conv2._3604_/Q -> m.u_conv2._3604_/D : -0.047027
[hold reg-reg] m.u_conv2._3605_/Q -> m.u_conv2._3605_/D : -0.047027
[hold reg-reg] m.u_conv2._3606_/Q -> m.u_conv2._3606_/D : -0.047027
[hold reg-reg] m.u_conv2._3607_/Q -> m.u_conv2._3607_/D : -0.047027
[hold reg-reg] m.u_conv2._3608_/Q -> m.u_conv2._3608_/D : -0.047027
[hold reg-reg] m.u_conv2._3610_/Q -> m.u_conv2._3610_/D : -0.047027
[hold reg-reg] m.u_conv2._3611_/Q -> m.u_conv2._3611_/D : -0.047027
[hold reg-reg] m.u_conv2._3612_/Q -> m.u_conv2._3612_/D : -0.047027
[hold reg-reg] m.u_conv2._3613_/Q -> m.u_conv2._3613_/D : -0.047027
[hold reg-reg] m.u_conv2._3615_/Q -> m.u_conv2._3615_/D : -0.047027
[hold reg-reg] m.u_conv2._3616_/Q -> m.u_conv2._3616_/D : -0.047027
[hold reg-reg] m.u_conv2._3618_/Q -> m.u_conv2._3618_/D : -0.047027
[hold reg-reg] m.u_conv2._3619_/Q -> m.u_conv2._3619_/D : -0.047027
[hold reg-reg] m.u_conv2._3620_/Q -> m.u_conv2._3620_/D : -0.047027
[hold reg-reg] m.u_conv2._3621_/Q -> m.u_conv2._3621_/D : -0.047027
[hold reg-reg] m.u_conv2._3622_/Q -> m.u_conv2._3622_/D : -0.047027
[hold reg-reg] m.u_conv2._3623_/Q -> m.u_conv2._3623_/D : -0.047027
[hold reg-reg] m.u_conv2._3626_/Q -> m.u_conv2._3626_/D : -0.047027
[hold reg-reg] m.u_conv2._3629_/Q -> m.u_conv2._3629_/D : -0.047027
[hold reg-reg] m.u_conv2._3633_/Q -> m.u_conv2._3633_/D : -0.047027
[hold reg-reg] m.u_conv2._3634_/Q -> m.u_conv2._3634_/D : -0.047027
[hold reg-reg] m.u_conv2._3635_/Q -> m.u_conv2._3635_/D : -0.047027
[hold reg-reg] m.u_conv2._3637_/Q -> m.u_conv2._3637_/D : -0.047027
[hold reg-reg] m.u_conv2._3638_/Q -> m.u_conv2._3638_/D : -0.047027
[hold reg-reg] m.u_conv2._3639_/Q -> m.u_conv2._3639_/D : -0.047027
[hold reg-reg] m.u_conv2._3640_/Q -> m.u_conv2._3640_/D : -0.047027
[hold reg-reg] m.u_conv2._3642_/Q -> m.u_conv2._3642_/D : -0.047027
[hold reg-reg] m.u_conv2._3643_/Q -> m.u_conv2._3643_/D : -0.047027
[hold reg-reg] m.u_conv2._3645_/Q -> m.u_conv2._3645_/D : -0.047027
[hold reg-reg] m.u_conv2._3648_/Q -> m.u_conv2._3648_/D : -0.047027
[hold reg-reg] m.u_conv2._3649_/Q -> m.u_conv2._3649_/D : -0.047027
[hold reg-reg] m.u_conv2._3261_/Q -> m.u_conv2._3261_/D : -0.046877
[hold reg-reg] m.u_conv2._3281_/Q -> m.u_conv2._3281_/D : -0.046877
[hold reg-reg] m.u_conv2._3293_/Q -> m.u_conv2._3293_/D : -0.046877
[hold reg-reg] m.u_conv2._3385_/Q -> m.u_conv2._3385_/D : -0.046877
[hold reg-reg] m.u_conv2._3561_/Q -> m.u_conv2._3561_/D : -0.046877
[hold reg-reg] m.u_conv2._3573_/Q -> m.u_conv2._3573_/D : -0.046877
[hold reg-reg] m.u_conv2._3609_/Q -> m.u_conv2._3609_/D : -0.046877
[hold reg-reg] m.u_conv2._3625_/Q -> m.u_conv2._3625_/D : -0.046877
[hold reg-reg] m.u_conv2._3357_/Q -> m.u_conv2._3357_/D : -0.046723
[hold reg-reg] m.u_conv2._3429_/Q -> m.u_conv2._3429_/D : -0.046723
[hold reg-reg] m.u_conv2._3461_/Q -> m.u_conv2._3461_/D : -0.046723
[hold reg-reg] m.u_conv2._3489_/Q -> m.u_conv2._3489_/D : -0.046723
[hold reg-reg] m.u_conv2._3525_/Q -> m.u_conv2._3525_/D : -0.046723
[hold reg-reg] m.u_conv2._3533_/Q -> m.u_conv2._3533_/D : -0.046723
[hold reg-reg] m.u_conv2._3617_/Q -> m.u_conv2._3617_/D : -0.046723
[hold reg-reg] m.u_conv2._3653_/Q -> m.u_conv2._3653_/D : -0.046723
[hold reg-reg] m.u_conv2._3260_/Q -> m.u_conv2._3260_/D : -0.046630
[hold reg-reg] m.u_conv2._3262_/Q -> m.u_conv2._3262_/D : -0.046630
[hold reg-reg] m.u_conv2._3264_/Q -> m.u_conv2._3264_/D : -0.046630
[hold reg-reg] m.u_conv2._3321_/Q -> m.u_conv2._3321_/D : -0.046630
[hold reg-reg] m.u_conv2._3459_/Q -> m.u_conv2._3459_/D : -0.046630
[hold reg-reg] m.u_conv2._3541_/Q -> m.u_conv2._3541_/D : -0.046630
[hold reg-reg] m.u_conv2._3595_/Q -> m.u_conv2._3595_/D : -0.046630
[hold reg-reg] m.u_conv2._3238_/Q -> m.u_conv2._3238_/D : -0.046450
[hold reg-reg] m.u_conv2._3239_/Q -> m.u_conv2._3239_/D : -0.046450
[hold reg-reg] m.u_conv2._3240_/Q -> m.u_conv2._3240_/D : -0.046450
[hold reg-reg] m.u_conv2._3241_/Q -> m.u_conv2._3241_/D : -0.046450
[hold reg-reg] m.u_conv2._3242_/Q -> m.u_conv2._3242_/D : -0.046450
[hold reg-reg] m.u_conv2._3243_/Q -> m.u_conv2._3243_/D : -0.046450
[hold reg-reg] m.u_conv2._3244_/Q -> m.u_conv2._3244_/D : -0.046450
[hold reg-reg] m.u_conv2._3245_/Q -> m.u_conv2._3245_/D : -0.046450
[hold reg-reg] m.u_conv2._3247_/Q -> m.u_conv2._3247_/D : -0.046450
[hold reg-reg] m.u_conv2._3248_/Q -> m.u_conv2._3248_/D : -0.046450
[hold reg-reg] m.u_conv2._3249_/Q -> m.u_conv2._3249_/D : -0.046450
[hold reg-reg] m.u_conv2._3250_/Q -> m.u_conv2._3250_/D : -0.046450
[hold reg-reg] m.u_conv2._3251_/Q -> m.u_conv2._3251_/D : -0.046450
[hold reg-reg] m.u_conv2._3252_/Q -> m.u_conv2._3252_/D : -0.046450
[hold reg-reg] m.u_conv2._3254_/Q -> m.u_conv2._3254_/D : -0.046450
[hold reg-reg] m.u_conv2._3255_/Q -> m.u_conv2._3255_/D : -0.046450
[hold reg-reg] m.u_conv2._3256_/Q -> m.u_conv2._3256_/D : -0.046450
[hold reg-reg] m.u_conv2._3257_/Q -> m.u_conv2._3257_/D : -0.046450
[hold reg-reg] m.u_conv2._3258_/Q -> m.u_conv2._3258_/D : -0.046450
[hold reg-reg] m.u_conv2._3267_/Q -> m.u_conv2._3267_/D : -0.046450
[hold reg-reg] m.u_conv2._3268_/Q -> m.u_conv2._3268_/D : -0.046450
[hold reg-reg] m.u_conv2._3273_/Q -> m.u_conv2._3273_/D : -0.046450
[hold reg-reg] m.u_conv2._3285_/Q -> m.u_conv2._3285_/D : -0.046450
[hold reg-reg] m.u_conv2._3319_/Q -> m.u_conv2._3319_/D : -0.046450
[hold reg-reg] m.u_conv2._3323_/Q -> m.u_conv2._3323_/D : -0.046450
[hold reg-reg] m.u_conv2._3325_/Q -> m.u_conv2._3325_/D : -0.046450
[hold reg-reg] m.u_conv2._3327_/Q -> m.u_conv2._3327_/D : -0.046450
[hold reg-reg] m.u_conv2._3328_/Q -> m.u_conv2._3328_/D : -0.046450
[hold reg-reg] m.u_conv2._3333_/Q -> m.u_conv2._3333_/D : -0.046450
[hold reg-reg] m.u_conv2._3335_/Q -> m.u_conv2._3335_/D : -0.046450
[hold reg-reg] m.u_conv2._3343_/Q -> m.u_conv2._3343_/D : -0.046450
[hold reg-reg] m.u_conv2._3344_/Q -> m.u_conv2._3344_/D : -0.046450
[hold reg-reg] m.u_conv2._3345_/Q -> m.u_conv2._3345_/D : -0.046450
[hold reg-reg] m.u_conv2._3349_/Q -> m.u_conv2._3349_/D : -0.046450
[hold reg-reg] m.u_conv2._3353_/Q -> m.u_conv2._3353_/D : -0.046450
[hold reg-reg] m.u_conv2._3354_/Q -> m.u_conv2._3354_/D : -0.046450
[hold reg-reg] m.u_conv2._3358_/Q -> m.u_conv2._3358_/D : -0.046450
[hold reg-reg] m.u_conv2._3365_/Q -> m.u_conv2._3365_/D : -0.046450
[hold reg-reg] m.u_conv2._3366_/Q -> m.u_conv2._3366_/D : -0.046450
[hold reg-reg] m.u_conv2._3368_/Q -> m.u_conv2._3368_/D : -0.046450
[hold reg-reg] m.u_conv2._3369_/Q -> m.u_conv2._3369_/D : -0.046450
[hold reg-reg] m.u_conv2._3375_/Q -> m.u_conv2._3375_/D : -0.046450
[hold reg-reg] m.u_conv2._3380_/Q -> m.u_conv2._3380_/D : -0.046450
[hold reg-reg] m.u_conv2._3382_/Q -> m.u_conv2._3382_/D : -0.046450
[hold reg-reg] m.u_conv2._3383_/Q -> m.u_conv2._3383_/D : -0.046450
[hold reg-reg] m.u_conv2._3386_/Q -> m.u_conv2._3386_/D : -0.046450
[hold reg-reg] m.u_conv2._3387_/Q -> m.u_conv2._3387_/D : -0.046450
[hold reg-reg] m.u_conv2._3388_/Q -> m.u_conv2._3388_/D : -0.046450
[hold reg-reg] m.u_conv2._3394_/Q -> m.u_conv2._3394_/D : -0.046450
[hold reg-reg] m.u_conv2._3395_/Q -> m.u_conv2._3395_/D : -0.046450
[hold reg-reg] m.u_conv2._3396_/Q -> m.u_conv2._3396_/D : -0.046450
[hold reg-reg] m.u_conv2._3398_/Q -> m.u_conv2._3398_/D : -0.046450
[hold reg-reg] m.u_conv2._3399_/Q -> m.u_conv2._3399_/D : -0.046450
[hold reg-reg] m.u_conv2._3400_/Q -> m.u_conv2._3400_/D : -0.046450
[hold reg-reg] m.u_conv2._3401_/Q -> m.u_conv2._3401_/D : -0.046450
[hold reg-reg] m.u_conv2._3402_/Q -> m.u_conv2._3402_/D : -0.046450
[hold reg-reg] m.u_conv2._3403_/Q -> m.u_conv2._3403_/D : -0.046450
[hold reg-reg] m.u_conv2._3404_/Q -> m.u_conv2._3404_/D : -0.046450
[hold reg-reg] m.u_conv2._3405_/Q -> m.u_conv2._3405_/D : -0.046450
[hold reg-reg] m.u_conv2._3406_/Q -> m.u_conv2._3406_/D : -0.046450
[hold reg-reg] m.u_conv2._3407_/Q -> m.u_conv2._3407_/D : -0.046450
[hold reg-reg] m.u_conv2._3408_/Q -> m.u_conv2._3408_/D : -0.046450
[hold reg-reg] m.u_conv2._3409_/Q -> m.u_conv2._3409_/D : -0.046450
[hold reg-reg] m.u_conv2._3410_/Q -> m.u_conv2._3410_/D : -0.046450
[hold reg-reg] m.u_conv2._3411_/Q -> m.u_conv2._3411_/D : -0.046450
[hold reg-reg] m.u_conv2._3414_/Q -> m.u_conv2._3414_/D : -0.046450
[hold reg-reg] m.u_conv2._3415_/Q -> m.u_conv2._3415_/D : -0.046450
[hold reg-reg] m.u_conv2._3416_/Q -> m.u_conv2._3416_/D : -0.046450
[hold reg-reg] m.u_conv2._3417_/Q -> m.u_conv2._3417_/D : -0.046450
[hold reg-reg] m.u_conv2._3418_/Q -> m.u_conv2._3418_/D : -0.046450
[hold reg-reg] m.u_conv2._3419_/Q -> m.u_conv2._3419_/D : -0.046450
[hold reg-reg] m.u_conv2._3420_/Q -> m.u_conv2._3420_/D : -0.046450
[hold reg-reg] m.u_conv2._3424_/Q -> m.u_conv2._3424_/D : -0.046450
[hold reg-reg] m.u_conv2._3425_/Q -> m.u_conv2._3425_/D : -0.046450
[hold reg-reg] m.u_conv2._3426_/Q -> m.u_conv2._3426_/D : -0.046450
[hold reg-reg] m.u_conv2._3430_/Q -> m.u_conv2._3430_/D : -0.046450
[hold reg-reg] m.u_conv2._3437_/Q -> m.u_conv2._3437_/D : -0.046450
[hold reg-reg] m.u_conv2._3438_/Q -> m.u_conv2._3438_/D : -0.046450
[hold reg-reg] m.u_conv2._3441_/Q -> m.u_conv2._3441_/D : -0.046450
[hold reg-reg] m.u_conv2._3443_/Q -> m.u_conv2._3443_/D : -0.046450
[hold reg-reg] m.u_conv2._3444_/Q -> m.u_conv2._3444_/D : -0.046450
[hold reg-reg] m.u_conv2._3451_/Q -> m.u_conv2._3451_/D : -0.046450
[hold reg-reg] m.u_conv2._3453_/Q -> m.u_conv2._3453_/D : -0.046450
[hold reg-reg] m.u_conv2._3455_/Q -> m.u_conv2._3455_/D : -0.046450
[hold reg-reg] m.u_conv2._3456_/Q -> m.u_conv2._3456_/D : -0.046450
[hold reg-reg] m.u_conv2._3457_/Q -> m.u_conv2._3457_/D : -0.046450
[hold reg-reg] m.u_conv2._3458_/Q -> m.u_conv2._3458_/D : -0.046450
[hold reg-reg] m.u_conv2._3460_/Q -> m.u_conv2._3460_/D : -0.046450
[hold reg-reg] m.u_conv2._3466_/Q -> m.u_conv2._3466_/D : -0.046450
[hold reg-reg] m.u_conv2._3467_/Q -> m.u_conv2._3467_/D : -0.046450
[hold reg-reg] m.u_conv2._3468_/Q -> m.u_conv2._3468_/D : -0.046450
[hold reg-reg] m.u_conv2._3469_/Q -> m.u_conv2._3469_/D : -0.046450
[hold reg-reg] m.u_conv2._3470_/Q -> m.u_conv2._3470_/D : -0.046450
[hold reg-reg] m.u_conv2._3472_/Q -> m.u_conv2._3472_/D : -0.046450
[hold reg-reg] m.u_conv2._3473_/Q -> m.u_conv2._3473_/D : -0.046450
[hold reg-reg] m.u_conv2._3474_/Q -> m.u_conv2._3474_/D : -0.046450
[hold reg-reg] m.u_conv2._3476_/Q -> m.u_conv2._3476_/D : -0.046450
[hold reg-reg] m.u_conv2._3477_/Q -> m.u_conv2._3477_/D : -0.046450
[hold reg-reg] m.u_conv2._3478_/Q -> m.u_conv2._3478_/D : -0.046450
[hold reg-reg] m.u_conv2._3479_/Q -> m.u_conv2._3479_/D : -0.046450
[hold reg-reg] m.u_conv2._3480_/Q -> m.u_conv2._3480_/D : -0.046450
[hold reg-reg] m.u_conv2._3482_/Q -> m.u_conv2._3482_/D : -0.046450
[hold reg-reg] m.u_conv2._3483_/Q -> m.u_conv2._3483_/D : -0.046450
[hold reg-reg] m.u_conv2._3484_/Q -> m.u_conv2._3484_/D : -0.046450
[hold reg-reg] m.u_conv2._3485_/Q -> m.u_conv2._3485_/D : -0.046450
[hold reg-reg] m.u_conv2._3486_/Q -> m.u_conv2._3486_/D : -0.046450
[hold reg-reg] m.u_conv2._3487_/Q -> m.u_conv2._3487_/D : -0.046450
[hold reg-reg] m.u_conv2._3490_/Q -> m.u_conv2._3490_/D : -0.046450
[hold reg-reg] m.u_conv2._3491_/Q -> m.u_conv2._3491_/D : -0.046450
[hold reg-reg] m.u_conv2._3495_/Q -> m.u_conv2._3495_/D : -0.046450
[hold reg-reg] m.u_conv2._3497_/Q -> m.u_conv2._3497_/D : -0.046450
[hold reg-reg] m.u_conv2._3499_/Q -> m.u_conv2._3499_/D : -0.046450
[hold reg-reg] m.u_conv2._3500_/Q -> m.u_conv2._3500_/D : -0.046450
[hold reg-reg] m.u_conv2._3501_/Q -> m.u_conv2._3501_/D : -0.046450
[hold reg-reg] m.u_conv2._3503_/Q -> m.u_conv2._3503_/D : -0.046450
[hold reg-reg] m.u_conv2._3504_/Q -> m.u_conv2._3504_/D : -0.046450
[hold reg-reg] m.u_conv2._3505_/Q -> m.u_conv2._3505_/D : -0.046450
[hold reg-reg] m.u_conv2._3507_/Q -> m.u_conv2._3507_/D : -0.046450
[hold reg-reg] m.u_conv2._3509_/Q -> m.u_conv2._3509_/D : -0.046450
[hold reg-reg] m.u_conv2._3511_/Q -> m.u_conv2._3511_/D : -0.046450
[hold reg-reg] m.u_conv2._3512_/Q -> m.u_conv2._3512_/D : -0.046450
[hold reg-reg] m.u_conv2._3513_/Q -> m.u_conv2._3513_/D : -0.046450
[hold reg-reg] m.u_conv2._3514_/Q -> m.u_conv2._3514_/D : -0.046450
[hold reg-reg] m.u_conv2._3515_/Q -> m.u_conv2._3515_/D : -0.046450
[hold reg-reg] m.u_conv2._3516_/Q -> m.u_conv2._3516_/D : -0.046450
[hold reg-reg] m.u_conv2._3517_/Q -> m.u_conv2._3517_/D : -0.046450
[hold reg-reg] m.u_conv2._3518_/Q -> m.u_conv2._3518_/D : -0.046450
[hold reg-reg] m.u_conv2._3519_/Q -> m.u_conv2._3519_/D : -0.046450
[hold reg-reg] m.u_conv2._3520_/Q -> m.u_conv2._3520_/D : -0.046450
[hold reg-reg] m.u_conv2._3521_/Q -> m.u_conv2._3521_/D : -0.046450
[hold reg-reg] m.u_conv2._3522_/Q -> m.u_conv2._3522_/D : -0.046450
[hold reg-reg] m.u_conv2._3523_/Q -> m.u_conv2._3523_/D : -0.046450
[hold reg-reg] m.u_conv2._3524_/Q -> m.u_conv2._3524_/D : -0.046450
[hold reg-reg] m.u_conv2._3526_/Q -> m.u_conv2._3526_/D : -0.046450
[hold reg-reg] m.u_conv2._3527_/Q -> m.u_conv2._3527_/D : -0.046450
[hold reg-reg] m.u_conv2._3528_/Q -> m.u_conv2._3528_/D : -0.046450
[hold reg-reg] m.u_conv2._3529_/Q -> m.u_conv2._3529_/D : -0.046450
[hold reg-reg] m.u_conv2._3530_/Q -> m.u_conv2._3530_/D : -0.046450
[hold reg-reg] m.u_conv2._3531_/Q -> m.u_conv2._3531_/D : -0.046450
[hold reg-reg] m.u_conv2._3532_/Q -> m.u_conv2._3532_/D : -0.046450
[hold reg-reg] m.u_conv2._3534_/Q -> m.u_conv2._3534_/D : -0.046450
[hold reg-reg] m.u_conv2._3535_/Q -> m.u_conv2._3535_/D : -0.046450
[hold reg-reg] m.u_conv2._3536_/Q -> m.u_conv2._3536_/D : -0.046450
[hold reg-reg] m.u_conv2._3537_/Q -> m.u_conv2._3537_/D : -0.046450
[hold reg-reg] m.u_conv2._3538_/Q -> m.u_conv2._3538_/D : -0.046450
[hold reg-reg] m.u_conv2._3542_/Q -> m.u_conv2._3542_/D : -0.046450
[hold reg-reg] m.u_conv2._3544_/Q -> m.u_conv2._3544_/D : -0.046450
[hold reg-reg] m.u_conv2._3545_/Q -> m.u_conv2._3545_/D : -0.046450
[hold reg-reg] m.u_conv2._3546_/Q -> m.u_conv2._3546_/D : -0.046450
[hold reg-reg] m.u_conv2._3548_/Q -> m.u_conv2._3548_/D : -0.046450
[hold reg-reg] m.u_conv2._3552_/Q -> m.u_conv2._3552_/D : -0.046450
[hold reg-reg] m.u_conv2._3554_/Q -> m.u_conv2._3554_/D : -0.046450
[hold reg-reg] m.u_conv2._3555_/Q -> m.u_conv2._3555_/D : -0.046450
[hold reg-reg] m.u_conv2._3558_/Q -> m.u_conv2._3558_/D : -0.046450
[hold reg-reg] m.u_conv2._3559_/Q -> m.u_conv2._3559_/D : -0.046450
[hold reg-reg] m.u_conv2._3564_/Q -> m.u_conv2._3564_/D : -0.046450
[hold reg-reg] m.u_conv2._3566_/Q -> m.u_conv2._3566_/D : -0.046450
[hold reg-reg] m.u_conv2._3567_/Q -> m.u_conv2._3567_/D : -0.046450
[hold reg-reg] m.u_conv2._3572_/Q -> m.u_conv2._3572_/D : -0.046450
[hold reg-reg] m.u_conv2._3574_/Q -> m.u_conv2._3574_/D : -0.046450
[hold reg-reg] m.u_conv2._3577_/Q -> m.u_conv2._3577_/D : -0.046450
[hold reg-reg] m.u_conv2._3580_/Q -> m.u_conv2._3580_/D : -0.046450
[hold reg-reg] m.u_conv2._3582_/Q -> m.u_conv2._3582_/D : -0.046450
[hold reg-reg] m.u_conv2._3586_/Q -> m.u_conv2._3586_/D : -0.046450
[hold reg-reg] m.u_conv2._3587_/Q -> m.u_conv2._3587_/D : -0.046450
[hold reg-reg] m.u_conv2._3588_/Q -> m.u_conv2._3588_/D : -0.046450
[hold reg-reg] m.u_conv2._3590_/Q -> m.u_conv2._3590_/D : -0.046450
[hold reg-reg] m.u_conv2._3614_/Q -> m.u_conv2._3614_/D : -0.046450
[hold reg-reg] m.u_conv2._3624_/Q -> m.u_conv2._3624_/D : -0.046450
[hold reg-reg] m.u_conv2._3627_/Q -> m.u_conv2._3627_/D : -0.046450
[hold reg-reg] m.u_conv2._3628_/Q -> m.u_conv2._3628_/D : -0.046450
[hold reg-reg] m.u_conv2._3630_/Q -> m.u_conv2._3630_/D : -0.046450
[hold reg-reg] m.u_conv2._3631_/Q -> m.u_conv2._3631_/D : -0.046450
[hold reg-reg] m.u_conv2._3632_/Q -> m.u_conv2._3632_/D : -0.046450
[hold reg-reg] m.u_conv2._3636_/Q -> m.u_conv2._3636_/D : -0.046450
[hold reg-reg] m.u_conv2._3641_/Q -> m.u_conv2._3641_/D : -0.046450
[hold reg-reg] m.u_conv2._3644_/Q -> m.u_conv2._3644_/D : -0.046450
[hold reg-reg] m.u_conv2._3646_/Q -> m.u_conv2._3646_/D : -0.046450
[hold reg-reg] m.u_conv2._3647_/Q -> m.u_conv2._3647_/D : -0.046450
[hold reg-reg] m.u_conv2._3650_/Q -> m.u_conv2._3650_/D : -0.046450
[hold reg-reg] m.u_conv2._3651_/Q -> m.u_conv2._3651_/D : -0.046450
[hold reg-reg] m.u_conv2._3652_/Q -> m.u_conv2._3652_/D : -0.046450
[hold reg-reg] m.u_conv2._3654_/Q -> m.u_conv2._3654_/D : -0.046450
[hold reg-reg] m.u_conv2._3655_/Q -> m.u_conv2._3655_/D : -0.046450
[hold reg-reg] m.u_conv2._3656_/Q -> m.u_conv2._3656_/D : -0.046450
[hold reg-reg] m.u_conv2._3657_/Q -> m.u_conv2._3657_/D : -0.046450
[hold reg-reg] m.u_conv2._3658_/Q -> m.u_conv2._3658_/D : -0.046450
[hold reg-reg] m.u_conv2._3659_/Q -> m.u_conv2._3659_/D : -0.046450
[hold reg-reg] m.u_conv2._3660_/Q -> m.u_conv2._3660_/D : -0.046450
[hold reg-reg] m.u_conv2._3661_/Q -> m.u_conv2._3661_/D : -0.046450
[hold reg-reg] m.u_conv2._3662_/Q -> m.u_conv2._3662_/D : -0.046450
[hold reg-reg] m.u_conv2._3663_/Q -> m.u_conv2._3663_/D : -0.046450
[hold reg-reg] m.u_conv2._3664_/Q -> m.u_conv2._3664_/D : -0.046450
[hold reg-reg] m.u_conv2._3665_/Q -> m.u_conv2._3665_/D : -0.046450
[hold reg-reg] m.u_conv2._3666_/Q -> m.u_conv2._3666_/D : -0.046450
[hold reg-reg] m.u_conv2._3667_/Q -> m.u_conv2._3667_/D : -0.046450
[hold reg-reg] m.u_conv2._3668_/Q -> m.u_conv2._3668_/D : -0.046450
[hold reg-reg] m.u_conv2._3669_/Q -> m.u_conv2._3669_/D : -0.046450
[hold reg-reg] m.u_conv2._3670_/Q -> m.u_conv2._3670_/D : -0.046450
[hold reg-reg] m.u_conv2._3671_/Q -> m.u_conv2._3671_/D : -0.046450
[hold reg-reg] m.u_conv2._3672_/Q -> m.u_conv2._3672_/D : -0.046450
[hold reg-reg] m.u_conv2._3673_/Q -> m.u_conv2._3673_/D : -0.046450
[hold reg-reg] m.u_conv2._3674_/Q -> m.u_conv2._3674_/D : -0.046450
[hold reg-reg] m.u_conv2._3675_/Q -> m.u_conv2._3675_/D : -0.046450
[hold reg-reg] m.u_conv2._3676_/Q -> m.u_conv2._3676_/D : -0.046450
[hold reg-reg] m.u_conv2._3677_/Q -> m.u_conv2._3677_/D : -0.046450
[hold reg-reg] m.u_conv2._3678_/Q -> m.u_conv2._3678_/D : -0.046450
[hold reg-reg] m.u_conv1._512_/Q -> m._286_/D : -0.044619
[hold reg-reg] m.u_conv2._3700_/Q -> m._288_/D : -0.044619
[hold reg-reg] m.u_pool1._537_/Q -> m.u_pool1._535_/D : -0.044319
[hold reg-reg] m.u_conv1.u_loader._903_/Q -> m.u_conv1.u_loader._903_/D : -0.043759
[hold reg-reg] m.u_conv2.u_loader._903_/Q -> m.u_conv2.u_loader._903_/D : -0.043759
[hold reg-reg] m.u_pool2._407_/Q -> m.u_pool2._405_/D : -0.043753
[hold reg-reg] m.u_pool1._539_/Q -> m.u_pool1._539_/D : -0.043218
[hold reg-reg] m.u_pool2._409_/Q -> m.u_pool2._409_/D : -0.043218
[hold reg-reg] m.u_conv1._512_/Q -> m.u_conv1._512_/D : -0.043016
[hold reg-reg] m.u_conv2._3700_/Q -> m.u_conv2._3700_/D : -0.043016
[hold reg-reg] m.u_conv1.u_loader._908_/Q -> m.u_conv1.u_loader._908_/D : -0.042662
[hold reg-reg] m.u_conv1.u_loader._913_/Q -> m.u_conv1.u_loader._913_/D : -0.042662
[hold reg-reg] m.u_conv2.u_loader._908_/Q -> m.u_conv2.u_loader._908_/D : -0.042662
[hold reg-reg] m.u_conv2.u_loader._913_/Q -> m.u_conv2.u_loader._913_/D : -0.042662
[hold reg-reg] m.u_conv1._511_/Q -> m.u_conv1._510_/D : -0.041652
[hold reg-reg] m.u_conv2._3701_/Q -> m.u_conv2._3699_/D : -0.041652
[hold reg-reg] m.u_mnist_loader._75_/Q -> m.u_mnist_loader._75_/D : -0.041637
[hold reg-reg] m.u_pool1._539_/Q -> m._287_/D : -0.041071
[hold reg-reg] m.u_conv3._582_/Q -> m.u_conv3._582_/D : -0.040927
[hold reg-reg] m.u_pool2._409_/Q -> m._289_/D : -0.040430
[hold reg-reg] m._277_/Q -> m._277_/D : -0.039438
[hold reg-reg] m.u_conv1.u_loader._905_/Q -> m.u_conv1.u_loader._905_/D : -0.036274
[hold reg-reg] m.u_conv2.u_loader._905_/Q -> m.u_conv2.u_loader._905_/D : -0.036274
[hold reg-reg] m.u_conv2.u_loader._901_/Q -> m.u_conv2.u_loader._901_/D : -0.036257
[hold reg-reg] m.u_conv1.u_loader._901_/Q -> m.u_conv1.u_loader._901_/D : -0.036257
[hold reg-reg] m.u_conv2.u_loader._910_/Q -> m.u_conv2.u_loader._910_/D : -0.036239
[hold reg-reg] m.u_conv1.u_loader._910_/Q -> m.u_conv1.u_loader._910_/D : -0.036239
[hold reg-reg] m.u_conv1.u_loader._918_/Q -> m.u_conv1.u_loader._918_/D : -0.036220
[hold reg-reg] m.u_conv2.u_loader._918_/Q -> m.u_conv2.u_loader._918_/D : -0.036220
[hold reg-reg] m.u_conv1.u_loader._916_/Q -> m.u_conv1.u_loader._916_/D : -0.036071
[hold reg-reg] m.u_conv2.u_loader._916_/Q -> m.u_conv2.u_loader._916_/D : -0.036071
[hold reg-reg] m.u_mnist_loader._74_/Q -> m.u_mnist_loader._74_/D : -0.035035
[hold reg-reg] m.u_conv1.u_loader._927_/Q -> m.u_conv1.u_loader._927_/D : -0.034952
[hold reg-reg] m.u_conv2.u_loader._927_/Q -> m.u_conv2.u_loader._927_/D : -0.034952
[hold reg-reg] m.u_mnist_loader._71_/Q -> m.u_mnist_loader._71_/D : -0.034666
[hold reg-reg] m.u_conv1.u_loader._933_/Q -> m.u_conv1.u_loader._928_/D : -0.034440
[hold reg-reg] m.u_conv2.u_loader._933_/Q -> m.u_conv2.u_loader._928_/D : -0.034440
[hold reg-reg] m.u_conv1.u_loader._928_/Q -> m.u_conv1.u_loader._932_/D : -0.032859
[hold reg-reg] m.u_conv2.u_loader._928_/Q -> m.u_conv2.u_loader._932_/D : -0.032859
[hold reg-reg] m.u_conv1.u_loader._930_/Q -> m.u_conv1.u_loader._934_/D : -0.030096
[hold reg-reg] m.u_conv2.u_loader._930_/Q -> m.u_conv2.u_loader._934_/D : -0.030096
[hold reg-reg] m.u_pool2._377_/Q -> m.u_pool2._377_/D : -0.029814
[hold reg-reg] m.u_mnist_loader._73_/Q -> m.u_mnist_loader._73_/D : -0.028703
[hold reg-reg] m.u_conv1.u_loader._922_/Q -> m.u_conv1.u_loader._922_/D : -0.028158
[hold reg-reg] m.u_conv2.u_loader._922_/Q -> m.u_conv2.u_loader._922_/D : -0.028158
[hold reg-reg] m.u_conv1.u_loader._902_/Q -> m.u_conv1.u_loader._902_/D : -0.027220
[hold reg-reg] m.u_conv2.u_loader._902_/Q -> m.u_conv2.u_loader._902_/D : -0.027220
[hold reg-reg] m.u_pool1._524_/Q -> m.u_pool1._524_/D : -0.026915
[hold reg-reg] m.u_pool1._526_/Q -> m.u_pool1._526_/D : -0.026915
[hold reg-reg] m.u_pool1._528_/Q -> m.u_pool1._528_/D : -0.026915
[hold reg-reg] m.u_pool1._530_/Q -> m.u_pool1._530_/D : -0.026915
[hold reg-reg] m.u_pool2._394_/Q -> m.u_pool2._394_/D : -0.026915
[hold reg-reg] m.u_pool2._396_/Q -> m.u_pool2._396_/D : -0.026915
[hold reg-reg] m.u_pool2._398_/Q -> m.u_pool2._398_/D : -0.026915
[hold reg-reg] m.u_pool2._400_/Q -> m.u_pool2._400_/D : -0.026915
[hold reg-reg] m.u_pool1._519_/Q -> m.u_pool1._519_/D : -0.026828
[hold reg-reg] m.u_pool1._523_/Q -> m.u_pool1._523_/D : -0.026828
[hold reg-reg] m.u_pool2._387_/Q -> m.u_pool2._387_/D : -0.026828
[hold reg-reg] m.u_pool2._389_/Q -> m.u_pool2._389_/D : -0.026828
[hold reg-reg] m.u_pool2._391_/Q -> m.u_pool2._391_/D : -0.026828
[hold reg-reg] m.u_pool2._393_/Q -> m.u_pool2._393_/D : -0.026828
[hold reg-reg] m.u_pool1._517_/Q -> m.u_pool1._517_/D : -0.026818
[hold reg-reg] m.u_pool1._521_/Q -> m.u_pool1._521_/D : -0.026818
[hold reg-reg] m.u_conv1._507_/Q -> m.u_conv1._507_/D : -0.026799
[hold reg-reg] m.u_conv1.u_loader._908_/Q -> m.u_conv1._491_/D : -0.026760
[hold reg-reg] m.u_conv1.u_loader._910_/Q -> m.u_conv1._493_/D : -0.026760
[hold reg-reg] m.u_conv1.u_loader._913_/Q -> m.u_conv1._496_/D : -0.026760
[hold reg-reg] m.u_conv1.u_loader._916_/Q -> m.u_conv1._499_/D : -0.026760
[hold reg-reg] m.u_conv1.u_loader._918_/Q -> m.u_conv1._501_/D : -0.026760
[hold reg-reg] m.u_conv1.u_loader._901_/Q -> m.u_conv1._502_/D : -0.026760
[hold reg-reg] m.u_conv1.u_loader._905_/Q -> m.u_conv1._506_/D : -0.026760
[hold reg-reg] m.u_conv2.u_loader._908_/Q -> m.u_conv2._3680_/D : -0.026760
[hold reg-reg] m.u_conv2.u_loader._910_/Q -> m.u_conv2._3682_/D : -0.026760
[hold reg-reg] m.u_conv2.u_loader._913_/Q -> m.u_conv2._3685_/D : -0.026760
[hold reg-reg] m.u_conv2.u_loader._916_/Q -> m.u_conv2._3688_/D : -0.026760
[hold reg-reg] m.u_conv2.u_loader._918_/Q -> m.u_conv2._3690_/D : -0.026760
[hold reg-reg] m.u_conv2.u_loader._901_/Q -> m.u_conv2._3691_/D : -0.026760
[hold reg-reg] m.u_conv2.u_loader._905_/Q -> m.u_conv2._3695_/D : -0.026760
[hold reg-reg] m.u_conv1.u_loader._907_/Q -> m.u_conv1._490_/D : -0.026759
[hold reg-reg] m.u_conv1.u_loader._917_/Q -> m.u_conv1._500_/D : -0.026759
[hold reg-reg] m.u_conv1.u_loader._904_/Q -> m.u_conv1._505_/D : -0.026759
[hold reg-reg] m.u_conv2.u_loader._907_/Q -> m.u_conv2._3679_/D : -0.026759
[hold reg-reg] m.u_conv2.u_loader._917_/Q -> m.u_conv2._3689_/D : -0.026759
[hold reg-reg] m.u_conv2.u_loader._904_/Q -> m.u_conv2._3694_/D : -0.026759
[hold reg-reg] m.u_conv2.u_loader._906_/Q -> m.u_conv2._3696_/D : -0.026759
[hold reg-reg] m.u_conv1.u_loader._903_/Q -> m.u_conv1._504_/D : -0.026669
[hold reg-reg] m.u_conv2.u_loader._903_/Q -> m.u_conv2._3693_/D : -0.026669
[hold reg-reg] m.u_conv2.u_loader._914_/Q -> m.u_conv2.u_loader._914_/D : -0.026646
[hold reg-reg] m.u_conv1.u_loader._914_/Q -> m.u_conv1.u_loader._914_/D : -0.026646
[hold reg-reg] m.u_conv1.u_loader._912_/Q -> m.u_conv1.u_loader._912_/D : -0.026644
[hold reg-reg] m.u_conv2.u_loader._912_/Q -> m.u_conv2.u_loader._912_/D : -0.026644
[hold reg-reg] m.u_conv2.u_loader._909_/Q -> m.u_conv2.u_loader._909_/D : -0.026643
[hold reg-reg] m.u_conv2.u_loader._911_/Q -> m.u_conv2.u_loader._911_/D : -0.026643
[hold reg-reg] m.u_conv1.u_loader._909_/Q -> m.u_conv1.u_loader._909_/D : -0.026643
[hold reg-reg] m.u_conv1.u_loader._911_/Q -> m.u_conv1.u_loader._911_/D : -0.026643
[hold reg-reg] m.u_conv1.u_loader._915_/Q -> m.u_conv1.u_loader._915_/D : -0.026615
[hold reg-reg] m.u_conv2.u_loader._915_/Q -> m.u_conv2.u_loader._915_/D : -0.026615
[hold reg-reg] m.u_pool1._525_/Q -> m.u_pool1._525_/D : -0.026208
[hold reg-reg] m.u_pool1._527_/Q -> m.u_pool1._527_/D : -0.026208
[hold reg-reg] m.u_pool1._529_/Q -> m.u_pool1._529_/D : -0.026208
[hold reg-reg] m.u_pool1._531_/Q -> m.u_pool1._531_/D : -0.026208
[hold reg-reg] m.u_pool2._395_/Q -> m.u_pool2._395_/D : -0.026208
[hold reg-reg] m.u_pool2._397_/Q -> m.u_pool2._397_/D : -0.026208
[hold reg-reg] m.u_pool2._399_/Q -> m.u_pool2._399_/D : -0.026208
[hold reg-reg] m.u_pool2._401_/Q -> m.u_pool2._401_/D : -0.026208
[hold reg-reg] m.u_pool1._516_/Q -> m.u_pool1._516_/D : -0.026057
[hold reg-reg] m.u_pool1._518_/Q -> m.u_pool1._518_/D : -0.026057
[hold reg-reg] m.u_pool1._520_/Q -> m.u_pool1._520_/D : -0.026057
[hold reg-reg] m.u_pool1._522_/Q -> m.u_pool1._522_/D : -0.026057
[hold reg-reg] m.u_pool2._386_/Q -> m.u_pool2._386_/D : -0.026057
[hold reg-reg] m.u_pool2._388_/Q -> m.u_pool2._388_/D : -0.026057
[hold reg-reg] m.u_pool2._390_/Q -> m.u_pool2._390_/D : -0.026057
[hold reg-reg] m.u_pool2._392_/Q -> m.u_pool2._392_/D : -0.026057
[hold reg-reg] m.u_conv1.u_loader._909_/Q -> m.u_conv1._492_/D : -0.026009
[hold reg-reg] m.u_conv1.u_loader._911_/Q -> m.u_conv1._494_/D : -0.026009
[hold reg-reg] m.u_conv1.u_loader._912_/Q -> m.u_conv1._495_/D : -0.026009
[hold reg-reg] m.u_conv1.u_loader._914_/Q -> m.u_conv1._497_/D : -0.026009
[hold reg-reg] m.u_conv1.u_loader._915_/Q -> m.u_conv1._498_/D : -0.026009
[hold reg-reg] m.u_conv1.u_loader._902_/Q -> m.u_conv1._503_/D : -0.026009
[hold reg-reg] m.u_conv2.u_loader._909_/Q -> m.u_conv2._3681_/D : -0.026009
[hold reg-reg] m.u_conv2.u_loader._911_/Q -> m.u_conv2._3683_/D : -0.026009
[hold reg-reg] m.u_conv2.u_loader._912_/Q -> m.u_conv2._3684_/D : -0.026009
[hold reg-reg] m.u_conv2.u_loader._914_/Q -> m.u_conv2._3686_/D : -0.026009
[hold reg-reg] m.u_conv2.u_loader._915_/Q -> m.u_conv2._3687_/D : -0.026009
[hold reg-reg] m.u_conv2.u_loader._902_/Q -> m.u_conv2._3692_/D : -0.026009
[hold reg-reg] m._286_/Q -> m.u_pool1._532_/D : -0.025646
[hold reg-reg] m.u_conv1.u_loader._907_/Q -> m.u_conv1.u_loader._907_/D : -0.025085
[hold reg-reg] m.u_conv2.u_loader._907_/Q -> m.u_conv2.u_loader._907_/D : -0.025085
[hold reg-reg] m.u_conv1.u_loader._917_/Q -> m.u_conv1.u_loader._917_/D : -0.025007
[hold reg-reg] m.u_conv2.u_loader._917_/Q -> m.u_conv2.u_loader._917_/D : -0.025007
[hold reg-reg] m.u_conv1.u_loader._904_/Q -> m.u_conv1.u_loader._904_/D : -0.024962
[hold reg-reg] m.u_conv1.u_loader._906_/Q -> m.u_conv1.u_loader._906_/D : -0.024962
[hold reg-reg] m.u_conv2.u_loader._904_/Q -> m.u_conv2.u_loader._904_/D : -0.024962
[hold reg-reg] m.u_conv2.u_loader._906_/Q -> m.u_conv2.u_loader._906_/D : -0.024962
[hold reg-reg] m._289_/Q -> m.u_conv3._581_/D : -0.024077
[hold reg-reg] m.u_conv1._489_/Q -> m.u_conv1._489_/D : -0.023995
[hold reg-reg] m._287_/Q -> m.u_conv2._3701_/D : -0.023859
[hold reg-reg] m.u_conv2._3699_/Q -> m.u_conv2._3703_/D : -0.023312
[hold reg-reg] m.u_conv1._510_/Q -> m.u_conv1._513_/D : -0.022075
[hold reg-reg] m.u_conv2._3229_/Q -> m.u_conv2._3229_/D : -0.021427
[hold reg-reg] m.u_pool2._380_/Q -> m.u_pool2._380_/D : -0.020265
[hold reg-reg] m.u_mnist_loader._69_/Q -> m.u_mnist_loader._69_/D : -0.018929
[hold reg-reg] m.u_conv1.u_loader._927_/Q -> m.u_conv1.u_loader._900_/D : -0.017817
[hold reg-reg] m.u_conv2.u_loader._927_/Q -> m.u_conv2.u_loader._900_/D : -0.017817
[hold reg-reg] m._288_/Q -> m.u_pool2._402_/D : -0.017357
[hold reg-reg] m._285_/Q -> m.u_conv1._511_/D : -0.016170
[hold reg-reg] m.u_conv2._3698_/Q -> m.u_conv2._3227_/D : -0.015836
[hold reg-reg] m.u_pool1._511_/Q -> m.u_pool1._511_/D : -0.015471
[hold reg-reg] m.u_conv1._512_/Q -> m._282_/D : -0.014434
[hold reg-reg] m.u_conv2._3700_/Q -> m._284_/D : -0.014434
[hold reg-reg] m.u_pool2._409_/Q -> m._279_/D : -0.014147
[hold reg-reg] m.u_pool1._539_/Q -> m._280_/D : -0.014147
[hold reg-reg] m.u_mnist_loader._72_/Q -> m.u_mnist_loader._72_/D : -0.013910
[hold reg-reg] m._289_/Q -> m.u_conv3._584_/D : -0.013885
[hold reg-reg] m.u_conv1.u_loader._926_/Q -> m.u_conv1.u_loader._926_/D : -0.012339
[hold reg-reg] m.u_conv2.u_loader._926_/Q -> m.u_conv2.u_loader._926_/D : -0.012339
[hold reg-reg] m.u_pool1._533_/Q -> m.u_pool1._537_/D : -0.011844
[hold reg-reg] m.u_pool1._534_/Q -> m.u_pool1._538_/D : -0.011844
[hold reg-reg] m.u_pool2._403_/Q -> m.u_pool2._407_/D : -0.011844
[hold reg-reg] m.u_pool2._404_/Q -> m.u_pool2._408_/D : -0.011844
[hold reg-reg] m.u_conv3._524_/Q -> m.u_conv3._524_/D : -0.011795
[hold reg-reg] m.u_conv1._488_/Q -> m.u_conv1._488_/D : -0.011601
[hold reg-reg] m.u_pool2._375_/Q -> m.u_pool2._375_/D : -0.010822
[hold reg-reg] m.u_conv2.u_loader._925_/Q -> m.u_conv2.u_loader._925_/D : -0.010709
[hold reg-reg] m.u_conv1.u_loader._925_/Q -> m.u_conv1.u_loader._925_/D : -0.010648
[hold reg-reg] m.u_conv1.u_loader._919_/Q -> m.u_conv1.u_loader._919_/D : -0.010059
[hold reg-reg] m.u_conv2.u_loader._919_/Q -> m.u_conv2.u_loader._919_/D : -0.010059
[hold reg-reg] m.u_conv3._523_/Q -> m.u_conv3._523_/D : -0.009263
[hold reg-reg] m.u_conv2._3698_/Q -> m.u_conv2._3702_/D : -0.008351
[hold reg-reg] m.u_conv1._489_/Q -> m.u_conv1._509_/D : -0.007712
[hold reg-reg] m.u_conv1.u_loader._921_/Q -> m.u_conv1.u_loader._921_/D : -0.005870
[hold reg-reg] m.u_conv1.u_loader._923_/Q -> m.u_conv1.u_loader._923_/D : -0.005870
[hold reg-reg] m.u_conv2.u_loader._921_/Q -> m.u_conv2.u_loader._921_/D : -0.005870
[hold reg-reg] m.u_conv2.u_loader._923_/Q -> m.u_conv2.u_loader._923_/D : -0.005870
[hold reg-reg] m.u_conv2._3698_/Q -> m.u_conv2._3226_/D : -0.005641
[hold reg-reg] m.u_mnist_loader._70_/Q -> m.u_mnist_loader._70_/D : -0.005540
[hold reg-reg] m.u_pool1._505_/Q -> m.u_pool1._505_/D : -0.005396
[hold reg-reg] m.u_conv1._487_/Q -> m.u_conv1._487_/D : -0.005371
[hold reg-reg] m.u_conv1.u_loader._920_/Q -> m.u_conv1.u_loader._920_/D : -0.005363
[hold reg-reg] m.u_conv2.u_loader._920_/Q -> m.u_conv2.u_loader._920_/D : -0.005363
[hold reg-reg] m.u_conv1.u_loader._924_/Q -> m.u_conv1.u_loader._924_/D : -0.004786
[hold reg-reg] m.u_conv2.u_loader._924_/Q -> m.u_conv2.u_loader._924_/D : -0.004786
[hold reg-reg] m.u_conv1.u_loader._932_/Q -> m.u_conv1.u_loader._930_/D : -0.003812
[hold reg-reg] m.u_conv2.u_loader._932_/Q -> m.u_conv2.u_loader._930_/D : -0.003812
[hold reg-reg] m.u_pool2._374_/Q -> m.u_pool2._374_/D : -0.002140
[hold reg-reg] m._287_/Q -> m.u_conv2._3697_/D : -0.001207
[hold reg-reg] m.u_conv2._3230_/Q -> m.u_conv2._3230_/D : -0.001167
[hold reg-reg] m._285_/Q -> m.u_conv1._508_/D : -0.001023
