Starting…
Running 'Verilator.Lint' at 'runs/wokwi/01-verilator-lint'…
Logging subprocess to [repr.filename]'runs/wokwi/01-verilator-lint/verilator-lint.log'[/repr.filename]…
Running 'Checker.LintTimingConstructs' at 'runs/wokwi/02-checker-linttimingconstructs'…
Check for Lint Timing Errors clear.
Running 'Checker.LintErrors' at 'runs/wokwi/03-checker-linterrors'…
Check for Lint errors clear.
Running 'Checker.LintWarnings' at 'runs/wokwi/04-checker-lintwarnings'…
120 Lint warnings found.
Running 'Yosys.JsonHeader' at 'runs/wokwi/05-yosys-jsonheader'…
Logging subprocess to [repr.filename]'runs/wokwi/05-yosys-jsonheader/yosys-jsonheader.log'[/repr.filename]…
Running 'Yosys.Synthesis' at 'runs/wokwi/06-yosys-synthesis'…
Logging subprocess to [repr.filename]'runs/wokwi/06-yosys-synthesis/yosys-synthesis.log'[/repr.filename]…
Parsing synthesis checks…
Running 'Checker.YosysUnmappedCells' at 'runs/wokwi/07-checker-yosysunmappedcells'…
Check for Unmapped Yosys instances clear.
Running 'Checker.YosysSynthChecks' at 'runs/wokwi/08-checker-yosyssynthchecks'…
Check for Yosys check errors clear.
Running 'Checker.NetlistAssignStatements' at 'runs/wokwi/09-checker-netlistassignstatements'…
Running 'OpenROAD.CheckSDCFiles' at 'runs/wokwi/10-openroad-checksdcfiles'…
'PNR_SDC_FILE' is not defined. Using generic fallback SDC for OpenROAD PnR steps.
'SIGNOFF_SDC_FILE' is not defined. Using generic fallback SDC for OpenROAD PnR steps.
Running 'OpenROAD.CheckMacroInstances' at 'runs/wokwi/11-openroad-checkmacroinstances'…
Netlists found for macro RM_IHPSG13_1P_256x8_c3_bm_bist, but no parasitics extraction found at corner nom_typ_1p20V_25C. The netlist cannot be used for timing on this module.
Logging subprocess to [repr.filename]'runs/wokwi/11-openroad-checkmacroinstances/openroad-checkmacroinstances.log'[/repr.filename]…
Running 'OpenROAD.STAPrePNR' at 'runs/wokwi/12-openroad-staprepnr'…
Netlists found for macro RM_IHPSG13_1P_256x8_c3_bm_bist, but no parasitics extraction found at corner nom_fast_1p32V_m40C. The netlist cannot be used for timing on this module.
Starting STA for the nom_fast_1p32V_m40C timing corner…
Netlists found for macro RM_IHPSG13_1P_256x8_c3_bm_bist, but no parasitics extraction found at corner nom_slow_1p08V_125C. The netlist cannot be used for timing on this module.
Starting STA for the nom_slow_1p08V_125C timing corner…
Netlists found for macro RM_IHPSG13_1P_256x8_c3_bm_bist, but no parasitics extraction found at corner nom_typ_1p20V_25C. The netlist cannot be used for timing on this module.
Logging subprocess to [repr.filename]'runs/wokwi/12-openroad-staprepnr/nom_fast_1p32V_m40C/sta.log'[/repr.filename]…
Starting STA for the nom_typ_1p20V_25C timing corner…
Logging subprocess to [repr.filename]'runs/wokwi/12-openroad-staprepnr/nom_slow_1p08V_125C/sta.log'[/repr.filename]…
Logging subprocess to [repr.filename]'runs/wokwi/12-openroad-staprepnr/nom_typ_1p20V_25C/sta.log'[/repr.filename]…
Finished STA for the nom_slow_1p08V_125C timing corner.
Finished STA for the nom_fast_1p32V_m40C timing corner.
Finished STA for the nom_typ_1p20V_25C timing corner.
Running 'OpenROAD.Floorplan' at 'runs/wokwi/13-openroad-floorplan'…
Logging subprocess to [repr.filename]'runs/wokwi/13-openroad-floorplan/openroad-floorplan.log'[/repr.filename]…
[STA-1140] /home/marc-andre/binaryneuralnet-asic-TTIHP26/macros/SRAM/RM_IHPSG13_1P_256x8_c3_bm_bist_typ_1p20V_25C.lib line 20, library RM_IHPSG13_1P_256x8_c3_bm_bist_typ_1p20V_25C already exists.
Running 'OpenROAD.DumpRCValues' at 'runs/wokwi/14-openroad-dumprcvalues'…
Logging subprocess to [repr.filename]'runs/wokwi/14-openroad-dumprcvalues/openroad-dumprcvalues.log'[/repr.filename]…
[STA-1140] /home/marc-andre/binaryneuralnet-asic-TTIHP26/macros/SRAM/RM_IHPSG13_1P_256x8_c3_bm_bist_typ_1p20V_25C.lib line 20, library RM_IHPSG13_1P_256x8_c3_bm_bist_typ_1p20V_25C already exists.
Running 'Odb.CheckMacroAntennaProperties' at 'runs/wokwi/15-odb-checkmacroantennaproperties'…
Logging subprocess to [repr.filename]'runs/wokwi/15-odb-checkmacroantennaproperties/odb-checkmacroantennaproperties.log'[/repr.filename]…
Running 'Odb.SetPowerConnections' at 'runs/wokwi/16-odb-setpowerconnections'…
Logging subprocess to [repr.filename]'runs/wokwi/16-odb-setpowerconnections/odb-setpowerconnections.log'[/repr.filename]…
Running 'Odb.ManualMacroPlacement' at 'runs/wokwi/17-odb-manualmacroplacement'…
Logging subprocess to [repr.filename]'runs/wokwi/17-odb-manualmacroplacement/odb-manualmacroplacement.log'[/repr.filename]…
Running 'OpenROAD.CutRows' at 'runs/wokwi/18-openroad-cutrows'…
Logging subprocess to [repr.filename]'runs/wokwi/18-openroad-cutrows/openroad-cutrows.log'[/repr.filename]…
[STA-1140] /home/marc-andre/binaryneuralnet-asic-TTIHP26/macros/SRAM/RM_IHPSG13_1P_256x8_c3_bm_bist_typ_1p20V_25C.lib line 20, library RM_IHPSG13_1P_256x8_c3_bm_bist_typ_1p20V_25C already exists.
Running 'OpenROAD.TapEndcapInsertion' at 'runs/wokwi/19-openroad-tapendcapinsertion'…
Logging subprocess to [repr.filename]'runs/wokwi/19-openroad-tapendcapinsertion/openroad-tapendcapinsertion.log'[/repr.filename]…
[STA-1140] /home/marc-andre/binaryneuralnet-asic-TTIHP26/macros/SRAM/RM_IHPSG13_1P_256x8_c3_bm_bist_typ_1p20V_25C.lib line 20, library RM_IHPSG13_1P_256x8_c3_bm_bist_typ_1p20V_25C already exists.
Running 'Odb.AddPDNObstructions' at 'runs/wokwi/20-odb-addpdnobstructions'…
'PDN_OBSTRUCTIONS' is not defined. Skipping 'Odb.AddPDNObstructions'…
Running 'OpenROAD.GeneratePDN' at 'runs/wokwi/21-openroad-generatepdn'…
Logging subprocess to [repr.filename]'runs/wokwi/21-openroad-generatepdn/openroad-generatepdn.log'[/repr.filename]…
[STA-1140] /home/marc-andre/binaryneuralnet-asic-TTIHP26/macros/SRAM/RM_IHPSG13_1P_256x8_c3_bm_bist_typ_1p20V_25C.lib line 20, library RM_IHPSG13_1P_256x8_c3_bm_bist_typ_1p20V_25C already exists.
Running 'Odb.RemovePDNObstructions' at 'runs/wokwi/22-odb-removepdnobstructions'…
'PDN_OBSTRUCTIONS' is not defined. Skipping 'Odb.RemovePDNObstructions'…
Running 'Odb.AddRoutingObstructions' at 'runs/wokwi/23-odb-addroutingobstructions'…
'ROUTING_OBSTRUCTIONS' is not defined. Skipping 'Odb.AddRoutingObstructions'…
Running 'OpenROAD.GlobalPlacementSkipIO' at 'runs/wokwi/24-openroad-globalplacementskipio'…
I/O pins were loaded from /home/marc-andre/binaryneuralnet-asic-TTIHP26/tt/tech/ihp-sg13g2/def/tt_block_6x4_pgvdd.def. Returning state unaltered…
Running 'OpenROAD.IOPlacement' at 'runs/wokwi/25-openroad-ioplacement'…
I/O pins were loaded from /home/marc-andre/binaryneuralnet-asic-TTIHP26/tt/tech/ihp-sg13g2/def/tt_block_6x4_pgvdd.def. Skipping OpenROAD.IOPlacement…
Running 'Odb.CustomIOPlacement' at 'runs/wokwi/26-odb-customioplacement'…
No custom I/O placement file configured, skipping 'Odb.CustomIOPlacement'…
Running 'Odb.ApplyDEFTemplate' at 'runs/wokwi/27-odb-applydeftemplate'…
Logging subprocess to [repr.filename]'runs/wokwi/27-odb-applydeftemplate/odb-applydeftemplate.log'[/repr.filename]…
Bterm VPWR is declared as a 'POWER' pin. It will be ignored.
Bterm VGND is declared as a 'GROUND' pin. It will be ignored.
Running 'OpenROAD.GlobalPlacement' at 'runs/wokwi/28-openroad-globalplacement'…
Logging subprocess to [repr.filename]'runs/wokwi/28-openroad-globalplacement/openroad-globalplacement.log'[/repr.filename]…
[STA-1140] /home/marc-andre/binaryneuralnet-asic-TTIHP26/macros/SRAM/RM_IHPSG13_1P_256x8_c3_bm_bist_typ_1p20V_25C.lib line 20, library RM_IHPSG13_1P_256x8_c3_bm_bist_typ_1p20V_25C already exists.
Running 'Odb.WriteVerilogHeader' at 'runs/wokwi/29-odb-writeverilogheader'…
Logging subprocess to [repr.filename]'runs/wokwi/29-odb-writeverilogheader/odb-writeverilogheader.log'[/repr.filename]…
Running 'Checker.PowerGridViolations' at 'runs/wokwi/30-checker-powergridviolations'…
Check for power grid violations (as reported by OpenROAD PSM- you may ignore these if LVS passes) clear.
Running 'OpenROAD.STAMidPNR' at 'runs/wokwi/31-openroad-stamidpnr'…
Logging subprocess to [repr.filename]'runs/wokwi/31-openroad-stamidpnr/openroad-stamidpnr.log'[/repr.filename]…
[STA-1140] /home/marc-andre/binaryneuralnet-asic-TTIHP26/macros/SRAM/RM_IHPSG13_1P_256x8_c3_bm_bist_typ_1p20V_25C.lib line 20, library RM_IHPSG13_1P_256x8_c3_bm_bist_typ_1p20V_25C already exists.
Running 'OpenROAD.RepairDesignPostGPL' at 'runs/wokwi/32-openroad-repairdesignpostgpl'…
Logging subprocess to [repr.filename]'runs/wokwi/32-openroad-repairdesignpostgpl/openroad-repairdesignpostgpl.log'[/repr.filename]…
[STA-1140] /home/marc-andre/binaryneuralnet-asic-TTIHP26/macros/SRAM/RM_IHPSG13_1P_256x8_c3_bm_bist_typ_1p20V_25C.lib line 20, library RM_IHPSG13_1P_256x8_c3_bm_bist_typ_1p20V_25C already exists.
[STA-1140] /home/marc-andre/binaryneuralnet-asic-TTIHP26/macros/SRAM/RM_IHPSG13_1P_256x8_c3_bm_bist_typ_1p20V_25C.lib line 20, library RM_IHPSG13_1P_256x8_c3_bm_bist_typ_1p20V_25C already exists.
[STA-1140] /home/marc-andre/binaryneuralnet-asic-TTIHP26/macros/SRAM/RM_IHPSG13_1P_256x8_c3_bm_bist_typ_1p20V_25C.lib line 20, library RM_IHPSG13_1P_256x8_c3_bm_bist_typ_1p20V_25C already exists.
[STA-1140] /home/marc-andre/binaryneuralnet-asic-TTIHP26/macros/SRAM/RM_IHPSG13_1P_256x8_c3_bm_bist_typ_1p20V_25C.lib line 20, library RM_IHPSG13_1P_256x8_c3_bm_bist_typ_1p20V_25C already exists.
[STA-1140] /home/marc-andre/binaryneuralnet-asic-TTIHP26/macros/SRAM/RM_IHPSG13_1P_256x8_c3_bm_bist_typ_1p20V_25C.lib line 20, library RM_IHPSG13_1P_256x8_c3_bm_bist_typ_1p20V_25C already exists.
Running 'Odb.ManualGlobalPlacement' at 'runs/wokwi/33-odb-manualglobalplacement'…
'MANUAL_GLOBAL_PLACEMENTS' not set. Skipping 'Odb.ManualGlobalPlacement'…
Running 'OpenROAD.DetailedPlacement' at 'runs/wokwi/34-openroad-detailedplacement'…
Logging subprocess to [repr.filename]'runs/wokwi/34-openroad-detailedplacement/openroad-detailedplacement.log'[/repr.filename]…
[STA-1140] /home/marc-andre/binaryneuralnet-asic-TTIHP26/macros/SRAM/RM_IHPSG13_1P_256x8_c3_bm_bist_typ_1p20V_25C.lib line 20, library RM_IHPSG13_1P_256x8_c3_bm_bist_typ_1p20V_25C already exists.
Running 'OpenROAD.CTS' at 'runs/wokwi/35-openroad-cts'…
Logging subprocess to [repr.filename]'runs/wokwi/35-openroad-cts/openroad-cts.log'[/repr.filename]…
[STA-1140] /home/marc-andre/binaryneuralnet-asic-TTIHP26/macros/SRAM/RM_IHPSG13_1P_256x8_c3_bm_bist_typ_1p20V_25C.lib line 20, library RM_IHPSG13_1P_256x8_c3_bm_bist_typ_1p20V_25C already exists.
[STA-1140] /home/marc-andre/binaryneuralnet-asic-TTIHP26/macros/SRAM/RM_IHPSG13_1P_256x8_c3_bm_bist_typ_1p20V_25C.lib line 20, library RM_IHPSG13_1P_256x8_c3_bm_bist_typ_1p20V_25C already exists.
[STA-1140] /home/marc-andre/binaryneuralnet-asic-TTIHP26/macros/SRAM/RM_IHPSG13_1P_256x8_c3_bm_bist_typ_1p20V_25C.lib line 20, library RM_IHPSG13_1P_256x8_c3_bm_bist_typ_1p20V_25C already exists.
[STA-1140] /home/marc-andre/binaryneuralnet-asic-TTIHP26/macros/SRAM/RM_IHPSG13_1P_256x8_c3_bm_bist_typ_1p20V_25C.lib line 20, library RM_IHPSG13_1P_256x8_c3_bm_bist_typ_1p20V_25C already exists.
[STA-1140] /home/marc-andre/binaryneuralnet-asic-TTIHP26/macros/SRAM/RM_IHPSG13_1P_256x8_c3_bm_bist_typ_1p20V_25C.lib line 20, library RM_IHPSG13_1P_256x8_c3_bm_bist_typ_1p20V_25C already exists.
Running 'OpenROAD.STAMidPNR-1' at 'runs/wokwi/36-openroad-stamidpnr-1'…
Logging subprocess to [repr.filename]'runs/wokwi/36-openroad-stamidpnr-1/openroad-stamidpnr-1.log'[/repr.filename]…
[STA-1140] /home/marc-andre/binaryneuralnet-asic-TTIHP26/macros/SRAM/RM_IHPSG13_1P_256x8_c3_bm_bist_typ_1p20V_25C.lib line 20, library RM_IHPSG13_1P_256x8_c3_bm_bist_typ_1p20V_25C already exists.
Running 'OpenROAD.ResizerTimingPostCTS' at 'runs/wokwi/37-openroad-resizertimingpostcts'…
Logging subprocess to [repr.filename]'runs/wokwi/37-openroad-resizertimingpostcts/openroad-resizertimingpostcts.log'[/repr.filename]…
[STA-1140] /home/marc-andre/binaryneuralnet-asic-TTIHP26/macros/SRAM/RM_IHPSG13_1P_256x8_c3_bm_bist_typ_1p20V_25C.lib line 20, library RM_IHPSG13_1P_256x8_c3_bm_bist_typ_1p20V_25C already exists.
[STA-1140] /home/marc-andre/binaryneuralnet-asic-TTIHP26/macros/SRAM/RM_IHPSG13_1P_256x8_c3_bm_bist_typ_1p20V_25C.lib line 20, library RM_IHPSG13_1P_256x8_c3_bm_bist_typ_1p20V_25C already exists.
[STA-1140] /home/marc-andre/binaryneuralnet-asic-TTIHP26/macros/SRAM/RM_IHPSG13_1P_256x8_c3_bm_bist_typ_1p20V_25C.lib line 20, library RM_IHPSG13_1P_256x8_c3_bm_bist_typ_1p20V_25C already exists.
[STA-1140] /home/marc-andre/binaryneuralnet-asic-TTIHP26/macros/SRAM/RM_IHPSG13_1P_256x8_c3_bm_bist_typ_1p20V_25C.lib line 20, library RM_IHPSG13_1P_256x8_c3_bm_bist_typ_1p20V_25C already exists.
[STA-1140] /home/marc-andre/binaryneuralnet-asic-TTIHP26/macros/SRAM/RM_IHPSG13_1P_256x8_c3_bm_bist_typ_1p20V_25C.lib line 20, library RM_IHPSG13_1P_256x8_c3_bm_bist_typ_1p20V_25C already exists.
Running 'OpenROAD.STAMidPNR-2' at 'runs/wokwi/38-openroad-stamidpnr-2'…
Logging subprocess to [repr.filename]'runs/wokwi/38-openroad-stamidpnr-2/openroad-stamidpnr-2.log'[/repr.filename]…
[STA-1140] /home/marc-andre/binaryneuralnet-asic-TTIHP26/macros/SRAM/RM_IHPSG13_1P_256x8_c3_bm_bist_typ_1p20V_25C.lib line 20, library RM_IHPSG13_1P_256x8_c3_bm_bist_typ_1p20V_25C already exists.
Running 'OpenROAD.GlobalRouting' at 'runs/wokwi/39-openroad-globalrouting'…
Logging subprocess to [repr.filename]'runs/wokwi/39-openroad-globalrouting/openroad-globalrouting.log'[/repr.filename]…
[STA-1140] /home/marc-andre/binaryneuralnet-asic-TTIHP26/macros/SRAM/RM_IHPSG13_1P_256x8_c3_bm_bist_typ_1p20V_25C.lib line 20, library RM_IHPSG13_1P_256x8_c3_bm_bist_typ_1p20V_25C already exists.
Running 'OpenROAD.CheckAntennas' at 'runs/wokwi/40-openroad-checkantennas'…
Logging subprocess to [repr.filename]'runs/wokwi/40-openroad-checkantennas/openroad-checkantennas.log'[/repr.filename]…
[STA-1140] /home/marc-andre/binaryneuralnet-asic-TTIHP26/macros/SRAM/RM_IHPSG13_1P_256x8_c3_bm_bist_typ_1p20V_25C.lib line 20, library RM_IHPSG13_1P_256x8_c3_bm_bist_typ_1p20V_25C already exists.
Gating variable for step 'OpenROAD.RepairDesignPostGRT' set to 'False'- the step will be skipped.
Skipping step 'Repair Design (Post-Global Routing)'…
Running 'Odb.DiodesOnPorts' at 'runs/wokwi/41-odb-diodesonports'…
'DIODE_ON_PORTS' is set to 'none': skipping 'Odb.DiodesOnPorts'…
Gating variable for step 'Odb.HeuristicDiodeInsertion' set to 'False'- the step will be skipped.
Skipping step 'Heuristic Diode Insertion'…
Running 'OpenROAD.RepairAntennas' at 'runs/wokwi/42-openroad-repairantennas'…
Running 'OpenROAD.DiodeInsertion' at 'runs/wokwi/42-openroad-repairantennas/1-openroad-diodeinsertion'…
Logging subprocess to [repr.filename]'runs/wokwi/42-openroad-repairantennas/1-openroad-diodeinsertion/openroad-diodeinsertion.log'[/repr.filename]…
[STA-1140] /home/marc-andre/binaryneuralnet-asic-TTIHP26/macros/SRAM/RM_IHPSG13_1P_256x8_c3_bm_bist_typ_1p20V_25C.lib line 20, library RM_IHPSG13_1P_256x8_c3_bm_bist_typ_1p20V_25C already exists.
Running 'OpenROAD.CheckAntennas' at 'runs/wokwi/42-openroad-repairantennas/2-openroad-checkantennas'…
Logging subprocess to [repr.filename]'runs/wokwi/42-openroad-repairantennas/2-openroad-checkantennas/openroad-checkantennas.log'[/repr.filename]…
[STA-1140] /home/marc-andre/binaryneuralnet-asic-TTIHP26/macros/SRAM/RM_IHPSG13_1P_256x8_c3_bm_bist_typ_1p20V_25C.lib line 20, library RM_IHPSG13_1P_256x8_c3_bm_bist_typ_1p20V_25C already exists.
Gating variable for step 'OpenROAD.ResizerTimingPostGRT' set to 'False'- the step will be skipped.
Skipping step 'Resizer Timing Optimizations (Post-Global Routing)'…
Running 'OpenROAD.STAMidPNR-3' at 'runs/wokwi/43-openroad-stamidpnr-3'…
Logging subprocess to [repr.filename]'runs/wokwi/43-openroad-stamidpnr-3/openroad-stamidpnr-3.log'[/repr.filename]…
[STA-1140] /home/marc-andre/binaryneuralnet-asic-TTIHP26/macros/SRAM/RM_IHPSG13_1P_256x8_c3_bm_bist_typ_1p20V_25C.lib line 20, library RM_IHPSG13_1P_256x8_c3_bm_bist_typ_1p20V_25C already exists.
Running 'OpenROAD.DetailedRouting' at 'runs/wokwi/44-openroad-detailedrouting'…
Running TritonRoute with 16 threads…
Logging subprocess to [repr.filename]'runs/wokwi/44-openroad-detailedrouting/openroad-detailedrouting.log'[/repr.filename]…
[STA-1140] /home/marc-andre/binaryneuralnet-asic-TTIHP26/macros/SRAM/RM_IHPSG13_1P_256x8_c3_bm_bist_typ_1p20V_25C.lib line 20, library RM_IHPSG13_1P_256x8_c3_bm_bist_typ_1p20V_25C already exists.
[DRT-0349] LEF58_ENCLOSURE with no CUTCLASS is not supported. Skipping for layer Cont
[DRT-0349] LEF58_ENCLOSURE with no CUTCLASS is not supported. Skipping for layer Via1
[DRT-0349] LEF58_ENCLOSURE with no CUTCLASS is not supported. Skipping for layer Via1
[DRT-0349] LEF58_ENCLOSURE with no CUTCLASS is not supported. Skipping for layer Via2
[DRT-0349] LEF58_ENCLOSURE with no CUTCLASS is not supported. Skipping for layer Via3
[DRT-0349] LEF58_ENCLOSURE with no CUTCLASS is not supported. Skipping for layer Via4
[DRT-0349] LEF58_ENCLOSURE with no CUTCLASS is not supported. Skipping for layer TopVia1
[DRT-0349] LEF58_ENCLOSURE with no CUTCLASS is not supported. Skipping for layer TopVia1
[DRT-0349] LEF58_ENCLOSURE with no CUTCLASS is not supported. Skipping for layer TopVia2
[DRT-0349] LEF58_ENCLOSURE with no CUTCLASS is not supported. Skipping for layer TopVia2
[DRT-0418] Term sram/A_BIST_DIN[4] has no pins on routing grid
[DRT-0418] Term sram/A_BIST_DIN[3] has no pins on routing grid
[DRT-0418] Term sram/A_BM[3] has no pins on routing grid
[DRT-0418] Term sram/A_DOUT[4] has no pins on routing grid
[DRT-0418] Term sram/A_DOUT[3] has no pins on routing grid
[DRT-0418] Term sram/A_DIN[5] has no pins on routing grid
[DRT-0418] Term sram/A_BIST_BM[5] has no pins on routing grid
[DRT-0418] Term sram/A_DIN[1] has no pins on routing grid
[DRT-0418] Term sram/A_BIST_DIN[6] has no pins on routing grid
[DRT-0418] Term sram/A_BM[6] has no pins on routing grid
[DRT-0418] Term sram/A_BM[1] has no pins on routing grid
[DRT-0418] Term sram/A_DOUT[6] has no pins on routing grid
[DRT-0418] Term sram/A_DOUT[1] has no pins on routing grid
[DRT-0418] Term sram/A_DIN[7] has no pins on routing grid
[DRT-0418] Term sram/A_BIST_BM[7] has no pins on routing grid
[DRT-0418] Term sram/A_ADDR[0] has no pins on routing grid
[DRT-0418] Term sram/A_BIST_ADDR[0] has no pins on routing grid
[DRT-0418] Term sram/A_ADDR[1] has no pins on routing grid
[DRT-0418] Term sram/A_BIST_ADDR[1] has no pins on routing grid
[DRT-0418] Term sram/A_ADDR[2] has no pins on routing grid
[DRT-0418] Term sram/A_ADDR[4] has no pins on routing grid
[DRT-0418] Term sram/A_BIST_ADDR[4] has no pins on routing grid
[DRT-0418] Term sram/A_ADDR[6] has no pins on routing grid
[DRT-0418] Term sram/A_ADDR[7] has no pins on routing grid
[DRT-0418] Term sram/A_BIST_MEN has no pins on routing grid
Running 'Odb.RemoveRoutingObstructions' at 'runs/wokwi/45-odb-removeroutingobstructions'…
'ROUTING_OBSTRUCTIONS' is not defined. Skipping 'Odb.RemoveRoutingObstructions'…
Running 'OpenROAD.CheckAntennas-1' at 'runs/wokwi/46-openroad-checkantennas-1'…
Logging subprocess to [repr.filename]'runs/wokwi/46-openroad-checkantennas-1/openroad-checkantennas-1.log'[/repr.filename]…
[STA-1140] /home/marc-andre/binaryneuralnet-asic-TTIHP26/macros/SRAM/RM_IHPSG13_1P_256x8_c3_bm_bist_typ_1p20V_25C.lib line 20, library RM_IHPSG13_1P_256x8_c3_bm_bist_typ_1p20V_25C already exists.
Running 'Checker.TrDRC' at 'runs/wokwi/47-checker-trdrc'…
Check for Routing DRC errors clear.
Running 'Odb.ReportDisconnectedPins' at 'runs/wokwi/48-odb-reportdisconnectedpins'…
Logging subprocess to [repr.filename]'runs/wokwi/48-odb-reportdisconnectedpins/odb-reportdisconnectedpins.log'[/repr.filename]…
Running 'Checker.DisconnectedPins' at 'runs/wokwi/49-checker-disconnectedpins'…
Check for critical disconnected pins clear.
Running 'Odb.ReportWireLength' at 'runs/wokwi/50-odb-reportwirelength'…
Logging subprocess to [repr.filename]'runs/wokwi/50-odb-reportwirelength/odb-reportwirelength.log'[/repr.filename]…
Running 'Checker.WireLength' at 'runs/wokwi/51-checker-wirelength'…
Threshold for Threshold-surpassing long wires is not set. The checker will be skipped.
Running 'OpenROAD.FillInsertion' at 'runs/wokwi/52-openroad-fillinsertion'…
Logging subprocess to [repr.filename]'runs/wokwi/52-openroad-fillinsertion/openroad-fillinsertion.log'[/repr.filename]…
[STA-1140] /home/marc-andre/binaryneuralnet-asic-TTIHP26/macros/SRAM/RM_IHPSG13_1P_256x8_c3_bm_bist_typ_1p20V_25C.lib line 20, library RM_IHPSG13_1P_256x8_c3_bm_bist_typ_1p20V_25C already exists.
Running 'Odb.CellFrequencyTables' at 'runs/wokwi/53-odb-cellfrequencytables'…
Logging subprocess to [repr.filename]'runs/wokwi/53-odb-cellfrequencytables/buffer_list.txt'[/repr.filename]…
Logging subprocess to [repr.filename]'runs/wokwi/53-odb-cellfrequencytables/odb-cellfrequencytables.log'[/repr.filename]…
Running 'OpenROAD.RCX' at 'runs/wokwi/54-openroad-rcx'…
Running RCX for corners matching nom_* (/home/marc-andre/binaryneuralnet-asic-TTIHP26/runs/wokwi/54-openroad-rcx/nom/rcx.log)…
Logging subprocess to [repr.filename]'runs/wokwi/54-openroad-rcx/nom/rcx.log'[/repr.filename]…
Finished RCX for corners matching nom_*.
Running 'OpenROAD.STAPostPNR' at 'runs/wokwi/55-openroad-stapostpnr'…
Netlists found for macro RM_IHPSG13_1P_256x8_c3_bm_bist, but no parasitics extraction found at corner nom_fast_1p32V_m40C. The netlist cannot be used for timing on this module.
Starting STA for the nom_fast_1p32V_m40C timing corner…
Netlists found for macro RM_IHPSG13_1P_256x8_c3_bm_bist, but no parasitics extraction found at corner nom_slow_1p08V_125C. The netlist cannot be used for timing on this module.
Starting STA for the nom_slow_1p08V_125C timing corner…
Netlists found for macro RM_IHPSG13_1P_256x8_c3_bm_bist, but no parasitics extraction found at corner nom_typ_1p20V_25C. The netlist cannot be used for timing on this module.
Logging subprocess to [repr.filename]'runs/wokwi/55-openroad-stapostpnr/nom_fast_1p32V_m40C/sta.log'[/repr.filename]…
Starting STA for the nom_typ_1p20V_25C timing corner…
Logging subprocess to [repr.filename]'runs/wokwi/55-openroad-stapostpnr/nom_slow_1p08V_125C/sta.log'[/repr.filename]…
Logging subprocess to [repr.filename]'runs/wokwi/55-openroad-stapostpnr/nom_typ_1p20V_25C/sta.log'[/repr.filename]…
Finished STA for the nom_typ_1p20V_25C timing corner.
Logging subprocess to [repr.filename]'runs/wokwi/55-openroad-stapostpnr/nom_typ_1p20V_25C/filter_unannotated.log'[/repr.filename]…
Finished STA for the nom_fast_1p32V_m40C timing corner.
Logging subprocess to [repr.filename]'runs/wokwi/55-openroad-stapostpnr/nom_fast_1p32V_m40C/filter_unannotated.log'[/repr.filename]…
Finished STA for the nom_slow_1p08V_125C timing corner.
Logging subprocess to [repr.filename]'runs/wokwi/55-openroad-stapostpnr/nom_slow_1p08V_125C/filter_unannotated.log'[/repr.filename]…
Running 'OpenROAD.IRDropReport' at 'runs/wokwi/56-openroad-irdropreport'…
'VSRC_LOC_FILES' was not given a value, which may make the results of IR drop analysis inaccurate. If you are not integrating a top-level chip for manufacture, you may ignore this warning, otherwise, see the documentation for 'VSRC_LOC_FILES'.
Logging subprocess to [repr.filename]'runs/wokwi/56-openroad-irdropreport/openroad-irdropreport.log'[/repr.filename]…
[STA-1140] /home/marc-andre/binaryneuralnet-asic-TTIHP26/macros/SRAM/RM_IHPSG13_1P_256x8_c3_bm_bist_typ_1p20V_25C.lib line 20, library RM_IHPSG13_1P_256x8_c3_bm_bist_typ_1p20V_25C already exists.
+ analyze_power_grid -net VPWR -voltage_file /home/marc-andre/binaryneuralnet-asic-TTIHP26/runs/wokwi/56-openroad-irdropreport/net-VPWR.csv
[INFO PSM-0040] All shapes on net VPWR are connected.
########## IR report #################
Net              : VPWR
Corner           : nom_typ_1p20V_25C
Total power      : 6.88e-04 W
Supply voltage   : 1.20e+00 V
Worstcase voltage: 1.20e+00 V
Average voltage  : 1.20e+00 V
Average IR drop  : 7.35e-07 V
Worstcase IR drop: 1.28e-04 V
Percentage drop  : 0.01 %
######################################
+ analyze_power_grid -net VGND -voltage_file /home/marc-andre/binaryneuralnet-asic-TTIHP26/runs/wokwi/56-openroad-irdropreport/net-VGND.csv
[INFO PSM-0040] All shapes on net VGND are connected.
########## IR report #################
Net              : VGND
Corner           : nom_typ_1p20V_25C
Total power      : 6.88e-04 W
Supply voltage   : 0.00e+00 V
Worstcase voltage: 6.84e-05 V
Average voltage  : 6.60e-07 V
Average IR drop  : 6.60e-07 V
Worstcase IR drop: 6.84e-05 V
Percentage drop  : 0.01 %
######################################

Running 'Magic.StreamOut' at 'runs/wokwi/57-magic-streamout'…
Logging subprocess to [repr.filename]'runs/wokwi/57-magic-streamout/magic-streamout.log'[/repr.filename]…
Running 'KLayout.StreamOut' at 'runs/wokwi/58-klayout-streamout'…
Logging subprocess to [repr.filename]'runs/wokwi/58-klayout-streamout/klayout-streamout.log'[/repr.filename]…
Running 'KLayout.Render' at 'runs/wokwi/59-klayout-render'…
Logging subprocess to [repr.filename]'runs/wokwi/59-klayout-render/klayout-render.log'[/repr.filename]…
Running 'Magic.WriteLEF' at 'runs/wokwi/60-magic-writelef'…
Logging subprocess to [repr.filename]'runs/wokwi/60-magic-writelef/magic-writelef.log'[/repr.filename]…
Running 'Odb.CheckDesignAntennaProperties' at 'runs/wokwi/61-odb-checkdesignantennaproperties'…
Logging subprocess to [repr.filename]'runs/wokwi/61-odb-checkdesignantennaproperties/odb-checkdesignantennaproperties.log'[/repr.filename]…
Cell 'tt_um_maw_mnistbnn' has (8) input pin(s) without antenna gate information. They might not be connected to a gate.
Gating variable for step 'KLayout.XOR' set to 'False'- the step will be skipped.
Skipping step 'KLayout vs. Magic XOR'…
Gating variable for step 'Checker.XOR' set to 'False'- the step will be skipped.
Skipping step 'XOR Difference Checker'…
Running 'Magic.DRC' at 'runs/wokwi/62-magic-drc'…
Logging subprocess to [repr.filename]'runs/wokwi/62-magic-drc/magic-drc.log'[/repr.filename]…
Gating variable for step 'KLayout.DRC' set to 'False'- the step will be skipped.
Skipping step 'Design Rule Check (KLayout)'…
Running 'Checker.MagicDRC' at 'runs/wokwi/63-checker-magicdrc'…
60767 Magic DRC errors found.
Gating variable for step 'Checker.KLayoutDRC' set to 'False'- the step will be skipped.
Skipping step 'KLayout DRC Checker'…
Running 'Magic.SpiceExtraction' at 'runs/wokwi/64-magic-spiceextraction'…
Logging subprocess to [repr.filename]'runs/wokwi/64-magic-spiceextraction/magic-spiceextraction.log'[/repr.filename]…
Running 'Checker.IllegalOverlap' at 'runs/wokwi/65-checker-illegaloverlap'…
Check for Magic Illegal Overlap errors clear.
Running 'Netgen.LVS' at 'runs/wokwi/66-netgen-lvs'…
Logging subprocess to [repr.filename]'runs/wokwi/66-netgen-lvs/netgen-lvs.log'[/repr.filename]…
Running 'Checker.LVS' at 'runs/wokwi/67-checker-lvs'…
Check for LVS errors clear.
Gating variable for step 'Yosys.EQY' set to 'False'- the step will be skipped.
Skipping step 'Equivalence Check'…
Running 'Checker.SetupViolations' at 'runs/wokwi/68-checker-setupviolations'…
No setup violations found
Running 'Checker.HoldViolations' at 'runs/wokwi/69-checker-holdviolations'…
No hold violations found
Running 'Checker.MaxSlewViolations' at 'runs/wokwi/70-checker-maxslewviolations'…
Max Slew violations found in the following corners:
* nom_slow_1p08V_125C
No max slew violations found
Running 'Checker.MaxCapViolations' at 'runs/wokwi/71-checker-maxcapviolations'…
Max Cap violations found in the following corners:
* nom_fast_1p32V_m40C
* nom_slow_1p08V_125C
* nom_typ_1p20V_25C
No max cap violations found
Running 'Misc.ReportManufacturability' at 'runs/wokwi/72-misc-reportmanufacturability'…
klayout__drc_error__count not reported. KLayout.DRC may have been skipped.
Saving views to '/home/marc-andre/binaryneuralnet-asic-TTIHP26/runs/wokwi/final'…
Flow complete.
