120 Lint warnings found.
'PNR_SDC_FILE' is not defined. Using generic fallback SDC for OpenROAD PnR steps.
'SIGNOFF_SDC_FILE' is not defined. Using generic fallback SDC for OpenROAD PnR steps.
Netlists found for macro RM_IHPSG13_1P_256x8_c3_bm_bist, but no parasitics extraction found at corner nom_typ_1p20V_25C. The netlist cannot be used for timing on this module.
Netlists found for macro RM_IHPSG13_1P_256x8_c3_bm_bist, but no parasitics extraction found at corner nom_fast_1p32V_m40C. The netlist cannot be used for timing on this module.
Netlists found for macro RM_IHPSG13_1P_256x8_c3_bm_bist, but no parasitics extraction found at corner nom_slow_1p08V_125C. The netlist cannot be used for timing on this module.
Netlists found for macro RM_IHPSG13_1P_256x8_c3_bm_bist, but no parasitics extraction found at corner nom_typ_1p20V_25C. The netlist cannot be used for timing on this module.
[STA-1140] /Users/marcandre/Desktop/Startup/TowardsBNN/binaryneuralnet-asic-TTIHP26/macros/SRAM/RM_IHPSG13_1P_256x8_c3_bm_bist_typ_1p20V_25C.lib line 20, library RM_IHPSG13_1P_256x8_c3_bm_bist_typ_1p20V_25C already exists.
[STA-1140] /Users/marcandre/Desktop/Startup/TowardsBNN/binaryneuralnet-asic-TTIHP26/macros/SRAM/RM_IHPSG13_1P_256x8_c3_bm_bist_typ_1p20V_25C.lib line 20, library RM_IHPSG13_1P_256x8_c3_bm_bist_typ_1p20V_25C already exists.
[STA-1140] /Users/marcandre/Desktop/Startup/TowardsBNN/binaryneuralnet-asic-TTIHP26/macros/SRAM/RM_IHPSG13_1P_256x8_c3_bm_bist_typ_1p20V_25C.lib line 20, library RM_IHPSG13_1P_256x8_c3_bm_bist_typ_1p20V_25C already exists.
[STA-1140] /Users/marcandre/Desktop/Startup/TowardsBNN/binaryneuralnet-asic-TTIHP26/macros/SRAM/RM_IHPSG13_1P_256x8_c3_bm_bist_typ_1p20V_25C.lib line 20, library RM_IHPSG13_1P_256x8_c3_bm_bist_typ_1p20V_25C already exists.
[STA-1140] /Users/marcandre/Desktop/Startup/TowardsBNN/binaryneuralnet-asic-TTIHP26/macros/SRAM/RM_IHPSG13_1P_256x8_c3_bm_bist_typ_1p20V_25C.lib line 20, library RM_IHPSG13_1P_256x8_c3_bm_bist_typ_1p20V_25C already exists.
Bterm VPWR is declared as a 'POWER' pin. It will be ignored.
Bterm VGND is declared as a 'GROUND' pin. It will be ignored.
[STA-1140] /Users/marcandre/Desktop/Startup/TowardsBNN/binaryneuralnet-asic-TTIHP26/macros/SRAM/RM_IHPSG13_1P_256x8_c3_bm_bist_typ_1p20V_25C.lib line 20, library RM_IHPSG13_1P_256x8_c3_bm_bist_typ_1p20V_25C already exists.
[STA-1140] /Users/marcandre/Desktop/Startup/TowardsBNN/binaryneuralnet-asic-TTIHP26/macros/SRAM/RM_IHPSG13_1P_256x8_c3_bm_bist_typ_1p20V_25C.lib line 20, library RM_IHPSG13_1P_256x8_c3_bm_bist_typ_1p20V_25C already exists.
[STA-1140] /Users/marcandre/Desktop/Startup/TowardsBNN/binaryneuralnet-asic-TTIHP26/macros/SRAM/RM_IHPSG13_1P_256x8_c3_bm_bist_typ_1p20V_25C.lib line 20, library RM_IHPSG13_1P_256x8_c3_bm_bist_typ_1p20V_25C already exists.
[STA-1140] /Users/marcandre/Desktop/Startup/TowardsBNN/binaryneuralnet-asic-TTIHP26/macros/SRAM/RM_IHPSG13_1P_256x8_c3_bm_bist_typ_1p20V_25C.lib line 20, library RM_IHPSG13_1P_256x8_c3_bm_bist_typ_1p20V_25C already exists.
[STA-1140] /Users/marcandre/Desktop/Startup/TowardsBNN/binaryneuralnet-asic-TTIHP26/macros/SRAM/RM_IHPSG13_1P_256x8_c3_bm_bist_typ_1p20V_25C.lib line 20, library RM_IHPSG13_1P_256x8_c3_bm_bist_typ_1p20V_25C already exists.
[STA-1140] /Users/marcandre/Desktop/Startup/TowardsBNN/binaryneuralnet-asic-TTIHP26/macros/SRAM/RM_IHPSG13_1P_256x8_c3_bm_bist_typ_1p20V_25C.lib line 20, library RM_IHPSG13_1P_256x8_c3_bm_bist_typ_1p20V_25C already exists.
[STA-1140] /Users/marcandre/Desktop/Startup/TowardsBNN/binaryneuralnet-asic-TTIHP26/macros/SRAM/RM_IHPSG13_1P_256x8_c3_bm_bist_typ_1p20V_25C.lib line 20, library RM_IHPSG13_1P_256x8_c3_bm_bist_typ_1p20V_25C already exists.
[STA-1140] /Users/marcandre/Desktop/Startup/TowardsBNN/binaryneuralnet-asic-TTIHP26/macros/SRAM/RM_IHPSG13_1P_256x8_c3_bm_bist_typ_1p20V_25C.lib line 20, library RM_IHPSG13_1P_256x8_c3_bm_bist_typ_1p20V_25C already exists.
[STA-1140] /Users/marcandre/Desktop/Startup/TowardsBNN/binaryneuralnet-asic-TTIHP26/macros/SRAM/RM_IHPSG13_1P_256x8_c3_bm_bist_typ_1p20V_25C.lib line 20, library RM_IHPSG13_1P_256x8_c3_bm_bist_typ_1p20V_25C already exists.
[STA-1140] /Users/marcandre/Desktop/Startup/TowardsBNN/binaryneuralnet-asic-TTIHP26/macros/SRAM/RM_IHPSG13_1P_256x8_c3_bm_bist_typ_1p20V_25C.lib line 20, library RM_IHPSG13_1P_256x8_c3_bm_bist_typ_1p20V_25C already exists.
[STA-1140] /Users/marcandre/Desktop/Startup/TowardsBNN/binaryneuralnet-asic-TTIHP26/macros/SRAM/RM_IHPSG13_1P_256x8_c3_bm_bist_typ_1p20V_25C.lib line 20, library RM_IHPSG13_1P_256x8_c3_bm_bist_typ_1p20V_25C already exists.
[STA-1140] /Users/marcandre/Desktop/Startup/TowardsBNN/binaryneuralnet-asic-TTIHP26/macros/SRAM/RM_IHPSG13_1P_256x8_c3_bm_bist_typ_1p20V_25C.lib line 20, library RM_IHPSG13_1P_256x8_c3_bm_bist_typ_1p20V_25C already exists.
[STA-1140] /Users/marcandre/Desktop/Startup/TowardsBNN/binaryneuralnet-asic-TTIHP26/macros/SRAM/RM_IHPSG13_1P_256x8_c3_bm_bist_typ_1p20V_25C.lib line 20, library RM_IHPSG13_1P_256x8_c3_bm_bist_typ_1p20V_25C already exists.
[STA-1140] /Users/marcandre/Desktop/Startup/TowardsBNN/binaryneuralnet-asic-TTIHP26/macros/SRAM/RM_IHPSG13_1P_256x8_c3_bm_bist_typ_1p20V_25C.lib line 20, library RM_IHPSG13_1P_256x8_c3_bm_bist_typ_1p20V_25C already exists.
[STA-1140] /Users/marcandre/Desktop/Startup/TowardsBNN/binaryneuralnet-asic-TTIHP26/macros/SRAM/RM_IHPSG13_1P_256x8_c3_bm_bist_typ_1p20V_25C.lib line 20, library RM_IHPSG13_1P_256x8_c3_bm_bist_typ_1p20V_25C already exists.
[STA-1140] /Users/marcandre/Desktop/Startup/TowardsBNN/binaryneuralnet-asic-TTIHP26/macros/SRAM/RM_IHPSG13_1P_256x8_c3_bm_bist_typ_1p20V_25C.lib line 20, library RM_IHPSG13_1P_256x8_c3_bm_bist_typ_1p20V_25C already exists.
[STA-1140] /Users/marcandre/Desktop/Startup/TowardsBNN/binaryneuralnet-asic-TTIHP26/macros/SRAM/RM_IHPSG13_1P_256x8_c3_bm_bist_typ_1p20V_25C.lib line 20, library RM_IHPSG13_1P_256x8_c3_bm_bist_typ_1p20V_25C already exists.
[STA-1140] /Users/marcandre/Desktop/Startup/TowardsBNN/binaryneuralnet-asic-TTIHP26/macros/SRAM/RM_IHPSG13_1P_256x8_c3_bm_bist_typ_1p20V_25C.lib line 20, library RM_IHPSG13_1P_256x8_c3_bm_bist_typ_1p20V_25C already exists.
[STA-1140] /Users/marcandre/Desktop/Startup/TowardsBNN/binaryneuralnet-asic-TTIHP26/macros/SRAM/RM_IHPSG13_1P_256x8_c3_bm_bist_typ_1p20V_25C.lib line 20, library RM_IHPSG13_1P_256x8_c3_bm_bist_typ_1p20V_25C already exists.
[STA-1140] /Users/marcandre/Desktop/Startup/TowardsBNN/binaryneuralnet-asic-TTIHP26/macros/SRAM/RM_IHPSG13_1P_256x8_c3_bm_bist_typ_1p20V_25C.lib line 20, library RM_IHPSG13_1P_256x8_c3_bm_bist_typ_1p20V_25C already exists.
[STA-1140] /Users/marcandre/Desktop/Startup/TowardsBNN/binaryneuralnet-asic-TTIHP26/macros/SRAM/RM_IHPSG13_1P_256x8_c3_bm_bist_typ_1p20V_25C.lib line 20, library RM_IHPSG13_1P_256x8_c3_bm_bist_typ_1p20V_25C already exists.
[STA-1140] /Users/marcandre/Desktop/Startup/TowardsBNN/binaryneuralnet-asic-TTIHP26/macros/SRAM/RM_IHPSG13_1P_256x8_c3_bm_bist_typ_1p20V_25C.lib line 20, library RM_IHPSG13_1P_256x8_c3_bm_bist_typ_1p20V_25C already exists.
[STA-1140] /Users/marcandre/Desktop/Startup/TowardsBNN/binaryneuralnet-asic-TTIHP26/macros/SRAM/RM_IHPSG13_1P_256x8_c3_bm_bist_typ_1p20V_25C.lib line 20, library RM_IHPSG13_1P_256x8_c3_bm_bist_typ_1p20V_25C already exists.
[STA-1140] /Users/marcandre/Desktop/Startup/TowardsBNN/binaryneuralnet-asic-TTIHP26/macros/SRAM/RM_IHPSG13_1P_256x8_c3_bm_bist_typ_1p20V_25C.lib line 20, library RM_IHPSG13_1P_256x8_c3_bm_bist_typ_1p20V_25C already exists.
[STA-1140] /Users/marcandre/Desktop/Startup/TowardsBNN/binaryneuralnet-asic-TTIHP26/macros/SRAM/RM_IHPSG13_1P_256x8_c3_bm_bist_typ_1p20V_25C.lib line 20, library RM_IHPSG13_1P_256x8_c3_bm_bist_typ_1p20V_25C already exists.
[STA-1140] /Users/marcandre/Desktop/Startup/TowardsBNN/binaryneuralnet-asic-TTIHP26/macros/SRAM/RM_IHPSG13_1P_256x8_c3_bm_bist_typ_1p20V_25C.lib line 20, library RM_IHPSG13_1P_256x8_c3_bm_bist_typ_1p20V_25C already exists.
[DRT-0349] LEF58_ENCLOSURE with no CUTCLASS is not supported. Skipping for layer Cont
[DRT-0349] LEF58_ENCLOSURE with no CUTCLASS is not supported. Skipping for layer Via1
[DRT-0349] LEF58_ENCLOSURE with no CUTCLASS is not supported. Skipping for layer Via1
[DRT-0349] LEF58_ENCLOSURE with no CUTCLASS is not supported. Skipping for layer Via2
[DRT-0349] LEF58_ENCLOSURE with no CUTCLASS is not supported. Skipping for layer Via3
[DRT-0349] LEF58_ENCLOSURE with no CUTCLASS is not supported. Skipping for layer Via4
[DRT-0349] LEF58_ENCLOSURE with no CUTCLASS is not supported. Skipping for layer TopVia1
[DRT-0349] LEF58_ENCLOSURE with no CUTCLASS is not supported. Skipping for layer TopVia1
[DRT-0349] LEF58_ENCLOSURE with no CUTCLASS is not supported. Skipping for layer TopVia2
[DRT-0349] LEF58_ENCLOSURE with no CUTCLASS is not supported. Skipping for layer TopVia2
[DRT-0418] Term sram/A_BIST_DIN[4] has no pins on routing grid
[DRT-0418] Term sram/A_BIST_DIN[3] has no pins on routing grid
[DRT-0418] Term sram/A_BM[3] has no pins on routing grid
[DRT-0418] Term sram/A_DOUT[4] has no pins on routing grid
[DRT-0418] Term sram/A_DOUT[3] has no pins on routing grid
[DRT-0418] Term sram/A_DIN[5] has no pins on routing grid
[DRT-0418] Term sram/A_BIST_BM[5] has no pins on routing grid
[DRT-0418] Term sram/A_DIN[1] has no pins on routing grid
[DRT-0418] Term sram/A_BIST_DIN[6] has no pins on routing grid
[DRT-0418] Term sram/A_BM[6] has no pins on routing grid
[DRT-0418] Term sram/A_BM[1] has no pins on routing grid
[DRT-0418] Term sram/A_DOUT[6] has no pins on routing grid
[DRT-0418] Term sram/A_DOUT[1] has no pins on routing grid
[DRT-0418] Term sram/A_DIN[7] has no pins on routing grid
[DRT-0418] Term sram/A_BIST_BM[7] has no pins on routing grid
[DRT-0418] Term sram/A_ADDR[0] has no pins on routing grid
[DRT-0418] Term sram/A_BIST_ADDR[0] has no pins on routing grid
[DRT-0418] Term sram/A_ADDR[1] has no pins on routing grid
[DRT-0418] Term sram/A_BIST_ADDR[1] has no pins on routing grid
[DRT-0418] Term sram/A_ADDR[2] has no pins on routing grid
[DRT-0418] Term sram/A_ADDR[4] has no pins on routing grid
[DRT-0418] Term sram/A_BIST_ADDR[4] has no pins on routing grid
[DRT-0418] Term sram/A_ADDR[6] has no pins on routing grid
[DRT-0418] Term sram/A_ADDR[7] has no pins on routing grid
[DRT-0418] Term sram/A_BIST_MEN has no pins on routing grid
[STA-1140] /Users/marcandre/Desktop/Startup/TowardsBNN/binaryneuralnet-asic-TTIHP26/macros/SRAM/RM_IHPSG13_1P_256x8_c3_bm_bist_typ_1p20V_25C.lib line 20, library RM_IHPSG13_1P_256x8_c3_bm_bist_typ_1p20V_25C already exists.
Threshold for Threshold-surpassing long wires is not set. The checker will be skipped.
[STA-1140] /Users/marcandre/Desktop/Startup/TowardsBNN/binaryneuralnet-asic-TTIHP26/macros/SRAM/RM_IHPSG13_1P_256x8_c3_bm_bist_typ_1p20V_25C.lib line 20, library RM_IHPSG13_1P_256x8_c3_bm_bist_typ_1p20V_25C already exists.
Netlists found for macro RM_IHPSG13_1P_256x8_c3_bm_bist, but no parasitics extraction found at corner nom_fast_1p32V_m40C. The netlist cannot be used for timing on this module.
Netlists found for macro RM_IHPSG13_1P_256x8_c3_bm_bist, but no parasitics extraction found at corner nom_slow_1p08V_125C. The netlist cannot be used for timing on this module.
Netlists found for macro RM_IHPSG13_1P_256x8_c3_bm_bist, but no parasitics extraction found at corner nom_typ_1p20V_25C. The netlist cannot be used for timing on this module.
'VSRC_LOC_FILES' was not given a value, which may make the results of IR drop analysis inaccurate. If you are not integrating a top-level chip for manufacture, you may ignore this warning, otherwise, see the documentation for 'VSRC_LOC_FILES'.
[STA-1140] /Users/marcandre/Desktop/Startup/TowardsBNN/binaryneuralnet-asic-TTIHP26/macros/SRAM/RM_IHPSG13_1P_256x8_c3_bm_bist_typ_1p20V_25C.lib line 20, library RM_IHPSG13_1P_256x8_c3_bm_bist_typ_1p20V_25C already exists.
Cell 'tt_um_maw_mnistbnn' has (8) input pin(s) without antenna gate information. They might not be connected to a gate.
60767 Magic DRC errors found.
Max Slew violations found in the following corners:
* nom_slow_1p08V_125C
Max Cap violations found in the following corners:
* nom_fast_1p32V_m40C
* nom_slow_1p08V_125C
* nom_typ_1p20V_25C
klayout__drc_error__count not reported. KLayout.DRC may have been skipped.
