
29. Executing PROC_DLATCH pass (convert process syncs to latches).
No latch inferred for signal `\conv_weights_3x3_l2.\w11' from process `\conv_weights_3x3_l2.$proc$/home/marc-andre/binaryneuralnet-asic-TTIHP26/src/conv_weights_3x3_l2.sv:71$2688'.
No latch inferred for signal `\conv_weights_3x3_l2.\w12' from process `\conv_weights_3x3_l2.$proc$/home/marc-andre/binaryneuralnet-asic-TTIHP26/src/conv_weights_3x3_l2.sv:71$2688'.
No latch inferred for signal `\conv_weights_3x3_l2.\w13' from process `\conv_weights_3x3_l2.$proc$/home/marc-andre/binaryneuralnet-asic-TTIHP26/src/conv_weights_3x3_l2.sv:71$2688'.
No latch inferred for signal `\conv_weights_3x3_l2.\w21' from process `\conv_weights_3x3_l2.$proc$/home/marc-andre/binaryneuralnet-asic-TTIHP26/src/conv_weights_3x3_l2.sv:71$2688'.
No latch inferred for signal `\conv_weights_3x3_l2.\w22' from process `\conv_weights_3x3_l2.$proc$/home/marc-andre/binaryneuralnet-asic-TTIHP26/src/conv_weights_3x3_l2.sv:71$2688'.
No latch inferred for signal `\conv_weights_3x3_l2.\w23' from process `\conv_weights_3x3_l2.$proc$/home/marc-andre/binaryneuralnet-asic-TTIHP26/src/conv_weights_3x3_l2.sv:71$2688'.
No latch inferred for signal `\conv_weights_3x3_l2.\w31' from process `\conv_weights_3x3_l2.$proc$/home/marc-andre/binaryneuralnet-asic-TTIHP26/src/conv_weights_3x3_l2.sv:71$2688'.
No latch inferred for signal `\conv_weights_3x3_l2.\w32' from process `\conv_weights_3x3_l2.$proc$/home/marc-andre/binaryneuralnet-asic-TTIHP26/src/conv_weights_3x3_l2.sv:71$2688'.
No latch inferred for signal `\conv_weights_3x3_l2.\w33' from process `\conv_weights_3x3_l2.$proc$/home/marc-andre/binaryneuralnet-asic-TTIHP26/src/conv_weights_3x3_l2.sv:71$2688'.
No latch inferred for signal `\load_conv_op_3x6.\sram_req' from process `\load_conv_op_3x6.$proc$/home/marc-andre/binaryneuralnet-asic-TTIHP26/src/load_conv_op_3x6.sv:103$2521'.
No latch inferred for signal `\conv_weights_3x3_l1.\w11' from process `\conv_weights_3x3_l1.$proc$/home/marc-andre/binaryneuralnet-asic-TTIHP26/src/conv_weights_3x3_l1.sv:71$2509'.
No latch inferred for signal `\conv_weights_3x3_l1.\w12' from process `\conv_weights_3x3_l1.$proc$/home/marc-andre/binaryneuralnet-asic-TTIHP26/src/conv_weights_3x3_l1.sv:71$2509'.
No latch inferred for signal `\conv_weights_3x3_l1.\w13' from process `\conv_weights_3x3_l1.$proc$/home/marc-andre/binaryneuralnet-asic-TTIHP26/src/conv_weights_3x3_l1.sv:71$2509'.
No latch inferred for signal `\conv_weights_3x3_l1.\w21' from process `\conv_weights_3x3_l1.$proc$/home/marc-andre/binaryneuralnet-asic-TTIHP26/src/conv_weights_3x3_l1.sv:71$2509'.
No latch inferred for signal `\conv_weights_3x3_l1.\w22' from process `\conv_weights_3x3_l1.$proc$/home/marc-andre/binaryneuralnet-asic-TTIHP26/src/conv_weights_3x3_l1.sv:71$2509'.
No latch inferred for signal `\conv_weights_3x3_l1.\w23' from process `\conv_weights_3x3_l1.$proc$/home/marc-andre/binaryneuralnet-asic-TTIHP26/src/conv_weights_3x3_l1.sv:71$2509'.
No latch inferred for signal `\conv_weights_3x3_l1.\w31' from process `\conv_weights_3x3_l1.$proc$/home/marc-andre/binaryneuralnet-asic-TTIHP26/src/conv_weights_3x3_l1.sv:71$2509'.
No latch inferred for signal `\conv_weights_3x3_l1.\w32' from process `\conv_weights_3x3_l1.$proc$/home/marc-andre/binaryneuralnet-asic-TTIHP26/src/conv_weights_3x3_l1.sv:71$2509'.
No latch inferred for signal `\conv_weights_3x3_l1.\w33' from process `\conv_weights_3x3_l1.$proc$/home/marc-andre/binaryneuralnet-asic-TTIHP26/src/conv_weights_3x3_l1.sv:71$2509'.
No latch inferred for signal `\conv_layer1.\sram_req' from process `\conv_layer1.$proc$/home/marc-andre/binaryneuralnet-asic-TTIHP26/src/conv_layer1.sv:155$2374'.
No latch inferred for signal `\conv_layer1.\sram_req_write' from process `\conv_layer1.$proc$/home/marc-andre/binaryneuralnet-asic-TTIHP26/src/conv_layer1.sv:146$2371'.
No latch inferred for signal `$paramod$c9bc438dfe858e9d75bddd12c427471508300052\maxpool_2x2.\sram_req' from process `$paramod$c9bc438dfe858e9d75bddd12c427471508300052\maxpool_2x2.$proc$/home/marc-andre/binaryneuralnet-asic-TTIHP26/src/maxpool_2x2.sv:139$2341'.
No latch inferred for signal `\conv_layer2.$mem2reg_rd$\acc$/home/marc-andre/binaryneuralnet-asic-TTIHP26/src/conv_layer2.sv:157$2163_DATA' from process `\conv_layer2.$proc$/home/marc-andre/binaryneuralnet-asic-TTIHP26/src/conv_layer2.sv:157$2309'.
No latch inferred for signal `\conv_layer2.$mem2reg_rd$\acc$/home/marc-andre/binaryneuralnet-asic-TTIHP26/src/conv_layer2.sv:156$2162_DATA' from process `\conv_layer2.$proc$/home/marc-andre/binaryneuralnet-asic-TTIHP26/src/conv_layer2.sv:156$2304'.
No latch inferred for signal `\conv_layer2.$mem2reg_rd$\acc$/home/marc-andre/binaryneuralnet-asic-TTIHP26/src/conv_layer2.sv:155$2161_DATA' from process `\conv_layer2.$proc$/home/marc-andre/binaryneuralnet-asic-TTIHP26/src/conv_layer2.sv:155$2299'.
No latch inferred for signal `\conv_layer2.$mem2reg_rd$\acc$/home/marc-andre/binaryneuralnet-asic-TTIHP26/src/conv_layer2.sv:154$2160_DATA' from process `\conv_layer2.$proc$/home/marc-andre/binaryneuralnet-asic-TTIHP26/src/conv_layer2.sv:154$2294'.
No latch inferred for signal `\conv_layer2.\sram_req' from process `\conv_layer2.$proc$/home/marc-andre/binaryneuralnet-asic-TTIHP26/src/conv_layer2.sv:173$2194'.
No latch inferred for signal `\conv_layer2.\sram_req_write' from process `\conv_layer2.$proc$/home/marc-andre/binaryneuralnet-asic-TTIHP26/src/conv_layer2.sv:164$2191'.
No latch inferred for signal `$paramod$f16bc6def46f6441af0290023d3b6045c72e1335\maxpool_2x2.\sram_req' from process `$paramod$f16bc6def46f6441af0290023d3b6045c72e1335\maxpool_2x2.$proc$/home/marc-andre/binaryneuralnet-asic-TTIHP26/src/maxpool_2x2.sv:139$2148'.
No latch inferred for signal `\conv_layer3.\sram_req' from process `\conv_layer3.$proc$/home/marc-andre/binaryneuralnet-asic-TTIHP26/src/conv_layer3.sv:96$2111'.
No latch inferred for signal `\conv_layer3.\write_byte' from process `\conv_layer3.$proc$/home/marc-andre/binaryneuralnet-asic-TTIHP26/src/conv_layer3.sv:71$2110'.
No latch inferred for signal `\classification_tree.\tree_99$func$/home/marc-andre/binaryneuralnet-asic-TTIHP26/src/classification_tree.sv:3642$111.$result' from process `\classification_tree.$proc$/home/marc-andre/binaryneuralnet-asic-TTIHP26/src/classification_tree.sv:3642$2092'.
No latch inferred for signal `\classification_tree.\tree_99$func$/home/marc-andre/binaryneuralnet-asic-TTIHP26/src/classification_tree.sv:3642$211.$result' from process `\classification_tree.$proc$/home/marc-andre/binaryneuralnet-asic-TTIHP26/src/classification_tree.sv:3642$2092'.
No latch inferred for signal `\classification_tree.\tree_99$func$/home/marc-andre/binaryneuralnet-asic-TTIHP26/src/classification_tree.sv:3642$211.emb' from process `\classification_tree.$proc$/home/marc-andre/binaryneuralnet-asic-TTIHP26/src/classification_tree.sv:3642$2092'.
No latch inferred for signal `\classification_tree.\tree_89$func$/home/marc-andre/binaryneuralnet-asic-TTIHP26/src/classification_tree.sv:3641$110.$result' from process `\classification_tree.$proc$/home/marc-andre/binaryneuralnet-asic-TTIHP26/src/classification_tree.sv:3641$2074'.
No latch inferred for signal `\classification_tree.\tree_89$func$/home/marc-andre/binaryneuralnet-asic-TTIHP26/src/classification_tree.sv:3641$210.$result' from process `\classification_tree.$proc$/home/marc-andre/binaryneuralnet-asic-TTIHP26/src/classification_tree.sv:3641$2074'.
No latch inferred for signal `\classification_tree.\tree_89$func$/home/marc-andre/binaryneuralnet-asic-TTIHP26/src/classification_tree.sv:3641$210.emb' from process `\classification_tree.$proc$/home/marc-andre/binaryneuralnet-asic-TTIHP26/src/classification_tree.sv:3641$2074'.
No latch inferred for signal `\classification_tree.\tree_79$func$/home/marc-andre/binaryneuralnet-asic-TTIHP26/src/classification_tree.sv:3640$109.$result' from process `\classification_tree.$proc$/home/marc-andre/binaryneuralnet-asic-TTIHP26/src/classification_tree.sv:3640$2056'.
No latch inferred for signal `\classification_tree.\tree_79$func$/home/marc-andre/binaryneuralnet-asic-TTIHP26/src/classification_tree.sv:3640$209.$result' from process `\classification_tree.$proc$/home/marc-andre/binaryneuralnet-asic-TTIHP26/src/classification_tree.sv:3640$2056'.
No latch inferred for signal `\classification_tree.\tree_79$func$/home/marc-andre/binaryneuralnet-asic-TTIHP26/src/classification_tree.sv:3640$209.emb' from process `\classification_tree.$proc$/home/marc-andre/binaryneuralnet-asic-TTIHP26/src/classification_tree.sv:3640$2056'.
No latch inferred for signal `\classification_tree.\tree_69$func$/home/marc-andre/binaryneuralnet-asic-TTIHP26/src/classification_tree.sv:3639$108.$result' from process `\classification_tree.$proc$/home/marc-andre/binaryneuralnet-asic-TTIHP26/src/classification_tree.sv:3639$2038'.
No latch inferred for signal `\classification_tree.\tree_69$func$/home/marc-andre/binaryneuralnet-asic-TTIHP26/src/classification_tree.sv:3639$208.$result' from process `\classification_tree.$proc$/home/marc-andre/binaryneuralnet-asic-TTIHP26/src/classification_tree.sv:3639$2038'.
No latch inferred for signal `\classification_tree.\tree_69$func$/home/marc-andre/binaryneuralnet-asic-TTIHP26/src/classification_tree.sv:3639$208.emb' from process `\classification_tree.$proc$/home/marc-andre/binaryneuralnet-asic-TTIHP26/src/classification_tree.sv:3639$2038'.
No latch inferred for signal `\classification_tree.\tree_59$func$/home/marc-andre/binaryneuralnet-asic-TTIHP26/src/classification_tree.sv:3638$107.$result' from process `\classification_tree.$proc$/home/marc-andre/binaryneuralnet-asic-TTIHP26/src/classification_tree.sv:3638$2020'.
No latch inferred for signal `\classification_tree.\tree_59$func$/home/marc-andre/binaryneuralnet-asic-TTIHP26/src/classification_tree.sv:3638$207.$result' from process `\classification_tree.$proc$/home/marc-andre/binaryneuralnet-asic-TTIHP26/src/classification_tree.sv:3638$2020'.
No latch inferred for signal `\classification_tree.\tree_59$func$/home/marc-andre/binaryneuralnet-asic-TTIHP26/src/classification_tree.sv:3638$207.emb' from process `\classification_tree.$proc$/home/marc-andre/binaryneuralnet-asic-TTIHP26/src/classification_tree.sv:3638$2020'.
No latch inferred for signal `\classification_tree.\tree_49$func$/home/marc-andre/binaryneuralnet-asic-TTIHP26/src/classification_tree.sv:3637$106.$result' from process `\classification_tree.$proc$/home/marc-andre/binaryneuralnet-asic-TTIHP26/src/classification_tree.sv:3637$2002'.
No latch inferred for signal `\classification_tree.\tree_49$func$/home/marc-andre/binaryneuralnet-asic-TTIHP26/src/classification_tree.sv:3637$206.$result' from process `\classification_tree.$proc$/home/marc-andre/binaryneuralnet-asic-TTIHP26/src/classification_tree.sv:3637$2002'.
No latch inferred for signal `\classification_tree.\tree_49$func$/home/marc-andre/binaryneuralnet-asic-TTIHP26/src/classification_tree.sv:3637$206.emb' from process `\classification_tree.$proc$/home/marc-andre/binaryneuralnet-asic-TTIHP26/src/classification_tree.sv:3637$2002'.
No latch inferred for signal `\classification_tree.\tree_39$func$/home/marc-andre/binaryneuralnet-asic-TTIHP26/src/classification_tree.sv:3636$105.$result' from process `\classification_tree.$proc$/home/marc-andre/binaryneuralnet-asic-TTIHP26/src/classification_tree.sv:3636$1984'.
No latch inferred for signal `\classification_tree.\tree_39$func$/home/marc-andre/binaryneuralnet-asic-TTIHP26/src/classification_tree.sv:3636$205.$result' from process `\classification_tree.$proc$/home/marc-andre/binaryneuralnet-asic-TTIHP26/src/classification_tree.sv:3636$1984'.
No latch inferred for signal `\classification_tree.\tree_39$func$/home/marc-andre/binaryneuralnet-asic-TTIHP26/src/classification_tree.sv:3636$205.emb' from process `\classification_tree.$proc$/home/marc-andre/binaryneuralnet-asic-TTIHP26/src/classification_tree.sv:3636$1984'.
No latch inferred for signal `\classification_tree.\tree_29$func$/home/marc-andre/binaryneuralnet-asic-TTIHP26/src/classification_tree.sv:3635$104.$result' from process `\classification_tree.$proc$/home/marc-andre/binaryneuralnet-asic-TTIHP26/src/classification_tree.sv:3635$1966'.
No latch inferred for signal `\classification_tree.\tree_29$func$/home/marc-andre/binaryneuralnet-asic-TTIHP26/src/classification_tree.sv:3635$204.$result' from process `\classification_tree.$proc$/home/marc-andre/binaryneuralnet-asic-TTIHP26/src/classification_tree.sv:3635$1966'.
No latch inferred for signal `\classification_tree.\tree_29$func$/home/marc-andre/binaryneuralnet-asic-TTIHP26/src/classification_tree.sv:3635$204.emb' from process `\classification_tree.$proc$/home/marc-andre/binaryneuralnet-asic-TTIHP26/src/classification_tree.sv:3635$1966'.
No latch inferred for signal `\classification_tree.\tree_19$func$/home/marc-andre/binaryneuralnet-asic-TTIHP26/src/classification_tree.sv:3634$103.$result' from process `\classification_tree.$proc$/home/marc-andre/binaryneuralnet-asic-TTIHP26/src/classification_tree.sv:3634$1948'.
No latch inferred for signal `\classification_tree.\tree_19$func$/home/marc-andre/binaryneuralnet-asic-TTIHP26/src/classification_tree.sv:3634$203.$result' from process `\classification_tree.$proc$/home/marc-andre/binaryneuralnet-asic-TTIHP26/src/classification_tree.sv:3634$1948'.
No latch inferred for signal `\classification_tree.\tree_19$func$/home/marc-andre/binaryneuralnet-asic-TTIHP26/src/classification_tree.sv:3634$203.emb' from process `\classification_tree.$proc$/home/marc-andre/binaryneuralnet-asic-TTIHP26/src/classification_tree.sv:3634$1948'.
No latch inferred for signal `\classification_tree.\tree_9$func$/home/marc-andre/binaryneuralnet-asic-TTIHP26/src/classification_tree.sv:3633$102.$result' from process `\classification_tree.$proc$/home/marc-andre/binaryneuralnet-asic-TTIHP26/src/classification_tree.sv:3633$1930'.
No latch inferred for signal `\classification_tree.\tree_9$func$/home/marc-andre/binaryneuralnet-asic-TTIHP26/src/classification_tree.sv:3633$202.$result' from process `\classification_tree.$proc$/home/marc-andre/binaryneuralnet-asic-TTIHP26/src/classification_tree.sv:3633$1930'.
No latch inferred for signal `\classification_tree.\tree_9$func$/home/marc-andre/binaryneuralnet-asic-TTIHP26/src/classification_tree.sv:3633$202.emb' from process `\classification_tree.$proc$/home/marc-andre/binaryneuralnet-asic-TTIHP26/src/classification_tree.sv:3633$1930'.
No latch inferred for signal `\classification_tree.\tree_98$func$/home/marc-andre/binaryneuralnet-asic-TTIHP26/src/classification_tree.sv:3630$101.$result' from process `\classification_tree.$proc$/home/marc-andre/binaryneuralnet-asic-TTIHP26/src/classification_tree.sv:3630$1912'.
No latch inferred for signal `\classification_tree.\tree_98$func$/home/marc-andre/binaryneuralnet-asic-TTIHP26/src/classification_tree.sv:3630$201.$result' from process `\classification_tree.$proc$/home/marc-andre/binaryneuralnet-asic-TTIHP26/src/classification_tree.sv:3630$1912'.
No latch inferred for signal `\classification_tree.\tree_98$func$/home/marc-andre/binaryneuralnet-asic-TTIHP26/src/classification_tree.sv:3630$201.emb' from process `\classification_tree.$proc$/home/marc-andre/binaryneuralnet-asic-TTIHP26/src/classification_tree.sv:3630$1912'.
No latch inferred for signal `\classification_tree.\tree_88$func$/home/marc-andre/binaryneuralnet-asic-TTIHP26/src/classification_tree.sv:3629$100.$result' from process `\classification_tree.$proc$/home/marc-andre/binaryneuralnet-asic-TTIHP26/src/classification_tree.sv:3629$1894'.
No latch inferred for signal `\classification_tree.\tree_88$func$/home/marc-andre/binaryneuralnet-asic-TTIHP26/src/classification_tree.sv:3629$200.$result' from process `\classification_tree.$proc$/home/marc-andre/binaryneuralnet-asic-TTIHP26/src/classification_tree.sv:3629$1894'.
No latch inferred for signal `\classification_tree.\tree_88$func$/home/marc-andre/binaryneuralnet-asic-TTIHP26/src/classification_tree.sv:3629$200.emb' from process `\classification_tree.$proc$/home/marc-andre/binaryneuralnet-asic-TTIHP26/src/classification_tree.sv:3629$1894'.
No latch inferred for signal `\classification_tree.\tree_78$func$/home/marc-andre/binaryneuralnet-asic-TTIHP26/src/classification_tree.sv:3628$99.$result' from process `\classification_tree.$proc$/home/marc-andre/binaryneuralnet-asic-TTIHP26/src/classification_tree.sv:3628$1876'.
No latch inferred for signal `\classification_tree.\tree_78$func$/home/marc-andre/binaryneuralnet-asic-TTIHP26/src/classification_tree.sv:3628$199.$result' from process `\classification_tree.$proc$/home/marc-andre/binaryneuralnet-asic-TTIHP26/src/classification_tree.sv:3628$1876'.
No latch inferred for signal `\classification_tree.\tree_78$func$/home/marc-andre/binaryneuralnet-asic-TTIHP26/src/classification_tree.sv:3628$199.emb' from process `\classification_tree.$proc$/home/marc-andre/binaryneuralnet-asic-TTIHP26/src/classification_tree.sv:3628$1876'.
No latch inferred for signal `\classification_tree.\tree_68$func$/home/marc-andre/binaryneuralnet-asic-TTIHP26/src/classification_tree.sv:3627$98.$result' from process `\classification_tree.$proc$/home/marc-andre/binaryneuralnet-asic-TTIHP26/src/classification_tree.sv:3627$1858'.
No latch inferred for signal `\classification_tree.\tree_68$func$/home/marc-andre/binaryneuralnet-asic-TTIHP26/src/classification_tree.sv:3627$198.$result' from process `\classification_tree.$proc$/home/marc-andre/binaryneuralnet-asic-TTIHP26/src/classification_tree.sv:3627$1858'.
No latch inferred for signal `\classification_tree.\tree_68$func$/home/marc-andre/binaryneuralnet-asic-TTIHP26/src/classification_tree.sv:3627$198.emb' from process `\classification_tree.$proc$/home/marc-andre/binaryneuralnet-asic-TTIHP26/src/classification_tree.sv:3627$1858'.
No latch inferred for signal `\classification_tree.\tree_58$func$/home/marc-andre/binaryneuralnet-asic-TTIHP26/src/classification_tree.sv:3626$97.$result' from process `\classification_tree.$proc$/home/marc-andre/binaryneuralnet-asic-TTIHP26/src/classification_tree.sv:3626$1840'.
No latch inferred for signal `\classification_tree.\tree_58$func$/home/marc-andre/binaryneuralnet-asic-TTIHP26/src/classification_tree.sv:3626$197.$result' from process `\classification_tree.$proc$/home/marc-andre/binaryneuralnet-asic-TTIHP26/src/classification_tree.sv:3626$1840'.
No latch inferred for signal `\classification_tree.\tree_58$func$/home/marc-andre/binaryneuralnet-asic-TTIHP26/src/classification_tree.sv:3626$197.emb' from process `\classification_tree.$proc$/home/marc-andre/binaryneuralnet-asic-TTIHP26/src/classification_tree.sv:3626$1840'.
No latch inferred for signal `\classification_tree.\tree_48$func$/home/marc-andre/binaryneuralnet-asic-TTIHP26/src/classification_tree.sv:3625$96.$result' from process `\classification_tree.$proc$/home/marc-andre/binaryneuralnet-asic-TTIHP26/src/classification_tree.sv:3625$1822'.
No latch inferred for signal `\classification_tree.\tree_48$func$/home/marc-andre/binaryneuralnet-asic-TTIHP26/src/classification_tree.sv:3625$196.$result' from process `\classification_tree.$proc$/home/marc-andre/binaryneuralnet-asic-TTIHP26/src/classification_tree.sv:3625$1822'.
No latch inferred for signal `\classification_tree.\tree_48$func$/home/marc-andre/binaryneuralnet-asic-TTIHP26/src/classification_tree.sv:3625$196.emb' from process `\classification_tree.$proc$/home/marc-andre/binaryneuralnet-asic-TTIHP26/src/classification_tree.sv:3625$1822'.
No latch inferred for signal `\classification_tree.\tree_38$func$/home/marc-andre/binaryneuralnet-asic-TTIHP26/src/classification_tree.sv:3624$95.$result' from process `\classification_tree.$proc$/home/marc-andre/binaryneuralnet-asic-TTIHP26/src/classification_tree.sv:3624$1804'.
No latch inferred for signal `\classification_tree.\tree_38$func$/home/marc-andre/binaryneuralnet-asic-TTIHP26/src/classification_tree.sv:3624$195.$result' from process `\classification_tree.$proc$/home/marc-andre/binaryneuralnet-asic-TTIHP26/src/classification_tree.sv:3624$1804'.
No latch inferred for signal `\classification_tree.\tree_38$func$/home/marc-andre/binaryneuralnet-asic-TTIHP26/src/classification_tree.sv:3624$195.emb' from process `\classification_tree.$proc$/home/marc-andre/binaryneuralnet-asic-TTIHP26/src/classification_tree.sv:3624$1804'.
No latch inferred for signal `\classification_tree.\tree_28$func$/home/marc-andre/binaryneuralnet-asic-TTIHP26/src/classification_tree.sv:3623$94.$result' from process `\classification_tree.$proc$/home/marc-andre/binaryneuralnet-asic-TTIHP26/src/classification_tree.sv:3623$1786'.
No latch inferred for signal `\classification_tree.\tree_28$func$/home/marc-andre/binaryneuralnet-asic-TTIHP26/src/classification_tree.sv:3623$194.$result' from process `\classification_tree.$proc$/home/marc-andre/binaryneuralnet-asic-TTIHP26/src/classification_tree.sv:3623$1786'.
No latch inferred for signal `\classification_tree.\tree_28$func$/home/marc-andre/binaryneuralnet-asic-TTIHP26/src/classification_tree.sv:3623$194.emb' from process `\classification_tree.$proc$/home/marc-andre/binaryneuralnet-asic-TTIHP26/src/classification_tree.sv:3623$1786'.
No latch inferred for signal `\classification_tree.\tree_18$func$/home/marc-andre/binaryneuralnet-asic-TTIHP26/src/classification_tree.sv:3622$93.$result' from process `\classification_tree.$proc$/home/marc-andre/binaryneuralnet-asic-TTIHP26/src/classification_tree.sv:3622$1768'.
No latch inferred for signal `\classification_tree.\tree_18$func$/home/marc-andre/binaryneuralnet-asic-TTIHP26/src/classification_tree.sv:3622$193.$result' from process `\classification_tree.$proc$/home/marc-andre/binaryneuralnet-asic-TTIHP26/src/classification_tree.sv:3622$1768'.
No latch inferred for signal `\classification_tree.\tree_18$func$/home/marc-andre/binaryneuralnet-asic-TTIHP26/src/classification_tree.sv:3622$193.emb' from process `\classification_tree.$proc$/home/marc-andre/binaryneuralnet-asic-TTIHP26/src/classification_tree.sv:3622$1768'.
No latch inferred for signal `\classification_tree.\tree_8$func$/home/marc-andre/binaryneuralnet-asic-TTIHP26/src/classification_tree.sv:3621$92.$result' from process `\classification_tree.$proc$/home/marc-andre/binaryneuralnet-asic-TTIHP26/src/classification_tree.sv:3621$1750'.
No latch inferred for signal `\classification_tree.\tree_8$func$/home/marc-andre/binaryneuralnet-asic-TTIHP26/src/classification_tree.sv:3621$192.$result' from process `\classification_tree.$proc$/home/marc-andre/binaryneuralnet-asic-TTIHP26/src/classification_tree.sv:3621$1750'.
No latch inferred for signal `\classification_tree.\tree_8$func$/home/marc-andre/binaryneuralnet-asic-TTIHP26/src/classification_tree.sv:3621$192.emb' from process `\classification_tree.$proc$/home/marc-andre/binaryneuralnet-asic-TTIHP26/src/classification_tree.sv:3621$1750'.
No latch inferred for signal `\classification_tree.\tree_97$func$/home/marc-andre/binaryneuralnet-asic-TTIHP26/src/classification_tree.sv:3618$91.$result' from process `\classification_tree.$proc$/home/marc-andre/binaryneuralnet-asic-TTIHP26/src/classification_tree.sv:3618$1732'.
No latch inferred for signal `\classification_tree.\tree_97$func$/home/marc-andre/binaryneuralnet-asic-TTIHP26/src/classification_tree.sv:3618$191.$result' from process `\classification_tree.$proc$/home/marc-andre/binaryneuralnet-asic-TTIHP26/src/classification_tree.sv:3618$1732'.
No latch inferred for signal `\classification_tree.\tree_97$func$/home/marc-andre/binaryneuralnet-asic-TTIHP26/src/classification_tree.sv:3618$191.emb' from process `\classification_tree.$proc$/home/marc-andre/binaryneuralnet-asic-TTIHP26/src/classification_tree.sv:3618$1732'.
No latch inferred for signal `\classification_tree.\tree_87$func$/home/marc-andre/binaryneuralnet-asic-TTIHP26/src/classification_tree.sv:3617$90.$result' from process `\classification_tree.$proc$/home/marc-andre/binaryneuralnet-asic-TTIHP26/src/classification_tree.sv:3617$1714'.
No latch inferred for signal `\classification_tree.\tree_87$func$/home/marc-andre/binaryneuralnet-asic-TTIHP26/src/classification_tree.sv:3617$190.$result' from process `\classification_tree.$proc$/home/marc-andre/binaryneuralnet-asic-TTIHP26/src/classification_tree.sv:3617$1714'.
No latch inferred for signal `\classification_tree.\tree_87$func$/home/marc-andre/binaryneuralnet-asic-TTIHP26/src/classification_tree.sv:3617$190.emb' from process `\classification_tree.$proc$/home/marc-andre/binaryneuralnet-asic-TTIHP26/src/classification_tree.sv:3617$1714'.
No latch inferred for signal `\classification_tree.\tree_77$func$/home/marc-andre/binaryneuralnet-asic-TTIHP26/src/classification_tree.sv:3616$89.$result' from process `\classification_tree.$proc$/home/marc-andre/binaryneuralnet-asic-TTIHP26/src/classification_tree.sv:3616$1696'.
No latch inferred for signal `\classification_tree.\tree_77$func$/home/marc-andre/binaryneuralnet-asic-TTIHP26/src/classification_tree.sv:3616$189.$result' from process `\classification_tree.$proc$/home/marc-andre/binaryneuralnet-asic-TTIHP26/src/classification_tree.sv:3616$1696'.
No latch inferred for signal `\classification_tree.\tree_77$func$/home/marc-andre/binaryneuralnet-asic-TTIHP26/src/classification_tree.sv:3616$189.emb' from process `\classification_tree.$proc$/home/marc-andre/binaryneuralnet-asic-TTIHP26/src/classification_tree.sv:3616$1696'.
No latch inferred for signal `\classification_tree.\tree_67$func$/home/marc-andre/binaryneuralnet-asic-TTIHP26/src/classification_tree.sv:3615$88.$result' from process `\classification_tree.$proc$/home/marc-andre/binaryneuralnet-asic-TTIHP26/src/classification_tree.sv:3615$1678'.
No latch inferred for signal `\classification_tree.\tree_67$func$/home/marc-andre/binaryneuralnet-asic-TTIHP26/src/classification_tree.sv:3615$188.$result' from process `\classification_tree.$proc$/home/marc-andre/binaryneuralnet-asic-TTIHP26/src/classification_tree.sv:3615$1678'.
No latch inferred for signal `\classification_tree.\tree_67$func$/home/marc-andre/binaryneuralnet-asic-TTIHP26/src/classification_tree.sv:3615$188.emb' from process `\classification_tree.$proc$/home/marc-andre/binaryneuralnet-asic-TTIHP26/src/classification_tree.sv:3615$1678'.
No latch inferred for signal `\classification_tree.\tree_57$func$/home/marc-andre/binaryneuralnet-asic-TTIHP26/src/classification_tree.sv:3614$87.$result' from process `\classification_tree.$proc$/home/marc-andre/binaryneuralnet-asic-TTIHP26/src/classification_tree.sv:3614$1660'.
No latch inferred for signal `\classification_tree.\tree_57$func$/home/marc-andre/binaryneuralnet-asic-TTIHP26/src/classification_tree.sv:3614$187.$result' from process `\classification_tree.$proc$/home/marc-andre/binaryneuralnet-asic-TTIHP26/src/classification_tree.sv:3614$1660'.
No latch inferred for signal `\classification_tree.\tree_57$func$/home/marc-andre/binaryneuralnet-asic-TTIHP26/src/classification_tree.sv:3614$187.emb' from process `\classification_tree.$proc$/home/marc-andre/binaryneuralnet-asic-TTIHP26/src/classification_tree.sv:3614$1660'.
No latch inferred for signal `\classification_tree.\tree_47$func$/home/marc-andre/binaryneuralnet-asic-TTIHP26/src/classification_tree.sv:3613$86.$result' from process `\classification_tree.$proc$/home/marc-andre/binaryneuralnet-asic-TTIHP26/src/classification_tree.sv:3613$1642'.
No latch inferred for signal `\classification_tree.\tree_47$func$/home/marc-andre/binaryneuralnet-asic-TTIHP26/src/classification_tree.sv:3613$186.$result' from process `\classification_tree.$proc$/home/marc-andre/binaryneuralnet-asic-TTIHP26/src/classification_tree.sv:3613$1642'.
No latch inferred for signal `\classification_tree.\tree_47$func$/home/marc-andre/binaryneuralnet-asic-TTIHP26/src/classification_tree.sv:3613$186.emb' from process `\classification_tree.$proc$/home/marc-andre/binaryneuralnet-asic-TTIHP26/src/classification_tree.sv:3613$1642'.
No latch inferred for signal `\classification_tree.\tree_37$func$/home/marc-andre/binaryneuralnet-asic-TTIHP26/src/classification_tree.sv:3612$85.$result' from process `\classification_tree.$proc$/home/marc-andre/binaryneuralnet-asic-TTIHP26/src/classification_tree.sv:3612$1624'.
No latch inferred for signal `\classification_tree.\tree_37$func$/home/marc-andre/binaryneuralnet-asic-TTIHP26/src/classification_tree.sv:3612$185.$result' from process `\classification_tree.$proc$/home/marc-andre/binaryneuralnet-asic-TTIHP26/src/classification_tree.sv:3612$1624'.
No latch inferred for signal `\classification_tree.\tree_37$func$/home/marc-andre/binaryneuralnet-asic-TTIHP26/src/classification_tree.sv:3612$185.emb' from process `\classification_tree.$proc$/home/marc-andre/binaryneuralnet-asic-TTIHP26/src/classification_tree.sv:3612$1624'.
No latch inferred for signal `\classification_tree.\tree_27$func$/home/marc-andre/binaryneuralnet-asic-TTIHP26/src/classification_tree.sv:3611$84.$result' from process `\classification_tree.$proc$/home/marc-andre/binaryneuralnet-asic-TTIHP26/src/classification_tree.sv:3611$1606'.
No latch inferred for signal `\classification_tree.\tree_27$func$/home/marc-andre/binaryneuralnet-asic-TTIHP26/src/classification_tree.sv:3611$184.$result' from process `\classification_tree.$proc$/home/marc-andre/binaryneuralnet-asic-TTIHP26/src/classification_tree.sv:3611$1606'.
No latch inferred for signal `\classification_tree.\tree_27$func$/home/marc-andre/binaryneuralnet-asic-TTIHP26/src/classification_tree.sv:3611$184.emb' from process `\classification_tree.$proc$/home/marc-andre/binaryneuralnet-asic-TTIHP26/src/classification_tree.sv:3611$1606'.
No latch inferred for signal `\classification_tree.\tree_17$func$/home/marc-andre/binaryneuralnet-asic-TTIHP26/src/classification_tree.sv:3610$83.$result' from process `\classification_tree.$proc$/home/marc-andre/binaryneuralnet-asic-TTIHP26/src/classification_tree.sv:3610$1588'.
No latch inferred for signal `\classification_tree.\tree_17$func$/home/marc-andre/binaryneuralnet-asic-TTIHP26/src/classification_tree.sv:3610$183.$result' from process `\classification_tree.$proc$/home/marc-andre/binaryneuralnet-asic-TTIHP26/src/classification_tree.sv:3610$1588'.
No latch inferred for signal `\classification_tree.\tree_17$func$/home/marc-andre/binaryneuralnet-asic-TTIHP26/src/classification_tree.sv:3610$183.emb' from process `\classification_tree.$proc$/home/marc-andre/binaryneuralnet-asic-TTIHP26/src/classification_tree.sv:3610$1588'.
No latch inferred for signal `\classification_tree.\tree_7$func$/home/marc-andre/binaryneuralnet-asic-TTIHP26/src/classification_tree.sv:3609$82.$result' from process `\classification_tree.$proc$/home/marc-andre/binaryneuralnet-asic-TTIHP26/src/classification_tree.sv:3609$1570'.
No latch inferred for signal `\classification_tree.\tree_7$func$/home/marc-andre/binaryneuralnet-asic-TTIHP26/src/classification_tree.sv:3609$182.$result' from process `\classification_tree.$proc$/home/marc-andre/binaryneuralnet-asic-TTIHP26/src/classification_tree.sv:3609$1570'.
No latch inferred for signal `\classification_tree.\tree_7$func$/home/marc-andre/binaryneuralnet-asic-TTIHP26/src/classification_tree.sv:3609$182.emb' from process `\classification_tree.$proc$/home/marc-andre/binaryneuralnet-asic-TTIHP26/src/classification_tree.sv:3609$1570'.
No latch inferred for signal `\classification_tree.\tree_96$func$/home/marc-andre/binaryneuralnet-asic-TTIHP26/src/classification_tree.sv:3606$81.$result' from process `\classification_tree.$proc$/home/marc-andre/binaryneuralnet-asic-TTIHP26/src/classification_tree.sv:3606$1552'.
No latch inferred for signal `\classification_tree.\tree_96$func$/home/marc-andre/binaryneuralnet-asic-TTIHP26/src/classification_tree.sv:3606$181.$result' from process `\classification_tree.$proc$/home/marc-andre/binaryneuralnet-asic-TTIHP26/src/classification_tree.sv:3606$1552'.
No latch inferred for signal `\classification_tree.\tree_96$func$/home/marc-andre/binaryneuralnet-asic-TTIHP26/src/classification_tree.sv:3606$181.emb' from process `\classification_tree.$proc$/home/marc-andre/binaryneuralnet-asic-TTIHP26/src/classification_tree.sv:3606$1552'.
No latch inferred for signal `\classification_tree.\tree_86$func$/home/marc-andre/binaryneuralnet-asic-TTIHP26/src/classification_tree.sv:3605$80.$result' from process `\classification_tree.$proc$/home/marc-andre/binaryneuralnet-asic-TTIHP26/src/classification_tree.sv:3605$1534'.
No latch inferred for signal `\classification_tree.\tree_86$func$/home/marc-andre/binaryneuralnet-asic-TTIHP26/src/classification_tree.sv:3605$180.$result' from process `\classification_tree.$proc$/home/marc-andre/binaryneuralnet-asic-TTIHP26/src/classification_tree.sv:3605$1534'.
No latch inferred for signal `\classification_tree.\tree_86$func$/home/marc-andre/binaryneuralnet-asic-TTIHP26/src/classification_tree.sv:3605$180.emb' from process `\classification_tree.$proc$/home/marc-andre/binaryneuralnet-asic-TTIHP26/src/classification_tree.sv:3605$1534'.
No latch inferred for signal `\classification_tree.\tree_76$func$/home/marc-andre/binaryneuralnet-asic-TTIHP26/src/classification_tree.sv:3604$79.$result' from process `\classification_tree.$proc$/home/marc-andre/binaryneuralnet-asic-TTIHP26/src/classification_tree.sv:3604$1516'.
No latch inferred for signal `\classification_tree.\tree_76$func$/home/marc-andre/binaryneuralnet-asic-TTIHP26/src/classification_tree.sv:3604$179.$result' from process `\classification_tree.$proc$/home/marc-andre/binaryneuralnet-asic-TTIHP26/src/classification_tree.sv:3604$1516'.
No latch inferred for signal `\classification_tree.\tree_76$func$/home/marc-andre/binaryneuralnet-asic-TTIHP26/src/classification_tree.sv:3604$179.emb' from process `\classification_tree.$proc$/home/marc-andre/binaryneuralnet-asic-TTIHP26/src/classification_tree.sv:3604$1516'.
No latch inferred for signal `\classification_tree.\tree_66$func$/home/marc-andre/binaryneuralnet-asic-TTIHP26/src/classification_tree.sv:3603$78.$result' from process `\classification_tree.$proc$/home/marc-andre/binaryneuralnet-asic-TTIHP26/src/classification_tree.sv:3603$1498'.
No latch inferred for signal `\classification_tree.\tree_66$func$/home/marc-andre/binaryneuralnet-asic-TTIHP26/src/classification_tree.sv:3603$178.$result' from process `\classification_tree.$proc$/home/marc-andre/binaryneuralnet-asic-TTIHP26/src/classification_tree.sv:3603$1498'.
No latch inferred for signal `\classification_tree.\tree_66$func$/home/marc-andre/binaryneuralnet-asic-TTIHP26/src/classification_tree.sv:3603$178.emb' from process `\classification_tree.$proc$/home/marc-andre/binaryneuralnet-asic-TTIHP26/src/classification_tree.sv:3603$1498'.
No latch inferred for signal `\classification_tree.\tree_56$func$/home/marc-andre/binaryneuralnet-asic-TTIHP26/src/classification_tree.sv:3602$77.$result' from process `\classification_tree.$proc$/home/marc-andre/binaryneuralnet-asic-TTIHP26/src/classification_tree.sv:3602$1480'.
No latch inferred for signal `\classification_tree.\tree_56$func$/home/marc-andre/binaryneuralnet-asic-TTIHP26/src/classification_tree.sv:3602$177.$result' from process `\classification_tree.$proc$/home/marc-andre/binaryneuralnet-asic-TTIHP26/src/classification_tree.sv:3602$1480'.
No latch inferred for signal `\classification_tree.\tree_56$func$/home/marc-andre/binaryneuralnet-asic-TTIHP26/src/classification_tree.sv:3602$177.emb' from process `\classification_tree.$proc$/home/marc-andre/binaryneuralnet-asic-TTIHP26/src/classification_tree.sv:3602$1480'.
No latch inferred for signal `\classification_tree.\tree_46$func$/home/marc-andre/binaryneuralnet-asic-TTIHP26/src/classification_tree.sv:3601$76.$result' from process `\classification_tree.$proc$/home/marc-andre/binaryneuralnet-asic-TTIHP26/src/classification_tree.sv:3601$1462'.
No latch inferred for signal `\classification_tree.\tree_46$func$/home/marc-andre/binaryneuralnet-asic-TTIHP26/src/classification_tree.sv:3601$176.$result' from process `\classification_tree.$proc$/home/marc-andre/binaryneuralnet-asic-TTIHP26/src/classification_tree.sv:3601$1462'.
No latch inferred for signal `\classification_tree.\tree_46$func$/home/marc-andre/binaryneuralnet-asic-TTIHP26/src/classification_tree.sv:3601$176.emb' from process `\classification_tree.$proc$/home/marc-andre/binaryneuralnet-asic-TTIHP26/src/classification_tree.sv:3601$1462'.
No latch inferred for signal `\classification_tree.\tree_36$func$/home/marc-andre/binaryneuralnet-asic-TTIHP26/src/classification_tree.sv:3600$75.$result' from process `\classification_tree.$proc$/home/marc-andre/binaryneuralnet-asic-TTIHP26/src/classification_tree.sv:3600$1444'.
No latch inferred for signal `\classification_tree.\tree_36$func$/home/marc-andre/binaryneuralnet-asic-TTIHP26/src/classification_tree.sv:3600$175.$result' from process `\classification_tree.$proc$/home/marc-andre/binaryneuralnet-asic-TTIHP26/src/classification_tree.sv:3600$1444'.
No latch inferred for signal `\classification_tree.\tree_36$func$/home/marc-andre/binaryneuralnet-asic-TTIHP26/src/classification_tree.sv:3600$175.emb' from process `\classification_tree.$proc$/home/marc-andre/binaryneuralnet-asic-TTIHP26/src/classification_tree.sv:3600$1444'.
No latch inferred for signal `\classification_tree.\tree_26$func$/home/marc-andre/binaryneuralnet-asic-TTIHP26/src/classification_tree.sv:3599$74.$result' from process `\classification_tree.$proc$/home/marc-andre/binaryneuralnet-asic-TTIHP26/src/classification_tree.sv:3599$1426'.
No latch inferred for signal `\classification_tree.\tree_26$func$/home/marc-andre/binaryneuralnet-asic-TTIHP26/src/classification_tree.sv:3599$174.$result' from process `\classification_tree.$proc$/home/marc-andre/binaryneuralnet-asic-TTIHP26/src/classification_tree.sv:3599$1426'.
No latch inferred for signal `\classification_tree.\tree_26$func$/home/marc-andre/binaryneuralnet-asic-TTIHP26/src/classification_tree.sv:3599$174.emb' from process `\classification_tree.$proc$/home/marc-andre/binaryneuralnet-asic-TTIHP26/src/classification_tree.sv:3599$1426'.
No latch inferred for signal `\classification_tree.\tree_16$func$/home/marc-andre/binaryneuralnet-asic-TTIHP26/src/classification_tree.sv:3598$73.$result' from process `\classification_tree.$proc$/home/marc-andre/binaryneuralnet-asic-TTIHP26/src/classification_tree.sv:3598$1408'.
No latch inferred for signal `\classification_tree.\tree_16$func$/home/marc-andre/binaryneuralnet-asic-TTIHP26/src/classification_tree.sv:3598$173.$result' from process `\classification_tree.$proc$/home/marc-andre/binaryneuralnet-asic-TTIHP26/src/classification_tree.sv:3598$1408'.
No latch inferred for signal `\classification_tree.\tree_16$func$/home/marc-andre/binaryneuralnet-asic-TTIHP26/src/classification_tree.sv:3598$173.emb' from process `\classification_tree.$proc$/home/marc-andre/binaryneuralnet-asic-TTIHP26/src/classification_tree.sv:3598$1408'.
No latch inferred for signal `\classification_tree.\tree_6$func$/home/marc-andre/binaryneuralnet-asic-TTIHP26/src/classification_tree.sv:3597$72.$result' from process `\classification_tree.$proc$/home/marc-andre/binaryneuralnet-asic-TTIHP26/src/classification_tree.sv:3597$1390'.
No latch inferred for signal `\classification_tree.\tree_6$func$/home/marc-andre/binaryneuralnet-asic-TTIHP26/src/classification_tree.sv:3597$172.$result' from process `\classification_tree.$proc$/home/marc-andre/binaryneuralnet-asic-TTIHP26/src/classification_tree.sv:3597$1390'.
No latch inferred for signal `\classification_tree.\tree_6$func$/home/marc-andre/binaryneuralnet-asic-TTIHP26/src/classification_tree.sv:3597$172.emb' from process `\classification_tree.$proc$/home/marc-andre/binaryneuralnet-asic-TTIHP26/src/classification_tree.sv:3597$1390'.
No latch inferred for signal `\classification_tree.\tree_95$func$/home/marc-andre/binaryneuralnet-asic-TTIHP26/src/classification_tree.sv:3594$71.$result' from process `\classification_tree.$proc$/home/marc-andre/binaryneuralnet-asic-TTIHP26/src/classification_tree.sv:3594$1372'.
No latch inferred for signal `\classification_tree.\tree_95$func$/home/marc-andre/binaryneuralnet-asic-TTIHP26/src/classification_tree.sv:3594$171.$result' from process `\classification_tree.$proc$/home/marc-andre/binaryneuralnet-asic-TTIHP26/src/classification_tree.sv:3594$1372'.
No latch inferred for signal `\classification_tree.\tree_95$func$/home/marc-andre/binaryneuralnet-asic-TTIHP26/src/classification_tree.sv:3594$171.emb' from process `\classification_tree.$proc$/home/marc-andre/binaryneuralnet-asic-TTIHP26/src/classification_tree.sv:3594$1372'.
No latch inferred for signal `\classification_tree.\tree_85$func$/home/marc-andre/binaryneuralnet-asic-TTIHP26/src/classification_tree.sv:3593$70.$result' from process `\classification_tree.$proc$/home/marc-andre/binaryneuralnet-asic-TTIHP26/src/classification_tree.sv:3593$1354'.
No latch inferred for signal `\classification_tree.\tree_85$func$/home/marc-andre/binaryneuralnet-asic-TTIHP26/src/classification_tree.sv:3593$170.$result' from process `\classification_tree.$proc$/home/marc-andre/binaryneuralnet-asic-TTIHP26/src/classification_tree.sv:3593$1354'.
No latch inferred for signal `\classification_tree.\tree_85$func$/home/marc-andre/binaryneuralnet-asic-TTIHP26/src/classification_tree.sv:3593$170.emb' from process `\classification_tree.$proc$/home/marc-andre/binaryneuralnet-asic-TTIHP26/src/classification_tree.sv:3593$1354'.
No latch inferred for signal `\classification_tree.\tree_75$func$/home/marc-andre/binaryneuralnet-asic-TTIHP26/src/classification_tree.sv:3592$69.$result' from process `\classification_tree.$proc$/home/marc-andre/binaryneuralnet-asic-TTIHP26/src/classification_tree.sv:3592$1336'.
No latch inferred for signal `\classification_tree.\tree_75$func$/home/marc-andre/binaryneuralnet-asic-TTIHP26/src/classification_tree.sv:3592$169.$result' from process `\classification_tree.$proc$/home/marc-andre/binaryneuralnet-asic-TTIHP26/src/classification_tree.sv:3592$1336'.
No latch inferred for signal `\classification_tree.\tree_75$func$/home/marc-andre/binaryneuralnet-asic-TTIHP26/src/classification_tree.sv:3592$169.emb' from process `\classification_tree.$proc$/home/marc-andre/binaryneuralnet-asic-TTIHP26/src/classification_tree.sv:3592$1336'.
No latch inferred for signal `\classification_tree.\tree_65$func$/home/marc-andre/binaryneuralnet-asic-TTIHP26/src/classification_tree.sv:3591$68.$result' from process `\classification_tree.$proc$/home/marc-andre/binaryneuralnet-asic-TTIHP26/src/classification_tree.sv:3591$1318'.
No latch inferred for signal `\classification_tree.\tree_65$func$/home/marc-andre/binaryneuralnet-asic-TTIHP26/src/classification_tree.sv:3591$168.$result' from process `\classification_tree.$proc$/home/marc-andre/binaryneuralnet-asic-TTIHP26/src/classification_tree.sv:3591$1318'.
No latch inferred for signal `\classification_tree.\tree_65$func$/home/marc-andre/binaryneuralnet-asic-TTIHP26/src/classification_tree.sv:3591$168.emb' from process `\classification_tree.$proc$/home/marc-andre/binaryneuralnet-asic-TTIHP26/src/classification_tree.sv:3591$1318'.
No latch inferred for signal `\classification_tree.\tree_55$func$/home/marc-andre/binaryneuralnet-asic-TTIHP26/src/classification_tree.sv:3590$67.$result' from process `\classification_tree.$proc$/home/marc-andre/binaryneuralnet-asic-TTIHP26/src/classification_tree.sv:3590$1300'.
No latch inferred for signal `\classification_tree.\tree_55$func$/home/marc-andre/binaryneuralnet-asic-TTIHP26/src/classification_tree.sv:3590$167.$result' from process `\classification_tree.$proc$/home/marc-andre/binaryneuralnet-asic-TTIHP26/src/classification_tree.sv:3590$1300'.
No latch inferred for signal `\classification_tree.\tree_55$func$/home/marc-andre/binaryneuralnet-asic-TTIHP26/src/classification_tree.sv:3590$167.emb' from process `\classification_tree.$proc$/home/marc-andre/binaryneuralnet-asic-TTIHP26/src/classification_tree.sv:3590$1300'.
No latch inferred for signal `\classification_tree.\tree_45$func$/home/marc-andre/binaryneuralnet-asic-TTIHP26/src/classification_tree.sv:3589$66.$result' from process `\classification_tree.$proc$/home/marc-andre/binaryneuralnet-asic-TTIHP26/src/classification_tree.sv:3589$1282'.
No latch inferred for signal `\classification_tree.\tree_45$func$/home/marc-andre/binaryneuralnet-asic-TTIHP26/src/classification_tree.sv:3589$166.$result' from process `\classification_tree.$proc$/home/marc-andre/binaryneuralnet-asic-TTIHP26/src/classification_tree.sv:3589$1282'.
No latch inferred for signal `\classification_tree.\tree_45$func$/home/marc-andre/binaryneuralnet-asic-TTIHP26/src/classification_tree.sv:3589$166.emb' from process `\classification_tree.$proc$/home/marc-andre/binaryneuralnet-asic-TTIHP26/src/classification_tree.sv:3589$1282'.
No latch inferred for signal `\classification_tree.\tree_35$func$/home/marc-andre/binaryneuralnet-asic-TTIHP26/src/classification_tree.sv:3588$65.$result' from process `\classification_tree.$proc$/home/marc-andre/binaryneuralnet-asic-TTIHP26/src/classification_tree.sv:3588$1264'.
No latch inferred for signal `\classification_tree.\tree_35$func$/home/marc-andre/binaryneuralnet-asic-TTIHP26/src/classification_tree.sv:3588$165.$result' from process `\classification_tree.$proc$/home/marc-andre/binaryneuralnet-asic-TTIHP26/src/classification_tree.sv:3588$1264'.
No latch inferred for signal `\classification_tree.\tree_35$func$/home/marc-andre/binaryneuralnet-asic-TTIHP26/src/classification_tree.sv:3588$165.emb' from process `\classification_tree.$proc$/home/marc-andre/binaryneuralnet-asic-TTIHP26/src/classification_tree.sv:3588$1264'.
No latch inferred for signal `\classification_tree.\tree_25$func$/home/marc-andre/binaryneuralnet-asic-TTIHP26/src/classification_tree.sv:3587$64.$result' from process `\classification_tree.$proc$/home/marc-andre/binaryneuralnet-asic-TTIHP26/src/classification_tree.sv:3587$1246'.
No latch inferred for signal `\classification_tree.\tree_25$func$/home/marc-andre/binaryneuralnet-asic-TTIHP26/src/classification_tree.sv:3587$164.$result' from process `\classification_tree.$proc$/home/marc-andre/binaryneuralnet-asic-TTIHP26/src/classification_tree.sv:3587$1246'.
No latch inferred for signal `\classification_tree.\tree_25$func$/home/marc-andre/binaryneuralnet-asic-TTIHP26/src/classification_tree.sv:3587$164.emb' from process `\classification_tree.$proc$/home/marc-andre/binaryneuralnet-asic-TTIHP26/src/classification_tree.sv:3587$1246'.
No latch inferred for signal `\classification_tree.\tree_15$func$/home/marc-andre/binaryneuralnet-asic-TTIHP26/src/classification_tree.sv:3586$63.$result' from process `\classification_tree.$proc$/home/marc-andre/binaryneuralnet-asic-TTIHP26/src/classification_tree.sv:3586$1228'.
No latch inferred for signal `\classification_tree.\tree_15$func$/home/marc-andre/binaryneuralnet-asic-TTIHP26/src/classification_tree.sv:3586$163.$result' from process `\classification_tree.$proc$/home/marc-andre/binaryneuralnet-asic-TTIHP26/src/classification_tree.sv:3586$1228'.
No latch inferred for signal `\classification_tree.\tree_15$func$/home/marc-andre/binaryneuralnet-asic-TTIHP26/src/classification_tree.sv:3586$163.emb' from process `\classification_tree.$proc$/home/marc-andre/binaryneuralnet-asic-TTIHP26/src/classification_tree.sv:3586$1228'.
No latch inferred for signal `\classification_tree.\tree_5$func$/home/marc-andre/binaryneuralnet-asic-TTIHP26/src/classification_tree.sv:3585$62.$result' from process `\classification_tree.$proc$/home/marc-andre/binaryneuralnet-asic-TTIHP26/src/classification_tree.sv:3585$1210'.
No latch inferred for signal `\classification_tree.\tree_5$func$/home/marc-andre/binaryneuralnet-asic-TTIHP26/src/classification_tree.sv:3585$162.$result' from process `\classification_tree.$proc$/home/marc-andre/binaryneuralnet-asic-TTIHP26/src/classification_tree.sv:3585$1210'.
No latch inferred for signal `\classification_tree.\tree_5$func$/home/marc-andre/binaryneuralnet-asic-TTIHP26/src/classification_tree.sv:3585$162.emb' from process `\classification_tree.$proc$/home/marc-andre/binaryneuralnet-asic-TTIHP26/src/classification_tree.sv:3585$1210'.
No latch inferred for signal `\classification_tree.\tree_94$func$/home/marc-andre/binaryneuralnet-asic-TTIHP26/src/classification_tree.sv:3582$61.$result' from process `\classification_tree.$proc$/home/marc-andre/binaryneuralnet-asic-TTIHP26/src/classification_tree.sv:3582$1192'.
No latch inferred for signal `\classification_tree.\tree_94$func$/home/marc-andre/binaryneuralnet-asic-TTIHP26/src/classification_tree.sv:3582$161.$result' from process `\classification_tree.$proc$/home/marc-andre/binaryneuralnet-asic-TTIHP26/src/classification_tree.sv:3582$1192'.
No latch inferred for signal `\classification_tree.\tree_94$func$/home/marc-andre/binaryneuralnet-asic-TTIHP26/src/classification_tree.sv:3582$161.emb' from process `\classification_tree.$proc$/home/marc-andre/binaryneuralnet-asic-TTIHP26/src/classification_tree.sv:3582$1192'.
No latch inferred for signal `\classification_tree.\tree_84$func$/home/marc-andre/binaryneuralnet-asic-TTIHP26/src/classification_tree.sv:3581$60.$result' from process `\classification_tree.$proc$/home/marc-andre/binaryneuralnet-asic-TTIHP26/src/classification_tree.sv:3581$1174'.
No latch inferred for signal `\classification_tree.\tree_84$func$/home/marc-andre/binaryneuralnet-asic-TTIHP26/src/classification_tree.sv:3581$160.$result' from process `\classification_tree.$proc$/home/marc-andre/binaryneuralnet-asic-TTIHP26/src/classification_tree.sv:3581$1174'.
No latch inferred for signal `\classification_tree.\tree_84$func$/home/marc-andre/binaryneuralnet-asic-TTIHP26/src/classification_tree.sv:3581$160.emb' from process `\classification_tree.$proc$/home/marc-andre/binaryneuralnet-asic-TTIHP26/src/classification_tree.sv:3581$1174'.
No latch inferred for signal `\classification_tree.\tree_74$func$/home/marc-andre/binaryneuralnet-asic-TTIHP26/src/classification_tree.sv:3580$59.$result' from process `\classification_tree.$proc$/home/marc-andre/binaryneuralnet-asic-TTIHP26/src/classification_tree.sv:3580$1156'.
No latch inferred for signal `\classification_tree.\tree_74$func$/home/marc-andre/binaryneuralnet-asic-TTIHP26/src/classification_tree.sv:3580$159.$result' from process `\classification_tree.$proc$/home/marc-andre/binaryneuralnet-asic-TTIHP26/src/classification_tree.sv:3580$1156'.
No latch inferred for signal `\classification_tree.\tree_74$func$/home/marc-andre/binaryneuralnet-asic-TTIHP26/src/classification_tree.sv:3580$159.emb' from process `\classification_tree.$proc$/home/marc-andre/binaryneuralnet-asic-TTIHP26/src/classification_tree.sv:3580$1156'.
No latch inferred for signal `\classification_tree.\tree_64$func$/home/marc-andre/binaryneuralnet-asic-TTIHP26/src/classification_tree.sv:3579$58.$result' from process `\classification_tree.$proc$/home/marc-andre/binaryneuralnet-asic-TTIHP26/src/classification_tree.sv:3579$1138'.
No latch inferred for signal `\classification_tree.\tree_64$func$/home/marc-andre/binaryneuralnet-asic-TTIHP26/src/classification_tree.sv:3579$158.$result' from process `\classification_tree.$proc$/home/marc-andre/binaryneuralnet-asic-TTIHP26/src/classification_tree.sv:3579$1138'.
No latch inferred for signal `\classification_tree.\tree_64$func$/home/marc-andre/binaryneuralnet-asic-TTIHP26/src/classification_tree.sv:3579$158.emb' from process `\classification_tree.$proc$/home/marc-andre/binaryneuralnet-asic-TTIHP26/src/classification_tree.sv:3579$1138'.
No latch inferred for signal `\classification_tree.\tree_54$func$/home/marc-andre/binaryneuralnet-asic-TTIHP26/src/classification_tree.sv:3578$57.$result' from process `\classification_tree.$proc$/home/marc-andre/binaryneuralnet-asic-TTIHP26/src/classification_tree.sv:3578$1120'.
No latch inferred for signal `\classification_tree.\tree_54$func$/home/marc-andre/binaryneuralnet-asic-TTIHP26/src/classification_tree.sv:3578$157.$result' from process `\classification_tree.$proc$/home/marc-andre/binaryneuralnet-asic-TTIHP26/src/classification_tree.sv:3578$1120'.
No latch inferred for signal `\classification_tree.\tree_54$func$/home/marc-andre/binaryneuralnet-asic-TTIHP26/src/classification_tree.sv:3578$157.emb' from process `\classification_tree.$proc$/home/marc-andre/binaryneuralnet-asic-TTIHP26/src/classification_tree.sv:3578$1120'.
No latch inferred for signal `\classification_tree.\tree_44$func$/home/marc-andre/binaryneuralnet-asic-TTIHP26/src/classification_tree.sv:3577$56.$result' from process `\classification_tree.$proc$/home/marc-andre/binaryneuralnet-asic-TTIHP26/src/classification_tree.sv:3577$1102'.
No latch inferred for signal `\classification_tree.\tree_44$func$/home/marc-andre/binaryneuralnet-asic-TTIHP26/src/classification_tree.sv:3577$156.$result' from process `\classification_tree.$proc$/home/marc-andre/binaryneuralnet-asic-TTIHP26/src/classification_tree.sv:3577$1102'.
No latch inferred for signal `\classification_tree.\tree_44$func$/home/marc-andre/binaryneuralnet-asic-TTIHP26/src/classification_tree.sv:3577$156.emb' from process `\classification_tree.$proc$/home/marc-andre/binaryneuralnet-asic-TTIHP26/src/classification_tree.sv:3577$1102'.
No latch inferred for signal `\classification_tree.\tree_34$func$/home/marc-andre/binaryneuralnet-asic-TTIHP26/src/classification_tree.sv:3576$55.$result' from process `\classification_tree.$proc$/home/marc-andre/binaryneuralnet-asic-TTIHP26/src/classification_tree.sv:3576$1084'.
No latch inferred for signal `\classification_tree.\tree_34$func$/home/marc-andre/binaryneuralnet-asic-TTIHP26/src/classification_tree.sv:3576$155.$result' from process `\classification_tree.$proc$/home/marc-andre/binaryneuralnet-asic-TTIHP26/src/classification_tree.sv:3576$1084'.
No latch inferred for signal `\classification_tree.\tree_34$func$/home/marc-andre/binaryneuralnet-asic-TTIHP26/src/classification_tree.sv:3576$155.emb' from process `\classification_tree.$proc$/home/marc-andre/binaryneuralnet-asic-TTIHP26/src/classification_tree.sv:3576$1084'.
No latch inferred for signal `\classification_tree.\tree_24$func$/home/marc-andre/binaryneuralnet-asic-TTIHP26/src/classification_tree.sv:3575$54.$result' from process `\classification_tree.$proc$/home/marc-andre/binaryneuralnet-asic-TTIHP26/src/classification_tree.sv:3575$1066'.
No latch inferred for signal `\classification_tree.\tree_24$func$/home/marc-andre/binaryneuralnet-asic-TTIHP26/src/classification_tree.sv:3575$154.$result' from process `\classification_tree.$proc$/home/marc-andre/binaryneuralnet-asic-TTIHP26/src/classification_tree.sv:3575$1066'.
No latch inferred for signal `\classification_tree.\tree_24$func$/home/marc-andre/binaryneuralnet-asic-TTIHP26/src/classification_tree.sv:3575$154.emb' from process `\classification_tree.$proc$/home/marc-andre/binaryneuralnet-asic-TTIHP26/src/classification_tree.sv:3575$1066'.
No latch inferred for signal `\classification_tree.\tree_14$func$/home/marc-andre/binaryneuralnet-asic-TTIHP26/src/classification_tree.sv:3574$53.$result' from process `\classification_tree.$proc$/home/marc-andre/binaryneuralnet-asic-TTIHP26/src/classification_tree.sv:3574$1048'.
No latch inferred for signal `\classification_tree.\tree_14$func$/home/marc-andre/binaryneuralnet-asic-TTIHP26/src/classification_tree.sv:3574$153.$result' from process `\classification_tree.$proc$/home/marc-andre/binaryneuralnet-asic-TTIHP26/src/classification_tree.sv:3574$1048'.
No latch inferred for signal `\classification_tree.\tree_14$func$/home/marc-andre/binaryneuralnet-asic-TTIHP26/src/classification_tree.sv:3574$153.emb' from process `\classification_tree.$proc$/home/marc-andre/binaryneuralnet-asic-TTIHP26/src/classification_tree.sv:3574$1048'.
No latch inferred for signal `\classification_tree.\tree_4$func$/home/marc-andre/binaryneuralnet-asic-TTIHP26/src/classification_tree.sv:3573$52.$result' from process `\classification_tree.$proc$/home/marc-andre/binaryneuralnet-asic-TTIHP26/src/classification_tree.sv:3573$1030'.
No latch inferred for signal `\classification_tree.\tree_4$func$/home/marc-andre/binaryneuralnet-asic-TTIHP26/src/classification_tree.sv:3573$152.$result' from process `\classification_tree.$proc$/home/marc-andre/binaryneuralnet-asic-TTIHP26/src/classification_tree.sv:3573$1030'.
No latch inferred for signal `\classification_tree.\tree_4$func$/home/marc-andre/binaryneuralnet-asic-TTIHP26/src/classification_tree.sv:3573$152.emb' from process `\classification_tree.$proc$/home/marc-andre/binaryneuralnet-asic-TTIHP26/src/classification_tree.sv:3573$1030'.
No latch inferred for signal `\classification_tree.\tree_93$func$/home/marc-andre/binaryneuralnet-asic-TTIHP26/src/classification_tree.sv:3570$51.$result' from process `\classification_tree.$proc$/home/marc-andre/binaryneuralnet-asic-TTIHP26/src/classification_tree.sv:3570$1012'.
No latch inferred for signal `\classification_tree.\tree_93$func$/home/marc-andre/binaryneuralnet-asic-TTIHP26/src/classification_tree.sv:3570$151.$result' from process `\classification_tree.$proc$/home/marc-andre/binaryneuralnet-asic-TTIHP26/src/classification_tree.sv:3570$1012'.
No latch inferred for signal `\classification_tree.\tree_93$func$/home/marc-andre/binaryneuralnet-asic-TTIHP26/src/classification_tree.sv:3570$151.emb' from process `\classification_tree.$proc$/home/marc-andre/binaryneuralnet-asic-TTIHP26/src/classification_tree.sv:3570$1012'.
No latch inferred for signal `\classification_tree.\tree_83$func$/home/marc-andre/binaryneuralnet-asic-TTIHP26/src/classification_tree.sv:3569$50.$result' from process `\classification_tree.$proc$/home/marc-andre/binaryneuralnet-asic-TTIHP26/src/classification_tree.sv:3569$994'.
No latch inferred for signal `\classification_tree.\tree_83$func$/home/marc-andre/binaryneuralnet-asic-TTIHP26/src/classification_tree.sv:3569$150.$result' from process `\classification_tree.$proc$/home/marc-andre/binaryneuralnet-asic-TTIHP26/src/classification_tree.sv:3569$994'.
No latch inferred for signal `\classification_tree.\tree_83$func$/home/marc-andre/binaryneuralnet-asic-TTIHP26/src/classification_tree.sv:3569$150.emb' from process `\classification_tree.$proc$/home/marc-andre/binaryneuralnet-asic-TTIHP26/src/classification_tree.sv:3569$994'.
No latch inferred for signal `\classification_tree.\tree_73$func$/home/marc-andre/binaryneuralnet-asic-TTIHP26/src/classification_tree.sv:3568$49.$result' from process `\classification_tree.$proc$/home/marc-andre/binaryneuralnet-asic-TTIHP26/src/classification_tree.sv:3568$976'.
No latch inferred for signal `\classification_tree.\tree_73$func$/home/marc-andre/binaryneuralnet-asic-TTIHP26/src/classification_tree.sv:3568$149.$result' from process `\classification_tree.$proc$/home/marc-andre/binaryneuralnet-asic-TTIHP26/src/classification_tree.sv:3568$976'.
No latch inferred for signal `\classification_tree.\tree_73$func$/home/marc-andre/binaryneuralnet-asic-TTIHP26/src/classification_tree.sv:3568$149.emb' from process `\classification_tree.$proc$/home/marc-andre/binaryneuralnet-asic-TTIHP26/src/classification_tree.sv:3568$976'.
No latch inferred for signal `\classification_tree.\tree_63$func$/home/marc-andre/binaryneuralnet-asic-TTIHP26/src/classification_tree.sv:3567$48.$result' from process `\classification_tree.$proc$/home/marc-andre/binaryneuralnet-asic-TTIHP26/src/classification_tree.sv:3567$958'.
No latch inferred for signal `\classification_tree.\tree_63$func$/home/marc-andre/binaryneuralnet-asic-TTIHP26/src/classification_tree.sv:3567$148.$result' from process `\classification_tree.$proc$/home/marc-andre/binaryneuralnet-asic-TTIHP26/src/classification_tree.sv:3567$958'.
No latch inferred for signal `\classification_tree.\tree_63$func$/home/marc-andre/binaryneuralnet-asic-TTIHP26/src/classification_tree.sv:3567$148.emb' from process `\classification_tree.$proc$/home/marc-andre/binaryneuralnet-asic-TTIHP26/src/classification_tree.sv:3567$958'.
No latch inferred for signal `\classification_tree.\tree_53$func$/home/marc-andre/binaryneuralnet-asic-TTIHP26/src/classification_tree.sv:3566$47.$result' from process `\classification_tree.$proc$/home/marc-andre/binaryneuralnet-asic-TTIHP26/src/classification_tree.sv:3566$940'.
No latch inferred for signal `\classification_tree.\tree_53$func$/home/marc-andre/binaryneuralnet-asic-TTIHP26/src/classification_tree.sv:3566$147.$result' from process `\classification_tree.$proc$/home/marc-andre/binaryneuralnet-asic-TTIHP26/src/classification_tree.sv:3566$940'.
No latch inferred for signal `\classification_tree.\tree_53$func$/home/marc-andre/binaryneuralnet-asic-TTIHP26/src/classification_tree.sv:3566$147.emb' from process `\classification_tree.$proc$/home/marc-andre/binaryneuralnet-asic-TTIHP26/src/classification_tree.sv:3566$940'.
No latch inferred for signal `\classification_tree.\tree_43$func$/home/marc-andre/binaryneuralnet-asic-TTIHP26/src/classification_tree.sv:3565$46.$result' from process `\classification_tree.$proc$/home/marc-andre/binaryneuralnet-asic-TTIHP26/src/classification_tree.sv:3565$922'.
No latch inferred for signal `\classification_tree.\tree_43$func$/home/marc-andre/binaryneuralnet-asic-TTIHP26/src/classification_tree.sv:3565$146.$result' from process `\classification_tree.$proc$/home/marc-andre/binaryneuralnet-asic-TTIHP26/src/classification_tree.sv:3565$922'.
No latch inferred for signal `\classification_tree.\tree_43$func$/home/marc-andre/binaryneuralnet-asic-TTIHP26/src/classification_tree.sv:3565$146.emb' from process `\classification_tree.$proc$/home/marc-andre/binaryneuralnet-asic-TTIHP26/src/classification_tree.sv:3565$922'.
No latch inferred for signal `\classification_tree.\tree_33$func$/home/marc-andre/binaryneuralnet-asic-TTIHP26/src/classification_tree.sv:3564$45.$result' from process `\classification_tree.$proc$/home/marc-andre/binaryneuralnet-asic-TTIHP26/src/classification_tree.sv:3564$904'.
No latch inferred for signal `\classification_tree.\tree_33$func$/home/marc-andre/binaryneuralnet-asic-TTIHP26/src/classification_tree.sv:3564$145.$result' from process `\classification_tree.$proc$/home/marc-andre/binaryneuralnet-asic-TTIHP26/src/classification_tree.sv:3564$904'.
No latch inferred for signal `\classification_tree.\tree_33$func$/home/marc-andre/binaryneuralnet-asic-TTIHP26/src/classification_tree.sv:3564$145.emb' from process `\classification_tree.$proc$/home/marc-andre/binaryneuralnet-asic-TTIHP26/src/classification_tree.sv:3564$904'.
No latch inferred for signal `\classification_tree.\tree_23$func$/home/marc-andre/binaryneuralnet-asic-TTIHP26/src/classification_tree.sv:3563$44.$result' from process `\classification_tree.$proc$/home/marc-andre/binaryneuralnet-asic-TTIHP26/src/classification_tree.sv:3563$886'.
No latch inferred for signal `\classification_tree.\tree_23$func$/home/marc-andre/binaryneuralnet-asic-TTIHP26/src/classification_tree.sv:3563$144.$result' from process `\classification_tree.$proc$/home/marc-andre/binaryneuralnet-asic-TTIHP26/src/classification_tree.sv:3563$886'.
No latch inferred for signal `\classification_tree.\tree_23$func$/home/marc-andre/binaryneuralnet-asic-TTIHP26/src/classification_tree.sv:3563$144.emb' from process `\classification_tree.$proc$/home/marc-andre/binaryneuralnet-asic-TTIHP26/src/classification_tree.sv:3563$886'.
No latch inferred for signal `\classification_tree.\tree_13$func$/home/marc-andre/binaryneuralnet-asic-TTIHP26/src/classification_tree.sv:3562$43.$result' from process `\classification_tree.$proc$/home/marc-andre/binaryneuralnet-asic-TTIHP26/src/classification_tree.sv:3562$868'.
No latch inferred for signal `\classification_tree.\tree_13$func$/home/marc-andre/binaryneuralnet-asic-TTIHP26/src/classification_tree.sv:3562$143.$result' from process `\classification_tree.$proc$/home/marc-andre/binaryneuralnet-asic-TTIHP26/src/classification_tree.sv:3562$868'.
No latch inferred for signal `\classification_tree.\tree_13$func$/home/marc-andre/binaryneuralnet-asic-TTIHP26/src/classification_tree.sv:3562$143.emb' from process `\classification_tree.$proc$/home/marc-andre/binaryneuralnet-asic-TTIHP26/src/classification_tree.sv:3562$868'.
No latch inferred for signal `\classification_tree.\tree_3$func$/home/marc-andre/binaryneuralnet-asic-TTIHP26/src/classification_tree.sv:3561$42.$result' from process `\classification_tree.$proc$/home/marc-andre/binaryneuralnet-asic-TTIHP26/src/classification_tree.sv:3561$850'.
No latch inferred for signal `\classification_tree.\tree_3$func$/home/marc-andre/binaryneuralnet-asic-TTIHP26/src/classification_tree.sv:3561$142.$result' from process `\classification_tree.$proc$/home/marc-andre/binaryneuralnet-asic-TTIHP26/src/classification_tree.sv:3561$850'.
No latch inferred for signal `\classification_tree.\tree_3$func$/home/marc-andre/binaryneuralnet-asic-TTIHP26/src/classification_tree.sv:3561$142.emb' from process `\classification_tree.$proc$/home/marc-andre/binaryneuralnet-asic-TTIHP26/src/classification_tree.sv:3561$850'.
No latch inferred for signal `\classification_tree.\tree_92$func$/home/marc-andre/binaryneuralnet-asic-TTIHP26/src/classification_tree.sv:3558$41.$result' from process `\classification_tree.$proc$/home/marc-andre/binaryneuralnet-asic-TTIHP26/src/classification_tree.sv:3558$832'.
No latch inferred for signal `\classification_tree.\tree_92$func$/home/marc-andre/binaryneuralnet-asic-TTIHP26/src/classification_tree.sv:3558$141.$result' from process `\classification_tree.$proc$/home/marc-andre/binaryneuralnet-asic-TTIHP26/src/classification_tree.sv:3558$832'.
No latch inferred for signal `\classification_tree.\tree_92$func$/home/marc-andre/binaryneuralnet-asic-TTIHP26/src/classification_tree.sv:3558$141.emb' from process `\classification_tree.$proc$/home/marc-andre/binaryneuralnet-asic-TTIHP26/src/classification_tree.sv:3558$832'.
No latch inferred for signal `\classification_tree.\tree_82$func$/home/marc-andre/binaryneuralnet-asic-TTIHP26/src/classification_tree.sv:3557$40.$result' from process `\classification_tree.$proc$/home/marc-andre/binaryneuralnet-asic-TTIHP26/src/classification_tree.sv:3557$814'.
No latch inferred for signal `\classification_tree.\tree_82$func$/home/marc-andre/binaryneuralnet-asic-TTIHP26/src/classification_tree.sv:3557$140.$result' from process `\classification_tree.$proc$/home/marc-andre/binaryneuralnet-asic-TTIHP26/src/classification_tree.sv:3557$814'.
No latch inferred for signal `\classification_tree.\tree_82$func$/home/marc-andre/binaryneuralnet-asic-TTIHP26/src/classification_tree.sv:3557$140.emb' from process `\classification_tree.$proc$/home/marc-andre/binaryneuralnet-asic-TTIHP26/src/classification_tree.sv:3557$814'.
No latch inferred for signal `\classification_tree.\tree_72$func$/home/marc-andre/binaryneuralnet-asic-TTIHP26/src/classification_tree.sv:3556$39.$result' from process `\classification_tree.$proc$/home/marc-andre/binaryneuralnet-asic-TTIHP26/src/classification_tree.sv:3556$796'.
No latch inferred for signal `\classification_tree.\tree_72$func$/home/marc-andre/binaryneuralnet-asic-TTIHP26/src/classification_tree.sv:3556$139.$result' from process `\classification_tree.$proc$/home/marc-andre/binaryneuralnet-asic-TTIHP26/src/classification_tree.sv:3556$796'.
No latch inferred for signal `\classification_tree.\tree_72$func$/home/marc-andre/binaryneuralnet-asic-TTIHP26/src/classification_tree.sv:3556$139.emb' from process `\classification_tree.$proc$/home/marc-andre/binaryneuralnet-asic-TTIHP26/src/classification_tree.sv:3556$796'.
No latch inferred for signal `\classification_tree.\tree_62$func$/home/marc-andre/binaryneuralnet-asic-TTIHP26/src/classification_tree.sv:3555$38.$result' from process `\classification_tree.$proc$/home/marc-andre/binaryneuralnet-asic-TTIHP26/src/classification_tree.sv:3555$778'.
No latch inferred for signal `\classification_tree.\tree_62$func$/home/marc-andre/binaryneuralnet-asic-TTIHP26/src/classification_tree.sv:3555$138.$result' from process `\classification_tree.$proc$/home/marc-andre/binaryneuralnet-asic-TTIHP26/src/classification_tree.sv:3555$778'.
No latch inferred for signal `\classification_tree.\tree_62$func$/home/marc-andre/binaryneuralnet-asic-TTIHP26/src/classification_tree.sv:3555$138.emb' from process `\classification_tree.$proc$/home/marc-andre/binaryneuralnet-asic-TTIHP26/src/classification_tree.sv:3555$778'.
No latch inferred for signal `\classification_tree.\tree_52$func$/home/marc-andre/binaryneuralnet-asic-TTIHP26/src/classification_tree.sv:3554$37.$result' from process `\classification_tree.$proc$/home/marc-andre/binaryneuralnet-asic-TTIHP26/src/classification_tree.sv:3554$760'.
No latch inferred for signal `\classification_tree.\tree_52$func$/home/marc-andre/binaryneuralnet-asic-TTIHP26/src/classification_tree.sv:3554$137.$result' from process `\classification_tree.$proc$/home/marc-andre/binaryneuralnet-asic-TTIHP26/src/classification_tree.sv:3554$760'.
No latch inferred for signal `\classification_tree.\tree_52$func$/home/marc-andre/binaryneuralnet-asic-TTIHP26/src/classification_tree.sv:3554$137.emb' from process `\classification_tree.$proc$/home/marc-andre/binaryneuralnet-asic-TTIHP26/src/classification_tree.sv:3554$760'.
No latch inferred for signal `\classification_tree.\tree_42$func$/home/marc-andre/binaryneuralnet-asic-TTIHP26/src/classification_tree.sv:3553$36.$result' from process `\classification_tree.$proc$/home/marc-andre/binaryneuralnet-asic-TTIHP26/src/classification_tree.sv:3553$742'.
No latch inferred for signal `\classification_tree.\tree_42$func$/home/marc-andre/binaryneuralnet-asic-TTIHP26/src/classification_tree.sv:3553$136.$result' from process `\classification_tree.$proc$/home/marc-andre/binaryneuralnet-asic-TTIHP26/src/classification_tree.sv:3553$742'.
No latch inferred for signal `\classification_tree.\tree_42$func$/home/marc-andre/binaryneuralnet-asic-TTIHP26/src/classification_tree.sv:3553$136.emb' from process `\classification_tree.$proc$/home/marc-andre/binaryneuralnet-asic-TTIHP26/src/classification_tree.sv:3553$742'.
No latch inferred for signal `\classification_tree.\tree_32$func$/home/marc-andre/binaryneuralnet-asic-TTIHP26/src/classification_tree.sv:3552$35.$result' from process `\classification_tree.$proc$/home/marc-andre/binaryneuralnet-asic-TTIHP26/src/classification_tree.sv:3552$724'.
No latch inferred for signal `\classification_tree.\tree_32$func$/home/marc-andre/binaryneuralnet-asic-TTIHP26/src/classification_tree.sv:3552$135.$result' from process `\classification_tree.$proc$/home/marc-andre/binaryneuralnet-asic-TTIHP26/src/classification_tree.sv:3552$724'.
No latch inferred for signal `\classification_tree.\tree_32$func$/home/marc-andre/binaryneuralnet-asic-TTIHP26/src/classification_tree.sv:3552$135.emb' from process `\classification_tree.$proc$/home/marc-andre/binaryneuralnet-asic-TTIHP26/src/classification_tree.sv:3552$724'.
No latch inferred for signal `\classification_tree.\tree_22$func$/home/marc-andre/binaryneuralnet-asic-TTIHP26/src/classification_tree.sv:3551$34.$result' from process `\classification_tree.$proc$/home/marc-andre/binaryneuralnet-asic-TTIHP26/src/classification_tree.sv:3551$706'.
No latch inferred for signal `\classification_tree.\tree_22$func$/home/marc-andre/binaryneuralnet-asic-TTIHP26/src/classification_tree.sv:3551$134.$result' from process `\classification_tree.$proc$/home/marc-andre/binaryneuralnet-asic-TTIHP26/src/classification_tree.sv:3551$706'.
No latch inferred for signal `\classification_tree.\tree_22$func$/home/marc-andre/binaryneuralnet-asic-TTIHP26/src/classification_tree.sv:3551$134.emb' from process `\classification_tree.$proc$/home/marc-andre/binaryneuralnet-asic-TTIHP26/src/classification_tree.sv:3551$706'.
No latch inferred for signal `\classification_tree.\tree_12$func$/home/marc-andre/binaryneuralnet-asic-TTIHP26/src/classification_tree.sv:3550$33.$result' from process `\classification_tree.$proc$/home/marc-andre/binaryneuralnet-asic-TTIHP26/src/classification_tree.sv:3550$688'.
No latch inferred for signal `\classification_tree.\tree_12$func$/home/marc-andre/binaryneuralnet-asic-TTIHP26/src/classification_tree.sv:3550$133.$result' from process `\classification_tree.$proc$/home/marc-andre/binaryneuralnet-asic-TTIHP26/src/classification_tree.sv:3550$688'.
No latch inferred for signal `\classification_tree.\tree_12$func$/home/marc-andre/binaryneuralnet-asic-TTIHP26/src/classification_tree.sv:3550$133.emb' from process `\classification_tree.$proc$/home/marc-andre/binaryneuralnet-asic-TTIHP26/src/classification_tree.sv:3550$688'.
No latch inferred for signal `\classification_tree.\tree_2$func$/home/marc-andre/binaryneuralnet-asic-TTIHP26/src/classification_tree.sv:3549$32.$result' from process `\classification_tree.$proc$/home/marc-andre/binaryneuralnet-asic-TTIHP26/src/classification_tree.sv:3549$670'.
No latch inferred for signal `\classification_tree.\tree_2$func$/home/marc-andre/binaryneuralnet-asic-TTIHP26/src/classification_tree.sv:3549$132.$result' from process `\classification_tree.$proc$/home/marc-andre/binaryneuralnet-asic-TTIHP26/src/classification_tree.sv:3549$670'.
No latch inferred for signal `\classification_tree.\tree_2$func$/home/marc-andre/binaryneuralnet-asic-TTIHP26/src/classification_tree.sv:3549$132.emb' from process `\classification_tree.$proc$/home/marc-andre/binaryneuralnet-asic-TTIHP26/src/classification_tree.sv:3549$670'.
No latch inferred for signal `\classification_tree.\tree_91$func$/home/marc-andre/binaryneuralnet-asic-TTIHP26/src/classification_tree.sv:3546$31.$result' from process `\classification_tree.$proc$/home/marc-andre/binaryneuralnet-asic-TTIHP26/src/classification_tree.sv:3546$652'.
No latch inferred for signal `\classification_tree.\tree_91$func$/home/marc-andre/binaryneuralnet-asic-TTIHP26/src/classification_tree.sv:3546$131.$result' from process `\classification_tree.$proc$/home/marc-andre/binaryneuralnet-asic-TTIHP26/src/classification_tree.sv:3546$652'.
No latch inferred for signal `\classification_tree.\tree_91$func$/home/marc-andre/binaryneuralnet-asic-TTIHP26/src/classification_tree.sv:3546$131.emb' from process `\classification_tree.$proc$/home/marc-andre/binaryneuralnet-asic-TTIHP26/src/classification_tree.sv:3546$652'.
No latch inferred for signal `\classification_tree.\tree_81$func$/home/marc-andre/binaryneuralnet-asic-TTIHP26/src/classification_tree.sv:3545$30.$result' from process `\classification_tree.$proc$/home/marc-andre/binaryneuralnet-asic-TTIHP26/src/classification_tree.sv:3545$634'.
No latch inferred for signal `\classification_tree.\tree_81$func$/home/marc-andre/binaryneuralnet-asic-TTIHP26/src/classification_tree.sv:3545$130.$result' from process `\classification_tree.$proc$/home/marc-andre/binaryneuralnet-asic-TTIHP26/src/classification_tree.sv:3545$634'.
No latch inferred for signal `\classification_tree.\tree_81$func$/home/marc-andre/binaryneuralnet-asic-TTIHP26/src/classification_tree.sv:3545$130.emb' from process `\classification_tree.$proc$/home/marc-andre/binaryneuralnet-asic-TTIHP26/src/classification_tree.sv:3545$634'.
No latch inferred for signal `\classification_tree.\tree_71$func$/home/marc-andre/binaryneuralnet-asic-TTIHP26/src/classification_tree.sv:3544$29.$result' from process `\classification_tree.$proc$/home/marc-andre/binaryneuralnet-asic-TTIHP26/src/classification_tree.sv:3544$616'.
No latch inferred for signal `\classification_tree.\tree_71$func$/home/marc-andre/binaryneuralnet-asic-TTIHP26/src/classification_tree.sv:3544$129.$result' from process `\classification_tree.$proc$/home/marc-andre/binaryneuralnet-asic-TTIHP26/src/classification_tree.sv:3544$616'.
No latch inferred for signal `\classification_tree.\tree_71$func$/home/marc-andre/binaryneuralnet-asic-TTIHP26/src/classification_tree.sv:3544$129.emb' from process `\classification_tree.$proc$/home/marc-andre/binaryneuralnet-asic-TTIHP26/src/classification_tree.sv:3544$616'.
No latch inferred for signal `\classification_tree.\tree_61$func$/home/marc-andre/binaryneuralnet-asic-TTIHP26/src/classification_tree.sv:3543$28.$result' from process `\classification_tree.$proc$/home/marc-andre/binaryneuralnet-asic-TTIHP26/src/classification_tree.sv:3543$598'.
No latch inferred for signal `\classification_tree.\tree_61$func$/home/marc-andre/binaryneuralnet-asic-TTIHP26/src/classification_tree.sv:3543$128.$result' from process `\classification_tree.$proc$/home/marc-andre/binaryneuralnet-asic-TTIHP26/src/classification_tree.sv:3543$598'.
No latch inferred for signal `\classification_tree.\tree_61$func$/home/marc-andre/binaryneuralnet-asic-TTIHP26/src/classification_tree.sv:3543$128.emb' from process `\classification_tree.$proc$/home/marc-andre/binaryneuralnet-asic-TTIHP26/src/classification_tree.sv:3543$598'.
No latch inferred for signal `\classification_tree.\tree_51$func$/home/marc-andre/binaryneuralnet-asic-TTIHP26/src/classification_tree.sv:3542$27.$result' from process `\classification_tree.$proc$/home/marc-andre/binaryneuralnet-asic-TTIHP26/src/classification_tree.sv:3542$580'.
No latch inferred for signal `\classification_tree.\tree_51$func$/home/marc-andre/binaryneuralnet-asic-TTIHP26/src/classification_tree.sv:3542$127.$result' from process `\classification_tree.$proc$/home/marc-andre/binaryneuralnet-asic-TTIHP26/src/classification_tree.sv:3542$580'.
No latch inferred for signal `\classification_tree.\tree_51$func$/home/marc-andre/binaryneuralnet-asic-TTIHP26/src/classification_tree.sv:3542$127.emb' from process `\classification_tree.$proc$/home/marc-andre/binaryneuralnet-asic-TTIHP26/src/classification_tree.sv:3542$580'.
No latch inferred for signal `\classification_tree.\tree_41$func$/home/marc-andre/binaryneuralnet-asic-TTIHP26/src/classification_tree.sv:3541$26.$result' from process `\classification_tree.$proc$/home/marc-andre/binaryneuralnet-asic-TTIHP26/src/classification_tree.sv:3541$562'.
No latch inferred for signal `\classification_tree.\tree_41$func$/home/marc-andre/binaryneuralnet-asic-TTIHP26/src/classification_tree.sv:3541$126.$result' from process `\classification_tree.$proc$/home/marc-andre/binaryneuralnet-asic-TTIHP26/src/classification_tree.sv:3541$562'.
No latch inferred for signal `\classification_tree.\tree_41$func$/home/marc-andre/binaryneuralnet-asic-TTIHP26/src/classification_tree.sv:3541$126.emb' from process `\classification_tree.$proc$/home/marc-andre/binaryneuralnet-asic-TTIHP26/src/classification_tree.sv:3541$562'.
No latch inferred for signal `\classification_tree.\tree_31$func$/home/marc-andre/binaryneuralnet-asic-TTIHP26/src/classification_tree.sv:3540$25.$result' from process `\classification_tree.$proc$/home/marc-andre/binaryneuralnet-asic-TTIHP26/src/classification_tree.sv:3540$544'.
No latch inferred for signal `\classification_tree.\tree_31$func$/home/marc-andre/binaryneuralnet-asic-TTIHP26/src/classification_tree.sv:3540$125.$result' from process `\classification_tree.$proc$/home/marc-andre/binaryneuralnet-asic-TTIHP26/src/classification_tree.sv:3540$544'.
No latch inferred for signal `\classification_tree.\tree_31$func$/home/marc-andre/binaryneuralnet-asic-TTIHP26/src/classification_tree.sv:3540$125.emb' from process `\classification_tree.$proc$/home/marc-andre/binaryneuralnet-asic-TTIHP26/src/classification_tree.sv:3540$544'.
No latch inferred for signal `\classification_tree.\tree_21$func$/home/marc-andre/binaryneuralnet-asic-TTIHP26/src/classification_tree.sv:3539$24.$result' from process `\classification_tree.$proc$/home/marc-andre/binaryneuralnet-asic-TTIHP26/src/classification_tree.sv:3539$526'.
No latch inferred for signal `\classification_tree.\tree_21$func$/home/marc-andre/binaryneuralnet-asic-TTIHP26/src/classification_tree.sv:3539$124.$result' from process `\classification_tree.$proc$/home/marc-andre/binaryneuralnet-asic-TTIHP26/src/classification_tree.sv:3539$526'.
No latch inferred for signal `\classification_tree.\tree_21$func$/home/marc-andre/binaryneuralnet-asic-TTIHP26/src/classification_tree.sv:3539$124.emb' from process `\classification_tree.$proc$/home/marc-andre/binaryneuralnet-asic-TTIHP26/src/classification_tree.sv:3539$526'.
No latch inferred for signal `\classification_tree.\tree_11$func$/home/marc-andre/binaryneuralnet-asic-TTIHP26/src/classification_tree.sv:3538$23.$result' from process `\classification_tree.$proc$/home/marc-andre/binaryneuralnet-asic-TTIHP26/src/classification_tree.sv:3538$510'.
No latch inferred for signal `\classification_tree.\tree_11$func$/home/marc-andre/binaryneuralnet-asic-TTIHP26/src/classification_tree.sv:3538$123.$result' from process `\classification_tree.$proc$/home/marc-andre/binaryneuralnet-asic-TTIHP26/src/classification_tree.sv:3538$510'.
No latch inferred for signal `\classification_tree.\tree_11$func$/home/marc-andre/binaryneuralnet-asic-TTIHP26/src/classification_tree.sv:3538$123.emb' from process `\classification_tree.$proc$/home/marc-andre/binaryneuralnet-asic-TTIHP26/src/classification_tree.sv:3538$510'.
No latch inferred for signal `\classification_tree.\tree_1$func$/home/marc-andre/binaryneuralnet-asic-TTIHP26/src/classification_tree.sv:3537$22.$result' from process `\classification_tree.$proc$/home/marc-andre/binaryneuralnet-asic-TTIHP26/src/classification_tree.sv:3537$492'.
No latch inferred for signal `\classification_tree.\tree_1$func$/home/marc-andre/binaryneuralnet-asic-TTIHP26/src/classification_tree.sv:3537$122.$result' from process `\classification_tree.$proc$/home/marc-andre/binaryneuralnet-asic-TTIHP26/src/classification_tree.sv:3537$492'.
No latch inferred for signal `\classification_tree.\tree_1$func$/home/marc-andre/binaryneuralnet-asic-TTIHP26/src/classification_tree.sv:3537$122.emb' from process `\classification_tree.$proc$/home/marc-andre/binaryneuralnet-asic-TTIHP26/src/classification_tree.sv:3537$492'.
No latch inferred for signal `\classification_tree.\tree_90$func$/home/marc-andre/binaryneuralnet-asic-TTIHP26/src/classification_tree.sv:3534$21.$result' from process `\classification_tree.$proc$/home/marc-andre/binaryneuralnet-asic-TTIHP26/src/classification_tree.sv:3534$474'.
No latch inferred for signal `\classification_tree.\tree_90$func$/home/marc-andre/binaryneuralnet-asic-TTIHP26/src/classification_tree.sv:3534$121.$result' from process `\classification_tree.$proc$/home/marc-andre/binaryneuralnet-asic-TTIHP26/src/classification_tree.sv:3534$474'.
No latch inferred for signal `\classification_tree.\tree_90$func$/home/marc-andre/binaryneuralnet-asic-TTIHP26/src/classification_tree.sv:3534$121.emb' from process `\classification_tree.$proc$/home/marc-andre/binaryneuralnet-asic-TTIHP26/src/classification_tree.sv:3534$474'.
No latch inferred for signal `\classification_tree.\tree_80$func$/home/marc-andre/binaryneuralnet-asic-TTIHP26/src/classification_tree.sv:3533$20.$result' from process `\classification_tree.$proc$/home/marc-andre/binaryneuralnet-asic-TTIHP26/src/classification_tree.sv:3533$456'.
No latch inferred for signal `\classification_tree.\tree_80$func$/home/marc-andre/binaryneuralnet-asic-TTIHP26/src/classification_tree.sv:3533$120.$result' from process `\classification_tree.$proc$/home/marc-andre/binaryneuralnet-asic-TTIHP26/src/classification_tree.sv:3533$456'.
No latch inferred for signal `\classification_tree.\tree_80$func$/home/marc-andre/binaryneuralnet-asic-TTIHP26/src/classification_tree.sv:3533$120.emb' from process `\classification_tree.$proc$/home/marc-andre/binaryneuralnet-asic-TTIHP26/src/classification_tree.sv:3533$456'.
No latch inferred for signal `\classification_tree.\tree_70$func$/home/marc-andre/binaryneuralnet-asic-TTIHP26/src/classification_tree.sv:3532$19.$result' from process `\classification_tree.$proc$/home/marc-andre/binaryneuralnet-asic-TTIHP26/src/classification_tree.sv:3532$438'.
No latch inferred for signal `\classification_tree.\tree_70$func$/home/marc-andre/binaryneuralnet-asic-TTIHP26/src/classification_tree.sv:3532$119.$result' from process `\classification_tree.$proc$/home/marc-andre/binaryneuralnet-asic-TTIHP26/src/classification_tree.sv:3532$438'.
No latch inferred for signal `\classification_tree.\tree_70$func$/home/marc-andre/binaryneuralnet-asic-TTIHP26/src/classification_tree.sv:3532$119.emb' from process `\classification_tree.$proc$/home/marc-andre/binaryneuralnet-asic-TTIHP26/src/classification_tree.sv:3532$438'.
No latch inferred for signal `\classification_tree.\tree_60$func$/home/marc-andre/binaryneuralnet-asic-TTIHP26/src/classification_tree.sv:3531$18.$result' from process `\classification_tree.$proc$/home/marc-andre/binaryneuralnet-asic-TTIHP26/src/classification_tree.sv:3531$420'.
No latch inferred for signal `\classification_tree.\tree_60$func$/home/marc-andre/binaryneuralnet-asic-TTIHP26/src/classification_tree.sv:3531$118.$result' from process `\classification_tree.$proc$/home/marc-andre/binaryneuralnet-asic-TTIHP26/src/classification_tree.sv:3531$420'.
No latch inferred for signal `\classification_tree.\tree_60$func$/home/marc-andre/binaryneuralnet-asic-TTIHP26/src/classification_tree.sv:3531$118.emb' from process `\classification_tree.$proc$/home/marc-andre/binaryneuralnet-asic-TTIHP26/src/classification_tree.sv:3531$420'.
No latch inferred for signal `\classification_tree.\tree_50$func$/home/marc-andre/binaryneuralnet-asic-TTIHP26/src/classification_tree.sv:3530$17.$result' from process `\classification_tree.$proc$/home/marc-andre/binaryneuralnet-asic-TTIHP26/src/classification_tree.sv:3530$402'.
No latch inferred for signal `\classification_tree.\tree_50$func$/home/marc-andre/binaryneuralnet-asic-TTIHP26/src/classification_tree.sv:3530$117.$result' from process `\classification_tree.$proc$/home/marc-andre/binaryneuralnet-asic-TTIHP26/src/classification_tree.sv:3530$402'.
No latch inferred for signal `\classification_tree.\tree_50$func$/home/marc-andre/binaryneuralnet-asic-TTIHP26/src/classification_tree.sv:3530$117.emb' from process `\classification_tree.$proc$/home/marc-andre/binaryneuralnet-asic-TTIHP26/src/classification_tree.sv:3530$402'.
No latch inferred for signal `\classification_tree.\tree_40$func$/home/marc-andre/binaryneuralnet-asic-TTIHP26/src/classification_tree.sv:3529$16.$result' from process `\classification_tree.$proc$/home/marc-andre/binaryneuralnet-asic-TTIHP26/src/classification_tree.sv:3529$384'.
No latch inferred for signal `\classification_tree.\tree_40$func$/home/marc-andre/binaryneuralnet-asic-TTIHP26/src/classification_tree.sv:3529$116.$result' from process `\classification_tree.$proc$/home/marc-andre/binaryneuralnet-asic-TTIHP26/src/classification_tree.sv:3529$384'.
No latch inferred for signal `\classification_tree.\tree_40$func$/home/marc-andre/binaryneuralnet-asic-TTIHP26/src/classification_tree.sv:3529$116.emb' from process `\classification_tree.$proc$/home/marc-andre/binaryneuralnet-asic-TTIHP26/src/classification_tree.sv:3529$384'.
No latch inferred for signal `\classification_tree.\tree_30$func$/home/marc-andre/binaryneuralnet-asic-TTIHP26/src/classification_tree.sv:3528$15.$result' from process `\classification_tree.$proc$/home/marc-andre/binaryneuralnet-asic-TTIHP26/src/classification_tree.sv:3528$366'.
No latch inferred for signal `\classification_tree.\tree_30$func$/home/marc-andre/binaryneuralnet-asic-TTIHP26/src/classification_tree.sv:3528$115.$result' from process `\classification_tree.$proc$/home/marc-andre/binaryneuralnet-asic-TTIHP26/src/classification_tree.sv:3528$366'.
No latch inferred for signal `\classification_tree.\tree_30$func$/home/marc-andre/binaryneuralnet-asic-TTIHP26/src/classification_tree.sv:3528$115.emb' from process `\classification_tree.$proc$/home/marc-andre/binaryneuralnet-asic-TTIHP26/src/classification_tree.sv:3528$366'.
No latch inferred for signal `\classification_tree.\tree_20$func$/home/marc-andre/binaryneuralnet-asic-TTIHP26/src/classification_tree.sv:3527$14.$result' from process `\classification_tree.$proc$/home/marc-andre/binaryneuralnet-asic-TTIHP26/src/classification_tree.sv:3527$348'.
No latch inferred for signal `\classification_tree.\tree_20$func$/home/marc-andre/binaryneuralnet-asic-TTIHP26/src/classification_tree.sv:3527$114.$result' from process `\classification_tree.$proc$/home/marc-andre/binaryneuralnet-asic-TTIHP26/src/classification_tree.sv:3527$348'.
No latch inferred for signal `\classification_tree.\tree_20$func$/home/marc-andre/binaryneuralnet-asic-TTIHP26/src/classification_tree.sv:3527$114.emb' from process `\classification_tree.$proc$/home/marc-andre/binaryneuralnet-asic-TTIHP26/src/classification_tree.sv:3527$348'.
No latch inferred for signal `\classification_tree.\tree_10$func$/home/marc-andre/binaryneuralnet-asic-TTIHP26/src/classification_tree.sv:3526$13.$result' from process `\classification_tree.$proc$/home/marc-andre/binaryneuralnet-asic-TTIHP26/src/classification_tree.sv:3526$330'.
No latch inferred for signal `\classification_tree.\tree_10$func$/home/marc-andre/binaryneuralnet-asic-TTIHP26/src/classification_tree.sv:3526$113.$result' from process `\classification_tree.$proc$/home/marc-andre/binaryneuralnet-asic-TTIHP26/src/classification_tree.sv:3526$330'.
No latch inferred for signal `\classification_tree.\tree_10$func$/home/marc-andre/binaryneuralnet-asic-TTIHP26/src/classification_tree.sv:3526$113.emb' from process `\classification_tree.$proc$/home/marc-andre/binaryneuralnet-asic-TTIHP26/src/classification_tree.sv:3526$330'.
No latch inferred for signal `\classification_tree.\tree_0$func$/home/marc-andre/binaryneuralnet-asic-TTIHP26/src/classification_tree.sv:3525$12.$result' from process `\classification_tree.$proc$/home/marc-andre/binaryneuralnet-asic-TTIHP26/src/classification_tree.sv:3525$312'.
No latch inferred for signal `\classification_tree.\tree_0$func$/home/marc-andre/binaryneuralnet-asic-TTIHP26/src/classification_tree.sv:3525$112.$result' from process `\classification_tree.$proc$/home/marc-andre/binaryneuralnet-asic-TTIHP26/src/classification_tree.sv:3525$312'.
No latch inferred for signal `\classification_tree.\tree_0$func$/home/marc-andre/binaryneuralnet-asic-TTIHP26/src/classification_tree.sv:3525$112.emb' from process `\classification_tree.$proc$/home/marc-andre/binaryneuralnet-asic-TTIHP26/src/classification_tree.sv:3525$312'.
No latch inferred for signal `\classification_tree.\number_o' from process `\classification_tree.$proc$/home/marc-andre/binaryneuralnet-asic-TTIHP26/src/classification_tree.sv:3646$302'.
No latch inferred for signal `\classification_tree.\max_score' from process `\classification_tree.$proc$/home/marc-andre/binaryneuralnet-asic-TTIHP26/src/classification_tree.sv:3646$302'.
No latch inferred for signal `\main.\sram_req' from process `\main.$proc$/home/marc-andre/binaryneuralnet-asic-TTIHP26/src/main.sv:233$11'.
