
===========================================================================
report_checks -unconstrained
===========================================================================
======================= nom_typ_1p20V_25C Corner ===================================

Startpoint: rst_n (input port clocked by clk)
Endpoint: m.u_conv2._3331_ (recovery check against rising-edge clock clk)
Path Group: asynchronous
Path Type: max

Fanout         Cap        Slew       Delay        Time   Description
---------------------------------------------------------------------------------------------
                                  0.000000    0.000000   clock clk (rise edge)
                                  0.000000    0.000000   clock network delay (propagated)
                                 20.000000   20.000000 ^ input external delay
     1    0.002778    0.020010    0.002405   20.002405 ^ rst_n (in)
                                                         rst_n (net)
                      0.020010    0.000000   20.002405 ^ input1/A (sg13g2_buf_1)
     6    0.116174    0.477159    0.349948   20.352354 ^ input1/X (sg13g2_buf_1)
                                                         net1 (net)
                      0.484198    0.046514   20.398867 ^ fanout1819/A (sg13g2_buf_1)
     4    0.058669    0.243530    0.320664   20.719532 ^ fanout1819/X (sg13g2_buf_1)
                                                         net1819 (net)
                      0.243782    0.006446   20.725979 ^ fanout1801/A (sg13g2_buf_1)
     5    0.061350    0.254706    0.286956   21.012934 ^ fanout1801/X (sg13g2_buf_1)
                                                         net1801 (net)
                      0.254717    0.001412   21.014347 ^ fanout1788/A (sg13g2_buf_1)
     4    0.031971    0.137227    0.208766   21.223112 ^ fanout1788/X (sg13g2_buf_1)
                                                         net1788 (net)
                      0.137327    0.002002   21.225115 ^ fanout1784/A (sg13g2_buf_1)
     4    0.032540    0.138287    0.184322   21.409437 ^ fanout1784/X (sg13g2_buf_1)
                                                         net1784 (net)
                      0.138294    0.000830   21.410267 ^ fanout1783/A (sg13g2_buf_1)
     6    0.046184    0.193388    0.222226   21.632492 ^ fanout1783/X (sg13g2_buf_1)
                                                         net1783 (net)
                      0.193428    0.002329   21.634821 ^ fanout1782/A (sg13g2_buf_1)
     8    0.055861    0.232405    0.262508   21.897329 ^ fanout1782/X (sg13g2_buf_1)
                                                         net1782 (net)
                      0.232569    0.005105   21.902433 ^ m.u_conv2._3331_/RESET_B (sg13g2_dfrbpq_1)
                                             21.902433   data arrival time

                                100.000000  100.000000   clock clk (rise edge)
                                  0.000000  100.000000   clock source latency
     2    0.149938    0.149921    0.155950  100.155945 ^ clk (in)
                                                         clk (net)
                      0.224461    0.000000  100.155945 ^ clkbuf_regs_0_clk/A (sg13g2_buf_16)
     1    0.018396    0.028662    0.133142  100.289085 ^ clkbuf_regs_0_clk/X (sg13g2_buf_16)
                                                         clk_regs (net)
                      0.028667    0.000810  100.289902 ^ clkbuf_0_clk_regs/A (sg13g2_buf_16)
     8    0.164784    0.054337    0.084015  100.373917 ^ clkbuf_0_clk_regs/X (sg13g2_buf_16)
                                                         clknet_0_clk_regs (net)
                      0.064697    0.018055  100.391968 ^ clkbuf_3_5_0_clk_regs/A (sg13g2_buf_8)
     7    0.102028    0.064423    0.112372  100.504341 ^ clkbuf_3_5_0_clk_regs/X (sg13g2_buf_8)
                                                         clknet_3_5_0_clk_regs (net)
                      0.064470    0.001556  100.505898 ^ clkbuf_leaf_31_clk_regs/A (sg13g2_buf_8)
    16    0.084291    0.055320    0.108265  100.614159 ^ clkbuf_leaf_31_clk_regs/X (sg13g2_buf_8)
                                                         clknet_leaf_31_clk_regs (net)
                      0.055774    0.003986  100.618149 ^ m.u_conv2._3331_/CLK (sg13g2_dfrbpq_1)
                                 -0.250000  100.368149   clock uncertainty
                                  0.000000  100.368149   clock reconvergence pessimism
                                 -0.179587  100.188560   library recovery time
                                            100.188560   data required time
---------------------------------------------------------------------------------------------
                                            100.188560   data required time
                                            -21.902433   data arrival time
---------------------------------------------------------------------------------------------
                                             78.286125   slack (MET)


Startpoint: m.u_conv3._522_ (rising edge-triggered flip-flop clocked by clk)
Endpoint: uo_out[1] (output port clocked by clk)
Path Group: clk
Path Type: max

Fanout         Cap        Slew       Delay        Time   Description
---------------------------------------------------------------------------------------------
                                  0.000000    0.000000   clock clk (rise edge)
                                  0.000000    0.000000   clock source latency
     2    0.149938    0.149921    0.155949    0.155949 ^ clk (in)
                                                         clk (net)
                      0.224461    0.000000    0.155949 ^ clkbuf_regs_0_clk/A (sg13g2_buf_16)
     1    0.018396    0.028662    0.133143    0.289092 ^ clkbuf_regs_0_clk/X (sg13g2_buf_16)
                                                         clk_regs (net)
                      0.028667    0.000811    0.289903 ^ clkbuf_0_clk_regs/A (sg13g2_buf_16)
     8    0.164784    0.054337    0.084016    0.373919 ^ clkbuf_0_clk_regs/X (sg13g2_buf_16)
                                                         clknet_0_clk_regs (net)
                      0.062739    0.016124    0.390042 ^ clkbuf_3_2_0_clk_regs/A (sg13g2_buf_8)
     7    0.109224    0.068248    0.113383    0.503425 ^ clkbuf_3_2_0_clk_regs/X (sg13g2_buf_8)
                                                         clknet_3_2_0_clk_regs (net)
                      0.071091    0.010840    0.514266 ^ clkbuf_leaf_11_clk_regs/A (sg13g2_buf_8)
    16    0.095244    0.061064    0.114864    0.629129 ^ clkbuf_leaf_11_clk_regs/X (sg13g2_buf_8)
                                                         clknet_leaf_11_clk_regs (net)
                      0.061488    0.004099    0.633228 ^ m.u_conv3._522_/CLK (sg13g2_dfrbpq_1)
     1    0.003457    0.025840    0.184104    0.817333 ^ m.u_conv3._522_/Q (sg13g2_dfrbpq_1)
                                                         m.u_conv3.input_buf[61] (net)
                      0.025840    0.000222    0.817554 ^ hold3060/A (sg13g2_dlygate4sd3_1)
     1    0.005684    0.043838    0.365002    1.182556 ^ hold3060/X (sg13g2_dlygate4sd3_1)
                                                         net3060 (net)
                      0.043838    0.000349    1.182905 ^ fanout1533/A (sg13g2_buf_1)
     4    0.118896    0.487535    0.371770    1.554675 ^ fanout1533/X (sg13g2_buf_1)
                                                         net1533 (net)
                      0.490652    0.031797    1.586472 ^ fanout1532/A (sg13g2_buf_1)
     8    0.042968    0.181776    0.279778    1.866249 ^ fanout1532/X (sg13g2_buf_1)
                                                         net1532 (net)
                      0.181795    0.001956    1.868206 ^ m.u_conv3.u_weights._15930_/A (sg13g2_xor2_1)
     8    0.082423    0.703526    0.602567    2.470773 ^ m.u_conv3.u_weights._15930_/X (sg13g2_xor2_1)
                                                         m.u_conv3.u_weights._07999_ (net)
                      0.703581    0.005286    2.476059 ^ m.u_conv3.u_weights._15936_/B (sg13g2_nand2_1)
     7    0.046602    0.356711    0.473262    2.949321 v m.u_conv3.u_weights._15936_/Y (sg13g2_nand2_1)
                                                         m.u_conv3.u_weights._08065_ (net)
                      0.356731    0.002942    2.952263 v m.u_conv3.u_weights._15944_/A1 (sg13g2_a22oi_1)
     1    0.011088    0.147389    0.202371    3.154634 ^ m.u_conv3.u_weights._15944_/Y (sg13g2_a22oi_1)
                                                         m.u_conv3.u_weights._08153_ (net)
                      0.147394    0.001071    3.155705 ^ fanout346/A (sg13g2_buf_1)
     4    0.096024    0.394590    0.354744    3.510449 ^ fanout346/X (sg13g2_buf_1)
                                                         net346 (net)
                      0.394664    0.004587    3.515036 ^ fanout345/A (sg13g2_buf_1)
     4    0.135274    0.554388    0.499387    4.014423 ^ fanout345/X (sg13g2_buf_1)
                                                         net345 (net)
                      0.559446    0.042865    4.057288 ^ fanout343/A (sg13g2_buf_1)
     8    0.077470    0.320257    0.380081    4.437369 ^ fanout343/X (sg13g2_buf_1)
                                                         net343 (net)
                      0.320735    0.010213    4.447582 ^ m.u_conv3.u_weights._15951_/B (sg13g2_xnor2_1)
     2    0.097522    0.890166    0.736136    5.183718 ^ m.u_conv3.u_weights._15951_/Y (sg13g2_xnor2_1)
                                                         m.u_conv3.u_weights._08229_ (net)
                      0.890341    0.010540    5.194258 ^ fanout333/A (sg13g2_buf_1)
     8    0.177853    0.725981    0.675671    5.869929 ^ fanout333/X (sg13g2_buf_1)
                                                         net333 (net)
                      0.732075    0.053849    5.923778 ^ fanout332/A (sg13g2_buf_1)
     6    0.186321    0.760581    0.677771    6.601549 ^ fanout332/X (sg13g2_buf_1)
                                                         net332 (net)
                      0.760581    0.000121    6.601670 ^ fanout331/A (sg13g2_buf_1)
     8    0.086239    0.357107    0.420614    7.022284 ^ fanout331/X (sg13g2_buf_1)
                                                         net331 (net)
                      0.358429    0.017899    7.040183 ^ m.u_conv3.u_weights._15954_/B (sg13g2_nand2_1)
     3    0.022920    0.242584    0.249766    7.289949 v m.u_conv3.u_weights._15954_/Y (sg13g2_nand2_1)
                                                         m.u_conv3.u_weights._08262_ (net)
                      0.242602    0.002124    7.292073 v m.u_conv3.u_weights._22610_/A (sg13g2_xnor2_1)
     4    0.168091    1.388377    1.073345    8.365418 ^ m.u_conv3.u_weights._22610_/Y (sg13g2_xnor2_1)
                                                         m.u_conv3.u_weights._12450_ (net)
                      1.391949    0.058214    8.423633 ^ m.u_conv3.u_weights._22613_/A (sg13g2_xnor2_1)
     2    0.011287    0.271861    0.333903    8.757535 ^ m.u_conv3.u_weights._22613_/Y (sg13g2_xnor2_1)
                                                         m.u_conv3.u_weights._12453_ (net)
                      0.271861    0.000719    8.758255 ^ m.u_conv3.u_weights._22615_/B (sg13g2_xor2_1)
     2    0.010676    0.127723    0.203491    8.961746 ^ m.u_conv3.u_weights._22615_/X (sg13g2_xor2_1)
                                                         m.u_conv3.u_weights._12455_ (net)
                      0.127725    0.000714    8.962461 ^ m.u_conv3.u_weights._22620_/A (sg13g2_xnor2_1)
     2    0.009924    0.122816    0.144690    9.107151 ^ m.u_conv3.u_weights._22620_/Y (sg13g2_xnor2_1)
                                                         m.u_conv3.u_weights._12461_ (net)
                      0.122817    0.000634    9.107785 ^ m.u_conv3.u_weights._22622_/B (sg13g2_xor2_1)
     2    0.009953    0.111260    0.165456    9.273241 ^ m.u_conv3.u_weights._22622_/X (sg13g2_xor2_1)
                                                         m.u_conv3.u_weights._12463_ (net)
                      0.111260    0.000357    9.273598 ^ m.u_conv3.u_weights._22623_/B (sg13g2_xnor2_1)
     2    0.009323    0.114039    0.132069    9.405667 ^ m.u_conv3.u_weights._22623_/Y (sg13g2_xnor2_1)
                                                         m.u_conv3.u_weights._12464_ (net)
                      0.114040    0.000540    9.406208 ^ m.u_conv3.u_weights._22624_/B (sg13g2_xnor2_1)
     2    0.009415    0.118748    0.133581    9.539789 ^ m.u_conv3.u_weights._22624_/Y (sg13g2_xnor2_1)
                                                         m.u_conv3.u_weights._12465_ (net)
                      0.118748    0.000330    9.540119 ^ m.u_conv3.u_weights._22626_/B (sg13g2_xor2_1)
     2    0.009749    0.114469    0.163134    9.703253 ^ m.u_conv3.u_weights._22626_/X (sg13g2_xor2_1)
                                                         m.u_conv3.u_weights._12467_ (net)
                      0.114469    0.000321    9.703573 ^ m.u_conv3.u_weights._22659_/B (sg13g2_xnor2_1)
     2    0.010085    0.119612    0.137993    9.841566 ^ m.u_conv3.u_weights._22659_/Y (sg13g2_xnor2_1)
                                                         m.u_conv3.u_weights._12504_ (net)
                      0.119612    0.000329    9.841895 ^ m.u_conv3.u_weights._22731_/B (sg13g2_xor2_1)
     2    0.010309    0.117250    0.166622   10.008517 ^ m.u_conv3.u_weights._22731_/X (sg13g2_xor2_1)
                                                         m.u_conv3.u_weights._12583_ (net)
                      0.117250    0.000330   10.008847 ^ m.u_conv3.u_weights._22733_/B (sg13g2_xnor2_1)
     2    0.009619    0.116626    0.135890   10.144738 ^ m.u_conv3.u_weights._22733_/Y (sg13g2_xnor2_1)
                                                         m.u_conv3.u_weights._12585_ (net)
                      0.116626    0.000328   10.145065 ^ m.u_conv3.u_weights._22734_/B (sg13g2_xnor2_1)
     2    0.008587    0.109067    0.128920   10.273986 ^ m.u_conv3.u_weights._22734_/Y (sg13g2_xnor2_1)
                                                         m.u_conv3.u_weights._12586_ (net)
                      0.109068    0.000563   10.274549 ^ m.u_conv3.u_weights._22736_/B (sg13g2_xor2_1)
     2    0.009090    0.112533    0.156651   10.431199 ^ m.u_conv3.u_weights._22736_/X (sg13g2_xor2_1)
                                                         m.u_conv3.u_weights._12588_ (net)
                      0.112533    0.000329   10.431528 ^ m.u_conv3.u_weights._22739_/A (sg13g2_xor2_1)
     2    0.009810    0.153463    0.165751   10.597279 ^ m.u_conv3.u_weights._22739_/X (sg13g2_xor2_1)
                                                         m.u_conv3.u_weights._12592_ (net)
                      0.153463    0.000712   10.597991 ^ m.u_conv3.u_weights._22745_/A (sg13g2_xnor2_1)
     3    0.011634    0.095541    0.144196   10.742187 v m.u_conv3.u_weights._22745_/Y (sg13g2_xnor2_1)
                                                         m.u_conv3.u_weights._12598_ (net)
                      0.095544    0.000689   10.742876 v m.u_conv3.u_weights._22748_/A1 (sg13g2_o21ai_1)
     2    0.009013    0.132133    0.152190   10.895066 ^ m.u_conv3.u_weights._22748_/Y (sg13g2_o21ai_1)
                                                         m.u_conv3.u_weights._12601_ (net)
                      0.132133    0.000520   10.895586 ^ m.u_conv3.u_weights._22757_/A (sg13g2_nand4_1)
     3    0.012058    0.172298    0.186463   11.082049 v m.u_conv3.u_weights._22757_/Y (sg13g2_nand4_1)
                                                         m.u_conv3.u_weights._12611_ (net)
                      0.172308    0.001047   11.083097 v m.u_conv3.u_weights._22761_/A1 (sg13g2_a21oi_1)
     2    0.006781    0.086472    0.125389   11.208486 ^ m.u_conv3.u_weights._22761_/Y (sg13g2_a21oi_1)
                                                         m.u_conv3.u_weights._12616_ (net)
                      0.086472    0.000207   11.208693 ^ m.u_conv3.u_weights._22762_/B1 (sg13g2_a21o_1)
     2    0.007867    0.047002    0.103044   11.311737 ^ m.u_conv3.u_weights._22762_/X (sg13g2_a21o_1)
                                                         m.u_conv3.u_weights._12617_ (net)
                      0.047007    0.000460   11.312197 ^ m.u_conv3.u_weights._22765_/A (sg13g2_nand2_1)
     1    0.003468    0.043749    0.049504   11.361701 v m.u_conv3.u_weights._22765_/Y (sg13g2_nand2_1)
                                                         m.u_conv3.u_weights._12620_ (net)
                      0.043749    0.000139   11.361840 v m.u_conv3.u_weights._22775_/A1 (sg13g2_a21oi_1)
     3    0.172094    1.427587    0.993247   12.355088 ^ m.u_conv3.u_weights._22775_/Y (sg13g2_a21oi_1)
                                                         m.embedding[39] (net)
                      1.434174    0.079806   12.434894 ^ fanout64/A (sg13g2_buf_1)
     8    0.064077    0.270633    0.435369   12.870262 ^ fanout64/X (sg13g2_buf_1)
                                                         net64 (net)
                      0.270741    0.004499   12.874762 ^ m.u_tree._1572_/A (sg13g2_inv_1)
     8    0.098604    0.339574    0.379655   13.254416 v m.u_tree._1572_/Y (sg13g2_inv_1)
                                                         m.u_tree._1228_ (net)
                      0.339653    0.004434   13.258850 v m.u_tree._2498_/A1 (sg13g2_a21oi_1)
     2    0.009258    0.125816    0.172609   13.431459 ^ m.u_tree._2498_/Y (sg13g2_a21oi_1)
                                                         m.u_tree._1564_ (net)
                      0.125816    0.000303   13.431763 ^ m.u_tree._2500_/B (sg13g2_xnor2_1)
     2    0.011313    0.131432    0.149460   13.581223 ^ m.u_tree._2500_/Y (sg13g2_xnor2_1)
                                                         m.u_tree._1566_ (net)
                      0.131439    0.000766   13.581989 ^ m.u_tree._2528_/A (sg13g2_xor2_1)
     2    0.010042    0.113264    0.173230   13.755219 ^ m.u_tree._2528_/X (sg13g2_xor2_1)
                                                         m.u_tree._0028_ (net)
                      0.113265    0.000659   13.755878 ^ m.u_tree._2530_/B (sg13g2_xnor2_1)
     2    0.010221    0.120462    0.138360   13.894239 ^ m.u_tree._2530_/Y (sg13g2_xnor2_1)
                                                         m.u_tree._0030_ (net)
                      0.120508    0.000679   13.894917 ^ m.u_tree._2565_/A (sg13g2_xor2_1)
     2    0.014461    0.146992    0.195740   14.090658 ^ m.u_tree._2565_/X (sg13g2_xor2_1)
                                                         m.u_tree._0069_ (net)
                      0.147001    0.000926   14.091584 ^ m.u_tree._2567_/B (sg13g2_xnor2_1)
     2    0.009888    0.080612    0.123635   14.215219 v m.u_tree._2567_/Y (sg13g2_xnor2_1)
                                                         m.u_tree._0071_ (net)
                      0.080612    0.000271   14.215490 v m.u_tree._2577_/A1 (sg13g2_o21ai_1)
     2    0.009623    0.131660    0.150884   14.366374 ^ m.u_tree._2577_/Y (sg13g2_o21ai_1)
                                                         m.u_tree._0082_ (net)
                      0.131660    0.000316   14.366691 ^ m.u_tree._2581_/A (sg13g2_xnor2_1)
     2    0.009827    0.117372    0.145231   14.511921 ^ m.u_tree._2581_/Y (sg13g2_xnor2_1)
                                                         m.u_tree._0086_ (net)
                      0.117373    0.000536   14.512458 ^ m.u_tree._2586_/B (sg13g2_xnor2_1)
     2    0.010086    0.120113    0.138747   14.651204 ^ m.u_tree._2586_/Y (sg13g2_xnor2_1)
                                                         m.u_tree._0092_ (net)
                      0.120162    0.000732   14.651937 ^ m.u_tree._2592_/B (sg13g2_xor2_1)
     2    0.009342    0.108145    0.161180   14.813116 ^ m.u_tree._2592_/X (sg13g2_xor2_1)
                                                         m.u_tree._0098_ (net)
                      0.108145    0.000276   14.813392 ^ m.u_tree._2593_/A2 (sg13g2_a21oi_1)
     3    0.016633    0.117742    0.148042   14.961433 v m.u_tree._2593_/Y (sg13g2_a21oi_1)
                                                         m.u_tree._0100_ (net)
                      0.117746    0.000870   14.962304 v m.u_tree._2595_/A1 (sg13g2_o21ai_1)
     2    0.009774    0.136794    0.164050   15.126354 ^ m.u_tree._2595_/Y (sg13g2_o21ai_1)
                                                         m.u_tree._0102_ (net)
                      0.136795    0.000632   15.126987 ^ m.u_tree._2859_/A (sg13g2_xnor2_1)
     3    0.013710    0.105292    0.148690   15.275677 v m.u_tree._2859_/Y (sg13g2_xnor2_1)
                                                         m.u_tree._0392_ (net)
                      0.105351    0.001268   15.276944 v m.u_tree._2876_/A1 (sg13g2_a221oi_1)
     2    0.006636    0.149644    0.188360   15.465304 ^ m.u_tree._2876_/Y (sg13g2_a221oi_1)
                                                         m.u_tree._0411_ (net)
                      0.149644    0.000307   15.465611 ^ m.u_tree._2878_/C (sg13g2_or3_1)
     7    0.030895    0.131805    0.196131   15.661742 ^ m.u_tree._2878_/X (sg13g2_or3_1)
                                                         m.u_tree._0413_ (net)
                      0.131807    0.000449   15.662192 ^ m.u_tree._2895_/C (sg13g2_nand3_1)
     3    0.010039    0.114615    0.149035   15.811227 v m.u_tree._2895_/Y (sg13g2_nand3_1)
                                                         m.u_tree._0432_ (net)
                      0.114645    0.000298   15.811525 v m.u_tree._2898_/B (sg13g2_nand3_1)
     4    0.016825    0.098954    0.119064   15.930589 ^ m.u_tree._2898_/Y (sg13g2_nand3_1)
                                                         m.u_tree._0435_ (net)
                      0.099011    0.001481   15.932071 ^ m.u_tree._2900_/C (sg13g2_nand3_1)
     1    0.003558    0.062739    0.099501   16.031570 v m.u_tree._2900_/Y (sg13g2_nand3_1)
                                                         m.u_tree._0437_ (net)
                      0.062739    0.000142   16.031713 v m.u_tree._2906_/A2 (sg13g2_o21ai_1)
     7    0.029226    0.311464    0.275174   16.306887 ^ m.u_tree._2906_/Y (sg13g2_o21ai_1)
                                                         m.u_tree._0444_ (net)
                      0.311493    0.002460   16.309347 ^ m.u_tree._2914_/B (sg13g2_nand3b_1)
     4    0.024542    0.248219    0.310825   16.620173 v m.u_tree._2914_/Y (sg13g2_nand3b_1)
                                                         m.u_tree._0453_ (net)
                      0.248311    0.001407   16.621580 v m.u_tree._2918_/B (sg13g2_and3_1)
     2    0.006422    0.036864    0.158352   16.779930 v m.u_tree._2918_/X (sg13g2_and3_1)
                                                         m.u_tree._0457_ (net)
                      0.036881    0.000194   16.780125 v m.u_tree._2922_/A (sg13g2_or2_1)
     1    0.006945    0.038810    0.116650   16.896774 v m.u_tree._2922_/X (sg13g2_or2_1)
                                                         m.u_tree._0461_ (net)
                      0.038815    0.000437   16.897211 v m.u_tree._2946_/A1 (sg13g2_a221oi_1)
     5    0.021797    0.326641    0.299925   17.197136 ^ m.u_tree._2946_/Y (sg13g2_a221oi_1)
                                                         m.u_tree._0488_ (net)
                      0.326655    0.001721   17.198858 ^ m.u_tree._2950_/B (sg13g2_or3_1)
     2    0.010487    0.058545    0.192928   17.391787 ^ m.u_tree._2950_/X (sg13g2_or3_1)
                                                         m.u_tree._0492_ (net)
                      0.058552    0.000652   17.392439 ^ fanout11/A (sg13g2_buf_1)
     8    0.033376    0.141740    0.159393   17.551830 ^ fanout11/X (sg13g2_buf_1)
                                                         net11 (net)
                      0.141780    0.001975   17.553806 ^ m.u_tree._2964_/A2 (sg13g2_a221oi_1)
     2    0.010762    0.114976    0.149720   17.703526 v m.u_tree._2964_/Y (sg13g2_a221oi_1)
                                                         m.u_tree._0508_ (net)
                      0.114979    0.001041   17.704567 v m.u_tree._2975_/A (sg13g2_nor4_1)
     3    0.017764    0.344313    0.345095   18.049662 ^ m.u_tree._2975_/Y (sg13g2_nor4_1)
                                                         m.u_tree._0520_ (net)
                      0.344320    0.001249   18.050911 ^ m.u_tree._2991_/B1 (sg13g2_o21ai_1)
     2    0.007317    0.101978    0.127040   18.177950 v m.u_tree._2991_/Y (sg13g2_o21ai_1)
                                                         m.u_tree._0537_ (net)
                      0.101978    0.000419   18.178370 v m.u_tree._2994_/B1 (sg13g2_a221oi_1)
     8    0.056744    0.749386    0.620455   18.798824 ^ m.u_tree._2994_/Y (sg13g2_a221oi_1)
                                                         m.u_tree._0541_ (net)
                      0.749401    0.002773   18.801598 ^ m.u_tree._2996_/S (sg13g2_mux2_1)
     3    0.026195    0.104201    0.350413   19.152010 v m.u_tree._2996_/X (sg13g2_mux2_1)
                                                         m.u_tree._0543_ (net)
                      0.104254    0.002180   19.154190 v m.u_tree._3004_/A1 (sg13g2_a22oi_1)
     3    0.012764    0.144176    0.155673   19.309862 ^ m.u_tree._3004_/Y (sg13g2_a22oi_1)
                                                         m.u_tree._0552_ (net)
                      0.144182    0.000677   19.310539 ^ m.u_tree._3021_/A1 (sg13g2_o21ai_1)
     2    0.009251    0.082417    0.124233   19.434772 v m.u_tree._3021_/Y (sg13g2_o21ai_1)
                                                         m.u_tree._0570_ (net)
                      0.082419    0.000560   19.435331 v m.u_tree._3022_/B1 (sg13g2_a21oi_1)
     5    0.021815    0.204297    0.195909   19.631241 ^ m.u_tree._3022_/Y (sg13g2_a21oi_1)
                                                         m.u_tree._0571_ (net)
                      0.204310    0.001345   19.632586 ^ m.u_tree._3026_/A (sg13g2_nor2_1)
     3    0.015286    0.093926    0.132880   19.765467 v m.u_tree._3026_/Y (sg13g2_nor2_1)
                                                         m.u_tree._0576_ (net)
                      0.093932    0.000789   19.766254 v m.u_tree._3031_/S (sg13g2_mux2_1)
     3    0.022141    0.103401    0.212136   19.978392 ^ m.u_tree._3031_/X (sg13g2_mux2_1)
                                                         m.u_tree._0581_ (net)
                      0.103420    0.001361   19.979752 ^ m.u_tree._3032_/A2 (sg13g2_a21oi_1)
     1    0.004610    0.066640    0.090898   20.070650 v m.u_tree._3032_/Y (sg13g2_a21oi_1)
                                                         m.u_tree._0582_ (net)
                      0.066640    0.000329   20.070978 v m.u_tree._3051_/A1 (sg13g2_o21ai_1)
     6    0.028085    0.300522    0.275081   20.346060 ^ m.u_tree._3051_/Y (sg13g2_o21ai_1)
                                                         m.u_tree._0603_ (net)
                      0.300530    0.001295   20.347355 ^ m.u_tree._3059_/B1 (sg13g2_a221oi_1)
     2    0.014265    0.162338    0.207567   20.554922 v m.u_tree._3059_/Y (sg13g2_a221oi_1)
                                                         m.u_tree._0612_ (net)
                      0.162405    0.001016   20.555939 v m.u_tree._3061_/A (sg13g2_or2_1)
     2    0.008013    0.043185    0.160171   20.716108 v m.u_tree._3061_/X (sg13g2_or2_1)
                                                         m.u_tree._0614_ (net)
                      0.043191    0.000524   20.716633 v m.u_tree._3071_/B (sg13g2_or2_1)
     1    0.004254    0.032272    0.105455   20.822088 v m.u_tree._3071_/X (sg13g2_or2_1)
                                                         m.u_tree._0625_ (net)
                      0.032272    0.000307   20.822395 v m.u_tree._3079_/A1 (sg13g2_a221oi_1)
     7    0.028063    0.401605    0.353003   21.175398 ^ m.u_tree._3079_/Y (sg13g2_a221oi_1)
                                                         m.u_tree._0634_ (net)
                      0.401612    0.001318   21.176716 ^ m.u_tree._3080_/B (sg13g2_nor2_1)
     3    0.016234    0.137148    0.173840   21.350555 v m.u_tree._3080_/Y (sg13g2_nor2_1)
                                                         m.u_tree._0635_ (net)
                      0.137158    0.001142   21.351698 v m.u_tree._3081_/S (sg13g2_mux2_1)
     3    0.019887    0.094507    0.217252   21.568951 ^ m.u_tree._3081_/X (sg13g2_mux2_1)
                                                         m.u_tree._0636_ (net)
                      0.094530    0.001391   21.570341 ^ m.u_tree._3086_/A2 (sg13g2_a21oi_1)
     1    0.004666    0.070927    0.088491   21.658833 v m.u_tree._3086_/Y (sg13g2_a21oi_1)
                                                         m.u_tree._0642_ (net)
                      0.070927    0.000339   21.659170 v m.u_tree._3106_/A1 (sg13g2_o21ai_1)
     5    0.018909    0.215533    0.212655   21.871826 ^ m.u_tree._3106_/Y (sg13g2_o21ai_1)
                                                         m.u_tree._0664_ (net)
                      0.215539    0.000949   21.872774 ^ m.u_tree._3107_/B (sg13g2_nand2_1)
     5    0.034760    0.220016    0.259256   22.132030 v m.u_tree._3107_/Y (sg13g2_nand2_1)
                                                         m.u_tree._0665_ (net)
                      0.220034    0.002073   22.134104 v m.u_tree._3117_/S (sg13g2_mux2_1)
     2    0.014057    0.071891    0.218158   22.352261 ^ m.u_tree._3117_/X (sg13g2_mux2_1)
                                                         m.u_tree._0676_ (net)
                      0.071905    0.000995   22.353256 ^ m.u_tree._3119_/B2 (sg13g2_a221oi_1)
     1    0.004072    0.075102    0.084093   22.437349 v m.u_tree._3119_/Y (sg13g2_a221oi_1)
                                                         m.u_tree._0678_ (net)
                      0.075102    0.000304   22.437653 v m.u_tree._3127_/A1 (sg13g2_o21ai_1)
     4    0.017643    0.203263    0.204809   22.642462 ^ m.u_tree._3127_/Y (sg13g2_o21ai_1)
                                                         m.u_tree._0687_ (net)
                      0.203294    0.002037   22.644499 ^ m.u_tree._3139_/C (sg13g2_and4_1)
     1    0.009988    0.065420    0.225780   22.870279 ^ m.u_tree._3139_/X (sg13g2_and4_1)
                                                         m.number_o[1] (net)
                      0.065432    0.000869   22.871147 ^ _81_/A (sg13g2_buf_1)
     1    0.006952    0.038514    0.087013   22.958160 ^ _81_/X (sg13g2_buf_1)
                                                         uo_out[1] (net)
                      0.038519    0.000435   22.958595 ^ uo_out[1] (out)
                                             22.958595   data arrival time

                                100.000000  100.000000   clock clk (rise edge)
                                  0.000000  100.000000   clock network delay (propagated)
                                 -0.250000   99.750000   clock uncertainty
                                  0.000000   99.750000   clock reconvergence pessimism
                                -20.000000   79.750000   output external delay
                                             79.750000   data required time
---------------------------------------------------------------------------------------------
                                             79.750000   data required time
                                            -22.958595   data arrival time
---------------------------------------------------------------------------------------------
                                             56.791401   slack (MET)




===========================================================================
report_checks --slack_max -0.01
============================================================================
======================= nom_typ_1p20V_25C Corner ===================================

No paths found.


===========================================================================
 report_check_types -max_slew -max_cap -max_fanout -violators
============================================================================
======================= nom_typ_1p20V_25C Corner ===================================

max fanout

Pin                                   Limit Fanout  Slack
---------------------------------------------------------
clkbuf_leaf_12_clk_regs/X                 8     18    -10 (VIOLATED)
clkbuf_leaf_10_clk_regs/X                 8     17     -9 (VIOLATED)
clkbuf_leaf_13_clk_regs/X                 8     17     -9 (VIOLATED)
clkbuf_leaf_14_clk_regs/X                 8     17     -9 (VIOLATED)
clkbuf_leaf_15_clk_regs/X                 8     17     -9 (VIOLATED)
clkbuf_leaf_17_clk_regs/X                 8     17     -9 (VIOLATED)
clkbuf_leaf_18_clk_regs/X                 8     17     -9 (VIOLATED)
clkbuf_leaf_25_clk_regs/X                 8     17     -9 (VIOLATED)
clkbuf_leaf_26_clk_regs/X                 8     17     -9 (VIOLATED)
clkbuf_leaf_29_clk_regs/X                 8     17     -9 (VIOLATED)
clkbuf_leaf_30_clk_regs/X                 8     17     -9 (VIOLATED)
clkbuf_leaf_41_clk_regs/X                 8     17     -9 (VIOLATED)
clkbuf_leaf_42_clk_regs/X                 8     17     -9 (VIOLATED)
clkbuf_leaf_48_clk_regs/X                 8     17     -9 (VIOLATED)
clkbuf_leaf_8_clk_regs/X                  8     17     -9 (VIOLATED)
clkbuf_leaf_9_clk_regs/X                  8     17     -9 (VIOLATED)
clkbuf_leaf_11_clk_regs/X                 8     16     -8 (VIOLATED)
clkbuf_leaf_19_clk_regs/X                 8     16     -8 (VIOLATED)
clkbuf_leaf_20_clk_regs/X                 8     16     -8 (VIOLATED)
clkbuf_leaf_21_clk_regs/X                 8     16     -8 (VIOLATED)
clkbuf_leaf_23_clk_regs/X                 8     16     -8 (VIOLATED)
clkbuf_leaf_28_clk_regs/X                 8     16     -8 (VIOLATED)
clkbuf_leaf_31_clk_regs/X                 8     16     -8 (VIOLATED)
clkbuf_leaf_33_clk_regs/X                 8     16     -8 (VIOLATED)
clkbuf_leaf_34_clk_regs/X                 8     16     -8 (VIOLATED)
clkbuf_leaf_35_clk_regs/X                 8     16     -8 (VIOLATED)
clkbuf_leaf_36_clk_regs/X                 8     16     -8 (VIOLATED)
clkbuf_leaf_37_clk_regs/X                 8     16     -8 (VIOLATED)
clkbuf_leaf_39_clk_regs/X                 8     16     -8 (VIOLATED)
clkbuf_leaf_49_clk_regs/X                 8     16     -8 (VIOLATED)
clkbuf_leaf_7_clk_regs/X                  8     16     -8 (VIOLATED)
fanout507/X                               8     16     -8 (VIOLATED)
clkbuf_leaf_16_clk_regs/X                 8     15     -7 (VIOLATED)
clkbuf_leaf_22_clk_regs/X                 8     15     -7 (VIOLATED)
clkbuf_leaf_24_clk_regs/X                 8     15     -7 (VIOLATED)
clkbuf_leaf_32_clk_regs/X                 8     15     -7 (VIOLATED)
clkbuf_leaf_6_clk_regs/X                  8     15     -7 (VIOLATED)
fanout701/X                               8     15     -7 (VIOLATED)
clkbuf_leaf_1_clk_regs/X                  8     14     -6 (VIOLATED)
clkbuf_leaf_27_clk_regs/X                 8     14     -6 (VIOLATED)
clkbuf_leaf_2_clk_regs/X                  8     14     -6 (VIOLATED)
clkbuf_leaf_38_clk_regs/X                 8     14     -6 (VIOLATED)
clkbuf_leaf_3_clk_regs/X                  8     14     -6 (VIOLATED)
clkbuf_leaf_43_clk_regs/X                 8     14     -6 (VIOLATED)
clkbuf_leaf_44_clk_regs/X                 8     14     -6 (VIOLATED)
clkbuf_leaf_45_clk_regs/X                 8     14     -6 (VIOLATED)
clkbuf_leaf_4_clk_regs/X                  8     14     -6 (VIOLATED)
clkbuf_leaf_40_clk_regs/X                 8     13     -5 (VIOLATED)
clkbuf_leaf_50_clk_regs/X                 8     13     -5 (VIOLATED)
clkbuf_leaf_5_clk_regs/X                  8     13     -5 (VIOLATED)
fanout675/X                               8     13     -5 (VIOLATED)
clkbuf_leaf_0_clk_regs/X                  8     12     -4 (VIOLATED)
clkbuf_leaf_46_clk_regs/X                 8     12     -4 (VIOLATED)
fanout460/X                               8     12     -4 (VIOLATED)
fanout498/X                               8     12     -4 (VIOLATED)
fanout483/X                               8     11     -3 (VIOLATED)
m.u_conv3.u_weights._15824_/Y             8     11     -3 (VIOLATED)
fanout1482/X                              8     10     -2 (VIOLATED)
fanout725/X                               8     10     -2 (VIOLATED)
fanout798/X                               8     10     -2 (VIOLATED)
fanout800/X                               8     10     -2 (VIOLATED)
fanout801/X                               8     10     -2 (VIOLATED)
fanout802/X                               8     10     -2 (VIOLATED)
fanout803/X                               8     10     -2 (VIOLATED)
fanout804/X                               8     10     -2 (VIOLATED)
fanout808/X                               8     10     -2 (VIOLATED)
fanout810/X                               8     10     -2 (VIOLATED)
fanout1226/X                              8      9        (VIOLATED)
fanout673/X                               8      9        (VIOLATED)
fanout678/X                               8      9        (VIOLATED)
fanout900/X                               8      9        (VIOLATED)

max capacitance

Pin                                        Limit         Cap       Slack
------------------------------------------------------------------------
sram/A_DOUT[6]                          0.064000    0.065128   -0.001128 (VIOLATED)



===========================================================================
report_parasitic_annotation -report_unannotated
============================================================================
Found 48 unannotated drivers.
 ena
 uio_in[1]
 uio_in[2]
 uio_in[3]
 uio_in[4]
 uio_in[5]
 uio_in[6]
 uio_in[7]
 clkload0/X
 clkload1/X
 clkload10/Y
 clkload11/X
 clkload12/Y
 clkload13/Y
 clkload14/X
 clkload15/Y
 clkload16/Y
 clkload17/Y
 clkload18/X
 clkload19/Y
 clkload2/X
 clkload20/Y
 clkload21/X
 clkload22/Y
 clkload23/Y
 clkload24/Y
 clkload25/Y
 clkload26/Y
 clkload27/Y
 clkload28/Y
 clkload29/Y
 clkload3/X
 clkload30/X
 clkload31/Y
 clkload32/Y
 clkload33/X
 clkload34/Y
 clkload35/Y
 clkload36/Y
 clkload37/Y
 clkload38/Y
 clkload39/Y
 clkload4/Y
 clkload5/Y
 clkload6/Y
 clkload7/Y
 clkload8/Y
 clkload9/Y
Found 0 partially unannotated drivers.

===========================================================================
max slew violation count 0
max fanout violation count 71
max cap violation count 1
============================================================================

===========================================================================
check_setup -verbose -unconstrained_endpoints -multiple_clock -no_clock -no_input_delay -loops -generated_clocks
===========================================================================
