Clock: clk
Sources: clk 
Generated: no
Virtual: yes
Propagated: no
Period: 100.000000

===========================================================================
report_clock_properties
============================================================================
Clock                   Period          Waveform
----------------------------------------------------
clk                 100.000000    0.000000 50.000000

===========================================================================
report_clock_latency
============================================================================
Clock clk
rise -> rise
    min     max
0.000000 0.000000 source latency
0.534440         network latency sram/A_CLK
        0.644820 network latency m.u_mnist_loader._73_/CLK
---------------
0.534440 0.644820 latency
        0.110380 skew

fall -> fall
    min     max
0.000000 0.000000 source latency
0.541053         network latency sram/A_CLK
        0.621036 network latency m.u_mnist_loader._73_/CLK
---------------
0.541053 0.621036 latency
        0.079982 skew



===========================================================================
report_clock_min_period
============================================================================
clk period_min = 14.06 fmax = 71.14
