
===========================================================================
 report_power
============================================================================
======================= nom_typ_1p20V_25C Corner ===================================

Group                    Internal    Switching      Leakage        Total
                            Power        Power        Power        Power (Watts)
------------------------------------------------------------------------
Sequential           4.074942e-04 3.693862e-07 3.467091e-07 4.082103e-04  59.4%
Combinational        1.640747e-05 1.869598e-05 3.552702e-06 3.865615e-05   5.6%
Clock                6.611318e-05 7.945906e-05 3.359243e-05 1.791647e-04  26.1%
Macro                6.136233e-05 0.000000e+00 2.475190e-08 6.138708e-05   8.9%
Pad                  0.000000e+00 0.000000e+00 0.000000e+00 0.000000e+00   0.0%
------------------------------------------------------------------------
Total                5.513770e-04 9.852445e-05 3.751181e-05 6.874132e-04 100.0%
                            80.2%        14.3%         5.5%

