Reading timing models for corner nom_typ_1p20V_25C…
Reading timing library for the 'nom_typ_1p20V_25C' corner at '/Users/marcandre/Desktop/Startup/TowardsBNN/binaryneuralnet-asic-TTIHP26/ttsetup/pdk/ciel/ihp-sg13g2/versions/c4b8b4e5e7a05f375cca3815d51b3a37721fbf5c/ihp-sg13g2/libs.ref/sg13g2_stdcell/lib/sg13g2_stdcell_typ_1p20V_25C.lib'…
Reading timing library for the 'nom_typ_1p20V_25C' corner at '/Users/marcandre/Desktop/Startup/TowardsBNN/binaryneuralnet-asic-TTIHP26/ttsetup/pdk/ciel/ihp-sg13g2/versions/c4b8b4e5e7a05f375cca3815d51b3a37721fbf5c/ihp-sg13g2/libs.ref/sg13g2_io/lib/sg13g2_io_typ_1p2V_3p3V_25C.lib'…
Reading timing library for the 'nom_typ_1p20V_25C' corner at '/Users/marcandre/Desktop/Startup/TowardsBNN/binaryneuralnet-asic-TTIHP26/macros/SRAM/RM_IHPSG13_1P_256x8_c3_bm_bist_typ_1p20V_25C.lib'…
Reading timing library for the 'nom_typ_1p20V_25C' corner at '/Users/marcandre/Desktop/Startup/TowardsBNN/binaryneuralnet-asic-TTIHP26/macros/SRAM/RM_IHPSG13_1P_256x8_c3_bm_bist_typ_1p20V_25C.lib'…
[WARNING STA-1140] /Users/marcandre/Desktop/Startup/TowardsBNN/binaryneuralnet-asic-TTIHP26/macros/SRAM/RM_IHPSG13_1P_256x8_c3_bm_bist_typ_1p20V_25C.lib line 20, library RM_IHPSG13_1P_256x8_c3_bm_bist_typ_1p20V_25C already exists.
Reading OpenROAD database at '/Users/marcandre/Desktop/Startup/TowardsBNN/binaryneuralnet-asic-TTIHP26/runs/wokwi/17-odb-manualmacroplacement/tt_um_maw_mnistbnn.odb'…
Reading design constraints file at '/nix/store/nxfh9ig6whzb1djifv7z8km0rkvp0kxl-python3-3.13.9-env/lib/python3.13/site-packages/librelane/scripts/base.sdc'…
[INFO] Using clock clk…
[INFO] Setting output delay to: 20
[INFO] Setting input delay to: 20
[INFO] Setting load to: 0.006
[INFO] Setting clock uncertainty to: 0.25
[INFO] Setting clock transition to: 0.15
[INFO] Setting timing derate to: 5%
+ cut_rows -halo_width_x 10 -halo_width_y 10
[INFO ODB-0303] The initial 186 rows (497364 sites) were cut with 1 shapes for a total of 255 rows (483771 sites).
Setting global connections for newly added cells…
[INFO] Setting global connections...
sram matched with sram
sram matched with sram
[INFO ODB-0403] 0 connections made, 0 conflicts skipped.
Updating metrics…
Cell type report:                       Count       Area
  Macro                                     1   17546.88
  Buffer                                   24     174.18
  Inverter                                748    4071.51
  Sequential cell                         754   36937.56
  Multi-Input combinational cell        21101  228173.50
  Total                                 22628  286903.63
Writing OpenROAD database to '/Users/marcandre/Desktop/Startup/TowardsBNN/binaryneuralnet-asic-TTIHP26/runs/wokwi/18-openroad-cutrows/tt_um_maw_mnistbnn.odb'…
Writing layout to '/Users/marcandre/Desktop/Startup/TowardsBNN/binaryneuralnet-asic-TTIHP26/runs/wokwi/18-openroad-cutrows/tt_um_maw_mnistbnn.def'…
