[WARNING ORD-0039] .openroad ignored with -python
                                Cells by Master                                 
┏━━━━━━━━━━━━━━━━━━━━━━━━━━━━━━━━━━━━━━━━━━━━━━━━━━━━━━━━━━━━━━━━┳━━━━━━━━━━━━━┓
┃ Cell                                                           ┃ Count       ┃
┡━━━━━━━━━━━━━━━━━━━━━━━━━━━━━━━━━━━━━━━━━━━━━━━━━━━━━━━━━━━━━━━━╇━━━━━━━━━━━━━┩
│ RM_IHPSG13_1P_256x8_c3_bm_bist                                 │ 1           │
│ sg13g2_a21o_1                                                  │ 618         │
│ sg13g2_a21oi_1                                                 │ 1876        │
│ sg13g2_a221oi_1                                                │ 138         │
│ sg13g2_a22oi_1                                                 │ 422         │
│ sg13g2_and2_1                                                  │ 932         │
│ sg13g2_and3_1                                                  │ 104         │
│ sg13g2_and4_1                                                  │ 23          │
│ sg13g2_antennanp                                               │ 104         │
│ sg13g2_buf_1                                                   │ 1835        │
│ sg13g2_buf_16                                                  │ 8           │
│ sg13g2_buf_2                                                   │ 2           │
│ sg13g2_buf_4                                                   │ 4           │
│ sg13g2_buf_8                                                   │ 72          │
│ sg13g2_decap_4                                                 │ 4994        │
│ sg13g2_decap_8                                                 │ 39884       │
│ sg13g2_dfrbpq_1                                                │ 754         │
│ sg13g2_dlygate4sd3_1                                           │ 849         │
│ sg13g2_fill_1                                                  │ 6344        │
│ sg13g2_fill_2                                                  │ 6170        │
│ sg13g2_inv_1                                                   │ 758         │
│ sg13g2_inv_16                                                  │ 1           │
│ sg13g2_inv_2                                                   │ 9           │
│ sg13g2_inv_4                                                   │ 8           │
│ sg13g2_inv_8                                                   │ 2           │
│ sg13g2_mux2_1                                                  │ 222         │
│ sg13g2_nand2_1                                                 │ 2428        │
│ sg13g2_nand2b_1                                                │ 836         │
│ sg13g2_nand3_1                                                 │ 468         │
│ sg13g2_nand3b_1                                                │ 26          │
│ sg13g2_nand4_1                                                 │ 110         │
│ sg13g2_nor2_1                                                  │ 1924        │
│ sg13g2_nor2b_1                                                 │ 716         │
│ sg13g2_nor3_1                                                  │ 234         │
│ sg13g2_nor4_1                                                  │ 47          │
│ sg13g2_o21ai_1                                                 │ 2378        │
│ sg13g2_or2_1                                                   │ 345         │
│ sg13g2_or3_1                                                   │ 154         │
│ sg13g2_or4_1                                                   │ 5           │
│ sg13g2_tiehi                                                   │ 81          │
│ sg13g2_tielo                                                   │ 322         │
│ sg13g2_xnor2_1                                                 │ 4696        │
│ sg13g2_xor2_1                                                  │ 2231        │
└────────────────────────────────────────────────────────────────┴─────────────┘
                               Cells by Function                                
┏━━━━━━━━━━━━━━━━━━━━━━━━━━━━━━━━━━━━━━━━━━━━━━━━━━━━━┳━━━━━━━━━━━━━━━━━━━━━━━━┓
┃ Cell Function                                       ┃ Count                  ┃
┡━━━━━━━━━━━━━━━━━━━━━━━━━━━━━━━━━━━━━━━━━━━━━━━━━━━━━╇━━━━━━━━━━━━━━━━━━━━━━━━┩
└─────────────────────────────────────────────────────┴────────────────────────┘
                                  Cells by SCL                                  
┏━━━━━━━━━━━━━━━━━━━━━━━━━━━━━━━━━┳━━━━━━━━━━━━━━━━━━━━━━━━━━━━━━━━━━━━━━━━━━━━┓
┃ SCL                             ┃ Count                                      ┃
┡━━━━━━━━━━━━━━━━━━━━━━━━━━━━━━━━━╇━━━━━━━━━━━━━━━━━━━━━━━━━━━━━━━━━━━━━━━━━━━━┩
└─────────────────────────────────┴────────────────────────────────────────────┘
                             Buffers by Cell Master                             
┏━━━━━━━━━━━━━━━━━━━━━━━━━━━━━━━━━━━━━━━━━━━━━━━━━━━━━━━━━━━┳━━━━━━━━━━━━━━━━━━┓
┃ Buffer                                                    ┃ Count            ┃
┡━━━━━━━━━━━━━━━━━━━━━━━━━━━━━━━━━━━━━━━━━━━━━━━━━━━━━━━━━━━╇━━━━━━━━━━━━━━━━━━┩
│ sg13g2_buf_1                                              │ 1835             │
│ sg13g2_buf_16                                             │ 8                │
│ sg13g2_buf_2                                              │ 2                │
│ sg13g2_buf_4                                              │ 4                │
│ sg13g2_buf_8                                              │ 72               │
│ sg13g2_dlygate4sd3_1                                      │ 849              │
└───────────────────────────────────────────────────────────┴──────────────────┘
