┏━━━━━━━━━━━━━━━━━━━━━━┳━━━━━━━━━━┳━━━━━━━━━━┳━━━━━━━━━━┳━━━━━━━━━━┳━━━━━━━━━━━┳━━━━━━━━━━┳━━━━━━━━━━━┳━━━━━━━━━━┳━━━━━━━━━━━┳━━━━━━━━━━┳━━━━━━━━━━━┳━━━━━━━━━━┓
┃                      ┃ Hold     ┃ Reg to   ┃          ┃          ┃ of which  ┃ Setup    ┃           ┃          ┃           ┃ of which ┃           ┃          ┃
┃                      ┃ Worst    ┃ Reg      ┃          ┃ Hold Vio ┃ reg to    ┃ Worst    ┃ Reg to    ┃ Setup    ┃ Setup Vio ┃ reg to   ┃ Max Cap   ┃ Max Slew ┃
┃ Corner/Group         ┃ Slack    ┃ Paths    ┃ Hold TNS ┃ Count    ┃ reg       ┃ Slack    ┃ Reg Paths ┃ TNS      ┃ Count     ┃ reg      ┃ Violatio… ┃ Violati… ┃
┡━━━━━━━━━━━━━━━━━━━━━━╇━━━━━━━━━━╇━━━━━━━━━━╇━━━━━━━━━━╇━━━━━━━━━━╇━━━━━━━━━━━╇━━━━━━━━━━╇━━━━━━━━━━━╇━━━━━━━━━━╇━━━━━━━━━━━╇━━━━━━━━━━╇━━━━━━━━━━━╇━━━━━━━━━━┩
│ Overall              │ -0.6378  │ -0.6378  │ -37.2770 │ 714      │ 714       │ 56.3858  │ 92.5550   │ 0.0000   │ 0         │ 0        │ 53        │ 758      │
│ nom_fast_1p32V_m40C  │ -0.6378  │ -0.6378  │ -37.2770 │ 674      │ 674       │ 69.7663  │ 96.2288   │ 0.0000   │ 0         │ 0        │ 53        │ 720      │
│ nom_slow_1p08V_125C  │ -0.3193  │ -0.3193  │ -1.5981  │ 7        │ 7         │ 56.3858  │ 92.5550   │ 0.0000   │ 0         │ 0        │ 32        │ 758      │
│ nom_typ_1p20V_25C    │ -0.5172  │ -0.5172  │ -6.5678  │ 33       │ 33        │ 64.6405  │ 95.1253   │ 0.0000   │ 0         │ 0        │ 46        │ 720      │
└──────────────────────┴──────────┴──────────┴──────────┴──────────┴───────────┴──────────┴───────────┴──────────┴───────────┴──────────┴───────────┴──────────┘
