
===========================================================================
report_checks -unconstrained
===========================================================================
======================= nom_typ_1p20V_25C Corner ===================================

Startpoint: rst_n (input port clocked by clk)
Endpoint: m.u_conv2._3331_ (recovery check against rising-edge clock clk)
Path Group: asynchronous
Path Type: max

Fanout         Cap        Slew       Delay        Time   Description
---------------------------------------------------------------------------------------------
                                  0.000000    0.000000   clock clk (rise edge)
                                  0.000000    0.000000   clock network delay (propagated)
                                 20.000000   20.000000 ^ input external delay
     1    0.002937    0.020166    0.002409   20.002409 ^ rst_n (in)
                                                         rst_n (net)
                      0.020166    0.000000   20.002409 ^ input1/A (sg13g2_buf_1)
     3    0.093063    0.383250    0.291031   20.293440 ^ input1/X (sg13g2_buf_1)
                                                         net1 (net)
                      0.389096    0.037907   20.331348 ^ fanout1819/A (sg13g2_buf_1)
     4    0.045903    0.193087    0.272831   20.604179 ^ fanout1819/X (sg13g2_buf_1)
                                                         net1819 (net)
                      0.193203    0.003878   20.608057 ^ fanout1801/A (sg13g2_buf_1)
     5    0.042131    0.177303    0.225922   20.833979 ^ fanout1801/X (sg13g2_buf_1)
                                                         net1801 (net)
                      0.177303    0.000277   20.834255 ^ fanout1788/A (sg13g2_buf_1)
     4    0.021283    0.095616    0.164643   20.998899 ^ fanout1788/X (sg13g2_buf_1)
                                                         net1788 (net)
                      0.095616    0.000055   20.998955 ^ fanout1784/A (sg13g2_buf_1)
     4    0.025404    0.109922    0.153683   21.152637 ^ fanout1784/X (sg13g2_buf_1)
                                                         net1784 (net)
                      0.109922    0.000099   21.152737 ^ fanout1783/A (sg13g2_buf_1)
     6    0.037298    0.157659    0.190893   21.343630 ^ fanout1783/X (sg13g2_buf_1)
                                                         net1783 (net)
                      0.157661    0.000423   21.344053 ^ fanout1782/A (sg13g2_buf_1)
     8    0.050030    0.208504    0.240171   21.584223 ^ fanout1782/X (sg13g2_buf_1)
                                                         net1782 (net)
                      0.208571    0.000968   21.585192 ^ m.u_conv2._3331_/RESET_B (sg13g2_dfrbpq_1)
                                             21.585192   data arrival time

                                100.000000  100.000000   clock clk (rise edge)
                                  0.000000  100.000000   clock source latency
     2    0.128734    0.134613    0.130449  100.130447 ^ clk (in)
                                                         clk (net)
                      0.168801    0.000000  100.130447 ^ clkbuf_regs_0_clk/A (sg13g2_buf_16)
     1    0.018223    0.026006    0.119918  100.250366 ^ clkbuf_regs_0_clk/X (sg13g2_buf_16)
                                                         clk_regs (net)
                      0.026007    0.000220  100.250587 ^ clkbuf_0_clk_regs/A (sg13g2_buf_16)
     8    0.148603    0.050002    0.083467  100.334053 ^ clkbuf_0_clk_regs/X (sg13g2_buf_16)
                                                         clknet_0_clk_regs (net)
                      0.054293    0.011291  100.345345 ^ clkbuf_3_5_0_clk_regs/A (sg13g2_buf_8)
     7    0.086202    0.055436    0.104023  100.449364 ^ clkbuf_3_5_0_clk_regs/X (sg13g2_buf_8)
                                                         clknet_3_5_0_clk_regs (net)
                      0.055440    0.000412  100.449776 ^ clkbuf_leaf_31_clk_regs/A (sg13g2_buf_8)
    16    0.067878    0.046409    0.099796  100.549576 ^ clkbuf_leaf_31_clk_regs/X (sg13g2_buf_8)
                                                         clknet_leaf_31_clk_regs (net)
                      0.046419    0.000668  100.550240 ^ m.u_conv2._3331_/CLK (sg13g2_dfrbpq_1)
                                 -0.250000  100.300247   clock uncertainty
                                  0.000000  100.300247   clock reconvergence pessimism
                                 -0.173688  100.126556   library recovery time
                                            100.126556   data required time
---------------------------------------------------------------------------------------------
                                            100.126556   data required time
                                            -21.585192   data arrival time
---------------------------------------------------------------------------------------------
                                             78.541367   slack (MET)


Startpoint: m.u_conv3._523_ (rising edge-triggered flip-flop clocked by clk)
Endpoint: uo_out[2] (output port clocked by clk)
Path Group: clk
Path Type: max

Fanout         Cap        Slew       Delay        Time   Description
---------------------------------------------------------------------------------------------
                                  0.000000    0.000000   clock clk (rise edge)
                                  0.000000    0.000000   clock source latency
     2    0.128734    0.134613    0.130446    0.130446 ^ clk (in)
                                                         clk (net)
                      0.168801    0.000000    0.130446 ^ clkbuf_regs_0_clk/A (sg13g2_buf_16)
     1    0.018223    0.026006    0.119919    0.250365 ^ clkbuf_regs_0_clk/X (sg13g2_buf_16)
                                                         clk_regs (net)
                      0.026007    0.000219    0.250584 ^ clkbuf_0_clk_regs/A (sg13g2_buf_16)
     8    0.148603    0.050002    0.083472    0.334056 ^ clkbuf_0_clk_regs/X (sg13g2_buf_16)
                                                         clknet_0_clk_regs (net)
                      0.053583    0.010271    0.344327 ^ clkbuf_3_2_0_clk_regs/A (sg13g2_buf_8)
     7    0.093807    0.059719    0.105844    0.450171 ^ clkbuf_3_2_0_clk_regs/X (sg13g2_buf_8)
                                                         clknet_3_2_0_clk_regs (net)
                      0.061538    0.008189    0.458359 ^ clkbuf_leaf_10_clk_regs/A (sg13g2_buf_8)
    17    0.071233    0.048194    0.104153    0.562512 ^ clkbuf_leaf_10_clk_regs/X (sg13g2_buf_8)
                                                         clknet_leaf_10_clk_regs (net)
                      0.048196    0.000407    0.562919 ^ m.u_conv3._523_/CLK (sg13g2_dfrbpq_1)
     7    0.072165    0.296292    0.363260    0.926179 ^ m.u_conv3._523_/Q (sg13g2_dfrbpq_1)
                                                         m.u_conv3.input_buf[62] (net)
                      0.297932    0.017884    0.944063 ^ m.u_conv3.u_weights._15928_/A (sg13g2_xor2_1)
     7    0.036439    0.335314    0.370683    1.314745 ^ m.u_conv3.u_weights._15928_/X (sg13g2_xor2_1)
                                                         m.u_conv3.u_weights._07977_ (net)
                      0.335314    0.000247    1.314993 ^ m.u_conv3.u_weights._15931_/B (sg13g2_xnor2_1)
     6    0.033679    0.332770    0.377817    1.692810 ^ m.u_conv3.u_weights._15931_/Y (sg13g2_xnor2_1)
                                                         m.u_conv3.u_weights._08010_ (net)
                      0.332771    0.000407    1.693217 ^ m.u_conv3.u_weights._15932_/B (sg13g2_nand2_1)
     1    0.004256    0.073030    0.115235    1.808452 v m.u_conv3.u_weights._15932_/Y (sg13g2_nand2_1)
                                                         m.u_conv3.u_weights._08021_ (net)
                      0.073030    0.000069    1.808521 v fanout352/A (sg13g2_buf_1)
     4    0.026173    0.087309    0.137751    1.946272 v fanout352/X (sg13g2_buf_1)
                                                         net352 (net)
                      0.087309    0.000088    1.946360 v fanout351/A (sg13g2_buf_1)
     8    0.037400    0.121239    0.168916    2.115276 v fanout351/X (sg13g2_buf_1)
                                                         net351 (net)
                      0.121239    0.000098    2.115374 v m.u_conv3.u_weights._15944_/B2 (sg13g2_a22oi_1)
     1    0.006867    0.104347    0.120280    2.235654 ^ m.u_conv3.u_weights._15944_/Y (sg13g2_a22oi_1)
                                                         m.u_conv3.u_weights._08153_ (net)
                      0.104347    0.000207    2.235862 ^ fanout346/A (sg13g2_buf_1)
     4    0.053948    0.223510    0.234344    2.470206 ^ fanout346/X (sg13g2_buf_1)
                                                         net346 (net)
                      0.223512    0.000588    2.470794 ^ fanout345/A (sg13g2_buf_1)
     4    0.086416    0.356094    0.344417    2.815211 ^ fanout345/X (sg13g2_buf_1)
                                                         net345 (net)
                      0.358684    0.024583    2.839793 ^ fanout343/A (sg13g2_buf_1)
     8    0.058495    0.243326    0.303010    3.142803 ^ fanout343/X (sg13g2_buf_1)
                                                         net343 (net)
                      0.243356    0.002267    3.145070 ^ m.u_conv3.u_weights._15951_/B (sg13g2_xnor2_1)
     2    0.059716    0.546777    0.488398    3.633467 ^ m.u_conv3.u_weights._15951_/Y (sg13g2_xnor2_1)
                                                         m.u_conv3.u_weights._08229_ (net)
                      0.546831    0.004605    3.638073 ^ fanout333/A (sg13g2_buf_1)
     8    0.105413    0.432577    0.451597    4.089670 ^ fanout333/X (sg13g2_buf_1)
                                                         net333 (net)
                      0.434916    0.025788    4.115458 ^ fanout332/A (sg13g2_buf_1)
     6    0.099212    0.407382    0.420491    4.535949 ^ fanout332/X (sg13g2_buf_1)
                                                         net332 (net)
                      0.407382    0.000215    4.536164 ^ fanout331/A (sg13g2_buf_1)
     8    0.056290    0.233850    0.302967    4.839131 ^ fanout331/X (sg13g2_buf_1)
                                                         net331 (net)
                      0.233976    0.004506    4.843637 ^ m.u_conv3.u_weights._15954_/B (sg13g2_nand2_1)
     3    0.015667    0.160326    0.169279    5.012917 v m.u_conv3.u_weights._15954_/Y (sg13g2_nand2_1)
                                                         m.u_conv3.u_weights._08262_ (net)
                      0.160326    0.000359    5.013276 v m.u_conv3.u_weights._22610_/A (sg13g2_xnor2_1)
     4    0.082382    0.693342    0.575339    5.588615 ^ m.u_conv3.u_weights._22610_/Y (sg13g2_xnor2_1)
                                                         m.u_conv3.u_weights._12450_ (net)
                      0.694198    0.020106    5.608721 ^ m.u_conv3.u_weights._22613_/A (sg13g2_xnor2_1)
     2    0.010307    0.187587    0.249387    5.858109 ^ m.u_conv3.u_weights._22613_/Y (sg13g2_xnor2_1)
                                                         m.u_conv3.u_weights._12453_ (net)
                      0.187587    0.000161    5.858270 ^ m.u_conv3.u_weights._22615_/B (sg13g2_xor2_1)
     2    0.010048    0.112569    0.183006    6.041276 ^ m.u_conv3.u_weights._22615_/X (sg13g2_xor2_1)
                                                         m.u_conv3.u_weights._12455_ (net)
                      0.112569    0.000077    6.041353 ^ m.u_conv3.u_weights._22620_/A (sg13g2_xnor2_1)
     2    0.009008    0.113444    0.135075    6.176427 ^ m.u_conv3.u_weights._22620_/Y (sg13g2_xnor2_1)
                                                         m.u_conv3.u_weights._12461_ (net)
                      0.113444    0.000069    6.176497 ^ m.u_conv3.u_weights._22622_/B (sg13g2_xor2_1)
     2    0.009297    0.105573    0.159168    6.335665 ^ m.u_conv3.u_weights._22622_/X (sg13g2_xor2_1)
                                                         m.u_conv3.u_weights._12463_ (net)
                      0.105573    0.000099    6.335763 ^ m.u_conv3.u_weights._22623_/B (sg13g2_xnor2_1)
     2    0.008830    0.109056    0.127350    6.463113 ^ m.u_conv3.u_weights._22623_/Y (sg13g2_xnor2_1)
                                                         m.u_conv3.u_weights._12464_ (net)
                      0.109056    0.000069    6.463182 ^ m.u_conv3.u_weights._22624_/B (sg13g2_xnor2_1)
     2    0.009155    0.112162    0.130477    6.593659 ^ m.u_conv3.u_weights._22624_/Y (sg13g2_xnor2_1)
                                                         m.u_conv3.u_weights._12465_ (net)
                      0.112162    0.000091    6.593750 ^ m.u_conv3.u_weights._22626_/B (sg13g2_xor2_1)
     2    0.008884    0.104833    0.156417    6.750167 ^ m.u_conv3.u_weights._22626_/X (sg13g2_xor2_1)
                                                         m.u_conv3.u_weights._12467_ (net)
                      0.104833    0.000066    6.750233 ^ m.u_conv3.u_weights._22659_/B (sg13g2_xnor2_1)
     2    0.009457    0.113489    0.131121    6.881354 ^ m.u_conv3.u_weights._22659_/Y (sg13g2_xnor2_1)
                                                         m.u_conv3.u_weights._12504_ (net)
                      0.113489    0.000058    6.881412 ^ m.u_conv3.u_weights._22731_/B (sg13g2_xor2_1)
     2    0.008884    0.104448    0.156781    7.038193 ^ m.u_conv3.u_weights._22731_/X (sg13g2_xor2_1)
                                                         m.u_conv3.u_weights._12583_ (net)
                      0.104448    0.000071    7.038265 ^ m.u_conv3.u_weights._22733_/B (sg13g2_xnor2_1)
     2    0.009186    0.111457    0.129278    7.167543 ^ m.u_conv3.u_weights._22733_/Y (sg13g2_xnor2_1)
                                                         m.u_conv3.u_weights._12585_ (net)
                      0.111457    0.000057    7.167600 ^ m.u_conv3.u_weights._22734_/B (sg13g2_xnor2_1)
     2    0.007934    0.103572    0.125616    7.293216 ^ m.u_conv3.u_weights._22734_/Y (sg13g2_xnor2_1)
                                                         m.u_conv3.u_weights._12586_ (net)
                      0.103572    0.000044    7.293260 ^ m.u_conv3.u_weights._22736_/B (sg13g2_xor2_1)
     2    0.008951    0.108004    0.154440    7.447700 ^ m.u_conv3.u_weights._22736_/X (sg13g2_xor2_1)
                                                         m.u_conv3.u_weights._12588_ (net)
                      0.108004    0.000079    7.447779 ^ m.u_conv3.u_weights._22739_/A (sg13g2_xor2_1)
     2    0.009439    0.121150    0.162455    7.610234 ^ m.u_conv3.u_weights._22739_/X (sg13g2_xor2_1)
                                                         m.u_conv3.u_weights._12592_ (net)
                      0.121150    0.000067    7.610300 ^ m.u_conv3.u_weights._22745_/A (sg13g2_xnor2_1)
     3    0.010398    0.084864    0.128190    7.738490 v m.u_conv3.u_weights._22745_/Y (sg13g2_xnor2_1)
                                                         m.u_conv3.u_weights._12598_ (net)
                      0.084864    0.000061    7.738551 v m.u_conv3.u_weights._22748_/A1 (sg13g2_o21ai_1)
     2    0.007851    0.119891    0.139980    7.878532 ^ m.u_conv3.u_weights._22748_/Y (sg13g2_o21ai_1)
                                                         m.u_conv3.u_weights._12601_ (net)
                      0.119891    0.000107    7.878638 ^ m.u_conv3.u_weights._22757_/A (sg13g2_nand4_1)
     3    0.010146    0.151458    0.166652    8.045291 v m.u_conv3.u_weights._22757_/Y (sg13g2_nand4_1)
                                                         m.u_conv3.u_weights._12611_ (net)
                      0.151458    0.000060    8.045351 v m.u_conv3.u_weights._22761_/A1 (sg13g2_a21oi_1)
     2    0.006569    0.084484    0.119378    8.164729 ^ m.u_conv3.u_weights._22761_/Y (sg13g2_a21oi_1)
                                                         m.u_conv3.u_weights._12616_ (net)
                      0.084484    0.000045    8.164775 ^ m.u_conv3.u_weights._22762_/B1 (sg13g2_a21o_1)
     2    0.006982    0.043697    0.099685    8.264460 ^ m.u_conv3.u_weights._22762_/X (sg13g2_a21o_1)
                                                         m.u_conv3.u_weights._12617_ (net)
                      0.043697    0.000055    8.264515 ^ m.u_conv3.u_weights._22765_/A (sg13g2_nand2_1)
     1    0.003309    0.041035    0.047780    8.312295 v m.u_conv3.u_weights._22765_/Y (sg13g2_nand2_1)
                                                         m.u_conv3.u_weights._12620_ (net)
                      0.041035    0.000020    8.312315 v m.u_conv3.u_weights._22775_/A1 (sg13g2_a21oi_1)
     3    0.111826    0.932639    0.673476    8.985790 ^ m.u_conv3.u_weights._22775_/Y (sg13g2_a21oi_1)
                                                         m.embedding[39] (net)
                      0.936809    0.051017    9.036807 ^ fanout64/A (sg13g2_buf_1)
     8    0.043169    0.185397    0.334149    9.370955 ^ fanout64/X (sg13g2_buf_1)
                                                         net64 (net)
                      0.185399    0.001079    9.372035 ^ m.u_tree._1572_/A (sg13g2_inv_1)
     8    0.058452    0.207152    0.244231    9.616266 v m.u_tree._1572_/Y (sg13g2_inv_1)
                                                         m.u_tree._1228_ (net)
                      0.207154    0.000607    9.616873 v m.u_tree._2498_/A1 (sg13g2_a21oi_1)
     2    0.009038    0.107654    0.147215    9.764088 ^ m.u_tree._2498_/Y (sg13g2_a21oi_1)
                                                         m.u_tree._1564_ (net)
                      0.107654    0.000065    9.764153 ^ m.u_tree._2500_/B (sg13g2_xnor2_1)
     2    0.009574    0.114783    0.132723    9.896875 ^ m.u_tree._2500_/Y (sg13g2_xnor2_1)
                                                         m.u_tree._1566_ (net)
                      0.114783    0.000091    9.896967 ^ m.u_tree._2528_/A (sg13g2_xor2_1)
     2    0.008801    0.102166    0.160806   10.057774 ^ m.u_tree._2528_/X (sg13g2_xor2_1)
                                                         m.u_tree._0028_ (net)
                      0.102166    0.000115   10.057888 ^ m.u_tree._2530_/B (sg13g2_xnor2_1)
     2    0.009331    0.112158    0.129488   10.187377 ^ m.u_tree._2530_/Y (sg13g2_xnor2_1)
                                                         m.u_tree._0030_ (net)
                      0.112158    0.000065   10.187442 ^ m.u_tree._2565_/A (sg13g2_xor2_1)
     2    0.010214    0.112807    0.168321   10.355762 ^ m.u_tree._2565_/X (sg13g2_xor2_1)
                                                         m.u_tree._0069_ (net)
                      0.112807    0.000172   10.355935 ^ m.u_tree._2567_/B (sg13g2_xnor2_1)
     2    0.009437    0.077589    0.111956   10.467891 v m.u_tree._2567_/Y (sg13g2_xnor2_1)
                                                         m.u_tree._0071_ (net)
                      0.077589    0.000029   10.467920 v m.u_tree._2577_/A1 (sg13g2_o21ai_1)
     2    0.009220    0.127734    0.146982   10.614902 ^ m.u_tree._2577_/Y (sg13g2_o21ai_1)
                                                         m.u_tree._0082_ (net)
                      0.127734    0.000066   10.614968 ^ m.u_tree._2581_/A (sg13g2_xnor2_1)
     2    0.009350    0.113006    0.141323   10.756291 ^ m.u_tree._2581_/Y (sg13g2_xnor2_1)
                                                         m.u_tree._0086_ (net)
                      0.113006    0.000073   10.756364 ^ m.u_tree._2586_/B (sg13g2_xnor2_1)
     2    0.009481    0.114940    0.133781   10.890145 ^ m.u_tree._2586_/Y (sg13g2_xnor2_1)
                                                         m.u_tree._0092_ (net)
                      0.114940    0.000106   10.890251 ^ m.u_tree._2592_/B (sg13g2_xor2_1)
     2    0.009318    0.107097    0.159710   11.049961 ^ m.u_tree._2592_/X (sg13g2_xor2_1)
                                                         m.u_tree._0098_ (net)
                      0.107097    0.000076   11.050037 ^ m.u_tree._2593_/A2 (sg13g2_a21oi_1)
     3    0.015882    0.113225    0.144693   11.194731 v m.u_tree._2593_/Y (sg13g2_a21oi_1)
                                                         m.u_tree._0100_ (net)
                      0.113225    0.000112   11.194842 v m.u_tree._2595_/A1 (sg13g2_o21ai_1)
     2    0.009005    0.129355    0.157434   11.352277 ^ m.u_tree._2595_/Y (sg13g2_o21ai_1)
                                                         m.u_tree._0102_ (net)
                      0.129355    0.000048   11.352324 ^ m.u_tree._2859_/A (sg13g2_xnor2_1)
     3    0.012673    0.098355    0.141704   11.494028 v m.u_tree._2859_/Y (sg13g2_xnor2_1)
                                                         m.u_tree._0392_ (net)
                      0.098355    0.000287   11.494315 v m.u_tree._2876_/A1 (sg13g2_a221oi_1)
     2    0.006212    0.144780    0.182738   11.677053 ^ m.u_tree._2876_/Y (sg13g2_a221oi_1)
                                                         m.u_tree._0411_ (net)
                      0.144780    0.000048   11.677101 ^ m.u_tree._2878_/C (sg13g2_or3_1)
     7    0.025722    0.111028    0.180903   11.858005 ^ m.u_tree._2878_/X (sg13g2_or3_1)
                                                         m.u_tree._0413_ (net)
                      0.111028    0.000092   11.858097 ^ m.u_tree._2895_/C (sg13g2_nand3_1)
     3    0.009820    0.111840    0.142158   12.000256 v m.u_tree._2895_/Y (sg13g2_nand3_1)
                                                         m.u_tree._0432_ (net)
                      0.111840    0.000108   12.000363 v m.u_tree._2898_/B (sg13g2_nand3_1)
     4    0.013750    0.084339    0.107324   12.107688 ^ m.u_tree._2898_/Y (sg13g2_nand3_1)
                                                         m.u_tree._0435_ (net)
                      0.084339    0.000185   12.107872 ^ m.u_tree._2900_/C (sg13g2_nand3_1)
     1    0.003336    0.059197    0.093444   12.201317 v m.u_tree._2900_/Y (sg13g2_nand3_1)
                                                         m.u_tree._0437_ (net)
                      0.059197    0.000018   12.201335 v m.u_tree._2906_/A2 (sg13g2_o21ai_1)
     7    0.025022    0.271206    0.245766   12.447101 ^ m.u_tree._2906_/Y (sg13g2_o21ai_1)
                                                         m.u_tree._0444_ (net)
                      0.271207    0.000553   12.447654 ^ m.u_tree._2914_/B (sg13g2_nand3b_1)
     4    0.018409    0.202179    0.250543   12.698196 v m.u_tree._2914_/Y (sg13g2_nand3b_1)
                                                         m.u_tree._0453_ (net)
                      0.202179    0.000382   12.698579 v m.u_tree._2918_/B (sg13g2_and3_1)
     2    0.006397    0.035354    0.147767   12.846346 v m.u_tree._2918_/X (sg13g2_and3_1)
                                                         m.u_tree._0457_ (net)
                      0.035354    0.000026   12.846372 v m.u_tree._2922_/A (sg13g2_or2_1)
     1    0.004153    0.031383    0.108145   12.954516 v m.u_tree._2922_/X (sg13g2_or2_1)
                                                         m.u_tree._0461_ (net)
                      0.031383    0.000049   12.954565 v m.u_tree._2946_/A1 (sg13g2_a221oi_1)
     5    0.017653    0.276852    0.260618   13.215183 ^ m.u_tree._2946_/Y (sg13g2_a221oi_1)
                                                         m.u_tree._0488_ (net)
                      0.276853    0.000325   13.215508 ^ m.u_tree._2950_/B (sg13g2_or3_1)
     2    0.007365    0.046551    0.171148   13.386657 ^ m.u_tree._2950_/X (sg13g2_or3_1)
                                                         m.u_tree._0492_ (net)
                      0.046551    0.000069   13.386725 ^ fanout11/A (sg13g2_buf_1)
     8    0.028586    0.122318    0.141812   13.528538 ^ fanout11/X (sg13g2_buf_1)
                                                         net11 (net)
                      0.122318    0.000139   13.528677 ^ m.u_tree._2964_/A2 (sg13g2_a221oi_1)
     2    0.008696    0.102742    0.133132   13.661809 v m.u_tree._2964_/Y (sg13g2_a221oi_1)
                                                         m.u_tree._0508_ (net)
                      0.102743    0.000196   13.662005 v m.u_tree._2975_/A (sg13g2_nor4_1)
     3    0.013092    0.270314    0.286831   13.948836 ^ m.u_tree._2975_/Y (sg13g2_nor4_1)
                                                         m.u_tree._0520_ (net)
                      0.270315    0.000377   13.949214 ^ m.u_tree._2991_/B1 (sg13g2_o21ai_1)
     2    0.006564    0.087001    0.110775   14.059988 v m.u_tree._2991_/Y (sg13g2_o21ai_1)
                                                         m.u_tree._0537_ (net)
                      0.087001    0.000055   14.060043 v m.u_tree._2994_/B1 (sg13g2_a221oi_1)
     8    0.048479    0.648424    0.543689   14.603732 ^ m.u_tree._2994_/Y (sg13g2_a221oi_1)
                                                         m.u_tree._0541_ (net)
                      0.648424    0.000440   14.604172 ^ m.u_tree._2996_/S (sg13g2_mux2_1)
     3    0.016246    0.078659    0.313748   14.917920 v m.u_tree._2996_/X (sg13g2_mux2_1)
                                                         m.u_tree._0543_ (net)
                      0.078661    0.000465   14.918386 v m.u_tree._3004_/A1 (sg13g2_a22oi_1)
     3    0.010469    0.126081    0.132884   15.051270 ^ m.u_tree._3004_/Y (sg13g2_a22oi_1)
                                                         m.u_tree._0552_ (net)
                      0.126081    0.000078   15.051348 ^ m.u_tree._3007_/A (sg13g2_and2_1)
     2    0.006822    0.042795    0.124716   15.176064 ^ m.u_tree._3007_/X (sg13g2_and2_1)
                                                         m.u_tree._0555_ (net)
                      0.042795    0.000073   15.176136 ^ m.u_tree._3022_/A1 (sg13g2_a21oi_1)
     5    0.018424    0.122959    0.125192   15.301329 v m.u_tree._3022_/Y (sg13g2_a21oi_1)
                                                         m.u_tree._0571_ (net)
                      0.122959    0.000233   15.301561 v m.u_tree._3041_/A1 (sg13g2_o21ai_1)
     3    0.013709    0.171410    0.194396   15.495957 ^ m.u_tree._3041_/Y (sg13g2_o21ai_1)
                                                         m.u_tree._0592_ (net)
                      0.171412    0.000426   15.496384 ^ m.u_tree._3043_/B (sg13g2_nand3_1)
     4    0.013096    0.141030    0.180924   15.677307 v m.u_tree._3043_/Y (sg13g2_nand3_1)
                                                         m.u_tree._0595_ (net)
                      0.141030    0.000101   15.677408 v m.u_tree._3049_/B1 (sg13g2_a221oi_1)
     1    0.004284    0.122553    0.163707   15.841116 ^ m.u_tree._3049_/Y (sg13g2_a221oi_1)
                                                         m.u_tree._0601_ (net)
                      0.122553    0.000046   15.841162 ^ m.u_tree._3051_/B1 (sg13g2_o21ai_1)
     6    0.021303    0.148633    0.164667   16.005829 v m.u_tree._3051_/Y (sg13g2_o21ai_1)
                                                         m.u_tree._0603_ (net)
                      0.148633    0.000201   16.006029 v m.u_tree._3060_/C (sg13g2_and3_1)
     2    0.010631    0.045906    0.150882   16.156912 v m.u_tree._3060_/X (sg13g2_and3_1)
                                                         m.u_tree._0613_ (net)
                      0.045908    0.000369   16.157280 v m.u_tree._3061_/B (sg13g2_or2_1)
     2    0.006845    0.039279    0.114158   16.271439 v m.u_tree._3061_/X (sg13g2_or2_1)
                                                         m.u_tree._0614_ (net)
                      0.039279    0.000055   16.271494 v m.u_tree._3071_/B (sg13g2_or2_1)
     1    0.003815    0.030861    0.102647   16.374140 v m.u_tree._3071_/X (sg13g2_or2_1)
                                                         m.u_tree._0625_ (net)
                      0.030861    0.000039   16.374180 v m.u_tree._3079_/A1 (sg13g2_a221oi_1)
     7    0.024384    0.357236    0.320641   16.694820 ^ m.u_tree._3079_/Y (sg13g2_a221oi_1)
                                                         m.u_tree._0634_ (net)
                      0.357236    0.000297   16.695116 ^ m.u_tree._3080_/B (sg13g2_nor2_1)
     3    0.015005    0.121716    0.158977   16.854094 v m.u_tree._3080_/Y (sg13g2_nor2_1)
                                                         m.u_tree._0635_ (net)
                      0.121716    0.000144   16.854239 v m.u_tree._3081_/S (sg13g2_mux2_1)
     3    0.014017    0.071639    0.195628   17.049866 ^ m.u_tree._3081_/X (sg13g2_mux2_1)
                                                         m.u_tree._0636_ (net)
                      0.071641    0.000430   17.050297 ^ m.u_tree._3086_/A2 (sg13g2_a21oi_1)
     1    0.004004    0.065302    0.076753   17.127048 v m.u_tree._3086_/Y (sg13g2_a21oi_1)
                                                         m.u_tree._0642_ (net)
                      0.065302    0.000039   17.127089 v m.u_tree._3106_/A1 (sg13g2_o21ai_1)
     5    0.016937    0.196597    0.197062   17.324150 ^ m.u_tree._3106_/Y (sg13g2_o21ai_1)
                                                         m.u_tree._0664_ (net)
                      0.196597    0.000068   17.324217 ^ m.u_tree._3107_/B (sg13g2_nand2_1)
     5    0.027463    0.177415    0.221437   17.545654 v m.u_tree._3107_/Y (sg13g2_nand2_1)
                                                         m.u_tree._0665_ (net)
                      0.177415    0.000350   17.546003 v m.u_tree._3117_/S (sg13g2_mux2_1)
     2    0.011322    0.061377    0.201986   17.747990 ^ m.u_tree._3117_/X (sg13g2_mux2_1)
                                                         m.u_tree._0676_ (net)
                      0.061378    0.000362   17.748352 ^ m.u_tree._3119_/B2 (sg13g2_a221oi_1)
     1    0.003557    0.071841    0.077675   17.826027 v m.u_tree._3119_/Y (sg13g2_a221oi_1)
                                                         m.u_tree._0678_ (net)
                      0.071841    0.000021   17.826048 v m.u_tree._3127_/A1 (sg13g2_o21ai_1)
     4    0.016033    0.187601    0.192992   18.019041 ^ m.u_tree._3127_/Y (sg13g2_o21ai_1)
                                                         m.u_tree._0687_ (net)
                      0.187603    0.000558   18.019598 ^ m.u_tree._3141_/C (sg13g2_and4_1)
     1    0.010456    0.066941    0.224203   18.243801 ^ m.u_tree._3141_/X (sg13g2_and4_1)
                                                         m.number_o[2] (net)
                      0.066943    0.000497   18.244299 ^ _82_/A (sg13g2_buf_1)
     1    0.006000    0.036330    0.085057   18.329357 ^ _82_/X (sg13g2_buf_1)
                                                         uo_out[2] (net)
                      0.036330    0.000000   18.329357 ^ uo_out[2] (out)
                                             18.329357   data arrival time

                                100.000000  100.000000   clock clk (rise edge)
                                  0.000000  100.000000   clock network delay (propagated)
                                 -0.250000   99.750000   clock uncertainty
                                  0.000000   99.750000   clock reconvergence pessimism
                                -20.000000   79.750000   output external delay
                                             79.750000   data required time
---------------------------------------------------------------------------------------------
                                             79.750000   data required time
                                            -18.329357   data arrival time
---------------------------------------------------------------------------------------------
                                             61.420639   slack (MET)




===========================================================================
report_checks --slack_max -0.01
============================================================================
======================= nom_typ_1p20V_25C Corner ===================================

No paths found.


===========================================================================
 report_check_types -max_slew -max_cap -max_fanout -violators
============================================================================
======================= nom_typ_1p20V_25C Corner ===================================

max fanout

Pin                                   Limit Fanout  Slack
---------------------------------------------------------
clkbuf_leaf_12_clk_regs/X                 8     18    -10 (VIOLATED)
clkbuf_leaf_10_clk_regs/X                 8     17     -9 (VIOLATED)
clkbuf_leaf_13_clk_regs/X                 8     17     -9 (VIOLATED)
clkbuf_leaf_14_clk_regs/X                 8     17     -9 (VIOLATED)
clkbuf_leaf_15_clk_regs/X                 8     17     -9 (VIOLATED)
clkbuf_leaf_17_clk_regs/X                 8     17     -9 (VIOLATED)
clkbuf_leaf_18_clk_regs/X                 8     17     -9 (VIOLATED)
clkbuf_leaf_25_clk_regs/X                 8     17     -9 (VIOLATED)
clkbuf_leaf_26_clk_regs/X                 8     17     -9 (VIOLATED)
clkbuf_leaf_29_clk_regs/X                 8     17     -9 (VIOLATED)
clkbuf_leaf_30_clk_regs/X                 8     17     -9 (VIOLATED)
clkbuf_leaf_41_clk_regs/X                 8     17     -9 (VIOLATED)
clkbuf_leaf_42_clk_regs/X                 8     17     -9 (VIOLATED)
clkbuf_leaf_48_clk_regs/X                 8     17     -9 (VIOLATED)
clkbuf_leaf_8_clk_regs/X                  8     17     -9 (VIOLATED)
clkbuf_leaf_9_clk_regs/X                  8     17     -9 (VIOLATED)
clkbuf_leaf_11_clk_regs/X                 8     16     -8 (VIOLATED)
clkbuf_leaf_19_clk_regs/X                 8     16     -8 (VIOLATED)
clkbuf_leaf_20_clk_regs/X                 8     16     -8 (VIOLATED)
clkbuf_leaf_21_clk_regs/X                 8     16     -8 (VIOLATED)
clkbuf_leaf_23_clk_regs/X                 8     16     -8 (VIOLATED)
clkbuf_leaf_28_clk_regs/X                 8     16     -8 (VIOLATED)
clkbuf_leaf_31_clk_regs/X                 8     16     -8 (VIOLATED)
clkbuf_leaf_33_clk_regs/X                 8     16     -8 (VIOLATED)
clkbuf_leaf_34_clk_regs/X                 8     16     -8 (VIOLATED)
clkbuf_leaf_35_clk_regs/X                 8     16     -8 (VIOLATED)
clkbuf_leaf_36_clk_regs/X                 8     16     -8 (VIOLATED)
clkbuf_leaf_37_clk_regs/X                 8     16     -8 (VIOLATED)
clkbuf_leaf_39_clk_regs/X                 8     16     -8 (VIOLATED)
clkbuf_leaf_49_clk_regs/X                 8     16     -8 (VIOLATED)
clkbuf_leaf_7_clk_regs/X                  8     16     -8 (VIOLATED)
clkbuf_leaf_16_clk_regs/X                 8     15     -7 (VIOLATED)
clkbuf_leaf_22_clk_regs/X                 8     15     -7 (VIOLATED)
clkbuf_leaf_24_clk_regs/X                 8     15     -7 (VIOLATED)
clkbuf_leaf_32_clk_regs/X                 8     15     -7 (VIOLATED)
clkbuf_leaf_6_clk_regs/X                  8     15     -7 (VIOLATED)
clkbuf_leaf_1_clk_regs/X                  8     14     -6 (VIOLATED)
clkbuf_leaf_27_clk_regs/X                 8     14     -6 (VIOLATED)
clkbuf_leaf_2_clk_regs/X                  8     14     -6 (VIOLATED)
clkbuf_leaf_38_clk_regs/X                 8     14     -6 (VIOLATED)
clkbuf_leaf_3_clk_regs/X                  8     14     -6 (VIOLATED)
clkbuf_leaf_43_clk_regs/X                 8     14     -6 (VIOLATED)
clkbuf_leaf_44_clk_regs/X                 8     14     -6 (VIOLATED)
clkbuf_leaf_45_clk_regs/X                 8     14     -6 (VIOLATED)
clkbuf_leaf_4_clk_regs/X                  8     14     -6 (VIOLATED)
clkbuf_leaf_40_clk_regs/X                 8     13     -5 (VIOLATED)
clkbuf_leaf_50_clk_regs/X                 8     13     -5 (VIOLATED)
clkbuf_leaf_5_clk_regs/X                  8     13     -5 (VIOLATED)
clkbuf_leaf_0_clk_regs/X                  8     12     -4 (VIOLATED)
clkbuf_leaf_46_clk_regs/X                 8     12     -4 (VIOLATED)
fanout798/X                               8     10     -2 (VIOLATED)
fanout800/X                               8     10     -2 (VIOLATED)
fanout801/X                               8     10     -2 (VIOLATED)
fanout802/X                               8     10     -2 (VIOLATED)
fanout803/X                               8     10     -2 (VIOLATED)
fanout804/X                               8     10     -2 (VIOLATED)
fanout808/X                               8     10     -2 (VIOLATED)
fanout810/X                               8     10     -2 (VIOLATED)



===========================================================================
report_parasitic_annotation -report_unannotated
============================================================================
Found 48 unannotated drivers.
 ena
 uio_in[1]
 uio_in[2]
 uio_in[3]
 uio_in[4]
 uio_in[5]
 uio_in[6]
 uio_in[7]
 clkload0/X
 clkload1/X
 clkload10/Y
 clkload11/X
 clkload12/Y
 clkload13/Y
 clkload14/X
 clkload15/Y
 clkload16/Y
 clkload17/Y
 clkload18/X
 clkload19/Y
 clkload2/X
 clkload20/Y
 clkload21/X
 clkload22/Y
 clkload23/Y
 clkload24/Y
 clkload25/Y
 clkload26/Y
 clkload27/Y
 clkload28/Y
 clkload29/Y
 clkload3/X
 clkload30/X
 clkload31/Y
 clkload32/Y
 clkload33/X
 clkload34/Y
 clkload35/Y
 clkload36/Y
 clkload37/Y
 clkload38/Y
 clkload39/Y
 clkload4/Y
 clkload5/Y
 clkload6/Y
 clkload7/Y
 clkload8/Y
 clkload9/Y
Found 82 partially unannotated drivers.
 _79_/X
 _80_/X
 _81_/X
 _82_/X
 _83_/X
 clkbuf_1_0__f_clk/X
 fanout1700/X
 m._149_/Y
 m._154_/Y
 m._159_/Y
 m._164_/Y
 m._169_/Y
 m._174_/Y
 m._179_/Y
 m._184_/Y
 m._189_/Y
 m._194_/Y
 m._199_/Y
 m._204_/Y
 m._209_/Y
 m._214_/Y
 m._219_/Y
 m._224_/Y
 m._229_/Y
 m._234_/Y
 m._239_/Y
 m._244_/Y
 m._249_/Y
 m._254_/Y
 m._259_/Y
 m._264_/Y
 m._269_/Y
 m._274_/Y
 sram_1820/L_LO
 sram_1821/L_LO
 sram_1822/L_LO
 sram_1823/L_LO
 sram_1824/L_LO
 sram_1825/L_LO
 sram_1826/L_LO
 sram_1827/L_LO
 sram_1828/L_LO
 sram_1829/L_LO
 sram_1830/L_LO
 sram_1831/L_LO
 sram_1832/L_LO
 sram_1833/L_LO
 sram_1834/L_LO
 sram_1835/L_LO
 sram_1836/L_LO
 sram_1837/L_LO
 sram_1838/L_LO
 sram_1839/L_LO
 sram_1840/L_LO
 sram_1841/L_LO
 sram_1842/L_LO
 sram_1843/L_LO
 sram_1844/L_LO
 sram_1845/L_LO
 sram_1846/L_LO
 sram_1847/L_LO
 sram_1848/L_LO
 sram_2141/L_HI
 tt_um_maw_mnistbnn/L_LO
 tt_um_maw_mnistbnn_1849/L_LO
 tt_um_maw_mnistbnn_1850/L_LO
 tt_um_maw_mnistbnn_1851/L_LO
 tt_um_maw_mnistbnn_1852/L_LO
 tt_um_maw_mnistbnn_1853/L_LO
 tt_um_maw_mnistbnn_1854/L_LO
 tt_um_maw_mnistbnn_1855/L_LO
 tt_um_maw_mnistbnn_1856/L_LO
 tt_um_maw_mnistbnn_1857/L_LO
 tt_um_maw_mnistbnn_1858/L_LO
 tt_um_maw_mnistbnn_1859/L_LO
 tt_um_maw_mnistbnn_1860/L_LO
 tt_um_maw_mnistbnn_1861/L_LO
 tt_um_maw_mnistbnn_1862/L_LO
 tt_um_maw_mnistbnn_1863/L_LO
 tt_um_maw_mnistbnn_1864/L_LO
 tt_um_maw_mnistbnn_1865/L_LO
 tt_um_maw_mnistbnn_1866/L_LO

===========================================================================
max slew violation count 0
Writing metric design__max_slew_violation__count__corner:nom_typ_1p20V_25C: 0
max fanout violation count 58
Writing metric design__max_fanout_violation__count__corner:nom_typ_1p20V_25C: 58
max cap violation count 0
Writing metric design__max_cap_violation__count__corner:nom_typ_1p20V_25C: 0
============================================================================

===========================================================================
check_setup -verbose -unconstrained_endpoints -multiple_clock -no_clock -no_input_delay -loops -generated_clocks
===========================================================================
