Clock: clk
Sources: clk 
Generated: no
Virtual: yes
Propagated: no
Period: 100.000000

===========================================================================
report_clock_properties
============================================================================
Clock                   Period          Waveform
----------------------------------------------------
clk                 100.000000    0.000000 50.000000

===========================================================================
report_clock_latency
============================================================================
Clock clk
rise -> rise
    min     max
0.000000 0.000000 source latency
0.522343         network latency sram/A_CLK
        0.573886 network latency m.u_conv1.u_loader._921_/CLK
---------------
0.522343 0.573886 latency
        0.051543 skew

fall -> fall
    min     max
0.000000 0.000000 source latency
0.530246         network latency m.u_conv2._3639_/CLK
        0.552607 network latency m.u_conv1.u_loader._921_/CLK
---------------
0.530246 0.552607 latency
        0.022361 skew



===========================================================================
report_clock_min_period
============================================================================
clk period_min = 10.05 fmax = 99.49
