
===========================================================================
 report_power
============================================================================
======================= nom_typ_1p20V_25C Corner ===================================

Group                    Internal    Switching      Leakage        Total
                            Power        Power        Power        Power (Watts)
------------------------------------------------------------------------
Sequential           4.085499e-04 1.207485e-06 3.467091e-07 4.101041e-04  65.5%
Combinational        6.013785e-06 1.227170e-05 3.206041e-06 2.149153e-05   3.4%
Clock                6.595180e-05 6.667704e-05 6.536534e-08 1.326942e-04  21.2%
Macro                6.136233e-05 0.000000e+00 2.475190e-08 6.138708e-05   9.8%
Pad                  0.000000e+00 0.000000e+00 0.000000e+00 0.000000e+00   0.0%
------------------------------------------------------------------------
Total                5.418777e-04 8.015623e-05 3.642867e-06 6.256768e-04 100.0%
                            86.6%        12.8%         0.6%
Writing metric power__internal__total: 0.0005418777000159025
Writing metric power__switching__total: 8.015622734092176e-5
Writing metric power__leakage__total: 3.6428673411137424e-6
Writing metric power__total: 0.0006256768247112632

