
===========================================================================
report_checks -unconstrained
===========================================================================
======================= nom_slow_1p08V_125C Corner ===================================

Startpoint: rst_n (input port clocked by clk)
Endpoint: m.u_conv2._3331_ (recovery check against rising-edge clock clk)
Path Group: asynchronous
Path Type: max

Fanout         Cap        Slew       Delay        Time   Description
---------------------------------------------------------------------------------------------
                                  0.000000    0.000000   clock clk (rise edge)
                                  0.000000    0.000000   clock network delay (propagated)
                                 20.000000   20.000000 ^ input external delay
     1    0.002635    0.032271    0.003483   20.003485 ^ rst_n (in)
                                                         rst_n (net)
                      0.032271    0.000000   20.003485 ^ input1/A (sg13g2_buf_1)
     6    0.115842    0.734514    0.561725   20.565208 ^ input1/X (sg13g2_buf_1)
                                                         net1 (net)
                      0.738980    0.046635   20.611843 ^ fanout1819/A (sg13g2_buf_1)
     4    0.058097    0.374442    0.523405   21.135248 ^ fanout1819/X (sg13g2_buf_1)
                                                         net1819 (net)
                      0.374733    0.006386   21.141634 ^ fanout1801/A (sg13g2_buf_1)
     5    0.060635    0.389223    0.463345   21.604980 ^ fanout1801/X (sg13g2_buf_1)
                                                         net1801 (net)
                      0.389230    0.001389   21.606369 ^ fanout1788/A (sg13g2_buf_1)
     4    0.031399    0.208079    0.340616   21.946985 ^ fanout1788/X (sg13g2_buf_1)
                                                         net1788 (net)
                      0.208094    0.001965   21.948950 ^ fanout1784/A (sg13g2_buf_1)
     4    0.031374    0.207460    0.291161   22.240110 ^ fanout1784/X (sg13g2_buf_1)
                                                         net1784 (net)
                      0.207460    0.000798   22.240908 ^ fanout1783/A (sg13g2_buf_1)
     6    0.043842    0.284516    0.344981   22.585890 ^ fanout1783/X (sg13g2_buf_1)
                                                         net1783 (net)
                      0.284627    0.002210   22.588099 ^ fanout1782/A (sg13g2_buf_1)
     8    0.052344    0.337538    0.405231   22.993330 ^ fanout1782/X (sg13g2_buf_1)
                                                         net1782 (net)
                      0.337635    0.004784   22.998114 ^ m.u_conv2._3331_/RESET_B (sg13g2_dfrbpq_1)
                                             22.998114   data arrival time

                                100.000000  100.000000   clock clk (rise edge)
                                  0.000000  100.000000   clock source latency
     2    0.147738    0.242056    0.217071  100.217064 ^ clk (in)
                                                         clk (net)
                      0.292561    0.000000  100.217064 ^ clkbuf_regs_0_clk/A (sg13g2_buf_16)
     1    0.017296    0.042157    0.204302  100.421371 ^ clkbuf_regs_0_clk/X (sg13g2_buf_16)
                                                         clk_regs (net)
                      0.042159    0.000760  100.422127 ^ clkbuf_0_clk_regs/A (sg13g2_buf_16)
     8    0.160397    0.082334    0.136360  100.558487 ^ clkbuf_0_clk_regs/X (sg13g2_buf_16)
                                                         clknet_0_clk_regs (net)
                      0.089051    0.018211  100.576698 ^ clkbuf_3_5_0_clk_regs/A (sg13g2_buf_8)
     7    0.098189    0.095588    0.177138  100.753838 ^ clkbuf_3_5_0_clk_regs/X (sg13g2_buf_8)
                                                         clknet_3_5_0_clk_regs (net)
                      0.095619    0.001471  100.755310 ^ clkbuf_leaf_31_clk_regs/A (sg13g2_buf_8)
    16    0.081371    0.082232    0.173593  100.928902 ^ clkbuf_leaf_31_clk_regs/X (sg13g2_buf_8)
                                                         clknet_leaf_31_clk_regs (net)
                      0.082570    0.003865  100.932770 ^ m.u_conv2._3331_/CLK (sg13g2_dfrbpq_1)
                                 -0.250000  100.682770   clock uncertainty
                                  0.000000  100.682770   clock reconvergence pessimism
                                 -0.315394  100.367378   library recovery time
                                            100.367378   data required time
---------------------------------------------------------------------------------------------
                                            100.367378   data required time
                                            -22.998114   data arrival time
---------------------------------------------------------------------------------------------
                                             77.369263   slack (MET)


Startpoint: m.u_conv3._522_ (rising edge-triggered flip-flop clocked by clk)
Endpoint: uo_out[1] (output port clocked by clk)
Path Group: clk
Path Type: max

Fanout         Cap        Slew       Delay        Time   Description
---------------------------------------------------------------------------------------------
                                  0.000000    0.000000   clock clk (rise edge)
                                  0.000000    0.000000   clock source latency
     2    0.147738    0.242056    0.217071    0.217071 ^ clk (in)
                                                         clk (net)
                      0.292561    0.000000    0.217071 ^ clkbuf_regs_0_clk/A (sg13g2_buf_16)
     1    0.017296    0.042157    0.204300    0.421371 ^ clkbuf_regs_0_clk/X (sg13g2_buf_16)
                                                         clk_regs (net)
                      0.042159    0.000761    0.422132 ^ clkbuf_0_clk_regs/A (sg13g2_buf_16)
     8    0.160397    0.082334    0.136363    0.558495 ^ clkbuf_0_clk_regs/X (sg13g2_buf_16)
                                                         clknet_0_clk_regs (net)
                      0.087693    0.016225    0.574720 ^ clkbuf_3_2_0_clk_regs/A (sg13g2_buf_8)
     7    0.105385    0.101320    0.179919    0.754638 ^ clkbuf_3_2_0_clk_regs/X (sg13g2_buf_8)
                                                         clknet_3_2_0_clk_regs (net)
                      0.103076    0.010581    0.765219 ^ clkbuf_leaf_11_clk_regs/A (sg13g2_buf_8)
    16    0.091935    0.090543    0.182529    0.947748 ^ clkbuf_leaf_11_clk_regs/X (sg13g2_buf_8)
                                                         clknet_leaf_11_clk_regs (net)
                      0.090806    0.003972    0.951721 ^ m.u_conv3._522_/CLK (sg13g2_dfrbpq_1)
     1    0.003376    0.039654    0.293153    1.244873 ^ m.u_conv3._522_/Q (sg13g2_dfrbpq_1)
                                                         m.u_conv3.input_buf[61] (net)
                      0.039654    0.000215    1.245088 ^ hold3060/A (sg13g2_dlygate4sd3_1)
     1    0.005541    0.069758    0.575787    1.820876 ^ hold3060/X (sg13g2_dlygate4sd3_1)
                                                         net3060 (net)
                      0.070421    0.000337    1.821212 ^ fanout1533/A (sg13g2_buf_1)
     4    0.118073    0.747767    0.595787    2.417000 ^ fanout1533/X (sg13g2_buf_1)
                                                         net1533 (net)
                      0.749736    0.031656    2.448656 ^ fanout1532/A (sg13g2_buf_1)
     8    0.041070    0.269530    0.453351    2.902007 ^ fanout1532/X (sg13g2_buf_1)
                                                         net1532 (net)
                      0.269539    0.001872    2.903879 ^ m.u_conv3.u_weights._15930_/A (sg13g2_xor2_1)
     8    0.080425    1.058006    0.938847    3.842726 ^ m.u_conv3.u_weights._15930_/X (sg13g2_xor2_1)
                                                         m.u_conv3.u_weights._07999_ (net)
                      1.058041    0.005156    3.847883 ^ m.u_conv3.u_weights._15936_/B (sg13g2_nand2_1)
     7    0.045111    0.563238    0.775204    4.623087 v m.u_conv3.u_weights._15936_/Y (sg13g2_nand2_1)
                                                         m.u_conv3.u_weights._08065_ (net)
                      0.563245    0.002829    4.625916 v m.u_conv3.u_weights._15944_/A1 (sg13g2_a22oi_1)
     1    0.010945    0.227026    0.339400    4.965316 ^ m.u_conv3.u_weights._15944_/Y (sg13g2_a22oi_1)
                                                         m.u_conv3.u_weights._08153_ (net)
                      0.227027    0.001050    4.966366 ^ fanout346/A (sg13g2_buf_1)
     4    0.095178    0.604340    0.565515    5.531881 ^ fanout346/X (sg13g2_buf_1)
                                                         net346 (net)
                      0.604387    0.004543    5.536424 ^ fanout345/A (sg13g2_buf_1)
     4    0.134437    0.852032    0.812601    6.349025 ^ fanout345/X (sg13g2_buf_1)
                                                         net345 (net)
                      0.855233    0.042820    6.391845 ^ fanout343/A (sg13g2_buf_1)
     8    0.075072    0.478507    0.610485    7.002330 ^ fanout343/X (sg13g2_buf_1)
                                                         net343 (net)
                      0.478804    0.009936    7.012266 ^ m.u_conv3.u_weights._15951_/B (sg13g2_xnor2_1)
     2    0.096971    1.363686    1.154365    8.166631 ^ m.u_conv3.u_weights._15951_/Y (sg13g2_xnor2_1)
                                                         m.u_conv3.u_weights._08229_ (net)
                      1.363797    0.010473    8.177104 ^ fanout333/A (sg13g2_buf_1)
     8    0.175932    1.111072    1.095904    9.273007 ^ fanout333/X (sg13g2_buf_1)
                                                         net333 (net)
                      1.114945    0.053753    9.326760 ^ fanout332/A (sg13g2_buf_1)
     6    0.184768    1.167309    1.097649   10.424409 ^ fanout332/X (sg13g2_buf_1)
                                                         net332 (net)
                      1.167309    0.000115   10.424523 ^ fanout331/A (sg13g2_buf_1)
     8    0.084437    0.540900    0.687828   11.112352 ^ fanout331/X (sg13g2_buf_1)
                                                         net331 (net)
                      0.541728    0.017567   11.129919 ^ m.u_conv3.u_weights._15954_/B (sg13g2_nand2_1)
     3    0.022156    0.405646    0.408892   11.538811 v m.u_conv3.u_weights._15954_/Y (sg13g2_nand2_1)
                                                         m.u_conv3.u_weights._08262_ (net)
                      0.405656    0.002040   11.540852 v m.u_conv3.u_weights._22610_/A (sg13g2_xnor2_1)
     4    0.166963    2.128847    1.721191   13.262042 ^ m.u_conv3.u_weights._22610_/Y (sg13g2_xnor2_1)
                                                         m.u_conv3.u_weights._12450_ (net)
                      2.131105    0.057976   13.320019 ^ m.u_conv3.u_weights._22613_/A (sg13g2_xnor2_1)
     2    0.010786    0.417156    0.549811   13.869829 ^ m.u_conv3.u_weights._22613_/Y (sg13g2_xnor2_1)
                                                         m.u_conv3.u_weights._12453_ (net)
                      0.417156    0.000684   13.870513 ^ m.u_conv3.u_weights._22615_/B (sg13g2_xor2_1)
     2    0.010032    0.187771    0.328846   14.199360 ^ m.u_conv3.u_weights._22615_/X (sg13g2_xor2_1)
                                                         m.u_conv3.u_weights._12455_ (net)
                      0.187771    0.000671   14.200030 ^ m.u_conv3.u_weights._22620_/A (sg13g2_xnor2_1)
     2    0.009469    0.182193    0.226115   14.426146 ^ m.u_conv3.u_weights._22620_/Y (sg13g2_xnor2_1)
                                                         m.u_conv3.u_weights._12461_ (net)
                      0.182193    0.000602   14.426747 ^ m.u_conv3.u_weights._22622_/B (sg13g2_xor2_1)
     2    0.009446    0.163504    0.260074   14.686821 ^ m.u_conv3.u_weights._22622_/X (sg13g2_xor2_1)
                                                         m.u_conv3.u_weights._12463_ (net)
                      0.163504    0.000339   14.687160 ^ m.u_conv3.u_weights._22623_/B (sg13g2_xnor2_1)
     2    0.008817    0.168181    0.204567   14.891727 ^ m.u_conv3.u_weights._22623_/Y (sg13g2_xnor2_1)
                                                         m.u_conv3.u_weights._12464_ (net)
                      0.168181    0.000511   14.892238 ^ m.u_conv3.u_weights._22624_/B (sg13g2_xnor2_1)
     2    0.008960    0.175463    0.207085   15.099323 ^ m.u_conv3.u_weights._22624_/Y (sg13g2_xnor2_1)
                                                         m.u_conv3.u_weights._12465_ (net)
                      0.175463    0.000313   15.099636 ^ m.u_conv3.u_weights._22626_/B (sg13g2_xor2_1)
     2    0.009244    0.168530    0.256152   15.355788 ^ m.u_conv3.u_weights._22626_/X (sg13g2_xor2_1)
                                                         m.u_conv3.u_weights._12467_ (net)
                      0.168530    0.000304   15.356091 ^ m.u_conv3.u_weights._22659_/B (sg13g2_xnor2_1)
     2    0.009556    0.176083    0.211664   15.567756 ^ m.u_conv3.u_weights._22659_/Y (sg13g2_xnor2_1)
                                                         m.u_conv3.u_weights._12504_ (net)
                      0.176083    0.000311   15.568067 ^ m.u_conv3.u_weights._22731_/B (sg13g2_xor2_1)
     2    0.009803    0.172642    0.261448   15.829515 ^ m.u_conv3.u_weights._22731_/X (sg13g2_xor2_1)
                                                         m.u_conv3.u_weights._12583_ (net)
                      0.172642    0.000313   15.829826 ^ m.u_conv3.u_weights._22733_/B (sg13g2_xnor2_1)
     2    0.009087    0.171331    0.209381   16.039207 ^ m.u_conv3.u_weights._22733_/Y (sg13g2_xnor2_1)
                                                         m.u_conv3.u_weights._12585_ (net)
                      0.171331    0.000311   16.039518 ^ m.u_conv3.u_weights._22734_/B (sg13g2_xnor2_1)
     2    0.008154    0.160748    0.204361   16.243879 ^ m.u_conv3.u_weights._22734_/Y (sg13g2_xnor2_1)
                                                         m.u_conv3.u_weights._12586_ (net)
                      0.160748    0.000533   16.244413 ^ m.u_conv3.u_weights._22736_/B (sg13g2_xor2_1)
     2    0.008550    0.164378    0.244418   16.488831 ^ m.u_conv3.u_weights._22736_/X (sg13g2_xor2_1)
                                                         m.u_conv3.u_weights._12588_ (net)
                      0.164378    0.000307   16.489138 ^ m.u_conv3.u_weights._22739_/A (sg13g2_xor2_1)
     2    0.009249    0.226143    0.258700   16.747837 ^ m.u_conv3.u_weights._22739_/X (sg13g2_xor2_1)
                                                         m.u_conv3.u_weights._12592_ (net)
                      0.226143    0.000670   16.748507 ^ m.u_conv3.u_weights._22745_/A (sg13g2_xnor2_1)
     3    0.010980    0.148038    0.229980   16.978487 v m.u_conv3.u_weights._22745_/Y (sg13g2_xnor2_1)
                                                         m.u_conv3.u_weights._12598_ (net)
                      0.148038    0.000648   16.979136 v m.u_conv3.u_weights._22748_/A1 (sg13g2_o21ai_1)
     2    0.008632    0.195748    0.232086   17.211222 ^ m.u_conv3.u_weights._22748_/Y (sg13g2_o21ai_1)
                                                         m.u_conv3.u_weights._12601_ (net)
                      0.195748    0.000496   17.211718 ^ m.u_conv3.u_weights._22757_/A (sg13g2_nand4_1)
     3    0.011470    0.270956    0.294690   17.506407 v m.u_conv3.u_weights._22757_/Y (sg13g2_nand4_1)
                                                         m.u_conv3.u_weights._12611_ (net)
                      0.270961    0.000993   17.507401 v m.u_conv3.u_weights._22761_/A1 (sg13g2_a21oi_1)
     2    0.006454    0.129622    0.204144   17.711544 ^ m.u_conv3.u_weights._22761_/Y (sg13g2_a21oi_1)
                                                         m.u_conv3.u_weights._12616_ (net)
                      0.129622    0.000197   17.711742 ^ m.u_conv3.u_weights._22762_/B1 (sg13g2_a21o_1)
     2    0.007555    0.070836    0.164199   17.875940 ^ m.u_conv3.u_weights._22762_/X (sg13g2_a21o_1)
                                                         m.u_conv3.u_weights._12617_ (net)
                      0.070838    0.000441   17.876381 ^ m.u_conv3.u_weights._22765_/A (sg13g2_nand2_1)
     1    0.003238    0.067695    0.080229   17.956612 v m.u_conv3.u_weights._22765_/Y (sg13g2_nand2_1)
                                                         m.u_conv3.u_weights._12620_ (net)
                      0.067695    0.000130   17.956741 v m.u_conv3.u_weights._22775_/A1 (sg13g2_a21oi_1)
     3    0.171670    2.205895    1.588493   19.545233 ^ m.u_conv3.u_weights._22775_/Y (sg13g2_a21oi_1)
                                                         m.embedding[39] (net)
                      2.210057    0.079790   19.625025 ^ fanout64/A (sg13g2_buf_1)
     8    0.062585    0.407140    0.722427   20.347450 ^ fanout64/X (sg13g2_buf_1)
                                                         net64 (net)
                      0.407178    0.004398   20.351849 ^ m.u_tree._1572_/A (sg13g2_inv_1)
     8    0.096932    0.539249    0.616270   20.968119 v m.u_tree._1572_/Y (sg13g2_inv_1)
                                                         m.u_tree._1228_ (net)
                      0.539297    0.004354   20.972473 v m.u_tree._2498_/A1 (sg13g2_a21oi_1)
     2    0.008801    0.190873    0.285979   21.258451 ^ m.u_tree._2498_/Y (sg13g2_a21oi_1)
                                                         m.u_tree._1564_ (net)
                      0.190873    0.000288   21.258739 ^ m.u_tree._2500_/B (sg13g2_xnor2_1)
     2    0.010759    0.195548    0.231479   21.490219 ^ m.u_tree._2500_/Y (sg13g2_xnor2_1)
                                                         m.u_tree._1566_ (net)
                      0.195548    0.000725   21.490944 ^ m.u_tree._2528_/A (sg13g2_xor2_1)
     2    0.009607    0.167822    0.273564   21.764507 ^ m.u_tree._2528_/X (sg13g2_xor2_1)
                                                         m.u_tree._0028_ (net)
                      0.167822    0.000625   21.765133 ^ m.u_tree._2530_/B (sg13g2_xnor2_1)
     2    0.009667    0.177276    0.212365   21.977497 ^ m.u_tree._2530_/Y (sg13g2_xnor2_1)
                                                         m.u_tree._0030_ (net)
                      0.177276    0.000639   21.978138 ^ m.u_tree._2565_/A (sg13g2_xor2_1)
     2    0.013955    0.219657    0.307644   22.285782 ^ m.u_tree._2565_/X (sg13g2_xor2_1)
                                                         m.u_tree._0069_ (net)
                      0.219658    0.000888   22.286669 ^ m.u_tree._2567_/B (sg13g2_xnor2_1)
     2    0.009188    0.123231    0.198240   22.484909 v m.u_tree._2567_/Y (sg13g2_xnor2_1)
                                                         m.u_tree._0071_ (net)
                      0.123231    0.000252   22.485161 v m.u_tree._2577_/A1 (sg13g2_o21ai_1)
     2    0.009061    0.190942    0.227807   22.712969 ^ m.u_tree._2577_/Y (sg13g2_o21ai_1)
                                                         m.u_tree._0082_ (net)
                      0.190942    0.000297   22.713264 ^ m.u_tree._2581_/A (sg13g2_xnor2_1)
     2    0.009295    0.172664    0.225461   22.938725 ^ m.u_tree._2581_/Y (sg13g2_xnor2_1)
                                                         m.u_tree._0086_ (net)
                      0.172664    0.000506   22.939232 ^ m.u_tree._2586_/B (sg13g2_xnor2_1)
     2    0.009631    0.177515    0.213879   23.153111 ^ m.u_tree._2586_/Y (sg13g2_xnor2_1)
                                                         m.u_tree._0092_ (net)
                      0.177515    0.000696   23.153807 ^ m.u_tree._2592_/B (sg13g2_xor2_1)
     2    0.008835    0.158701    0.253074   23.406881 ^ m.u_tree._2592_/X (sg13g2_xor2_1)
                                                         m.u_tree._0098_ (net)
                      0.158701    0.000261   23.407143 ^ m.u_tree._2593_/A2 (sg13g2_a21oi_1)
     3    0.015491    0.180192    0.232674   23.639816 v m.u_tree._2593_/Y (sg13g2_a21oi_1)
                                                         m.u_tree._0100_ (net)
                      0.180192    0.000812   23.640629 v m.u_tree._2595_/A1 (sg13g2_o21ai_1)
     2    0.009212    0.198967    0.249864   23.890491 ^ m.u_tree._2595_/Y (sg13g2_o21ai_1)
                                                         m.u_tree._0102_ (net)
                      0.198967    0.000593   23.891085 ^ m.u_tree._2859_/A (sg13g2_xnor2_1)
     3    0.013068    0.162400    0.236687   24.127773 v m.u_tree._2859_/Y (sg13g2_xnor2_1)
                                                         m.u_tree._0392_ (net)
                      0.162406    0.001204   24.128977 v m.u_tree._2876_/A1 (sg13g2_a221oi_1)
     2    0.006288    0.221486    0.293795   24.422771 ^ m.u_tree._2876_/Y (sg13g2_a221oi_1)
                                                         m.u_tree._0411_ (net)
                      0.221486    0.000290   24.423061 ^ m.u_tree._2878_/C (sg13g2_or3_1)
     7    0.029415    0.195144    0.307594   24.730656 ^ m.u_tree._2878_/X (sg13g2_or3_1)
                                                         m.u_tree._0413_ (net)
                      0.195144    0.000423   24.731079 ^ m.u_tree._2895_/C (sg13g2_nand3_1)
     3    0.009468    0.178912    0.239877   24.970955 v m.u_tree._2895_/Y (sg13g2_nand3_1)
                                                         m.u_tree._0432_ (net)
                      0.178912    0.000281   24.971237 v m.u_tree._2898_/B (sg13g2_nand3_1)
     4    0.016050    0.148063    0.188242   25.159479 ^ m.u_tree._2898_/Y (sg13g2_nand3_1)
                                                         m.u_tree._0435_ (net)
                      0.148076    0.001407   25.160885 ^ m.u_tree._2900_/C (sg13g2_nand3_1)
     1    0.003391    0.099538    0.161824   25.322710 v m.u_tree._2900_/Y (sg13g2_nand3_1)
                                                         m.u_tree._0437_ (net)
                      0.099538    0.000135   25.322845 v m.u_tree._2906_/A2 (sg13g2_o21ai_1)
     7    0.027829    0.453591    0.410083   25.732927 ^ m.u_tree._2906_/Y (sg13g2_o21ai_1)
                                                         m.u_tree._0444_ (net)
                      0.453608    0.002336   25.735264 ^ m.u_tree._2914_/B (sg13g2_nand3b_1)
     4    0.023804    0.390222    0.498080   26.233343 v m.u_tree._2914_/Y (sg13g2_nand3b_1)
                                                         m.u_tree._0453_ (net)
                      0.390222    0.001362   26.234705 v m.u_tree._2918_/B (sg13g2_and3_1)
     2    0.005988    0.057398    0.263045   26.497751 v m.u_tree._2918_/X (sg13g2_and3_1)
                                                         m.u_tree._0457_ (net)
                      0.057398    0.000181   26.497932 v m.u_tree._2922_/A (sg13g2_or2_1)
     1    0.006717    0.060805    0.184787   26.682718 v m.u_tree._2922_/X (sg13g2_or2_1)
                                                         m.u_tree._0461_ (net)
                      0.060807    0.000416   26.683134 v m.u_tree._2946_/A1 (sg13g2_a221oi_1)
     5    0.020959    0.488616    0.459906   27.143040 ^ m.u_tree._2946_/Y (sg13g2_a221oi_1)
                                                         m.u_tree._0488_ (net)
                      0.488625    0.001650   27.144691 ^ m.u_tree._2950_/B (sg13g2_or3_1)
     2    0.010201    0.089577    0.314717   27.459408 ^ m.u_tree._2950_/X (sg13g2_or3_1)
                                                         m.u_tree._0492_ (net)
                      0.089580    0.000634   27.460043 ^ fanout11/A (sg13g2_buf_1)
     8    0.031667    0.208555    0.249225   27.709267 ^ fanout11/X (sg13g2_buf_1)
                                                         net11 (net)
                      0.208641    0.001869   27.711136 ^ m.u_tree._2964_/A2 (sg13g2_a221oi_1)
     2    0.010329    0.179857    0.241142   27.952278 v m.u_tree._2964_/Y (sg13g2_a221oi_1)
                                                         m.u_tree._0508_ (net)
                      0.179859    0.000991   27.953268 v m.u_tree._2975_/A (sg13g2_nor4_1)
     3    0.017275    0.521509    0.537513   28.490782 ^ m.u_tree._2975_/Y (sg13g2_nor4_1)
                                                         m.u_tree._0520_ (net)
                      0.521513    0.001210   28.491991 ^ m.u_tree._2991_/B1 (sg13g2_o21ai_1)
     2    0.006890    0.162334    0.206885   28.698877 v m.u_tree._2991_/Y (sg13g2_o21ai_1)
                                                         m.u_tree._0537_ (net)
                      0.162334    0.000393   28.699270 v m.u_tree._2994_/B1 (sg13g2_a221oi_1)
     8    0.053608    1.103552    0.935724   29.634995 ^ m.u_tree._2994_/Y (sg13g2_a221oi_1)
                                                         m.u_tree._0541_ (net)
                      1.103560    0.002625   29.637619 ^ m.u_tree._2996_/S (sg13g2_mux2_1)
     3    0.025546    0.163775    0.574723   30.212341 v m.u_tree._2996_/X (sg13g2_mux2_1)
                                                         m.u_tree._0543_ (net)
                      0.163802    0.002121   30.214462 v m.u_tree._3004_/A1 (sg13g2_a22oi_1)
     3    0.012238    0.214043    0.245674   30.460136 ^ m.u_tree._3004_/Y (sg13g2_a22oi_1)
                                                         m.u_tree._0552_ (net)
                      0.214043    0.000643   30.460779 ^ m.u_tree._3021_/A1 (sg13g2_o21ai_1)
     2    0.008936    0.130463    0.202206   30.662987 v m.u_tree._3021_/Y (sg13g2_o21ai_1)
                                                         m.u_tree._0570_ (net)
                      0.130463    0.000540   30.663527 v m.u_tree._3022_/B1 (sg13g2_a21oi_1)
     5    0.020847    0.303127    0.299760   30.963285 ^ m.u_tree._3022_/Y (sg13g2_a21oi_1)
                                                         m.u_tree._0571_ (net)
                      0.303134    0.001283   30.964569 ^ m.u_tree._3026_/A (sg13g2_nor2_1)
     3    0.014475    0.142948    0.212122   31.176691 v m.u_tree._3026_/Y (sg13g2_nor2_1)
                                                         m.u_tree._0576_ (net)
                      0.142950    0.000743   31.177433 v m.u_tree._3031_/S (sg13g2_mux2_1)
     3    0.021542    0.154348    0.335799   31.513231 ^ m.u_tree._3031_/X (sg13g2_mux2_1)
                                                         m.u_tree._0581_ (net)
                      0.154358    0.001318   31.514549 ^ m.u_tree._3032_/A2 (sg13g2_a21oi_1)
     1    0.004370    0.103232    0.146972   31.661522 v m.u_tree._3032_/Y (sg13g2_a21oi_1)
                                                         m.u_tree._0582_ (net)
                      0.103232    0.000309   31.661831 v m.u_tree._3051_/A1 (sg13g2_o21ai_1)
     6    0.026910    0.440268    0.413365   32.075195 ^ m.u_tree._3051_/Y (sg13g2_o21ai_1)
                                                         m.u_tree._0603_ (net)
                      0.440273    0.001240   32.076435 ^ m.u_tree._3059_/B1 (sg13g2_a221oi_1)
     2    0.013838    0.250583    0.329102   32.405540 v m.u_tree._3059_/Y (sg13g2_a221oi_1)
                                                         m.u_tree._0612_ (net)
                      0.250583    0.000981   32.406521 v m.u_tree._3061_/A (sg13g2_or2_1)
     2    0.007696    0.067759    0.258801   32.665321 v m.u_tree._3061_/X (sg13g2_or2_1)
                                                         m.u_tree._0614_ (net)
                      0.067761    0.000501   32.665821 v m.u_tree._3071_/B (sg13g2_or2_1)
     1    0.004026    0.050489    0.167351   32.833172 v m.u_tree._3071_/X (sg13g2_or2_1)
                                                         m.u_tree._0625_ (net)
                      0.050489    0.000288   32.833458 v m.u_tree._3079_/A1 (sg13g2_a221oi_1)
     7    0.026649    0.594610    0.534740   33.368198 ^ m.u_tree._3079_/Y (sg13g2_a221oi_1)
                                                         m.u_tree._0634_ (net)
                      0.594613    0.001251   33.369450 ^ m.u_tree._3080_/B (sg13g2_nor2_1)
     3    0.015410    0.211160    0.281844   33.651295 v m.u_tree._3080_/Y (sg13g2_nor2_1)
                                                         m.u_tree._0635_ (net)
                      0.211165    0.001080   33.652374 v m.u_tree._3081_/S (sg13g2_mux2_1)
     3    0.019307    0.141252    0.348134   34.000507 ^ m.u_tree._3081_/X (sg13g2_mux2_1)
                                                         m.u_tree._0636_ (net)
                      0.141264    0.001343   34.001850 ^ m.u_tree._3086_/A2 (sg13g2_a21oi_1)
     1    0.004426    0.109690    0.142609   34.144459 v m.u_tree._3086_/Y (sg13g2_a21oi_1)
                                                         m.u_tree._0642_ (net)
                      0.109690    0.000320   34.144779 v m.u_tree._3106_/A1 (sg13g2_o21ai_1)
     5    0.017840    0.311128    0.318078   34.462860 ^ m.u_tree._3106_/Y (sg13g2_o21ai_1)
                                                         m.u_tree._0664_ (net)
                      0.311132    0.000895   34.463753 ^ m.u_tree._3107_/B (sg13g2_nand2_1)
     5    0.033645    0.344667    0.415895   34.879650 v m.u_tree._3107_/Y (sg13g2_nand2_1)
                                                         m.u_tree._0665_ (net)
                      0.344675    0.002000   34.881649 v m.u_tree._3117_/S (sg13g2_mux2_1)
     2    0.013600    0.108342    0.358266   35.239914 ^ m.u_tree._3117_/X (sg13g2_mux2_1)
                                                         m.u_tree._0676_ (net)
                      0.108349    0.000956   35.240871 ^ m.u_tree._3119_/B2 (sg13g2_a221oi_1)
     1    0.003832    0.116394    0.137604   35.378475 v m.u_tree._3119_/Y (sg13g2_a221oi_1)
                                                         m.u_tree._0678_ (net)
                      0.116394    0.000284   35.378757 v m.u_tree._3127_/A1 (sg13g2_o21ai_1)
     4    0.016863    0.296459    0.309559   35.688316 ^ m.u_tree._3127_/Y (sg13g2_o21ai_1)
                                                         m.u_tree._0687_ (net)
                      0.296478    0.001940   35.690258 ^ m.u_tree._3139_/C (sg13g2_and4_1)
     1    0.009845    0.101484    0.369500   36.059757 ^ m.u_tree._3139_/X (sg13g2_and4_1)
                                                         m.number_o[1] (net)
                      0.101489    0.000853   36.060608 ^ _81_/A (sg13g2_buf_1)
     1    0.006952    0.059496    0.144251   36.204861 ^ _81_/X (sg13g2_buf_1)
                                                         uo_out[1] (net)
                      0.059498    0.000437   36.205299 ^ uo_out[1] (out)
                                             36.205299   data arrival time

                                100.000000  100.000000   clock clk (rise edge)
                                  0.000000  100.000000   clock network delay (propagated)
                                 -0.250000   99.750000   clock uncertainty
                                  0.000000   99.750000   clock reconvergence pessimism
                                -20.000000   79.750000   output external delay
                                             79.750000   data required time
---------------------------------------------------------------------------------------------
                                             79.750000   data required time
                                            -36.205299   data arrival time
---------------------------------------------------------------------------------------------
                                             43.544701   slack (MET)




===========================================================================
report_checks --slack_max -0.01
============================================================================
======================= nom_slow_1p08V_125C Corner ===================================

No paths found.


===========================================================================
 report_check_types -max_slew -max_cap -max_fanout -violators
============================================================================
======================= nom_slow_1p08V_125C Corner ===================================

max slew

Pin                                        Limit        Slew       Slack
------------------------------------------------------------------------
m.u_conv3.u_weights._25939_/B           2.507400    3.590616   -1.083216 (VIOLATED)
m.u_conv3.u_weights._22836_/B           2.507400    3.590371   -1.082971 (VIOLATED)
m.u_conv3.u_weights._22849_/A2          2.507400    3.590359   -1.082959 (VIOLATED)
m.u_conv3.u_weights._28773_/B           2.507400    3.590294   -1.082894 (VIOLATED)
m.u_conv3.u_weights._25935_/A2          2.507400    3.590244   -1.082844 (VIOLATED)
m.u_conv3.u_weights._25163_/B           2.507400    3.590070   -1.082669 (VIOLATED)
m.u_conv3.u_weights._31285_/B           2.507400    3.589882   -1.082482 (VIOLATED)
m.u_conv3.u_weights._22835_/X           2.507400    3.589758   -1.082358 (VIOLATED)
m.u_conv3.u_weights._18745_/B           2.507400    3.096181   -0.588781 (VIOLATED)
m.u_conv3.u_weights._21193_/A           2.507400    3.095998   -0.588598 (VIOLATED)
m.u_conv3.u_weights._17604_/B           2.507400    3.095301   -0.587901 (VIOLATED)
m.u_conv3.u_weights._26640_/B           2.507400    3.095040   -0.587640 (VIOLATED)
m.u_conv3.u_weights._21810_/B           2.507400    3.095038   -0.587637 (VIOLATED)
m.u_conv3.u_weights._18544_/B           2.507400    3.094810   -0.587410 (VIOLATED)
m.u_conv3.u_weights._26378_/B           2.507400    3.094791   -0.587391 (VIOLATED)
m.u_conv3.u_weights._17603_/Y           2.507400    3.094573   -0.587172 (VIOLATED)
m.u_conv3.u_weights._16717_/B           2.507400    2.988279   -0.480878 (VIOLATED)
m.u_conv3.u_weights._16716_/B           2.507400    2.988273   -0.480873 (VIOLATED)
m.u_conv3.u_weights._27837_/B           2.507400    2.988110   -0.480710 (VIOLATED)
m.u_conv3.u_weights._27836_/B           2.507400    2.987981   -0.480581 (VIOLATED)
m.u_conv3.u_weights._31149_/B           2.507400    2.986032   -0.478632 (VIOLATED)
m.u_conv3.u_weights._31148_/B           2.507400    2.986012   -0.478612 (VIOLATED)
m.u_conv3.u_weights._23361_/A           2.507400    2.985438   -0.478038 (VIOLATED)
m.u_conv3.u_weights._23252_/A1          2.507400    2.985437   -0.478037 (VIOLATED)
m.u_conv3.u_weights._16715_/Y           2.507400    2.985321   -0.477921 (VIOLATED)
m.u_conv3.u_weights._26189_/C           2.507400    2.944484   -0.437083 (VIOLATED)
m.u_conv3.u_weights._26190_/B1          2.507400    2.944466   -0.437066 (VIOLATED)
m.u_conv3.u_weights._29810_/A           2.507400    2.943239   -0.435839 (VIOLATED)
m.u_conv3.u_weights._29809_/B1          2.507400    2.942984   -0.435584 (VIOLATED)
m.u_conv3.u_weights._28155_/A           2.507400    2.936729   -0.429329 (VIOLATED)
m.u_conv3.u_weights._28092_/A1          2.507400    2.936728   -0.429328 (VIOLATED)
m.u_conv3.u_weights._26188_/Y           2.507400    2.936635   -0.429235 (VIOLATED)
m.u_conv3.u_weights._16991_/B           2.507400    2.869493   -0.362093 (VIOLATED)
m.u_conv3.u_weights._18538_/B           2.507400    2.869461   -0.362060 (VIOLATED)
m.u_conv3.u_weights._16963_/A2          2.507400    2.869421   -0.362020 (VIOLATED)
m.u_conv3.u_weights._22557_/B           2.507400    2.869197   -0.361797 (VIOLATED)
m.u_conv3.u_weights._23048_/B           2.507400    2.869085   -0.361685 (VIOLATED)
m.u_conv3.u_weights._16962_/Y           2.507400    2.868456   -0.361056 (VIOLATED)
m.u_conv3.u_weights._20302_/B           2.507400    2.814409   -0.307009 (VIOLATED)
m.u_conv3.u_weights._20412_/A2          2.507400    2.814382   -0.306982 (VIOLATED)
m.u_conv3.u_weights._27378_/B           2.507400    2.814380   -0.306980 (VIOLATED)
m.u_conv3.u_weights._27357_/A2          2.507400    2.814361   -0.306961 (VIOLATED)
m.u_conv3.u_weights._28576_/A2          2.507400    2.814198   -0.306798 (VIOLATED)
m.u_conv3.u_weights._27866_/A           2.507400    2.814188   -0.306788 (VIOLATED)
m.u_conv3.u_weights._28541_/B           2.507400    2.814097   -0.306696 (VIOLATED)
m.u_conv3.u_weights._20301_/X           2.507400    2.813443   -0.306043 (VIOLATED)
m.u_conv3.u_weights._28055_/B           2.507400    2.773773   -0.266373 (VIOLATED)
m.u_conv3.u_weights._28054_/B           2.507400    2.773744   -0.266343 (VIOLATED)
m.u_conv3.u_weights._26130_/B           2.507400    2.770632   -0.263232 (VIOLATED)
m.u_conv3.u_weights._26129_/B           2.507400    2.770631   -0.263231 (VIOLATED)
m.u_conv3.u_weights._29719_/B           2.507400    2.769776   -0.262376 (VIOLATED)
m.u_conv3.u_weights._29720_/B           2.507400    2.769776   -0.262376 (VIOLATED)
m.u_conv3.u_weights._26128_/Y           2.507400    2.769762   -0.262362 (VIOLATED)
m.u_conv3.u_weights._20394_/B           2.507400    2.746816   -0.239416 (VIOLATED)
m.u_conv3.u_weights._20393_/B           2.507400    2.746803   -0.239403 (VIOLATED)
m.u_conv3.u_weights._20392_/Y           2.507400    2.742977   -0.235576 (VIOLATED)
m.u_conv3.u_weights._20918_/A           2.507400    2.729908   -0.222507 (VIOLATED)
m.u_conv3.u_weights._20862_/B           2.507400    2.729902   -0.222502 (VIOLATED)
m.u_conv3.u_weights._22324_/B           2.507400    2.729102   -0.221702 (VIOLATED)
m.u_conv3.u_weights._22388_/A           2.507400    2.729091   -0.221691 (VIOLATED)
m.u_conv3.u_weights._20860_/Y           2.507400    2.727205   -0.219805 (VIOLATED)
m.u_tree._2639_/A                       2.507400    2.724233   -0.216833 (VIOLATED)
fanout55/A                              2.507400    2.724143   -0.216743 (VIOLATED)
m.u_tree._2640_/A1                      2.507400    2.724125   -0.216725 (VIOLATED)
m.u_conv3.u_weights._24445_/Y           2.507400    2.718648   -0.211248 (VIOLATED)
m.u_conv3.u_weights._25922_/B           2.507400    2.602338   -0.094938 (VIOLATED)
m.u_conv3.u_weights._16712_/A2          2.507400    2.601678   -0.094278 (VIOLATED)
m.u_conv3.u_weights._16727_/B           2.507400    2.601516   -0.094116 (VIOLATED)
m.u_conv3.u_weights._25899_/A2          2.507400    2.598826   -0.091426 (VIOLATED)
m.u_conv3.u_weights._20094_/B           2.507400    2.596617   -0.089217 (VIOLATED)
m.u_conv3.u_weights._20068_/B           2.507400    2.596449   -0.089049 (VIOLATED)
m.u_conv3.u_weights._24056_/A2          2.507400    2.596334   -0.088933 (VIOLATED)
m.u_conv3.u_weights._23991_/B           2.507400    2.596250   -0.088849 (VIOLATED)
m.u_conv3.u_weights._16711_/X           2.507400    2.596241   -0.088840 (VIOLATED)
sram/A_MEN                              0.476000    0.561876   -0.085876 (VIOLATED)
m.u_conv3.u_weights._24211_/B           2.507400    2.579469   -0.072069 (VIOLATED)
m.u_conv3.u_weights._24208_/A2          2.507400    2.579446   -0.072046 (VIOLATED)
m.u_conv3.u_weights._16148_/A2          2.507400    2.578853   -0.071453 (VIOLATED)
m.u_conv3.u_weights._29350_/A2          2.507400    2.578829   -0.071429 (VIOLATED)
m.u_conv3.u_weights._29336_/B           2.507400    2.578516   -0.071115 (VIOLATED)
m.u_conv3.u_weights._16155_/B           2.507400    2.578416   -0.071016 (VIOLATED)
m.u_conv3.u_weights._16147_/Y           2.507400    2.578061   -0.070661 (VIOLATED)
sram/A_WEN                              0.476000    0.532206   -0.056206 (VIOLATED)

max fanout

Pin                                   Limit Fanout  Slack
---------------------------------------------------------
clkbuf_leaf_12_clk_regs/X                 8     18    -10 (VIOLATED)
clkbuf_leaf_10_clk_regs/X                 8     17     -9 (VIOLATED)
clkbuf_leaf_13_clk_regs/X                 8     17     -9 (VIOLATED)
clkbuf_leaf_14_clk_regs/X                 8     17     -9 (VIOLATED)
clkbuf_leaf_15_clk_regs/X                 8     17     -9 (VIOLATED)
clkbuf_leaf_17_clk_regs/X                 8     17     -9 (VIOLATED)
clkbuf_leaf_18_clk_regs/X                 8     17     -9 (VIOLATED)
clkbuf_leaf_25_clk_regs/X                 8     17     -9 (VIOLATED)
clkbuf_leaf_26_clk_regs/X                 8     17     -9 (VIOLATED)
clkbuf_leaf_29_clk_regs/X                 8     17     -9 (VIOLATED)
clkbuf_leaf_30_clk_regs/X                 8     17     -9 (VIOLATED)
clkbuf_leaf_41_clk_regs/X                 8     17     -9 (VIOLATED)
clkbuf_leaf_42_clk_regs/X                 8     17     -9 (VIOLATED)
clkbuf_leaf_48_clk_regs/X                 8     17     -9 (VIOLATED)
clkbuf_leaf_8_clk_regs/X                  8     17     -9 (VIOLATED)
clkbuf_leaf_9_clk_regs/X                  8     17     -9 (VIOLATED)
clkbuf_leaf_11_clk_regs/X                 8     16     -8 (VIOLATED)
clkbuf_leaf_19_clk_regs/X                 8     16     -8 (VIOLATED)
clkbuf_leaf_20_clk_regs/X                 8     16     -8 (VIOLATED)
clkbuf_leaf_21_clk_regs/X                 8     16     -8 (VIOLATED)
clkbuf_leaf_23_clk_regs/X                 8     16     -8 (VIOLATED)
clkbuf_leaf_28_clk_regs/X                 8     16     -8 (VIOLATED)
clkbuf_leaf_31_clk_regs/X                 8     16     -8 (VIOLATED)
clkbuf_leaf_33_clk_regs/X                 8     16     -8 (VIOLATED)
clkbuf_leaf_34_clk_regs/X                 8     16     -8 (VIOLATED)
clkbuf_leaf_35_clk_regs/X                 8     16     -8 (VIOLATED)
clkbuf_leaf_36_clk_regs/X                 8     16     -8 (VIOLATED)
clkbuf_leaf_37_clk_regs/X                 8     16     -8 (VIOLATED)
clkbuf_leaf_39_clk_regs/X                 8     16     -8 (VIOLATED)
clkbuf_leaf_49_clk_regs/X                 8     16     -8 (VIOLATED)
clkbuf_leaf_7_clk_regs/X                  8     16     -8 (VIOLATED)
fanout507/X                               8     16     -8 (VIOLATED)
clkbuf_leaf_16_clk_regs/X                 8     15     -7 (VIOLATED)
clkbuf_leaf_22_clk_regs/X                 8     15     -7 (VIOLATED)
clkbuf_leaf_24_clk_regs/X                 8     15     -7 (VIOLATED)
clkbuf_leaf_32_clk_regs/X                 8     15     -7 (VIOLATED)
clkbuf_leaf_6_clk_regs/X                  8     15     -7 (VIOLATED)
fanout701/X                               8     15     -7 (VIOLATED)
clkbuf_leaf_1_clk_regs/X                  8     14     -6 (VIOLATED)
clkbuf_leaf_27_clk_regs/X                 8     14     -6 (VIOLATED)
clkbuf_leaf_2_clk_regs/X                  8     14     -6 (VIOLATED)
clkbuf_leaf_38_clk_regs/X                 8     14     -6 (VIOLATED)
clkbuf_leaf_3_clk_regs/X                  8     14     -6 (VIOLATED)
clkbuf_leaf_43_clk_regs/X                 8     14     -6 (VIOLATED)
clkbuf_leaf_44_clk_regs/X                 8     14     -6 (VIOLATED)
clkbuf_leaf_45_clk_regs/X                 8     14     -6 (VIOLATED)
clkbuf_leaf_4_clk_regs/X                  8     14     -6 (VIOLATED)
clkbuf_leaf_40_clk_regs/X                 8     13     -5 (VIOLATED)
clkbuf_leaf_50_clk_regs/X                 8     13     -5 (VIOLATED)
clkbuf_leaf_5_clk_regs/X                  8     13     -5 (VIOLATED)
fanout675/X                               8     13     -5 (VIOLATED)
clkbuf_leaf_0_clk_regs/X                  8     12     -4 (VIOLATED)
clkbuf_leaf_46_clk_regs/X                 8     12     -4 (VIOLATED)
fanout460/X                               8     12     -4 (VIOLATED)
fanout498/X                               8     12     -4 (VIOLATED)
fanout483/X                               8     11     -3 (VIOLATED)
m.u_conv3.u_weights._15824_/Y             8     11     -3 (VIOLATED)
fanout1482/X                              8     10     -2 (VIOLATED)
fanout725/X                               8     10     -2 (VIOLATED)
fanout798/X                               8     10     -2 (VIOLATED)
fanout800/X                               8     10     -2 (VIOLATED)
fanout801/X                               8     10     -2 (VIOLATED)
fanout802/X                               8     10     -2 (VIOLATED)
fanout803/X                               8     10     -2 (VIOLATED)
fanout804/X                               8     10     -2 (VIOLATED)
fanout808/X                               8     10     -2 (VIOLATED)
fanout810/X                               8     10     -2 (VIOLATED)
fanout1226/X                              8      9        (VIOLATED)
fanout673/X                               8      9        (VIOLATED)
fanout678/X                               8      9        (VIOLATED)
fanout900/X                               8      9        (VIOLATED)

max capacitance

Pin                                        Limit         Cap       Slack
------------------------------------------------------------------------
sram/A_DOUT[6]                          0.064000    0.064788   -0.000788 (VIOLATED)



===========================================================================
report_parasitic_annotation -report_unannotated
============================================================================
Found 48 unannotated drivers.
 ena
 uio_in[1]
 uio_in[2]
 uio_in[3]
 uio_in[4]
 uio_in[5]
 uio_in[6]
 uio_in[7]
 clkload0/X
 clkload1/X
 clkload10/Y
 clkload11/X
 clkload12/Y
 clkload13/Y
 clkload14/X
 clkload15/Y
 clkload16/Y
 clkload17/Y
 clkload18/X
 clkload19/Y
 clkload2/X
 clkload20/Y
 clkload21/X
 clkload22/Y
 clkload23/Y
 clkload24/Y
 clkload25/Y
 clkload26/Y
 clkload27/Y
 clkload28/Y
 clkload29/Y
 clkload3/X
 clkload30/X
 clkload31/Y
 clkload32/Y
 clkload33/X
 clkload34/Y
 clkload35/Y
 clkload36/Y
 clkload37/Y
 clkload38/Y
 clkload39/Y
 clkload4/Y
 clkload5/Y
 clkload6/Y
 clkload7/Y
 clkload8/Y
 clkload9/Y
Found 0 partially unannotated drivers.

===========================================================================
max slew violation count 83
max fanout violation count 71
max cap violation count 1
============================================================================

===========================================================================
check_setup -verbose -unconstrained_endpoints -multiple_clock -no_clock -no_input_delay -loops -generated_clocks
===========================================================================
