Clock: clk
Sources: clk 
Generated: no
Virtual: yes
Propagated: no
Period: 100.000000

===========================================================================
report_clock_properties
============================================================================
Clock                   Period          Waveform
----------------------------------------------------
clk                 100.000000    0.000000 50.000000

===========================================================================
report_clock_latency
============================================================================
Clock clk
rise -> rise
    min     max
0.000000 0.000000 source latency
0.852397         network latency sram/A_CLK
        0.965686 network latency m.u_conv2.u_loader._925_/CLK
---------------
0.852397 0.965686 latency
        0.113289 skew

fall -> fall
    min     max
0.000000 0.000000 source latency
0.860187         network latency sram/A_CLK
        0.927944 network latency m.u_conv1._510_/CLK
---------------
0.860187 0.927944 latency
        0.067757 skew



===========================================================================
report_clock_min_period
============================================================================
clk period_min = 22.30 fmax = 44.84
