
===========================================================================
 report_power
============================================================================
======================= nom_slow_1p08V_125C Corner ===================================

Group                    Internal    Switching      Leakage        Total
                            Power        Power        Power        Power (Watts)
------------------------------------------------------------------------
Sequential           3.246254e-04 2.914959e-07 1.625434e-06 3.265424e-04  59.0%
Combinational        1.286226e-05 1.475800e-05 1.526600e-05 4.288626e-05   7.8%
Clock                5.165602e-05 6.204840e-05 8.681695e-06 1.223861e-04  22.1%
Macro                6.136233e-05 0.000000e+00 2.475190e-08 6.138708e-05  11.1%
Pad                  0.000000e+00 0.000000e+00 0.000000e+00 0.000000e+00   0.0%
------------------------------------------------------------------------
Total                4.505061e-04 7.709792e-05 2.559711e-05 5.532011e-04 100.0%
                            81.4%        13.9%         4.6%

