Netgen 1.5.316 compiled on Tue Feb 10 10:44:29 UTC 2026
Warning: netgen command 'format' use fully-qualified name '::netgen::format'
Warning: netgen command 'global' use fully-qualified name '::netgen::global'
Warning:  A case-insensitive file has been read and so the	verilog file must be treated case-insensitive to match.
Reading SPICE netlist file '/Users/marcandre/Desktop/Startup/TowardsBNN/binaryneuralnet-asic-TTIHP26/ttsetup/pdk/ciel/ihp-sg13g2/versions/c4b8b4e5e7a05f375cca3815d51b3a37721fbf5c/ihp-sg13g2/libs.ref/sg13g2_stdcell/spice/sg13g2_stdcell.spice'...
Call to undefined subcircuit sg13_lv_nmos
Creating placeholder cell definition.
Call to undefined subcircuit sg13_lv_pmos
Creating placeholder cell definition.
Call to undefined subcircuit dantenna
Creating placeholder cell definition.
Call to undefined subcircuit dpantenna
Creating placeholder cell definition.
Reading SPICE netlist file '/Users/marcandre/Desktop/Startup/TowardsBNN/binaryneuralnet-asic-TTIHP26/ttsetup/pdk/ciel/ihp-sg13g2/versions/c4b8b4e5e7a05f375cca3815d51b3a37721fbf5c/ihp-sg13g2/libs.ref/sg13g2_io/spice/sg13g2_io.spi'...
Call to undefined subcircuit sg13_hv_nmos
Creating placeholder cell definition.
Call to undefined subcircuit sg13_hv_pmos
Creating placeholder cell definition.
Call to undefined subcircuit rppd
Creating placeholder cell definition.
Reading Verilog netlist file '/Users/marcandre/Desktop/Startup/TowardsBNN/binaryneuralnet-asic-TTIHP26/runs/wokwi/52-openroad-fillinsertion/tt_um_maw_mnistbnn.pnl.v'...
Warning:  A case-insensitive file has been read and so the	verilog file must be treated case-insensitive to match.
Note:  Implicit pin X in instance clkload0 of sg13g2_buf_8 in cell tt_um_maw_mnistbnn
Note:  Implicit pin X in instance clkload1 of sg13g2_buf_8 in cell tt_um_maw_mnistbnn
Note:  Implicit pin Y in instance clkload10 of sg13g2_inv_1 in cell tt_um_maw_mnistbnn
Note:  Implicit pin X in instance clkload11 of sg13g2_buf_8 in cell tt_um_maw_mnistbnn
Note:  Implicit pin Y in instance clkload12 of sg13g2_inv_8 in cell tt_um_maw_mnistbnn
Note:  Implicit pin Y in instance clkload13 of sg13g2_inv_4 in cell tt_um_maw_mnistbnn
Note:  Implicit pin X in instance clkload14 of sg13g2_buf_8 in cell tt_um_maw_mnistbnn
Note:  Implicit pin Y in instance clkload15 of sg13g2_inv_2 in cell tt_um_maw_mnistbnn
Note:  Implicit pin Y in instance clkload16 of sg13g2_inv_2 in cell tt_um_maw_mnistbnn
Note:  Implicit pin Y in instance clkload17 of sg13g2_inv_2 in cell tt_um_maw_mnistbnn
Note:  Implicit pin X in instance clkload18 of sg13g2_buf_8 in cell tt_um_maw_mnistbnn
Note:  Implicit pin Y in instance clkload19 of sg13g2_inv_4 in cell tt_um_maw_mnistbnn
Note:  Implicit pin X in instance clkload2 of sg13g2_buf_8 in cell tt_um_maw_mnistbnn
Note:  Implicit pin Y in instance clkload20 of sg13g2_inv_1 in cell tt_um_maw_mnistbnn
Note:  Implicit pin X in instance clkload21 of sg13g2_buf_8 in cell tt_um_maw_mnistbnn
Note:  Implicit pin Y in instance clkload22 of sg13g2_inv_1 in cell tt_um_maw_mnistbnn
Note:  Implicit pin Y in instance clkload23 of sg13g2_inv_1 in cell tt_um_maw_mnistbnn
Note:  Implicit pin Y in instance clkload24 of sg13g2_inv_2 in cell tt_um_maw_mnistbnn
Note:  Implicit pin Y in instance clkload25 of sg13g2_inv_4 in cell tt_um_maw_mnistbnn
Note:  Implicit pin Y in instance clkload26 of sg13g2_inv_1 in cell tt_um_maw_mnistbnn
Note:  Implicit pin Y in instance clkload27 of sg13g2_inv_4 in cell tt_um_maw_mnistbnn
Note:  Implicit pin Y in instance clkload28 of sg13g2_inv_1 in cell tt_um_maw_mnistbnn
Note:  Implicit pin Y in instance clkload29 of sg13g2_inv_1 in cell tt_um_maw_mnistbnn
Note:  Implicit pin X in instance clkload3 of sg13g2_buf_8 in cell tt_um_maw_mnistbnn
Note:  Implicit pin X in instance clkload30 of sg13g2_buf_8 in cell tt_um_maw_mnistbnn
Note:  Implicit pin Y in instance clkload31 of sg13g2_inv_1 in cell tt_um_maw_mnistbnn
Note:  Implicit pin Y in instance clkload32 of sg13g2_inv_2 in cell tt_um_maw_mnistbnn
Note:  Implicit pin X in instance clkload33 of sg13g2_buf_8 in cell tt_um_maw_mnistbnn
Note:  Implicit pin Y in instance clkload34 of sg13g2_inv_1 in cell tt_um_maw_mnistbnn
Note:  Implicit pin Y in instance clkload35 of sg13g2_inv_4 in cell tt_um_maw_mnistbnn
Note:  Implicit pin Y in instance clkload36 of sg13g2_inv_2 in cell tt_um_maw_mnistbnn
Note:  Implicit pin Y in instance clkload37 of sg13g2_inv_1 in cell tt_um_maw_mnistbnn
Note:  Implicit pin Y in instance clkload38 of sg13g2_inv_2 in cell tt_um_maw_mnistbnn
Note:  Implicit pin Y in instance clkload39 of sg13g2_inv_2 in cell tt_um_maw_mnistbnn
Note:  Implicit pin Y in instance clkload4 of sg13g2_inv_8 in cell tt_um_maw_mnistbnn
Note:  Implicit pin Y in instance clkload5 of sg13g2_inv_4 in cell tt_um_maw_mnistbnn
Note:  Implicit pin Y in instance clkload6 of sg13g2_inv_4 in cell tt_um_maw_mnistbnn
Note:  Implicit pin Y in instance clkload7 of sg13g2_inv_2 in cell tt_um_maw_mnistbnn
Note:  Implicit pin Y in instance clkload8 of sg13g2_inv_4 in cell tt_um_maw_mnistbnn
Note:  Implicit pin Y in instance clkload9 of sg13g2_inv_16 in cell tt_um_maw_mnistbnn
Creating placeholder cell definition for module RM_IHPSG13_1P_256x8_c3_bm_bist.
Treating empty subcircuits as black-box cells
Generating JSON file result

Reading setup file /nix/store/nxfh9ig6whzb1djifv7z8km0rkvp0kxl-python3-3.13.9-env/lib/python3.13/site-packages/librelane/scripts/netgen/setup.tcl

Model rppd pin 1 == 2
No property b found for device rppd
Model sg13_hv_nmos pin 1 == 3
No property ng found for device sg13_hv_nmos
No property as found for device sg13_hv_nmos
No property ad found for device sg13_hv_nmos
No property pd found for device sg13_hv_nmos
No property ps found for device sg13_hv_nmos
No property trise found for device sg13_hv_nmos
No property z1 found for device sg13_hv_nmos
No property z2 found for device sg13_hv_nmos
No property wmin found for device sg13_hv_nmos
No property rfmode found for device sg13_hv_nmos
No property pre_layout found for device sg13_hv_nmos
Model sg13_hv_pmos pin 1 == 3
No property ng found for device sg13_hv_pmos
No property as found for device sg13_hv_pmos
No property ad found for device sg13_hv_pmos
No property pd found for device sg13_hv_pmos
No property ps found for device sg13_hv_pmos
No property trise found for device sg13_hv_pmos
No property z1 found for device sg13_hv_pmos
No property z2 found for device sg13_hv_pmos
No property wmin found for device sg13_hv_pmos
No property rfmode found for device sg13_hv_pmos
No property pre_layout found for device sg13_hv_pmos
Model sg13_lv_nmos pin 1 == 3
No property trise found for device sg13_lv_nmos
No property z1 found for device sg13_lv_nmos
No property z2 found for device sg13_lv_nmos
No property wmin found for device sg13_lv_nmos
No property rfmode found for device sg13_lv_nmos
No property pre_layout found for device sg13_lv_nmos
Model sg13_lv_pmos pin 1 == 3
No property trise found for device sg13_lv_pmos
No property z1 found for device sg13_lv_pmos
No property z2 found for device sg13_lv_pmos
No property wmin found for device sg13_lv_pmos
No property rfmode found for device sg13_lv_pmos
No property pre_layout found for device sg13_lv_pmos
No property DEV_A found for device dantenna
No property DEV_P found for device dantenna
No property DEV_C found for device dantenna
No property DEV_A found for device dpantenna
No property DEV_P found for device dpantenna
No property DEV_C found for device dpantenna
Comparison output logged to file /Users/marcandre/Desktop/Startup/TowardsBNN/binaryneuralnet-asic-TTIHP26/runs/wokwi/66-netgen-lvs/reports/lvs.netgen.rpt
Logging to file "/Users/marcandre/Desktop/Startup/TowardsBNN/binaryneuralnet-asic-TTIHP26/runs/wokwi/66-netgen-lvs/reports/lvs.netgen.rpt" enabled

Contents of circuit 1:  Circuit: 'sg13g2_a21o_1'
Circuit sg13g2_a21o_1 contains 0 device instances.
Circuit contains 0 nets, and 6 disconnected pins.
Contents of circuit 2:  Circuit: 'sg13g2_a21o_1'
Circuit sg13g2_a21o_1 contains 8 device instances.
  Class: sg13_lv_pmos          instances:   4
  Class: sg13_lv_nmos          instances:   4
Circuit contains 9 nets.

Circuit sg13g2_a21o_1 contains no devices.

Contents of circuit 1:  Circuit: 'sg13g2_decap_8'
Circuit sg13g2_decap_8 contains 0 device instances.
Circuit contains 0 nets, and 2 disconnected pins.
Contents of circuit 2:  Circuit: 'sg13g2_decap_8'
Circuit sg13g2_decap_8 contains 2 device instances.
  Class: sg13_lv_pmos          instances:   1
  Class: sg13_lv_nmos          instances:   1
Circuit contains 2 nets.

Circuit sg13g2_decap_8 contains no devices.

Contents of circuit 1:  Circuit: 'sg13g2_nand2_1'
Circuit sg13g2_nand2_1 contains 0 device instances.
Circuit contains 0 nets, and 5 disconnected pins.
Contents of circuit 2:  Circuit: 'sg13g2_nand2_1'
Circuit sg13g2_nand2_1 contains 4 device instances.
  Class: sg13_lv_pmos          instances:   2
  Class: sg13_lv_nmos          instances:   2
Circuit contains 6 nets.

Circuit sg13g2_nand2_1 contains no devices.

Contents of circuit 1:  Circuit: 'sg13g2_nand3_1'
Circuit sg13g2_nand3_1 contains 0 device instances.
Circuit contains 0 nets, and 6 disconnected pins.
Contents of circuit 2:  Circuit: 'sg13g2_nand3_1'
Circuit sg13g2_nand3_1 contains 6 device instances.
  Class: sg13_lv_pmos          instances:   3
  Class: sg13_lv_nmos          instances:   3
Circuit contains 8 nets.

Circuit sg13g2_nand3_1 contains no devices.

Contents of circuit 1:  Circuit: 'sg13g2_xor2_1'
Circuit sg13g2_xor2_1 contains 0 device instances.
Circuit contains 0 nets, and 5 disconnected pins.
Contents of circuit 2:  Circuit: 'sg13g2_xor2_1'
Circuit sg13g2_xor2_1 contains 10 device instances.
  Class: sg13_lv_pmos          instances:   5
  Class: sg13_lv_nmos          instances:   5
Circuit contains 9 nets.

Circuit sg13g2_xor2_1 contains no devices.

Contents of circuit 1:  Circuit: 'sg13g2_fill_1'
Circuit sg13g2_fill_1 contains 0 device instances.
Circuit contains 0 nets, and 2 disconnected pins.
Contents of circuit 2:  Circuit: 'sg13g2_fill_1'
Circuit sg13g2_fill_1 contains 0 device instances.
Circuit contains 0 nets, and 2 disconnected pins.

Circuit sg13g2_fill_1 contains no devices.

Contents of circuit 1:  Circuit: 'sg13g2_decap_4'
Circuit sg13g2_decap_4 contains 0 device instances.
Circuit contains 0 nets, and 2 disconnected pins.
Contents of circuit 2:  Circuit: 'sg13g2_decap_4'
Circuit sg13g2_decap_4 contains 2 device instances.
  Class: sg13_lv_pmos          instances:   1
  Class: sg13_lv_nmos          instances:   1
Circuit contains 2 nets.

Circuit sg13g2_decap_4 contains no devices.

Contents of circuit 1:  Circuit: 'sg13g2_nor3_1'
Circuit sg13g2_nor3_1 contains 0 device instances.
Circuit contains 0 nets, and 6 disconnected pins.
Contents of circuit 2:  Circuit: 'sg13g2_nor3_1'
Circuit sg13g2_nor3_1 contains 6 device instances.
  Class: sg13_lv_pmos          instances:   3
  Class: sg13_lv_nmos          instances:   3
Circuit contains 8 nets.

Circuit sg13g2_nor3_1 contains no devices.

Contents of circuit 1:  Circuit: 'sg13g2_nor2_1'
Circuit sg13g2_nor2_1 contains 0 device instances.
Circuit contains 0 nets, and 5 disconnected pins.
Contents of circuit 2:  Circuit: 'sg13g2_nor2_1'
Circuit sg13g2_nor2_1 contains 4 device instances.
  Class: sg13_lv_pmos          instances:   2
  Class: sg13_lv_nmos          instances:   2
Circuit contains 6 nets.

Circuit sg13g2_nor2_1 contains no devices.

Contents of circuit 1:  Circuit: 'sg13g2_xnor2_1'
Circuit sg13g2_xnor2_1 contains 0 device instances.
Circuit contains 0 nets, and 5 disconnected pins.
Contents of circuit 2:  Circuit: 'sg13g2_xnor2_1'
Circuit sg13g2_xnor2_1 contains 10 device instances.
  Class: sg13_lv_pmos          instances:   5
  Class: sg13_lv_nmos          instances:   5
Circuit contains 9 nets.

Circuit sg13g2_xnor2_1 contains no devices.

Contents of circuit 1:  Circuit: 'sg13g2_fill_2'
Circuit sg13g2_fill_2 contains 0 device instances.
Circuit contains 0 nets, and 2 disconnected pins.
Contents of circuit 2:  Circuit: 'sg13g2_fill_2'
Circuit sg13g2_fill_2 contains 0 device instances.
Circuit contains 0 nets, and 2 disconnected pins.

Circuit sg13g2_fill_2 contains no devices.

Contents of circuit 1:  Circuit: 'sg13g2_nand2b_1'
Circuit sg13g2_nand2b_1 contains 0 device instances.
Circuit contains 0 nets, and 5 disconnected pins.
Contents of circuit 2:  Circuit: 'sg13g2_nand2b_1'
Circuit sg13g2_nand2b_1 contains 6 device instances.
  Class: sg13_lv_pmos          instances:   3
  Class: sg13_lv_nmos          instances:   3
Circuit contains 7 nets.

Circuit sg13g2_nand2b_1 contains no devices.

Contents of circuit 1:  Circuit: 'sg13g2_a21oi_1'
Circuit sg13g2_a21oi_1 contains 0 device instances.
Circuit contains 0 nets, and 6 disconnected pins.
Contents of circuit 2:  Circuit: 'sg13g2_a21oi_1'
Circuit sg13g2_a21oi_1 contains 6 device instances.
  Class: sg13_lv_pmos          instances:   3
  Class: sg13_lv_nmos          instances:   3
Circuit contains 8 nets.

Circuit sg13g2_a21oi_1 contains no devices.

Contents of circuit 1:  Circuit: 'sg13g2_a22oi_1'
Circuit sg13g2_a22oi_1 contains 0 device instances.
Circuit contains 0 nets, and 7 disconnected pins.
Contents of circuit 2:  Circuit: 'sg13g2_a22oi_1'
Circuit sg13g2_a22oi_1 contains 8 device instances.
  Class: sg13_lv_pmos          instances:   4
  Class: sg13_lv_nmos          instances:   4
Circuit contains 10 nets.

Circuit sg13g2_a22oi_1 contains no devices.

Contents of circuit 1:  Circuit: 'sg13g2_nand4_1'
Circuit sg13g2_nand4_1 contains 0 device instances.
Circuit contains 0 nets, and 7 disconnected pins.
Contents of circuit 2:  Circuit: 'sg13g2_nand4_1'
Circuit sg13g2_nand4_1 contains 8 device instances.
  Class: sg13_lv_pmos          instances:   4
  Class: sg13_lv_nmos          instances:   4
Circuit contains 10 nets.

Circuit sg13g2_nand4_1 contains no devices.

Contents of circuit 1:  Circuit: 'sg13g2_nor2b_1'
Circuit sg13g2_nor2b_1 contains 0 device instances.
Circuit contains 0 nets, and 5 disconnected pins.
Contents of circuit 2:  Circuit: 'sg13g2_nor2b_1'
Circuit sg13g2_nor2b_1 contains 6 device instances.
  Class: sg13_lv_pmos          instances:   3
  Class: sg13_lv_nmos          instances:   3
Circuit contains 7 nets.

Circuit sg13g2_nor2b_1 contains no devices.

Contents of circuit 1:  Circuit: 'sg13g2_dfrbpq_1'
Circuit sg13g2_dfrbpq_1 contains 0 device instances.
Circuit contains 0 nets, and 6 disconnected pins.
Contents of circuit 2:  Circuit: 'sg13g2_dfrbpq_1'
Circuit sg13g2_dfrbpq_1 contains 32 device instances.
  Class: sg13_lv_pmos          instances:  16
  Class: sg13_lv_nmos          instances:  16
Circuit contains 21 nets.

Circuit sg13g2_dfrbpq_1 contains no devices.

Contents of circuit 1:  Circuit: 'sg13g2_buf_1'
Circuit sg13g2_buf_1 contains 0 device instances.
Circuit contains 0 nets, and 4 disconnected pins.
Contents of circuit 2:  Circuit: 'sg13g2_buf_1'
Circuit sg13g2_buf_1 contains 4 device instances.
  Class: sg13_lv_pmos          instances:   2
  Class: sg13_lv_nmos          instances:   2
Circuit contains 5 nets.

Circuit sg13g2_buf_1 contains no devices.

Contents of circuit 1:  Circuit: 'sg13g2_o21ai_1'
Circuit sg13g2_o21ai_1 contains 0 device instances.
Circuit contains 0 nets, and 6 disconnected pins.
Contents of circuit 2:  Circuit: 'sg13g2_o21ai_1'
Circuit sg13g2_o21ai_1 contains 6 device instances.
  Class: sg13_lv_pmos          instances:   3
  Class: sg13_lv_nmos          instances:   3
Circuit contains 8 nets.

Circuit sg13g2_o21ai_1 contains no devices.

Contents of circuit 1:  Circuit: 'sg13g2_inv_1'
Circuit sg13g2_inv_1 contains 0 device instances.
Circuit contains 0 nets, and 4 disconnected pins.
Contents of circuit 2:  Circuit: 'sg13g2_inv_1'
Circuit sg13g2_inv_1 contains 2 device instances.
  Class: sg13_lv_pmos          instances:   1
  Class: sg13_lv_nmos          instances:   1
Circuit contains 4 nets.

Circuit sg13g2_inv_1 contains no devices.

Contents of circuit 1:  Circuit: 'sg13g2_and3_1'
Circuit sg13g2_and3_1 contains 0 device instances.
Circuit contains 0 nets, and 6 disconnected pins.
Contents of circuit 2:  Circuit: 'sg13g2_and3_1'
Circuit sg13g2_and3_1 contains 8 device instances.
  Class: sg13_lv_pmos          instances:   4
  Class: sg13_lv_nmos          instances:   4
Circuit contains 9 nets.

Circuit sg13g2_and3_1 contains no devices.

Contents of circuit 1:  Circuit: 'sg13g2_tielo'
Circuit sg13g2_tielo contains 0 device instances.
Circuit contains 0 nets, and 3 disconnected pins.
Contents of circuit 2:  Circuit: 'sg13g2_tielo'
Circuit sg13g2_tielo contains 4 device instances.
  Class: sg13_lv_pmos          instances:   2
  Class: sg13_lv_nmos          instances:   2
Circuit contains 6 nets.

Circuit sg13g2_tielo contains no devices.

Contents of circuit 1:  Circuit: 'sg13g2_and2_1'
Circuit sg13g2_and2_1 contains 0 device instances.
Circuit contains 0 nets, and 5 disconnected pins.
Contents of circuit 2:  Circuit: 'sg13g2_and2_1'
Circuit sg13g2_and2_1 contains 6 device instances.
  Class: sg13_lv_pmos          instances:   3
  Class: sg13_lv_nmos          instances:   3
Circuit contains 7 nets.

Circuit sg13g2_and2_1 contains no devices.

Contents of circuit 1:  Circuit: 'sg13g2_a221oi_1'
Circuit sg13g2_a221oi_1 contains 0 device instances.
Circuit contains 0 nets, and 8 disconnected pins.
Contents of circuit 2:  Circuit: 'sg13g2_a221oi_1'
Circuit sg13g2_a221oi_1 contains 10 device instances.
  Class: sg13_lv_pmos          instances:   5
  Class: sg13_lv_nmos          instances:   5
Circuit contains 12 nets.

Circuit sg13g2_a221oi_1 contains no devices.

Contents of circuit 1:  Circuit: 'sg13g2_mux2_1'
Circuit sg13g2_mux2_1 contains 0 device instances.
Circuit contains 0 nets, and 6 disconnected pins.
Contents of circuit 2:  Circuit: 'sg13g2_mux2_1'
Circuit sg13g2_mux2_1 contains 12 device instances.
  Class: sg13_lv_pmos          instances:   6
  Class: sg13_lv_nmos          instances:   6
Circuit contains 12 nets.

Circuit sg13g2_mux2_1 contains no devices.

Contents of circuit 1:  Circuit: 'sg13g2_or2_1'
Circuit sg13g2_or2_1 contains 0 device instances.
Circuit contains 0 nets, and 5 disconnected pins.
Contents of circuit 2:  Circuit: 'sg13g2_or2_1'
Circuit sg13g2_or2_1 contains 6 device instances.
  Class: sg13_lv_pmos          instances:   3
  Class: sg13_lv_nmos          instances:   3
Circuit contains 7 nets.

Circuit sg13g2_or2_1 contains no devices.

Contents of circuit 1:  Circuit: 'sg13g2_tiehi'
Circuit sg13g2_tiehi contains 0 device instances.
Circuit contains 0 nets, and 3 disconnected pins.
Contents of circuit 2:  Circuit: 'sg13g2_tiehi'
Circuit sg13g2_tiehi contains 4 device instances.
  Class: sg13_lv_pmos          instances:   2
  Class: sg13_lv_nmos          instances:   2
Circuit contains 6 nets.

Circuit sg13g2_tiehi contains no devices.

Contents of circuit 1:  Circuit: 'sg13g2_buf_4'
Circuit sg13g2_buf_4 contains 0 device instances.
Circuit contains 0 nets, and 4 disconnected pins.
Contents of circuit 2:  Circuit: 'sg13g2_buf_4'
Circuit sg13g2_buf_4 contains 4 device instances.
  Class: sg13_lv_pmos          instances:   2
  Class: sg13_lv_nmos          instances:   2
Circuit contains 5 nets.

Circuit sg13g2_buf_4 contains no devices.

Contents of circuit 1:  Circuit: 'sg13g2_or3_1'
Circuit sg13g2_or3_1 contains 0 device instances.
Circuit contains 0 nets, and 6 disconnected pins.
Contents of circuit 2:  Circuit: 'sg13g2_or3_1'
Circuit sg13g2_or3_1 contains 8 device instances.
  Class: sg13_lv_pmos          instances:   4
  Class: sg13_lv_nmos          instances:   4
Circuit contains 9 nets.

Circuit sg13g2_or3_1 contains no devices.

Contents of circuit 1:  Circuit: 'sg13g2_nand3b_1'
Circuit sg13g2_nand3b_1 contains 0 device instances.
Circuit contains 0 nets, and 6 disconnected pins.
Contents of circuit 2:  Circuit: 'sg13g2_nand3b_1'
Circuit sg13g2_nand3b_1 contains 8 device instances.
  Class: sg13_lv_pmos          instances:   4
  Class: sg13_lv_nmos          instances:   4
Circuit contains 9 nets.

Circuit sg13g2_nand3b_1 contains no devices.

Contents of circuit 1:  Circuit: 'sg13g2_dlygate4sd3_1'
Circuit sg13g2_dlygate4sd3_1 contains 0 device instances.
Circuit contains 0 nets, and 4 disconnected pins.
Contents of circuit 2:  Circuit: 'sg13g2_dlygate4sd3_1'
Circuit sg13g2_dlygate4sd3_1 contains 8 device instances.
  Class: sg13_lv_pmos          instances:   4
  Class: sg13_lv_nmos          instances:   4
Circuit contains 7 nets.

Circuit sg13g2_dlygate4sd3_1 contains no devices.

Contents of circuit 1:  Circuit: 'sg13g2_antennanp'
Circuit sg13g2_antennanp contains 0 device instances.
Circuit contains 0 nets, and 3 disconnected pins.
Contents of circuit 2:  Circuit: 'sg13g2_antennanp'
Circuit sg13g2_antennanp contains 2 device instances.
  Class: dpantenna             instances:   1
  Class: dantenna              instances:   1
Circuit contains 3 nets.

Circuit sg13g2_antennanp contains no devices.

Contents of circuit 1:  Circuit: 'sg13g2_buf_8'
Circuit sg13g2_buf_8 contains 0 device instances.
Circuit contains 0 nets, and 4 disconnected pins.
Contents of circuit 2:  Circuit: 'sg13g2_buf_8'
Circuit sg13g2_buf_8 contains 4 device instances.
  Class: sg13_lv_pmos          instances:   2
  Class: sg13_lv_nmos          instances:   2
Circuit contains 5 nets.

Circuit sg13g2_buf_8 contains no devices.

Contents of circuit 1:  Circuit: 'sg13g2_and4_1'
Circuit sg13g2_and4_1 contains 0 device instances.
Circuit contains 0 nets, and 7 disconnected pins.
Contents of circuit 2:  Circuit: 'sg13g2_and4_1'
Circuit sg13g2_and4_1 contains 10 device instances.
  Class: sg13_lv_pmos          instances:   5
  Class: sg13_lv_nmos          instances:   5
Circuit contains 11 nets.

Circuit sg13g2_and4_1 contains no devices.

Contents of circuit 1:  Circuit: 'sg13g2_nor4_1'
Circuit sg13g2_nor4_1 contains 0 device instances.
Circuit contains 0 nets, and 7 disconnected pins.
Contents of circuit 2:  Circuit: 'sg13g2_nor4_1'
Circuit sg13g2_nor4_1 contains 8 device instances.
  Class: sg13_lv_pmos          instances:   4
  Class: sg13_lv_nmos          instances:   4
Circuit contains 10 nets.

Circuit sg13g2_nor4_1 contains no devices.

Contents of circuit 1:  Circuit: 'sg13g2_buf_2'
Circuit sg13g2_buf_2 contains 0 device instances.
Circuit contains 0 nets, and 4 disconnected pins.
Contents of circuit 2:  Circuit: 'sg13g2_buf_2'
Circuit sg13g2_buf_2 contains 4 device instances.
  Class: sg13_lv_pmos          instances:   2
  Class: sg13_lv_nmos          instances:   2
Circuit contains 5 nets.

Circuit sg13g2_buf_2 contains no devices.

Contents of circuit 1:  Circuit: 'sg13g2_buf_16'
Circuit sg13g2_buf_16 contains 0 device instances.
Circuit contains 0 nets, and 4 disconnected pins.
Contents of circuit 2:  Circuit: 'sg13g2_buf_16'
Circuit sg13g2_buf_16 contains 4 device instances.
  Class: sg13_lv_pmos          instances:   2
  Class: sg13_lv_nmos          instances:   2
Circuit contains 5 nets.

Circuit sg13g2_buf_16 contains no devices.

Contents of circuit 1:  Circuit: 'sg13g2_or4_1'
Circuit sg13g2_or4_1 contains 0 device instances.
Circuit contains 0 nets, and 7 disconnected pins.
Contents of circuit 2:  Circuit: 'sg13g2_or4_1'
Circuit sg13g2_or4_1 contains 10 device instances.
  Class: sg13_lv_pmos          instances:   5
  Class: sg13_lv_nmos          instances:   5
Circuit contains 11 nets.

Circuit sg13g2_or4_1 contains no devices.

Contents of circuit 1:  Circuit: 'sg13g2_inv_2'
Circuit sg13g2_inv_2 contains 0 device instances.
Circuit contains 0 nets, and 4 disconnected pins.
Contents of circuit 2:  Circuit: 'sg13g2_inv_2'
Circuit sg13g2_inv_2 contains 2 device instances.
  Class: sg13_lv_pmos          instances:   1
  Class: sg13_lv_nmos          instances:   1
Circuit contains 4 nets.

Circuit sg13g2_inv_2 contains no devices.

Contents of circuit 1:  Circuit: 'sg13g2_inv_8'
Circuit sg13g2_inv_8 contains 0 device instances.
Circuit contains 0 nets, and 4 disconnected pins.
Contents of circuit 2:  Circuit: 'sg13g2_inv_8'
Circuit sg13g2_inv_8 contains 2 device instances.
  Class: sg13_lv_pmos          instances:   1
  Class: sg13_lv_nmos          instances:   1
Circuit contains 4 nets.

Circuit sg13g2_inv_8 contains no devices.

Contents of circuit 1:  Circuit: 'sg13g2_inv_4'
Circuit sg13g2_inv_4 contains 0 device instances.
Circuit contains 0 nets, and 4 disconnected pins.
Contents of circuit 2:  Circuit: 'sg13g2_inv_4'
Circuit sg13g2_inv_4 contains 2 device instances.
  Class: sg13_lv_pmos          instances:   1
  Class: sg13_lv_nmos          instances:   1
Circuit contains 4 nets.

Circuit sg13g2_inv_4 contains no devices.

Contents of circuit 1:  Circuit: 'RM_IHPSG13_1P_256x8_c3_bm_bist'
Circuit RM_IHPSG13_1P_256x8_c3_bm_bist contains 0 device instances.
Circuit contains 0 nets, and 69 disconnected pins.
Contents of circuit 2:  Circuit: 'RM_IHPSG13_1P_256x8_c3_bm_bist'
Circuit RM_IHPSG13_1P_256x8_c3_bm_bist contains 0 device instances.
Circuit contains 0 nets.

Circuit RM_IHPSG13_1P_256x8_c3_bm_bist contains no devices.

Contents of circuit 1:  Circuit: 'sg13g2_inv_16'
Circuit sg13g2_inv_16 contains 0 device instances.
Circuit contains 0 nets, and 4 disconnected pins.
Contents of circuit 2:  Circuit: 'sg13g2_inv_16'
Circuit sg13g2_inv_16 contains 2 device instances.
  Class: sg13_lv_pmos          instances:   1
  Class: sg13_lv_nmos          instances:   1
Circuit contains 4 nets.

Circuit sg13g2_inv_16 contains no devices.

Contents of circuit 1:  Circuit: 'tt_um_maw_mnistbnn'
Circuit tt_um_maw_mnistbnn contains 83135 device instances.
  Class: sg13g2_dlygate4sd3_1  instances: 849
  Class: sg13g2_antennanp      instances: 104
  Class: sg13g2_buf_16         instances:   8
  Class: sg13g2_dfrbpq_1       instances: 754
  Class: sg13g2_and3_1         instances: 104
  Class: sg13g2_or2_1          instances: 345
  Class: sg13g2_nor2b_1        instances: 716
  Class: sg13g2_nand3_1        instances: 468
  Class: sg13g2_mux2_1         instances: 222
  Class: sg13g2_decap_4        instances: 4994
  Class: sg13g2_decap_8        instances: 39884
  Class: sg13g2_and2_1         instances: 932
  Class: RM_IHPSG13_1P_256x8_c3_bm_bist instances:   1
  Class: sg13g2_tiehi          instances:  81
  Class: sg13g2_nor4_1         instances:  47
  Class: sg13g2_nand2_1        instances: 2428
  Class: sg13g2_inv_16         instances:   1
  Class: sg13g2_nor3_1         instances: 234
  Class: sg13g2_nand3b_1       instances:  26
  Class: sg13g2_fill_1         instances: 6344
  Class: sg13g2_fill_2         instances: 6170
  Class: sg13g2_or4_1          instances:   5
  Class: sg13g2_tielo          instances: 322
  Class: sg13g2_nor2_1         instances: 1924
  Class: sg13g2_buf_1          instances: 1835
  Class: sg13g2_buf_2          instances:   2
  Class: sg13g2_buf_4          instances:   4
  Class: sg13g2_buf_8          instances:  72
  Class: sg13g2_a22oi_1        instances: 422
  Class: sg13g2_o21ai_1        instances: 2378
  Class: sg13g2_a21oi_1        instances: 1876
  Class: sg13g2_a21o_1         instances: 618
  Class: sg13g2_nand2b_1       instances: 836
  Class: sg13g2_a221oi_1       instances: 138
  Class: sg13g2_inv_1          instances: 758
  Class: sg13g2_inv_2          instances:   9
  Class: sg13g2_inv_4          instances:   8
  Class: sg13g2_inv_8          instances:   2
  Class: sg13g2_xor2_1         instances: 2231
  Class: sg13g2_xnor2_1        instances: 4696
  Class: sg13g2_and4_1         instances:  23
  Class: sg13g2_or3_1          instances: 154
  Class: sg13g2_nand4_1        instances: 110
Circuit contains 25659 nets, and 8 disconnected pins.
Contents of circuit 2:  Circuit: 'tt_um_maw_mnistbnn'
Circuit tt_um_maw_mnistbnn contains 83135 device instances.
  Class: sg13g2_dlygate4sd3_1  instances: 849
  Class: sg13g2_antennanp      instances: 104
  Class: sg13g2_buf_16         instances:   8
  Class: sg13g2_dfrbpq_1       instances: 754
  Class: sg13g2_and3_1         instances: 104
  Class: sg13g2_or2_1          instances: 345
  Class: sg13g2_nor2b_1        instances: 716
  Class: sg13g2_nand3_1        instances: 468
  Class: sg13g2_mux2_1         instances: 222
  Class: sg13g2_decap_4        instances: 4994
  Class: sg13g2_decap_8        instances: 39884
  Class: sg13g2_and2_1         instances: 932
  Class: RM_IHPSG13_1P_256x8_c3_bm_bist instances:   1
  Class: sg13g2_tiehi          instances:  81
  Class: sg13g2_nor4_1         instances:  47
  Class: sg13g2_nand2_1        instances: 2428
  Class: sg13g2_inv_16         instances:   1
  Class: sg13g2_nor3_1         instances: 234
  Class: sg13g2_nand3b_1       instances:  26
  Class: sg13g2_fill_1         instances: 6344
  Class: sg13g2_fill_2         instances: 6170
  Class: sg13g2_tielo          instances: 322
  Class: sg13g2_or4_1          instances:   5
  Class: sg13g2_nor2_1         instances: 1924
  Class: sg13g2_buf_1          instances: 1835
  Class: sg13g2_buf_2          instances:   2
  Class: sg13g2_buf_4          instances:   4
  Class: sg13g2_buf_8          instances:  72
  Class: sg13g2_a22oi_1        instances: 422
  Class: sg13g2_o21ai_1        instances: 2378
  Class: sg13g2_a21oi_1        instances: 1876
  Class: sg13g2_a21o_1         instances: 618
  Class: sg13g2_nand2b_1       instances: 836
  Class: sg13g2_a221oi_1       instances: 138
  Class: sg13g2_inv_1          instances: 758
  Class: sg13g2_inv_2          instances:   9
  Class: sg13g2_inv_4          instances:   8
  Class: sg13g2_inv_8          instances:   2
  Class: sg13g2_xor2_1         instances: 2231
  Class: sg13g2_xnor2_1        instances: 4696
  Class: sg13g2_and4_1         instances:  23
  Class: sg13g2_or3_1          instances: 154
  Class: sg13g2_nand4_1        instances: 110
Circuit contains 25659 nets, and 8 disconnected pins.

Circuit was modified by parallel/series device merging.
New circuit summary:

Contents of circuit 1:  Circuit: 'tt_um_maw_mnistbnn'
Circuit tt_um_maw_mnistbnn contains 25747 device instances.
  Class: sg13g2_dlygate4sd3_1  instances: 849
  Class: sg13g2_antennanp      instances: 104
  Class: sg13g2_buf_16         instances:   8
  Class: sg13g2_dfrbpq_1       instances: 754
  Class: sg13g2_and3_1         instances: 104
  Class: sg13g2_or2_1          instances: 345
  Class: sg13g2_nor2b_1        instances: 716
  Class: sg13g2_nand3_1        instances: 468
  Class: sg13g2_mux2_1         instances: 222
  Class: sg13g2_decap_4        instances:   1
  Class: sg13g2_decap_8        instances:   1
  Class: sg13g2_and2_1         instances: 932
  Class: RM_IHPSG13_1P_256x8_c3_bm_bist instances:   1
  Class: sg13g2_tiehi          instances:  81
  Class: sg13g2_nor4_1         instances:  47
  Class: sg13g2_nand2_1        instances: 2428
  Class: sg13g2_inv_16         instances:   1
  Class: sg13g2_nor3_1         instances: 234
  Class: sg13g2_nand3b_1       instances:  26
  Class: sg13g2_fill_1         instances:   1
  Class: sg13g2_fill_2         instances:   1
  Class: sg13g2_or4_1          instances:   5
  Class: sg13g2_tielo          instances: 322
  Class: sg13g2_nor2_1         instances: 1924
  Class: sg13g2_buf_1          instances: 1835
  Class: sg13g2_buf_2          instances:   2
  Class: sg13g2_buf_4          instances:   4
  Class: sg13g2_buf_8          instances:  72
  Class: sg13g2_a22oi_1        instances: 422
  Class: sg13g2_o21ai_1        instances: 2378
  Class: sg13g2_a21oi_1        instances: 1876
  Class: sg13g2_a21o_1         instances: 618
  Class: sg13g2_nand2b_1       instances: 836
  Class: sg13g2_a221oi_1       instances: 138
  Class: sg13g2_inv_1          instances: 758
  Class: sg13g2_inv_2          instances:   9
  Class: sg13g2_inv_4          instances:   8
  Class: sg13g2_inv_8          instances:   2
  Class: sg13g2_xor2_1         instances: 2231
  Class: sg13g2_xnor2_1        instances: 4696
  Class: sg13g2_and4_1         instances:  23
  Class: sg13g2_or3_1          instances: 154
  Class: sg13g2_nand4_1        instances: 110
Circuit contains 25659 nets, and 8 disconnected pins.
Contents of circuit 2:  Circuit: 'tt_um_maw_mnistbnn'
Circuit tt_um_maw_mnistbnn contains 25747 device instances.
  Class: sg13g2_dlygate4sd3_1  instances: 849
  Class: sg13g2_antennanp      instances: 104
  Class: sg13g2_buf_16         instances:   8
  Class: sg13g2_dfrbpq_1       instances: 754
  Class: sg13g2_and3_1         instances: 104
  Class: sg13g2_or2_1          instances: 345
  Class: sg13g2_nor2b_1        instances: 716
  Class: sg13g2_nand3_1        instances: 468
  Class: sg13g2_mux2_1         instances: 222
  Class: sg13g2_decap_4        instances:   1
  Class: sg13g2_decap_8        instances:   1
  Class: sg13g2_and2_1         instances: 932
  Class: RM_IHPSG13_1P_256x8_c3_bm_bist instances:   1
  Class: sg13g2_tiehi          instances:  81
  Class: sg13g2_nor4_1         instances:  47
  Class: sg13g2_nand2_1        instances: 2428
  Class: sg13g2_inv_16         instances:   1
  Class: sg13g2_nor3_1         instances: 234
  Class: sg13g2_nand3b_1       instances:  26
  Class: sg13g2_fill_1         instances:   1
  Class: sg13g2_fill_2         instances:   1
  Class: sg13g2_tielo          instances: 322
  Class: sg13g2_or4_1          instances:   5
  Class: sg13g2_nor2_1         instances: 1924
  Class: sg13g2_buf_1          instances: 1835
  Class: sg13g2_buf_2          instances:   2
  Class: sg13g2_buf_4          instances:   4
  Class: sg13g2_buf_8          instances:  72
  Class: sg13g2_a22oi_1        instances: 422
  Class: sg13g2_o21ai_1        instances: 2378
  Class: sg13g2_a21oi_1        instances: 1876
  Class: sg13g2_a21o_1         instances: 618
  Class: sg13g2_nand2b_1       instances: 836
  Class: sg13g2_a221oi_1       instances: 138
  Class: sg13g2_inv_1          instances: 758
  Class: sg13g2_inv_2          instances:   9
  Class: sg13g2_inv_4          instances:   8
  Class: sg13g2_inv_8          instances:   2
  Class: sg13g2_xor2_1         instances: 2231
  Class: sg13g2_xnor2_1        instances: 4696
  Class: sg13g2_and4_1         instances:  23
  Class: sg13g2_or3_1          instances: 154
  Class: sg13g2_nand4_1        instances: 110
Circuit contains 25659 nets, and 8 disconnected pins.

Circuit 1 contains 25747 devices, Circuit 2 contains 25747 devices.
Circuit 1 contains 25659 nets,    Circuit 2 contains 25659 nets.


Final result: 
Circuits match uniquely.
.
Logging to file "/Users/marcandre/Desktop/Startup/TowardsBNN/binaryneuralnet-asic-TTIHP26/runs/wokwi/66-netgen-lvs/reports/lvs.netgen.rpt" disabled
LVS Done.
