
Magic 8.3 revision 616 - Compiled on Mon Mar  9 08:25:00 UTC 2026.
Starting magic under Tcl interpreter
Using the terminal as the console.
WARNING: RLIMIT_NOFILE is above 1024 and Tcl_Version<9 this may cause runtime issues [rlim_cur=1048576]
Using NULL graphics device.
Processing system .magicrc file
Switching to WIRING tool.
Switching to NETLIST tool.
Switching to PICK tool.
Switching to BOX tool.
Sourcing design .magicrc for technology ihp-sg13g2 ...
2 Magic internal units = 1 Lambda
Input style sg13g2(): scaleFactor=2, multiplier=2
The following types are not handled by extraction and will be treated as non-electrical types:
    pblock sealcont difffill nemitter hvnemitter hvisodiffres sealvia1 sealvia2 sealvia3 sealvia4 sealvia5 sealvia6 pillar solder seal glass thruvia inductor 
Scaled tech values by 2 / 1 to match internal grid scaling
Loading ihp-sg13g2 Device Generator Menu ...
Loading "/nix/store/l33lk5v0n41516xxy5nybn9yz57gn0m3-python3-3.13.9-env/lib/python3.13/site-packages/librelane/scripts/magic/wrapper.tcl" from command line.
Warning: Calma reading is not undoable!  I hope that's OK.
Library written using GDS-II Release 3.0
Library name: tt_um_maw_mnistbnn
Reading "sg13g2_decap_8".
Reading "sg13g2_decap_4".
Reading "M3_M2_CDNS_7564810655913".
Saving contents of cell M3_M2_CDNS_7564810655913
Reading "M2_M1_CDNS_756481065593".
Saving contents of cell M2_M1_CDNS_756481065593
Reading "M3_M2_CDNS_7564810655915".
Saving contents of cell M3_M2_CDNS_7564810655915
Reading "M3_M2_CDNS_7564810655912".
Saving contents of cell M3_M2_CDNS_7564810655912
Reading "viagen23_CDNS_7564810655914".
Saving contents of cell viagen23_CDNS_7564810655914
Reading "viagen23_CDNS_756481065591".
Saving contents of cell viagen23_CDNS_756481065591
Reading "M2_M1_CDNS_756481065590".
Saving contents of cell M2_M1_CDNS_756481065590
Reading "RSC_IHPSG13_CBUFX4".
Reading "RSC_IHPSG13_FILL1".
Reading "RM_IHPSG13_1P_COLDRV13X4".
Reading "M3_M2_CDNS_7564810655916".
Saving contents of cell M3_M2_CDNS_7564810655916
Reading "viagen23_CDNS_756481065594".
Saving contents of cell viagen23_CDNS_756481065594
Reading "M3_M2_CDNS_7564810655918".
Saving contents of cell M3_M2_CDNS_7564810655918
Reading "viagen12_CDNS_7564810655920".
Saving contents of cell viagen12_CDNS_7564810655920
Reading "viagen34_CDNS_756481065597".
Saving contents of cell viagen34_CDNS_756481065597
Reading "M3_M2_CDNS_7564810655917".
Saving contents of cell M3_M2_CDNS_7564810655917
Reading "M2_M1_CDNS_7564810655919".
Saving contents of cell M2_M1_CDNS_7564810655919
Reading "RSC_IHPSG13_WLDRVX4".
CIF file read warning: CIF style sg13g2(): units rescaled by factor of 5 / 1
Reading "RM_IHPSG13_1P_WLDRV16X4".
Reading "RM_IHPSG13_1P_WLDRV16X4_tap".
Reading "RM_IHPSG13_1P_COLCTRL3_end".
Reading "viagen34_CDNS_7564810655925".
Saving contents of cell viagen34_CDNS_7564810655925
Reading "viagen34_CDNS_7564810655928".
Saving contents of cell viagen34_CDNS_7564810655928
Reading "M2_M1_CDNS_7564810655921".
Saving contents of cell M2_M1_CDNS_7564810655921
Reading "RSC_IHPSG13_INVX2".
Reading "RSC_IHPSG13_CINVX2".
Reading "viagen23_CDNS_7564810655927".
Saving contents of cell viagen23_CDNS_7564810655927
Reading "M3_M2_CDNS_7564810655929".
Saving contents of cell M3_M2_CDNS_7564810655929
Reading "RSC_IHPSG13_FILLCAP8".
Reading "RSC_IHPSG13_CBUFX2".
Reading "RSC_IHPSG13_TIEH".
Reading "RSC_IHPSG13_DFNQMX2IX1".
Reading "M2_M1_CDNS_7564810655922".
Saving contents of cell M2_M1_CDNS_7564810655922
Reading "RSC_IHPSG13_AND2X2".
Reading "RSC_IHPSG13_DFPQD_MSAFFX2N_half".
Reading "RSC_IHPSG13_DFPQD_MSAFFX2N".
Reading "RSC_IHPSG13_INVX4".
Reading "RSC_IHPSG13_FILLCAP4".
Reading "lvsres_db_0x0283151a".
Reading "viagen12_CDNS_7564810655930".
Saving contents of cell viagen12_CDNS_7564810655930
Reading "RSC_IHPSG13_CINVX4_WN".
Reading "viagen12_CDNS_7564810655931".
Saving contents of cell viagen12_CDNS_7564810655931
Reading "RSC_IHPSG13_NOR2X2".
Reading "viagen23_CDNS_7564810655923".
Saving contents of cell viagen23_CDNS_7564810655923
Reading "M3_M2_CDNS_7564810655926".
Saving contents of cell M3_M2_CDNS_7564810655926
Reading "M3_M2_CDNS_7564810655924".
Saving contents of cell M3_M2_CDNS_7564810655924
Reading "viagen23_CDNS_7564810655932".
Saving contents of cell viagen23_CDNS_7564810655932
Reading "viagen12_CDNS_7564810655933".
Saving contents of cell viagen12_CDNS_7564810655933
Reading "viagen12_CDNS_7564810655941".
Saving contents of cell viagen12_CDNS_7564810655941
Reading "M2_M1_CDNS_7564810655935".
Saving contents of cell M2_M1_CDNS_7564810655935
Reading "viagen23_CDNS_7564810655937".
Saving contents of cell viagen23_CDNS_7564810655937
Reading "viagen23_CDNS_7564810655936".
Saving contents of cell viagen23_CDNS_7564810655936
Reading "viagen12_CDNS_7564810655938".
Saving contents of cell viagen12_CDNS_7564810655938
Reading "viagen12_CDNS_7564810655934".
Saving contents of cell viagen12_CDNS_7564810655934
Reading "viagen12_CDNS_7564810655939".
Saving contents of cell viagen12_CDNS_7564810655939
Reading "viagen23_CDNS_7564810655940".
Saving contents of cell viagen23_CDNS_7564810655940
Reading "RM_IHPSG13_1P_BLDRV".
Reading "RM_IHPSG13_1P_COLCTRL3".
Error while reading cell "RM_IHPSG13_1P_COLCTRL3" (byte position 125954): Warning: cell "RSC_IHPSG13_FILL1" placed on top of itself.  Ignoring the extra one.
Error while reading cell "RM_IHPSG13_1P_COLCTRL3" (byte position 128030): Warning: cell "M2_M1_CDNS_7564810655922" placed on top of itself.  Ignoring the extra one.
Reading "RM_IHPSG13_1P_BITKIT_16x2_LE_con_edge_lr".
Reading "VIA_M1_Activ_db_0x02835b9b".
Reading "RM_IHPSG13_1P_BITKIT_CELL_CORNER".
Reading "M1_GatPoly_CDNS_7564810655944".
Saving contents of cell M1_GatPoly_CDNS_7564810655944
Reading "RM_IHPSG13_1P_BITKIT_EDGE_LR".
Reading "RM_IHPSG13_1P_BITKIT_16x2_EDGE_LR".
Reading "RM_IHPSG13_1P_BITKIT_16x2_LE_con_corner".
Reading "RM_IHPSG13_1P_BITKIT_16x2_CORNER".
Reading "viagen34_CDNS_7564810655945".
Saving contents of cell viagen34_CDNS_7564810655945
Reading "RM_IHPSG13_1P_BITKIT_16x2_POWER_ramblk".
Reading "RM_IHPSG13_1P_BITKIT_16x2_EDGE_TB".
Reading "RM_IHPSG13_1P_BITKIT_TAP".
Reading "RM_IHPSG13_1P_BITKIT_CELL_SUB".
Reading "lvsres_db_0x02834b9a".
Reading "lvsres_db_0x0283509a".
Reading "RM_IHPSG13_1P_BITKIT_CELL".
Reading "RM_IHPSG13_1P_BITKIT_CELL_2x1".
Reading "RM_IHPSG13_1P_BITKIT_16x2_SRAM".
Reading "RM_IHPSG13_1P_COLUMN_32".
Reading "RM_IHPSG13_1P_MATRIX_32x32".
Reading "RSC_IHPSG13_TIEL".
Reading "M2_M1_CDNS_756481065595".
Saving contents of cell M2_M1_CDNS_756481065595
Reading "viagen12_CDNS_7564810655910".
Saving contents of cell viagen12_CDNS_7564810655910
Reading "RSC_IHPSG13_CINVX8".
Reading "viagen12_CDNS_7564810655911".
Saving contents of cell viagen12_CDNS_7564810655911
Reading "RSC_IHPSG13_CINVX4".
Reading "RSC_IHPSG13_CBUFX8".
Reading "RSC_IHPSG13_DFNQX2".
Reading "RSC_IHPSG13_CGATEPX4".
Reading "RSC_IHPSG13_CDLYX2".
Reading "RSC_IHPSG13_MX2X2".
Reading "RSC_IHPSG13_CNAND2X2".
Reading "RSC_IHPSG13_XOR2X2".
Reading "RSC_IHPSG13_FILL2".
Reading "M3_M2_CDNS_756481065596".
Saving contents of cell M3_M2_CDNS_756481065596
Reading "RSC_IHPSG13_OA12X1".
Reading "M3_M2_CDNS_756481065599".
Saving contents of cell M3_M2_CDNS_756481065599
Reading "viagen34_CDNS_756481065598".
Saving contents of cell viagen34_CDNS_756481065598
Reading "RM_IHPSG13_1P_CTRL".
Reading "RSC_IHPSG13_CDLYX1".
Reading "RSC_IHPSG13_MX2IX1".
Reading "RM_IHPSG13_1P_DLY_MUX".
Reading "RSC_IHPSG13_NAND3X2".
Reading "RM_IHPSG13_1P_COLDEC3".
Reading "lvsres_db_0x04007e9a".
Reading "RSC_IHPSG13_CDLYX1_DUMMY".
Reading "RM_IHPSG13_1P_DLY_1".
Reading "RM_IHPSG13_1P_DLY_0".
Reading "viagen23_CDNS_7564810655943".
Saving contents of cell viagen23_CDNS_7564810655943
Reading "M3_M2_CDNS_7564810655942".
Saving contents of cell M3_M2_CDNS_7564810655942
Reading "RM_IHPSG13_1P_ROWREG0".
Reading "RM_IHPSG13_1P_ROWREG5".
Reading "RM_IHPSG13_1P_DEC00".
Reading "RM_IHPSG13_1P_DEC_LE_l0wire".
Reading "RM_IHPSG13_1P_DEC01".
Reading "RM_IHPSG13_1P_DEC_LE_tap".
Reading "RSC_IHPSG13_NAND2X2".
Reading "RSC_IHPSG13_LHPQX2".
Reading "RSC_IHPSG13_NOR3X2".
Reading "lvsres_db_0x0400b71a".
Reading "RM_IHPSG13_1P_DEC04".
Reading "RM_IHPSG13_1P_DEC_LE_l2empty".
Reading "RM_IHPSG13_1P_DEC_LE_l1empty".
Reading "RM_IHPSG13_1P_ROWDEC0".
Reading "RM_IHPSG13_1P_ROWDEC5".
Reading "M3_M2_CDNS_756481065592".
Saving contents of cell M3_M2_CDNS_756481065592
Reading "RM_IHPSG13_1P_COLDRV13_FILL4".
Reading "RM_IHPSG13_1P_COLDRV13_FILL1".
Reading "RM_IHPSG13_1P_256x8_c3_bm_bist".
Reading "sg13g2_dfrbpq_1".
Reading "sg13g2_fill_2".
Reading "sg13g2_dlygate4sd3_1".
Reading "sg13g2_o21ai_1".
Reading "sg13g2_tielo".
Reading "sg13g2_nand2_1".
Reading "sg13g2_fill_1".
Reading "sg13g2_xnor2_1".
Reading "sg13g2_a22oi_1".
Reading "sg13g2_inv_1".
Reading "sg13g2_xor2_1".
Reading "sg13g2_a221oi_1".
Reading "sg13g2_or2_1".
Reading "sg13g2_a21oi_1".
Reading "sg13g2_nor2_1".
Reading "sg13g2_and3_1".
Reading "sg13g2_and2_1".
Reading "sg13g2_or3_1".
Reading "sg13g2_nand3_1".
Reading "sg13g2_mux2_1".
Reading "sg13g2_nor4_1".
Reading "sg13g2_buf_1".
Reading "sg13g2_nor2b_1".
Reading "sg13g2_nand2b_1".
Reading "sg13g2_a21o_1".
Reading "sg13g2_buf_16".
Reading "sg13g2_tiehi".
Reading "sg13g2_inv_4".
Reading "sg13g2_buf_8".
Reading "sg13g2_inv_16".
Reading "sg13g2_inv_8".
Reading "sg13g2_nor3_1".
Reading "sg13g2_buf_2".
Reading "sg13g2_or4_1".
Reading "sg13g2_nand4_1".
Reading "sg13g2_buf_4".
Reading "sg13g2_nand3b_1".
Reading "sg13g2_and4_1".
Reading "sg13g2_antennanp".
Reading "sg13g2_inv_2".
Reading "tt_um_maw_mnistbnn".
    5000 uses
    10000 uses
    15000 uses
    20000 uses
    25000 uses
    30000 uses
    35000 uses
    40000 uses
    45000 uses
    50000 uses
    55000 uses
    60000 uses
    65000 uses
    70000 uses
    75000 uses
    80000 uses
[INFO] Loading tt_um_maw_mnistbnn

/home/marc-andre/binaryneuralnet-asic-TTIHP26/ttsetup/pdk/ciel/ihp-sg13g2/versions/c4b8b4e5e7a05f375cca3815d51b3a37721fbf5c/ihp-sg13g2/libs.tech/magic/ihp-sg13g2-drc.tech: line 742: section drc:
	All layers for "maxwidth" exclude types must be on same plane.
DRC style is now "drc(full)"
Loading DRC CIF style.
/home/marc-andre/binaryneuralnet-asic-TTIHP26/ttsetup/pdk/ciel/ihp-sg13g2/versions/c4b8b4e5e7a05f375cca3815d51b3a37721fbf5c/ihp-sg13g2/libs.tech/magic/ihp-sg13g2-drc.tech: line 742: section drc:
	All layers for "maxwidth" exclude types must be on same plane.
[INFO] COUNT: 60767
[INFO] Should be divided by 3 or 4
[INFO] DRC Checking DONE (/home/marc-andre/binaryneuralnet-asic-TTIHP26/runs/wokwi/62-magic-drc/reports/drc.magic.rpt)
[INFO] Saving mag view with DRC errors (/home/marc-andre/binaryneuralnet-asic-TTIHP26/runs/wokwi/62-magic-drc/views/tt_um_maw_mnistbnn.drc.mag)
[INFO] Saved
