Reading timing models for corner nom_fast_1p32V_m40C…
Reading timing library for the 'nom_fast_1p32V_m40C' corner at '/Users/marcandre/Desktop/Startup/TowardsBNN/binaryneuralnet-asic-TTIHP26/ttsetup/pdk/ciel/ihp-sg13g2/versions/c4b8b4e5e7a05f375cca3815d51b3a37721fbf5c/ihp-sg13g2/libs.ref/sg13g2_stdcell/lib/sg13g2_stdcell_fast_1p32V_m40C.lib'…
Reading timing library for the 'nom_fast_1p32V_m40C' corner at '/Users/marcandre/Desktop/Startup/TowardsBNN/binaryneuralnet-asic-TTIHP26/ttsetup/pdk/ciel/ihp-sg13g2/versions/c4b8b4e5e7a05f375cca3815d51b3a37721fbf5c/ihp-sg13g2/libs.ref/sg13g2_io/lib/sg13g2_io_fast_1p32V_3p6V_m40C.lib'…
Reading timing library for the 'nom_fast_1p32V_m40C' corner at '/Users/marcandre/Desktop/Startup/TowardsBNN/binaryneuralnet-asic-TTIHP26/macros/SRAM/RM_IHPSG13_1P_256x8_c3_bm_bist_typ_1p20V_25C.lib'…
Reading timing library for the 'nom_fast_1p32V_m40C' corner at '/Users/marcandre/Desktop/Startup/TowardsBNN/binaryneuralnet-asic-TTIHP26/macros/SRAM/RM_IHPSG13_1P_256x8_c3_bm_bist_typ_1p20V_25C.lib'…
[WARNING STA-1140] /Users/marcandre/Desktop/Startup/TowardsBNN/binaryneuralnet-asic-TTIHP26/macros/SRAM/RM_IHPSG13_1P_256x8_c3_bm_bist_typ_1p20V_25C.lib line 20, library RM_IHPSG13_1P_256x8_c3_bm_bist_typ_1p20V_25C already exists.
Reading timing models for corner nom_slow_1p08V_125C…
Reading timing library for the 'nom_slow_1p08V_125C' corner at '/Users/marcandre/Desktop/Startup/TowardsBNN/binaryneuralnet-asic-TTIHP26/ttsetup/pdk/ciel/ihp-sg13g2/versions/c4b8b4e5e7a05f375cca3815d51b3a37721fbf5c/ihp-sg13g2/libs.ref/sg13g2_stdcell/lib/sg13g2_stdcell_slow_1p08V_125C.lib'…
Reading timing library for the 'nom_slow_1p08V_125C' corner at '/Users/marcandre/Desktop/Startup/TowardsBNN/binaryneuralnet-asic-TTIHP26/ttsetup/pdk/ciel/ihp-sg13g2/versions/c4b8b4e5e7a05f375cca3815d51b3a37721fbf5c/ihp-sg13g2/libs.ref/sg13g2_io/lib/sg13g2_io_slow_1p08V_3p0V_125C.lib'…
Reading timing library for the 'nom_slow_1p08V_125C' corner at '/Users/marcandre/Desktop/Startup/TowardsBNN/binaryneuralnet-asic-TTIHP26/macros/SRAM/RM_IHPSG13_1P_256x8_c3_bm_bist_typ_1p20V_25C.lib'…
[WARNING STA-1140] /Users/marcandre/Desktop/Startup/TowardsBNN/binaryneuralnet-asic-TTIHP26/macros/SRAM/RM_IHPSG13_1P_256x8_c3_bm_bist_typ_1p20V_25C.lib line 20, library RM_IHPSG13_1P_256x8_c3_bm_bist_typ_1p20V_25C already exists.
Reading timing library for the 'nom_slow_1p08V_125C' corner at '/Users/marcandre/Desktop/Startup/TowardsBNN/binaryneuralnet-asic-TTIHP26/macros/SRAM/RM_IHPSG13_1P_256x8_c3_bm_bist_typ_1p20V_25C.lib'…
[WARNING STA-1140] /Users/marcandre/Desktop/Startup/TowardsBNN/binaryneuralnet-asic-TTIHP26/macros/SRAM/RM_IHPSG13_1P_256x8_c3_bm_bist_typ_1p20V_25C.lib line 20, library RM_IHPSG13_1P_256x8_c3_bm_bist_typ_1p20V_25C already exists.
Reading timing models for corner nom_typ_1p20V_25C…
Reading timing library for the 'nom_typ_1p20V_25C' corner at '/Users/marcandre/Desktop/Startup/TowardsBNN/binaryneuralnet-asic-TTIHP26/ttsetup/pdk/ciel/ihp-sg13g2/versions/c4b8b4e5e7a05f375cca3815d51b3a37721fbf5c/ihp-sg13g2/libs.ref/sg13g2_stdcell/lib/sg13g2_stdcell_typ_1p20V_25C.lib'…
Reading timing library for the 'nom_typ_1p20V_25C' corner at '/Users/marcandre/Desktop/Startup/TowardsBNN/binaryneuralnet-asic-TTIHP26/ttsetup/pdk/ciel/ihp-sg13g2/versions/c4b8b4e5e7a05f375cca3815d51b3a37721fbf5c/ihp-sg13g2/libs.ref/sg13g2_io/lib/sg13g2_io_typ_1p2V_3p3V_25C.lib'…
Reading timing library for the 'nom_typ_1p20V_25C' corner at '/Users/marcandre/Desktop/Startup/TowardsBNN/binaryneuralnet-asic-TTIHP26/macros/SRAM/RM_IHPSG13_1P_256x8_c3_bm_bist_typ_1p20V_25C.lib'…
[WARNING STA-1140] /Users/marcandre/Desktop/Startup/TowardsBNN/binaryneuralnet-asic-TTIHP26/macros/SRAM/RM_IHPSG13_1P_256x8_c3_bm_bist_typ_1p20V_25C.lib line 20, library RM_IHPSG13_1P_256x8_c3_bm_bist_typ_1p20V_25C already exists.
Reading timing library for the 'nom_typ_1p20V_25C' corner at '/Users/marcandre/Desktop/Startup/TowardsBNN/binaryneuralnet-asic-TTIHP26/macros/SRAM/RM_IHPSG13_1P_256x8_c3_bm_bist_typ_1p20V_25C.lib'…
[WARNING STA-1140] /Users/marcandre/Desktop/Startup/TowardsBNN/binaryneuralnet-asic-TTIHP26/macros/SRAM/RM_IHPSG13_1P_256x8_c3_bm_bist_typ_1p20V_25C.lib line 20, library RM_IHPSG13_1P_256x8_c3_bm_bist_typ_1p20V_25C already exists.
Reading OpenROAD database at '/Users/marcandre/Desktop/Startup/TowardsBNN/binaryneuralnet-asic-TTIHP26/runs/wokwi/34-openroad-detailedplacement/tt_um_maw_mnistbnn.odb'…
Reading design constraints file at '/nix/store/nxfh9ig6whzb1djifv7z8km0rkvp0kxl-python3-3.13.9-env/lib/python3.13/site-packages/librelane/scripts/base.sdc'…
[INFO] Using clock clk…
[INFO] Setting output delay to: 20
[INFO] Setting input delay to: 20
[INFO] Setting load to: 0.006
[INFO] Setting clock uncertainty to: 0.25
[INFO] Setting clock transition to: 0.15
[INFO] Setting timing derate to: 5%
[INFO] Configuring cts characterization…
+ configure_cts_characterization 
[INFO] Performing clock tree synthesis…
[INFO] Looking for the following net(s): clk
[INFO] Running Clock Tree Synthesis…
+ clock_tree_synthesis -buf_list sg13g2_buf_8 sg13g2_buf_4 sg13g2_buf_2 -root_buf sg13g2_buf_16 -sink_clustering_enable -apply_ndr half
[INFO CTS-0050] Root buffer is sg13g2_buf_16.
[INFO CTS-0051] Sink buffer is sg13g2_buf_8.
[INFO CTS-0052] The following clock buffers will be used for CTS:
                    sg13g2_buf_2
                    sg13g2_buf_4
                    sg13g2_buf_8
[INFO CTS-0049] Characterization buffer is sg13g2_buf_8.
[INFO CTS-0007] Net "clk" found for clock "clk".
[INFO CTS-0011]  Clock net "clk" for macros has 1 sinks.
[INFO CTS-0011]  Clock net "clk_regs" for registers has 754 sinks.
[INFO CTS-0008] TritonCTS found 2 clock nets.
[INFO CTS-0097] Characterization used 3 buffer(s) types.
[INFO CTS-0201] 1 blockages from hard placement blockages and placed macros will be used.
[INFO CTS-0027] Generating H-Tree topology for net clk.
[INFO CTS-0028]  Total number of sinks: 1.
[INFO CTS-0029]  Macro  sinks will be clustered in groups of up to 4 and with maximum cluster diameter of 473.6 um.
[INFO CTS-0030]  Number of static layers: 0.
[INFO CTS-0020]  Wire segment unit: 18900  dbu (18 um).
[INFO CTS-0023]  Original sink region: [(115970, 192690), (115970, 192690)].
[INFO CTS-0024]  Normalized sink region: [(6.13598, 10.1952), (6.13598, 10.1952)].
[INFO CTS-0025]     Width:  0.0000.
[INFO CTS-0026]     Height: 0.0000.
 Level 1
    Direction: Vertical
    Sinks per sub-region: 1
    Sub-region size: 0.0000 X 0.0000
[INFO CTS-0034]     Segment length (rounded): 1.
[INFO CTS-0032]  Stop criterion found. Max number of sinks is 8.
[INFO CTS-0035]  Number of sinks covered: 1.
[INFO CTS-0201] 1 blockages from hard placement blockages and placed macros will be used.
[INFO CTS-0027] Generating H-Tree topology for net clk_regs.
[INFO CTS-0028]  Total number of sinks: 754.
[INFO CTS-0090]  Sinks will be clustered based on buffer max cap.
[INFO CTS-0030]  Number of static layers: 0.
[INFO CTS-0020]  Wire segment unit: 18900  dbu (18 um).
[INFO CTS-0206] Best clustering solution was found from clustering size of 8 and clustering diameter of 50.
[INFO CTS-0019]  Total number of sinks after clustering: 52.
[INFO CTS-0024]  Normalized sink region: [(8.53968, 1.58519), (50.1635, 15.1361)].
[INFO CTS-0025]     Width:  41.6238.
[INFO CTS-0026]     Height: 13.5509.
 Level 1
    Direction: Horizontal
    Sinks per sub-region: 26
    Sub-region size: 20.8119 X 13.5509
[INFO CTS-0034]     Segment length (rounded): 10.
 Level 2
    Direction: Vertical
    Sinks per sub-region: 13
    Sub-region size: 20.8119 X 6.7755
[INFO CTS-0034]     Segment length (rounded): 4.
 Level 3
    Direction: Horizontal
    Sinks per sub-region: 7
    Sub-region size: 10.4060 X 6.7755
[INFO CTS-0034]     Segment length (rounded): 6.
[INFO CTS-0032]  Stop criterion found. Max number of sinks is 8.
[INFO CTS-0035]  Number of sinks covered: 52.
[INFO CTS-0018]     Created 2 clock buffers.
[INFO CTS-0012]     Minimum number of buffers in the clock path: 2.
[INFO CTS-0013]     Maximum number of buffers in the clock path: 2.
[INFO CTS-0015]     Created 2 clock nets.
[INFO CTS-0016]     Fanout distribution for the current clock = 1:1..
[INFO CTS-0017]     Max level of the clock tree: 1.
[INFO CTS-0018]     Created 61 clock buffers.
[INFO CTS-0012]     Minimum number of buffers in the clock path: 3.
[INFO CTS-0013]     Maximum number of buffers in the clock path: 3.
[INFO CTS-0015]     Created 61 clock nets.
[INFO CTS-0016]     Fanout distribution for the current clock = 4:1, 6:4, 7:5, 11:2, 12:3, 13:6, 14:8, 15:9, 16:15, 17:6, 18:1..
[INFO CTS-0017]     Max level of the clock tree: 3.
[INFO CTS-0124] Clock net "clk"
[INFO CTS-0125]  Sinks 1
[INFO CTS-0098] Clock net "clk_regs"
[INFO CTS-0099]  Sinks 794
[INFO CTS-0100]  Leaf buffers 52
[INFO CTS-0101]  Average sink wire length 396.82 um
[INFO CTS-0102]  Path depth 2 - 3
[INFO CTS-0207]  Dummy loads inserted 40
[INFO CTS-0033] Balancing latency for clock clk
[INFO CTS-0036]  inserted 4 delay buffers
[INFO CTS-0037] Total number of delay buffers: 4
[INFO] Repairing long wires on clock nets…
[INFO RSZ-0058] Using max wire length 2937um.
Setting global connections for newly added cells…
[INFO] Setting global connections...
sram matched with sram
sram matched with sram
[INFO ODB-0403] 216 connections made, 0 conflicts skipped.
Updating metrics…
Cell type report:                       Count       Area
  Macro                                     1   17546.88
  Buffer                                   24     174.18
  Clock buffer                             78    2013.98
  Timing Repair Buffer                   1819   13266.89
  Inverter                                748    4071.51
  Clock inverter                           30     277.60
  Sequential cell                         754   36937.56
  Multi-Input combinational cell        21336  229879.04
  Total                                 24790  304167.65
Writing OpenROAD database to '/Users/marcandre/Desktop/Startup/TowardsBNN/binaryneuralnet-asic-TTIHP26/runs/wokwi/35-openroad-cts/tt_um_maw_mnistbnn.odb'…
Writing netlist to '/Users/marcandre/Desktop/Startup/TowardsBNN/binaryneuralnet-asic-TTIHP26/runs/wokwi/35-openroad-cts/tt_um_maw_mnistbnn.nl.v'…
Writing powered netlist to '/Users/marcandre/Desktop/Startup/TowardsBNN/binaryneuralnet-asic-TTIHP26/runs/wokwi/35-openroad-cts/tt_um_maw_mnistbnn.pnl.v'…
Writing layout to '/Users/marcandre/Desktop/Startup/TowardsBNN/binaryneuralnet-asic-TTIHP26/runs/wokwi/35-openroad-cts/tt_um_maw_mnistbnn.def'…
Writing timing constraints to '/Users/marcandre/Desktop/Startup/TowardsBNN/binaryneuralnet-asic-TTIHP26/runs/wokwi/35-openroad-cts/tt_um_maw_mnistbnn.sdc'…
[INFO] Legalizing…
+ detailed_placement -max_displacement  500 100 
Placement Analysis
---------------------------------
total displacement        631.7 u
average displacement        0.0 u
max displacement           13.8 u
original HPWL         1194519.7 u
legalized HPWL        1208753.8 u
delta HPWL                    1 %

[INFO DPL-0020] Mirrored 10289 instances
[INFO DPL-0021] HPWL before          1208753.8 u
[INFO DPL-0022] HPWL after           1194740.8 u
[INFO DPL-0023] HPWL delta               -1.2 %
Setting global connections for newly added cells…
[INFO] Setting global connections...
sram matched with sram
sram matched with sram
[INFO ODB-0403] 0 connections made, 0 conflicts skipped.
Updating metrics…
Cell type report:                       Count       Area
  Macro                                     1   17546.88
  Buffer                                   24     174.18
  Clock buffer                             78    2013.98
  Timing Repair Buffer                   1819   13266.89
  Inverter                                748    4071.51
  Clock inverter                           30     277.60
  Sequential cell                         754   36937.56
  Multi-Input combinational cell        21336  229879.04
  Total                                 24790  304167.65
Writing OpenROAD database to '/Users/marcandre/Desktop/Startup/TowardsBNN/binaryneuralnet-asic-TTIHP26/runs/wokwi/35-openroad-cts/tt_um_maw_mnistbnn.odb'…
Writing netlist to '/Users/marcandre/Desktop/Startup/TowardsBNN/binaryneuralnet-asic-TTIHP26/runs/wokwi/35-openroad-cts/tt_um_maw_mnistbnn.nl.v'…
Writing powered netlist to '/Users/marcandre/Desktop/Startup/TowardsBNN/binaryneuralnet-asic-TTIHP26/runs/wokwi/35-openroad-cts/tt_um_maw_mnistbnn.pnl.v'…
Writing layout to '/Users/marcandre/Desktop/Startup/TowardsBNN/binaryneuralnet-asic-TTIHP26/runs/wokwi/35-openroad-cts/tt_um_maw_mnistbnn.def'…
Writing timing constraints to '/Users/marcandre/Desktop/Startup/TowardsBNN/binaryneuralnet-asic-TTIHP26/runs/wokwi/35-openroad-cts/tt_um_maw_mnistbnn.sdc'…
%OL_CREATE_REPORT cts.rpt
Total number of Clock Roots: 2.
Total number of Buffers Inserted: 63.
Total number of Clock Subnets: 63.
Total number of Sinks: 755.
Cells used:
  sg13g2_buf_16: 8
  sg13g2_buf_8: 60
Dummys used:
  sg13g2_buf_8: 10
  sg13g2_inv_1: 10
  sg13g2_inv_16: 1
  sg13g2_inv_2: 9
  sg13g2_inv_4: 8
  sg13g2_inv_8: 2
%OL_END_REPORT
