Clock: clk
Sources: clk 
Generated: no
Virtual: no
Propagated: no
Period: 100.000000

===========================================================================
report_clock_properties
============================================================================
Clock                   Period          Waveform
----------------------------------------------------
clk                 100.000000    0.000000 50.000000

===========================================================================
report_clock_latency
============================================================================
Clock clk
rise -> rise
    min     max
0.000000 0.000000 source latency
1.569099         network latency m._277_/CLK
        1.569099 network latency m._277_/CLK
---------------
1.569099 1.569099 latency
        0.000000 skew

fall -> fall
    min     max
0.000000 0.000000 source latency
1.081172         network latency m._277_/CLK
        1.081172 network latency m._277_/CLK
---------------
1.081172 1.081172 latency
        0.000000 skew



===========================================================================
report_clock_min_period
============================================================================
clk period_min = 4.87 fmax = 205.14
