
===========================================================================
 report_power
============================================================================
======================= nom_typ_1p20V_25C Corner ===================================

Group                    Internal    Switching      Leakage        Total
                            Power        Power        Power        Power (Watts)
------------------------------------------------------------------------
Sequential           4.047367e-04 1.770145e-06 3.467091e-07 4.068535e-04  84.9%
Combinational        4.738147e-06 3.357084e-06 2.987497e-06 1.108273e-05   2.3%
Clock                0.000000e+00 0.000000e+00 0.000000e+00 0.000000e+00   0.0%
Macro                6.136233e-05 0.000000e+00 2.475190e-08 6.138708e-05  12.8%
Pad                  0.000000e+00 0.000000e+00 0.000000e+00 0.000000e+00   0.0%
------------------------------------------------------------------------
Total                4.708373e-04 5.127227e-06 3.358965e-06 4.793235e-04 100.0%
                            98.2%         1.1%         0.7%

