
===========================================================================
 report_power
============================================================================
======================= nom_typ_1p20V_25C Corner ===================================

Group                    Internal    Switching      Leakage        Total
                            Power        Power        Power        Power (Watts)
------------------------------------------------------------------------
Sequential           4.085263e-04 2.805099e-07 3.467091e-07 4.091536e-04  64.2%
Combinational        1.637489e-05 1.389115e-05 3.552525e-06 3.381857e-05   5.3%
Clock                6.595192e-05 6.668133e-05 6.536534e-08 1.326986e-04  20.8%
Macro                6.136233e-05 0.000000e+00 2.475190e-08 6.138708e-05   9.6%
Pad                  0.000000e+00 0.000000e+00 0.000000e+00 0.000000e+00   0.0%
------------------------------------------------------------------------
Total                5.522156e-04 8.085305e-05 3.989348e-06 6.370580e-04 100.0%
                            86.7%        12.7%         0.6%
Writing metric power__internal__total: 0.000552215613424778
Writing metric power__switching__total: 8.08530458016321e-5
Writing metric power__leakage__total: 3.989348442701157e-6
Writing metric power__total: 0.0006370579940266907

