Reading timing models for corner nom_typ_1p20V_25C…
Reading timing library for the 'nom_typ_1p20V_25C' corner at '/Users/marcandre/Desktop/Startup/TowardsBNN/binaryneuralnet-asic-TTIHP26/ttsetup/pdk/ciel/ihp-sg13g2/versions/c4b8b4e5e7a05f375cca3815d51b3a37721fbf5c/ihp-sg13g2/libs.ref/sg13g2_stdcell/lib/sg13g2_stdcell_typ_1p20V_25C.lib'…
Reading timing library for the 'nom_typ_1p20V_25C' corner at '/Users/marcandre/Desktop/Startup/TowardsBNN/binaryneuralnet-asic-TTIHP26/ttsetup/pdk/ciel/ihp-sg13g2/versions/c4b8b4e5e7a05f375cca3815d51b3a37721fbf5c/ihp-sg13g2/libs.ref/sg13g2_io/lib/sg13g2_io_typ_1p2V_3p3V_25C.lib'…
Reading timing library for the 'nom_typ_1p20V_25C' corner at '/Users/marcandre/Desktop/Startup/TowardsBNN/binaryneuralnet-asic-TTIHP26/macros/SRAM/RM_IHPSG13_1P_256x8_c3_bm_bist_typ_1p20V_25C.lib'…
Reading timing library for the 'nom_typ_1p20V_25C' corner at '/Users/marcandre/Desktop/Startup/TowardsBNN/binaryneuralnet-asic-TTIHP26/macros/SRAM/RM_IHPSG13_1P_256x8_c3_bm_bist_typ_1p20V_25C.lib'…
[WARNING STA-1140] /Users/marcandre/Desktop/Startup/TowardsBNN/binaryneuralnet-asic-TTIHP26/macros/SRAM/RM_IHPSG13_1P_256x8_c3_bm_bist_typ_1p20V_25C.lib line 20, library RM_IHPSG13_1P_256x8_c3_bm_bist_typ_1p20V_25C already exists.
Reading OpenROAD database at '/Users/marcandre/Desktop/Startup/TowardsBNN/binaryneuralnet-asic-TTIHP26/runs/wokwi/39-openroad-globalrouting/tt_um_maw_mnistbnn.odb'…
Reading design constraints file at '/nix/store/nxfh9ig6whzb1djifv7z8km0rkvp0kxl-python3-3.13.9-env/lib/python3.13/site-packages/librelane/scripts/base.sdc'…
[INFO] Using clock clk…
[INFO] Setting output delay to: 8
[INFO] Setting input delay to: 8
[INFO] Setting load to: 0.006
[INFO] Setting clock uncertainty to: 0.25
[INFO] Setting clock transition to: 0.15
[INFO] Setting timing derate to: 5%
+ repair_antennas sg13g2_antennanp -iterations 3 -ratio_margin 10 -allow_congestion
[INFO GRT-0012] Found 13 antenna violations.
[INFO GRT-0302] Inserted 23 jumpers for 13 nets.
[INFO GRT-0012] Found 2 antenna violations.
[INFO GRT-0015] Inserted 3 diodes.
[INFO GRT-0012] Found 8 antenna violations.
[INFO GRT-0302] Inserted 11 jumpers for 8 nets.
[INFO GRT-0012] Found 0 antenna violations.
Setting global connections for newly added cells…
[INFO] Setting global connections...
sram matched with sram
sram matched with sram
[INFO ODB-0403] 6 connections made, 0 conflicts skipped.
Updating metrics…
Cell type report:                       Count       Area
  Macro                                     1   17546.88
  Antenna cell                              3      16.33
  Buffer                                    2      14.52
  Clock buffer                             76    2119.22
  Timing Repair Buffer                   2568   26303.36
  Inverter                                659    3587.07
  Clock inverter                           36     330.22
  Sequential cell                         754   36937.56
  Multi-Input combinational cell        20379  220890.50
  Total                                 24478  307745.64
Writing OpenROAD database to '/Users/marcandre/Desktop/Startup/TowardsBNN/binaryneuralnet-asic-TTIHP26/runs/wokwi/42-openroad-repairantennas/1-openroad-diodeinsertion/tt_um_maw_mnistbnn.odb'…
Writing layout to '/Users/marcandre/Desktop/Startup/TowardsBNN/binaryneuralnet-asic-TTIHP26/runs/wokwi/42-openroad-repairantennas/1-openroad-diodeinsertion/tt_um_maw_mnistbnn.def'…
