Reading timing models for corner nom_typ_1p20V_25C…
Reading timing library for the 'nom_typ_1p20V_25C' corner at '/home/marc-andre/binaryneuralnet-asic-TTIHP26/ttsetup/pdk/ciel/ihp-sg13g2/versions/c4b8b4e5e7a05f375cca3815d51b3a37721fbf5c/ihp-sg13g2/libs.ref/sg13g2_stdcell/lib/sg13g2_stdcell_typ_1p20V_25C.lib'…
Reading timing library for the 'nom_typ_1p20V_25C' corner at '/home/marc-andre/binaryneuralnet-asic-TTIHP26/ttsetup/pdk/ciel/ihp-sg13g2/versions/c4b8b4e5e7a05f375cca3815d51b3a37721fbf5c/ihp-sg13g2/libs.ref/sg13g2_io/lib/sg13g2_io_typ_1p2V_3p3V_25C.lib'…
Reading timing library for the 'nom_typ_1p20V_25C' corner at '/home/marc-andre/binaryneuralnet-asic-TTIHP26/macros/SRAM/RM_IHPSG13_1P_256x8_c3_bm_bist_typ_1p20V_25C.lib'…
Reading timing library for the 'nom_typ_1p20V_25C' corner at '/home/marc-andre/binaryneuralnet-asic-TTIHP26/macros/SRAM/RM_IHPSG13_1P_256x8_c3_bm_bist_typ_1p20V_25C.lib'…
[WARNING STA-1140] /home/marc-andre/binaryneuralnet-asic-TTIHP26/macros/SRAM/RM_IHPSG13_1P_256x8_c3_bm_bist_typ_1p20V_25C.lib line 20, library RM_IHPSG13_1P_256x8_c3_bm_bist_typ_1p20V_25C already exists.
Reading technology LEF file at '/home/marc-andre/binaryneuralnet-asic-TTIHP26/ttsetup/pdk/ciel/ihp-sg13g2/versions/c4b8b4e5e7a05f375cca3815d51b3a37721fbf5c/ihp-sg13g2/libs.ref/sg13g2_stdcell/lef/sg13g2_tech.lef'…
[INFO ODB-0227] LEF file: /home/marc-andre/binaryneuralnet-asic-TTIHP26/ttsetup/pdk/ciel/ihp-sg13g2/versions/c4b8b4e5e7a05f375cca3815d51b3a37721fbf5c/ihp-sg13g2/libs.ref/sg13g2_stdcell/lef/sg13g2_tech.lef, created 19 layers, 70 vias
Reading cell LEF file at '/home/marc-andre/binaryneuralnet-asic-TTIHP26/ttsetup/pdk/ciel/ihp-sg13g2/versions/c4b8b4e5e7a05f375cca3815d51b3a37721fbf5c/ihp-sg13g2/libs.ref/sg13g2_stdcell/lef/sg13g2_stdcell.lef'…
[INFO ODB-0227] LEF file: /home/marc-andre/binaryneuralnet-asic-TTIHP26/ttsetup/pdk/ciel/ihp-sg13g2/versions/c4b8b4e5e7a05f375cca3815d51b3a37721fbf5c/ihp-sg13g2/libs.ref/sg13g2_stdcell/lef/sg13g2_stdcell.lef, created 84 library cells
Reading macro LEF file at '/home/marc-andre/binaryneuralnet-asic-TTIHP26/macros/SRAM/RM_IHPSG13_1P_256x8_c3_bm_bist.lef'…
[INFO ODB-0227] LEF file: /home/marc-andre/binaryneuralnet-asic-TTIHP26/macros/SRAM/RM_IHPSG13_1P_256x8_c3_bm_bist.lef, created 1 library cells
Reading gpio pad LEF file at '/home/marc-andre/binaryneuralnet-asic-TTIHP26/ttsetup/pdk/ciel/ihp-sg13g2/versions/c4b8b4e5e7a05f375cca3815d51b3a37721fbf5c/ihp-sg13g2/libs.ref/sg13g2_io/lef/sg13g2_io.lef'…
[INFO ODB-0227] LEF file: /home/marc-andre/binaryneuralnet-asic-TTIHP26/ttsetup/pdk/ciel/ihp-sg13g2/versions/c4b8b4e5e7a05f375cca3815d51b3a37721fbf5c/ihp-sg13g2/libs.ref/sg13g2_io/lef/sg13g2_io.lef, created 22 library cells
Reading top-level netlist at '/home/marc-andre/binaryneuralnet-asic-TTIHP26/runs/wokwi/06-yosys-synthesis/tt_um_maw_mnistbnn.nl.v'…
Linking design 'tt_um_maw_mnistbnn' from netlist…
Reading design constraints file at '/nix/store/l33lk5v0n41516xxy5nybn9yz57gn0m3-python3-3.13.9-env/lib/python3.13/site-packages/librelane/scripts/base.sdc'…
[INFO] Using clock clk…
[INFO] Setting output delay to: 20
[INFO] Setting input delay to: 20
[INFO] Setting load to: 0.006
[INFO] Setting clock uncertainty to: 0.25
[INFO] Setting clock transition to: 0.15
[INFO] Setting timing derate to: 5%
Using site height: 3.78 and site width: 0.48…
[INFO] Using absolute sizing for the floorplan.
+ initialize_floorplan -site CoreSite -die_area 0 0 1289.28 710.64 -core_area 2.88 3.78 1286.3999999999999 706.86
[INFO IFP-0001] Added 186 rows of 2674 site CoreSite.
[INFO IFP-0100] Die BBox:  (  0.000  0.000 ) ( 1289.280 710.640 ) um
[INFO IFP-0101] Core BBox: (  2.880  3.780 ) ( 1286.400 706.860 ) um
[INFO IFP-0102] Core area:                       902417.242 um^2
[INFO IFP-0103] Total instances area:            286903.632 um^2
[INFO IFP-0104] Effective utilization:                0.318
[INFO IFP-0105] Number of instances:                  22628
[INFO IFP-0030] Inserted 0 tiecells using sg13g2_tielo/L_LO.
[INFO IFP-0030] Inserted 0 tiecells using sg13g2_tiehi/L_HI.
[INFO] Extracting DIE_AREA and CORE_AREA from the floorplan
[INFO] Floorplanned on a die area of 0.0 0.0 1289.28 710.64 (µm).
[INFO] Floorplanned on a core area of 2.88 3.78 1286.4 706.86 (µm).
Writing metric design__die__bbox: 0.0 0.0 1289.28 710.64
Writing metric design__core__bbox: 2.88 3.78 1286.4 706.86
Setting global connections for newly added cells…
[INFO] Setting global connections...
sram matched with sram
sram matched with sram
[INFO ODB-0403] 0 connections made, 0 conflicts skipped.
Updating metrics…
Cell type report:                       Count       Area
  Macro                                     1   17546.88
  Buffer                                   24     174.18
  Inverter                                748    4071.51
  Sequential cell                         754   36937.56
  Multi-Input combinational cell        21101  228173.50
  Total                                 22628  286903.63
Writing OpenROAD database to '/home/marc-andre/binaryneuralnet-asic-TTIHP26/runs/wokwi/13-openroad-floorplan/tt_um_maw_mnistbnn.odb'…
Writing netlist to '/home/marc-andre/binaryneuralnet-asic-TTIHP26/runs/wokwi/13-openroad-floorplan/tt_um_maw_mnistbnn.nl.v'…
Writing powered netlist to '/home/marc-andre/binaryneuralnet-asic-TTIHP26/runs/wokwi/13-openroad-floorplan/tt_um_maw_mnistbnn.pnl.v'…
Writing layout to '/home/marc-andre/binaryneuralnet-asic-TTIHP26/runs/wokwi/13-openroad-floorplan/tt_um_maw_mnistbnn.def'…
Writing timing constraints to '/home/marc-andre/binaryneuralnet-asic-TTIHP26/runs/wokwi/13-openroad-floorplan/tt_um_maw_mnistbnn.sdc'…
