
===========================================================================
report_checks -unconstrained
===========================================================================
======================= nom_fast_1p32V_m40C Corner ===================================

Startpoint: rst_n (input port clocked by clk)
Endpoint: m.u_conv2._3354_ (recovery check against rising-edge clock clk)
Path Group: asynchronous
Path Type: max

Fanout         Cap        Slew       Delay        Time   Description
---------------------------------------------------------------------------------------------
                                  0.000000    0.000000   clock clk (rise edge)
                                  0.000000    0.000000   clock network delay (propagated)
                                 20.000000   20.000000 ^ input external delay
     1    0.002953    0.013665    0.001741   20.001741 ^ rst_n (in)
                                                         rst_n (net)
                      0.013665    0.000000   20.001741 ^ input1/A (sg13g2_buf_1)
     6    0.116613    0.307986    0.217286   20.219027 ^ input1/X (sg13g2_buf_1)
                                                         net1 (net)
                      0.319106    0.046159   20.265186 ^ fanout1819/A (sg13g2_buf_1)
     4    0.059369    0.158838    0.201164   20.466349 ^ fanout1819/X (sg13g2_buf_1)
                                                         net1819 (net)
                      0.159244    0.006516   20.472864 ^ fanout1801/A (sg13g2_buf_1)
     5    0.062225    0.166404    0.181833   20.654697 ^ fanout1801/X (sg13g2_buf_1)
                                                         net1801 (net)
                      0.166421    0.001441   20.656139 ^ fanout1788/A (sg13g2_buf_1)
     4    0.032672    0.090207    0.132035   20.788174 ^ fanout1788/X (sg13g2_buf_1)
                                                         net1788 (net)
                      0.090274    0.002046   20.790220 ^ fanout1784/A (sg13g2_buf_1)
     4    0.033811    0.092879    0.118108   20.908329 ^ fanout1784/X (sg13g2_buf_1)
                                                         net1784 (net)
                      0.092891    0.000867   20.909195 ^ fanout1783/A (sg13g2_buf_1)
     6    0.048661    0.130962    0.145018   21.054213 ^ fanout1783/X (sg13g2_buf_1)
                                                         net1783 (net)
                      0.131028    0.002457   21.056669 ^ fanout1782/A (sg13g2_buf_1)
     8    0.059546    0.159287    0.172127   21.228798 ^ fanout1782/X (sg13g2_buf_1)
                                                         net1782 (net)
                      0.159595    0.005739   21.234537 ^ m.u_conv2._3354_/RESET_B (sg13g2_dfrbpq_1)
                                             21.234537   data arrival time

                                100.000000  100.000000   clock clk (rise edge)
                                  0.000000  100.000000   clock source latency
     2    0.152530    0.083672    0.120934  100.120934 ^ clk (in)
                                                         clk (net)
                      0.187575    0.000000  100.120934 ^ clkbuf_regs_0_clk/A (sg13g2_buf_16)
     1    0.019692    0.021117    0.093252  100.214180 ^ clkbuf_regs_0_clk/X (sg13g2_buf_16)
                                                         clk_regs (net)
                      0.021121    0.000867  100.215050 ^ clkbuf_0_clk_regs/A (sg13g2_buf_16)
     8    0.169991    0.036033    0.054925  100.269974 ^ clkbuf_0_clk_regs/X (sg13g2_buf_16)
                                                         clknet_0_clk_regs (net)
                      0.051212    0.018325  100.288300 ^ clkbuf_3_5_0_clk_regs/A (sg13g2_buf_8)
     7    0.106584    0.044083    0.074408  100.362709 ^ clkbuf_3_5_0_clk_regs/X (sg13g2_buf_8)
                                                         clknet_3_5_0_clk_regs (net)
                      0.044153    0.001648  100.364357 ^ clkbuf_leaf_31_clk_regs/A (sg13g2_buf_8)
    16    0.087789    0.037906    0.069896  100.434250 ^ clkbuf_leaf_31_clk_regs/X (sg13g2_buf_8)
                                                         clknet_leaf_31_clk_regs (net)
                      0.038704    0.004327  100.438576 ^ m.u_conv2._3354_/CLK (sg13g2_dfrbpq_1)
                                 -0.250000  100.188583   clock uncertainty
                                  0.000000  100.188583   clock reconvergence pessimism
                                 -0.111271  100.077309   library recovery time
                                            100.077309   data required time
---------------------------------------------------------------------------------------------
                                            100.077309   data required time
                                            -21.234537   data arrival time
---------------------------------------------------------------------------------------------
                                             78.842773   slack (MET)


Startpoint: m.u_conv3._522_ (rising edge-triggered flip-flop clocked by clk)
Endpoint: uo_out[1] (output port clocked by clk)
Path Group: clk
Path Type: max

Fanout         Cap        Slew       Delay        Time   Description
---------------------------------------------------------------------------------------------
                                  0.000000    0.000000   clock clk (rise edge)
                                  0.000000    0.000000   clock source latency
     2    0.152530    0.083672    0.120935    0.120935 ^ clk (in)
                                                         clk (net)
                      0.187575    0.000000    0.120935 ^ clkbuf_regs_0_clk/A (sg13g2_buf_16)
     1    0.019692    0.021117    0.093251    0.214186 ^ clkbuf_regs_0_clk/X (sg13g2_buf_16)
                                                         clk_regs (net)
                      0.021121    0.000869    0.215055 ^ clkbuf_0_clk_regs/A (sg13g2_buf_16)
     8    0.169991    0.036033    0.054926    0.269981 ^ clkbuf_0_clk_regs/X (sg13g2_buf_16)
                                                         clknet_0_clk_regs (net)
                      0.048631    0.016223    0.286205 ^ clkbuf_3_2_0_clk_regs/A (sg13g2_buf_8)
     7    0.113780    0.046684    0.074330    0.360534 ^ clkbuf_3_2_0_clk_regs/X (sg13g2_buf_8)
                                                         clknet_3_2_0_clk_regs (net)
                      0.051224    0.011033    0.371567 ^ clkbuf_leaf_11_clk_regs/A (sg13g2_buf_8)
    16    0.099211    0.041923    0.074610    0.446177 ^ clkbuf_leaf_11_clk_regs/X (sg13g2_buf_8)
                                                         clknet_leaf_11_clk_regs (net)
                      0.042607    0.004240    0.450417 ^ m.u_conv3._522_/CLK (sg13g2_dfrbpq_1)
     1    0.003567    0.017351    0.119657    0.570074 ^ m.u_conv3._522_/Q (sg13g2_dfrbpq_1)
                                                         m.u_conv3.input_buf[61] (net)
                      0.017431    0.000231    0.570305 ^ hold3060/A (sg13g2_dlygate4sd3_1)
     1    0.005859    0.029242    0.250714    0.821019 ^ hold3060/X (sg13g2_dlygate4sd3_1)
                                                         net3060 (net)
                      0.029242    0.000365    0.821383 ^ fanout1533/A (sg13g2_buf_1)
     4    0.119859    0.316694    0.232256    1.053639 ^ fanout1533/X (sg13g2_buf_1)
                                                         net1533 (net)
                      0.321668    0.031882    1.085521 ^ fanout1532/A (sg13g2_buf_1)
     8    0.045140    0.121948    0.178508    1.264030 ^ fanout1532/X (sg13g2_buf_1)
                                                         net1532 (net)
                      0.122042    0.002053    1.266083 ^ m.u_conv3.u_weights._15930_/A (sg13g2_xor2_1)
     8    0.084769    0.461028    0.385680    1.651763 ^ m.u_conv3.u_weights._15930_/X (sg13g2_xor2_1)
                                                         m.u_conv3.u_weights._07999_ (net)
                      0.461118    0.005438    1.657201 ^ m.u_conv3.u_weights._15936_/B (sg13g2_nand2_1)
     7    0.048391    0.250351    0.298200    1.955401 v m.u_conv3.u_weights._15936_/Y (sg13g2_nand2_1)
                                                         m.u_conv3.u_weights._08065_ (net)
                      0.250405    0.003078    1.958479 v m.u_conv3.u_weights._15944_/A1 (sg13g2_a22oi_1)
     1    0.011263    0.099442    0.121520    2.079999 ^ m.u_conv3.u_weights._15944_/Y (sg13g2_a22oi_1)
                                                         m.u_conv3.u_weights._08153_ (net)
                      0.099461    0.001096    2.081095 ^ fanout346/A (sg13g2_buf_1)
     4    0.097018    0.256509    0.223890    2.304985 ^ fanout346/X (sg13g2_buf_1)
                                                         net346 (net)
                      0.256624    0.004638    2.309623 ^ fanout345/A (sg13g2_buf_1)
     4    0.136281    0.360022    0.307903    2.617525 ^ fanout345/X (sg13g2_buf_1)
                                                         net345 (net)
                      0.368024    0.042785    2.660310 ^ fanout343/A (sg13g2_buf_1)
     8    0.080270    0.213590    0.239714    2.900024 ^ fanout343/X (sg13g2_buf_1)
                                                         net343 (net)
                      0.214363    0.010524    2.910548 ^ m.u_conv3.u_weights._15951_/B (sg13g2_xnor2_1)
     2    0.098178    0.576231    0.462311    3.372859 ^ m.u_conv3.u_weights._15951_/Y (sg13g2_xnor2_1)
                                                         m.u_conv3.u_weights._08229_ (net)
                      0.576508    0.010619    3.383478 ^ fanout333/A (sg13g2_buf_1)
     8    0.180138    0.473667    0.416742    3.800220 ^ fanout333/X (sg13g2_buf_1)
                                                         net333 (net)
                      0.483272    0.053812    3.854032 ^ fanout332/A (sg13g2_buf_1)
     6    0.188159    0.494894    0.416478    4.270511 ^ fanout332/X (sg13g2_buf_1)
                                                         net332 (net)
                      0.494894    0.000129    4.270639 ^ fanout331/A (sg13g2_buf_1)
     8    0.088353    0.235701    0.259115    4.529755 ^ fanout331/X (sg13g2_buf_1)
                                                         net331 (net)
                      0.237834    0.018253    4.548008 ^ m.u_conv3.u_weights._15954_/B (sg13g2_nand2_1)
     3    0.023835    0.162318    0.160281    4.708289 v m.u_conv3.u_weights._15954_/Y (sg13g2_nand2_1)
                                                         m.u_conv3.u_weights._08262_ (net)
                      0.162365    0.002226    4.710515 v m.u_conv3.u_weights._22610_/A (sg13g2_xnor2_1)
     4    0.169404    0.892128    0.665695    5.376210 ^ m.u_conv3.u_weights._22610_/Y (sg13g2_xnor2_1)
                                                         m.u_conv3.u_weights._12450_ (net)
                      0.897878    0.058409    5.434618 ^ m.u_conv3.u_weights._22613_/A (sg13g2_xnor2_1)
     2    0.011864    0.174732    0.190315    5.624934 ^ m.u_conv3.u_weights._22613_/Y (sg13g2_xnor2_1)
                                                         m.u_conv3.u_weights._12453_ (net)
                      0.174795    0.000760    5.625694 ^ m.u_conv3.u_weights._22615_/B (sg13g2_xor2_1)
     2    0.011432    0.086716    0.129804    5.755497 ^ m.u_conv3.u_weights._22615_/X (sg13g2_xor2_1)
                                                         m.u_conv3.u_weights._12455_ (net)
                      0.086755    0.000766    5.756263 ^ m.u_conv3.u_weights._22620_/A (sg13g2_xnor2_1)
     2    0.010456    0.083122    0.091445    5.847708 ^ m.u_conv3.u_weights._22620_/Y (sg13g2_xnor2_1)
                                                         m.u_conv3.u_weights._12461_ (net)
                      0.083131    0.000671    5.848380 ^ m.u_conv3.u_weights._22622_/B (sg13g2_xor2_1)
     2    0.010541    0.076241    0.106259    5.954639 ^ m.u_conv3.u_weights._22622_/X (sg13g2_xor2_1)
                                                         m.u_conv3.u_weights._12463_ (net)
                      0.076242    0.000378    5.955017 ^ m.u_conv3.u_weights._22623_/B (sg13g2_xnor2_1)
     2    0.009912    0.077752    0.085021    6.040039 ^ m.u_conv3.u_weights._22623_/Y (sg13g2_xnor2_1)
                                                         m.u_conv3.u_weights._12464_ (net)
                      0.077755    0.000574    6.040613 ^ m.u_conv3.u_weights._22624_/B (sg13g2_xnor2_1)
     2    0.009947    0.081413    0.085747    6.126359 ^ m.u_conv3.u_weights._22624_/Y (sg13g2_xnor2_1)
                                                         m.u_conv3.u_weights._12465_ (net)
                      0.081413    0.000349    6.126709 ^ m.u_conv3.u_weights._22626_/B (sg13g2_xor2_1)
     2    0.010339    0.078468    0.104963    6.231672 ^ m.u_conv3.u_weights._22626_/X (sg13g2_xor2_1)
                                                         m.u_conv3.u_weights._12467_ (net)
                      0.078468    0.000341    6.232013 ^ m.u_conv3.u_weights._22659_/B (sg13g2_xnor2_1)
     2    0.010710    0.081776    0.089145    6.321157 ^ m.u_conv3.u_weights._22659_/Y (sg13g2_xnor2_1)
                                                         m.u_conv3.u_weights._12504_ (net)
                      0.081778    0.000349    6.321506 ^ m.u_conv3.u_weights._22731_/B (sg13g2_xor2_1)
     2    0.010898    0.080118    0.107121    6.428627 ^ m.u_conv3.u_weights._22731_/X (sg13g2_xor2_1)
                                                         m.u_conv3.u_weights._12583_ (net)
                      0.080118    0.000350    6.428977 ^ m.u_conv3.u_weights._22733_/B (sg13g2_xnor2_1)
     2    0.010258    0.079829    0.087846    6.516824 ^ m.u_conv3.u_weights._22733_/Y (sg13g2_xnor2_1)
                                                         m.u_conv3.u_weights._12585_ (net)
                      0.079857    0.000349    6.517173 ^ m.u_conv3.u_weights._22734_/B (sg13g2_xnor2_1)
     2    0.009096    0.074368    0.083875    6.601048 ^ m.u_conv3.u_weights._22734_/Y (sg13g2_xnor2_1)
                                                         m.u_conv3.u_weights._12586_ (net)
                      0.074400    0.000597    6.601645 ^ m.u_conv3.u_weights._22736_/B (sg13g2_xor2_1)
     2    0.009725    0.078137    0.100552    6.702197 ^ m.u_conv3.u_weights._22736_/X (sg13g2_xor2_1)
                                                         m.u_conv3.u_weights._12588_ (net)
                      0.078137    0.000353    6.702550 ^ m.u_conv3.u_weights._22739_/A (sg13g2_xor2_1)
     2    0.010453    0.104717    0.107232    6.809782 ^ m.u_conv3.u_weights._22739_/X (sg13g2_xor2_1)
                                                         m.u_conv3.u_weights._12592_ (net)
                      0.104726    0.000763    6.810544 ^ m.u_conv3.u_weights._22745_/A (sg13g2_xnor2_1)
     3    0.012428    0.070845    0.095824    6.906368 v m.u_conv3.u_weights._22745_/Y (sg13g2_xnor2_1)
                                                         m.u_conv3.u_weights._12598_ (net)
                      0.070882    0.000739    6.907106 v m.u_conv3.u_weights._22748_/A1 (sg13g2_o21ai_1)
     2    0.009432    0.091074    0.099595    7.006701 ^ m.u_conv3.u_weights._22748_/Y (sg13g2_o21ai_1)
                                                         m.u_conv3.u_weights._12601_ (net)
                      0.091076    0.000545    7.007247 ^ m.u_conv3.u_weights._22757_/A (sg13g2_nand4_1)
     3    0.012769    0.126644    0.130400    7.137647 v m.u_conv3.u_weights._22757_/Y (sg13g2_nand4_1)
                                                         m.u_conv3.u_weights._12611_ (net)
                      0.126659    0.001113    7.138760 v m.u_conv3.u_weights._22761_/A1 (sg13g2_a21oi_1)
     2    0.007190    0.060100    0.078579    7.217339 ^ m.u_conv3.u_weights._22761_/Y (sg13g2_a21oi_1)
                                                         m.u_conv3.u_weights._12616_ (net)
                      0.060100    0.000221    7.217559 ^ m.u_conv3.u_weights._22762_/B1 (sg13g2_a21o_1)
     2    0.008210    0.032245    0.065242    7.282801 ^ m.u_conv3.u_weights._22762_/X (sg13g2_a21o_1)
                                                         m.u_conv3.u_weights._12617_ (net)
                      0.032253    0.000481    7.283282 ^ m.u_conv3.u_weights._22765_/A (sg13g2_nand2_1)
     1    0.003739    0.031605    0.033735    7.317017 v m.u_conv3.u_weights._22765_/Y (sg13g2_nand2_1)
                                                         m.u_conv3.u_weights._12620_ (net)
                      0.031605    0.000151    7.317168 v m.u_conv3.u_weights._22775_/A1 (sg13g2_a21oi_1)
     3    0.172611    0.916237    0.608488    7.925656 ^ m.u_conv3.u_weights._22775_/Y (sg13g2_a21oi_1)
                                                         m.embedding[39] (net)
                      0.926785    0.079663    8.005320 ^ fanout64/A (sg13g2_buf_1)
     8    0.065748    0.178559    0.267322    8.272641 ^ fanout64/X (sg13g2_buf_1)
                                                         net64 (net)
                      0.178732    0.004609    8.277250 ^ m.u_tree._1572_/A (sg13g2_inv_1)
     8    0.100566    0.235803    0.247193    8.524443 v m.u_tree._1572_/Y (sg13g2_inv_1)
                                                         m.u_tree._1228_ (net)
                      0.235922    0.004527    8.528970 v m.u_tree._2498_/A1 (sg13g2_a21oi_1)
     2    0.009799    0.086831    0.104991    8.633961 ^ m.u_tree._2498_/Y (sg13g2_a21oi_1)
                                                         m.u_tree._1564_ (net)
                      0.086862    0.000322    8.634283 ^ m.u_tree._2500_/B (sg13g2_xnor2_1)
     2    0.011944    0.089565    0.097101    8.731384 ^ m.u_tree._2500_/Y (sg13g2_xnor2_1)
                                                         m.u_tree._1566_ (net)
                      0.089577    0.000814    8.732198 ^ m.u_tree._2528_/A (sg13g2_xor2_1)
     2    0.010564    0.076974    0.111850    8.844048 ^ m.u_tree._2528_/X (sg13g2_xor2_1)
                                                         m.u_tree._0028_ (net)
                      0.077014    0.000698    8.844746 ^ m.u_tree._2530_/B (sg13g2_xnor2_1)
     2    0.010852    0.082289    0.089099    8.933845 ^ m.u_tree._2530_/Y (sg13g2_xnor2_1)
                                                         m.u_tree._0030_ (net)
                      0.082300    0.000724    8.934569 ^ m.u_tree._2565_/A (sg13g2_xor2_1)
     2    0.015050    0.099061    0.125818    9.060387 ^ m.u_tree._2565_/X (sg13g2_xor2_1)
                                                         m.u_tree._0069_ (net)
                      0.099076    0.000970    9.061357 ^ m.u_tree._2567_/B (sg13g2_xnor2_1)
     2    0.010730    0.060778    0.081670    9.143026 v m.u_tree._2567_/Y (sg13g2_xnor2_1)
                                                         m.u_tree._0071_ (net)
                      0.060778    0.000294    9.143320 v m.u_tree._2577_/A1 (sg13g2_o21ai_1)
     2    0.010266    0.092731    0.100584    9.243904 ^ m.u_tree._2577_/Y (sg13g2_o21ai_1)
                                                         m.u_tree._0082_ (net)
                      0.092762    0.000339    9.244243 ^ m.u_tree._2581_/A (sg13g2_xnor2_1)
     2    0.010465    0.080409    0.093284    9.337527 ^ m.u_tree._2581_/Y (sg13g2_xnor2_1)
                                                         m.u_tree._0086_ (net)
                      0.080416    0.000572    9.338099 ^ m.u_tree._2586_/B (sg13g2_xnor2_1)
     2    0.010618    0.081662    0.089243    9.427342 ^ m.u_tree._2586_/Y (sg13g2_xnor2_1)
                                                         m.u_tree._0092_ (net)
                      0.081674    0.000774    9.428117 ^ m.u_tree._2592_/B (sg13g2_xor2_1)
     2    0.009930    0.074152    0.103578    9.531694 ^ m.u_tree._2592_/X (sg13g2_xor2_1)
                                                         m.u_tree._0098_ (net)
                      0.074152    0.000294    9.531989 ^ m.u_tree._2593_/A2 (sg13g2_a21oi_1)
     3    0.018003    0.088882    0.101099    9.633087 v m.u_tree._2593_/Y (sg13g2_a21oi_1)
                                                         m.u_tree._0100_ (net)
                      0.088896    0.000940    9.634027 v m.u_tree._2595_/A1 (sg13g2_o21ai_1)
     2    0.010423    0.096490    0.109596    9.743623 ^ m.u_tree._2595_/Y (sg13g2_o21ai_1)
                                                         m.u_tree._0102_ (net)
                      0.096530    0.000679    9.744302 ^ m.u_tree._2859_/A (sg13g2_xnor2_1)
     3    0.014464    0.077519    0.100384    9.844686 v m.u_tree._2859_/Y (sg13g2_xnor2_1)
                                                         m.u_tree._0392_ (net)
                      0.077554    0.001346    9.846032 v m.u_tree._2876_/A1 (sg13g2_a221oi_1)
     2    0.007084    0.102343    0.120274    9.966306 ^ m.u_tree._2876_/Y (sg13g2_a221oi_1)
                                                         m.u_tree._0411_ (net)
                      0.102344    0.000331    9.966637 ^ m.u_tree._2878_/C (sg13g2_or3_1)
     7    0.032608    0.088969    0.127842   10.094479 ^ m.u_tree._2878_/X (sg13g2_or3_1)
                                                         m.u_tree._0413_ (net)
                      0.088972    0.000481   10.094960 ^ m.u_tree._2895_/C (sg13g2_nand3_1)
     3    0.010734    0.084196    0.099958   10.194918 v m.u_tree._2895_/Y (sg13g2_nand3_1)
                                                         m.u_tree._0432_ (net)
                      0.084217    0.000319   10.195237 v m.u_tree._2898_/B (sg13g2_nand3_1)
     4    0.017727    0.069656    0.079076   10.274313 ^ m.u_tree._2898_/Y (sg13g2_nand3_1)
                                                         m.u_tree._0435_ (net)
                      0.069723    0.001569   10.275883 ^ m.u_tree._2900_/C (sg13g2_nand3_1)
     1    0.003743    0.044842    0.064303   10.340186 v m.u_tree._2900_/Y (sg13g2_nand3_1)
                                                         m.u_tree._0437_ (net)
                      0.044842    0.000150   10.340336 v m.u_tree._2906_/A2 (sg13g2_o21ai_1)
     7    0.030828    0.214876    0.185578   10.525914 ^ m.u_tree._2906_/Y (sg13g2_o21ai_1)
                                                         m.u_tree._0444_ (net)
                      0.214923    0.002603   10.528517 ^ m.u_tree._2914_/B (sg13g2_nand3b_1)
     4    0.025451    0.179572    0.208099   10.736616 v m.u_tree._2914_/Y (sg13g2_nand3b_1)
                                                         m.u_tree._0453_ (net)
                      0.179589    0.001464   10.738080 v m.u_tree._2918_/B (sg13g2_and3_1)
     2    0.006940    0.026397    0.102174   10.840255 v m.u_tree._2918_/X (sg13g2_and3_1)
                                                         m.u_tree._0457_ (net)
                      0.026399    0.000210   10.840464 v m.u_tree._2922_/A (sg13g2_or2_1)
     1    0.007222    0.026928    0.075709   10.916173 v m.u_tree._2922_/X (sg13g2_or2_1)
                                                         m.u_tree._0461_ (net)
                      0.026937    0.000461   10.916635 v m.u_tree._2946_/A1 (sg13g2_a221oi_1)
     5    0.022809    0.217970    0.194855   11.111489 ^ m.u_tree._2946_/Y (sg13g2_a221oi_1)
                                                         m.u_tree._0488_ (net)
                      0.217994    0.001809   11.113298 ^ m.u_tree._2950_/B (sg13g2_or3_1)
     2    0.010837    0.039113    0.119863   11.233161 ^ m.u_tree._2950_/X (sg13g2_or3_1)
                                                         m.u_tree._0492_ (net)
                      0.039126    0.000676   11.233837 ^ fanout11/A (sg13g2_buf_1)
     8    0.035300    0.096290    0.104746   11.338584 ^ fanout11/X (sg13g2_buf_1)
                                                         net11 (net)
                      0.096358    0.002093   11.340676 ^ m.u_tree._2964_/A2 (sg13g2_a221oi_1)
     2    0.011281    0.083709    0.099602   11.440278 v m.u_tree._2964_/Y (sg13g2_a221oi_1)
                                                         m.u_tree._0508_ (net)
                      0.083713    0.001101   11.441380 v m.u_tree._2975_/A (sg13g2_nor4_1)
     3    0.018293    0.225590    0.219423   11.660803 ^ m.u_tree._2975_/Y (sg13g2_nor4_1)
                                                         m.u_tree._0520_ (net)
                      0.225601    0.001292   11.662095 ^ m.u_tree._2991_/B1 (sg13g2_o21ai_1)
     2    0.007836    0.070505    0.083528   11.745623 v m.u_tree._2991_/Y (sg13g2_o21ai_1)
                                                         m.u_tree._0537_ (net)
                      0.070535    0.000452   11.746075 v m.u_tree._2994_/B1 (sg13g2_a221oi_1)
     8    0.060391    0.507087    0.409696   12.155771 ^ m.u_tree._2994_/Y (sg13g2_a221oi_1)
                                                         m.u_tree._0541_ (net)
                      0.507112    0.002944   12.158715 ^ m.u_tree._2996_/S (sg13g2_mux2_1)
     3    0.026961    0.072653    0.220332   12.379047 v m.u_tree._2996_/X (sg13g2_mux2_1)
                                                         m.u_tree._0543_ (net)
                      0.072740    0.002246   12.381293 v m.u_tree._3004_/A1 (sg13g2_a22oi_1)
     3    0.013346    0.097763    0.098233   12.479527 ^ m.u_tree._3004_/Y (sg13g2_a22oi_1)
                                                         m.u_tree._0552_ (net)
                      0.097772    0.000712   12.480240 ^ m.u_tree._3021_/A1 (sg13g2_o21ai_1)
     2    0.009606    0.059093    0.081108   12.561348 v m.u_tree._3021_/Y (sg13g2_o21ai_1)
                                                         m.u_tree._0570_ (net)
                      0.059098    0.000584   12.561932 v m.u_tree._3022_/B1 (sg13g2_a21oi_1)
     5    0.022941    0.138263    0.129942   12.691874 ^ m.u_tree._3022_/Y (sg13g2_a21oi_1)
                                                         m.u_tree._0571_ (net)
                      0.138284    0.001417   12.693291 ^ m.u_tree._3026_/A (sg13g2_nor2_1)
     3    0.016229    0.066499    0.087302   12.780592 v m.u_tree._3026_/Y (sg13g2_nor2_1)
                                                         m.u_tree._0576_ (net)
                      0.066510    0.000842   12.781434 v m.u_tree._3031_/S (sg13g2_mux2_1)
     3    0.022814    0.068248    0.137966   12.919400 ^ m.u_tree._3031_/X (sg13g2_mux2_1)
                                                         m.u_tree._0581_ (net)
                      0.068282    0.001408   12.920808 ^ m.u_tree._3032_/A2 (sg13g2_a21oi_1)
     1    0.004902    0.048111    0.057543   12.978352 v m.u_tree._3032_/Y (sg13g2_a21oi_1)
                                                         m.u_tree._0582_ (net)
                      0.048112    0.000353   12.978704 v m.u_tree._3051_/A1 (sg13g2_o21ai_1)
     6    0.029460    0.206549    0.183926   13.162630 ^ m.u_tree._3051_/Y (sg13g2_o21ai_1)
                                                         m.u_tree._0603_ (net)
                      0.206562    0.001357   13.163987 ^ m.u_tree._3059_/B1 (sg13g2_a221oi_1)
     2    0.014779    0.115462    0.139158   13.303145 v m.u_tree._3059_/Y (sg13g2_a221oi_1)
                                                         m.u_tree._0612_ (net)
                      0.115477    0.001061   13.304207 v m.u_tree._3061_/A (sg13g2_or2_1)
     2    0.008384    0.030191    0.101003   13.405210 v m.u_tree._3061_/X (sg13g2_or2_1)
                                                         m.u_tree._0614_ (net)
                      0.030203    0.000551   13.405761 v m.u_tree._3071_/B (sg13g2_or2_1)
     1    0.004531    0.022475    0.068068   13.473828 v m.u_tree._3071_/X (sg13g2_or2_1)
                                                         m.u_tree._0625_ (net)
                      0.022475    0.000331   13.474160 v m.u_tree._3079_/A1 (sg13g2_a221oi_1)
     7    0.029841    0.271592    0.232665   13.706825 ^ m.u_tree._3079_/Y (sg13g2_a221oi_1)
                                                         m.u_tree._0634_ (net)
                      0.271603    0.001402   13.708227 ^ m.u_tree._3080_/B (sg13g2_nor2_1)
     3    0.017191    0.094971    0.112511   13.820738 v m.u_tree._3080_/Y (sg13g2_nor2_1)
                                                         m.u_tree._0635_ (net)
                      0.094989    0.001214   13.821952 v m.u_tree._3081_/S (sg13g2_mux2_1)
     3    0.020554    0.063696    0.142342   13.964294 ^ m.u_tree._3081_/X (sg13g2_mux2_1)
                                                         m.u_tree._0636_ (net)
                      0.063736    0.001446   13.965740 ^ m.u_tree._3086_/A2 (sg13g2_a21oi_1)
     1    0.004958    0.050674    0.056430   14.022170 v m.u_tree._3086_/Y (sg13g2_a21oi_1)
                                                         m.u_tree._0642_ (net)
                      0.050675    0.000364   14.022534 v m.u_tree._3106_/A1 (sg13g2_o21ai_1)
     5    0.020121    0.150413    0.142716   14.165251 ^ m.u_tree._3106_/Y (sg13g2_o21ai_1)
                                                         m.u_tree._0664_ (net)
                      0.150423    0.001009   14.166260 ^ m.u_tree._3107_/B (sg13g2_nand2_1)
     5    0.036125    0.158916    0.174740   14.341000 v m.u_tree._3107_/Y (sg13g2_nand2_1)
                                                         m.u_tree._0665_ (net)
                      0.158997    0.002161   14.343161 v m.u_tree._3117_/S (sg13g2_mux2_1)
     2    0.014599    0.049281    0.142283   14.485443 ^ m.u_tree._3117_/X (sg13g2_mux2_1)
                                                         m.u_tree._0676_ (net)
                      0.049307    0.001042   14.486485 ^ m.u_tree._3119_/B2 (sg13g2_a221oi_1)
     1    0.004364    0.055355    0.055547   14.542032 v m.u_tree._3119_/Y (sg13g2_a221oi_1)
                                                         m.u_tree._0678_ (net)
                      0.055355    0.000328   14.542359 v m.u_tree._3127_/A1 (sg13g2_o21ai_1)
     4    0.018533    0.139744    0.136390   14.678750 ^ m.u_tree._3127_/Y (sg13g2_o21ai_1)
                                                         m.u_tree._0687_ (net)
                      0.139794    0.002147   14.680897 ^ m.u_tree._3139_/C (sg13g2_and4_1)
     1    0.010163    0.044382    0.146596   14.827493 ^ m.u_tree._3139_/X (sg13g2_and4_1)
                                                         m.number_o[1] (net)
                      0.044402    0.000888   14.828381 ^ _81_/A (sg13g2_buf_1)
     1    0.006952    0.025234    0.054946   14.883327 ^ _81_/X (sg13g2_buf_1)
                                                         uo_out[1] (net)
                      0.025243    0.000435   14.883762 ^ uo_out[1] (out)
                                             14.883762   data arrival time

                                100.000000  100.000000   clock clk (rise edge)
                                  0.000000  100.000000   clock network delay (propagated)
                                 -0.250000   99.750000   clock uncertainty
                                  0.000000   99.750000   clock reconvergence pessimism
                                -20.000000   79.750000   output external delay
                                             79.750000   data required time
---------------------------------------------------------------------------------------------
                                             79.750000   data required time
                                            -14.883762   data arrival time
---------------------------------------------------------------------------------------------
                                             64.866234   slack (MET)




===========================================================================
report_checks --slack_max -0.01
============================================================================
======================= nom_fast_1p32V_m40C Corner ===================================

No paths found.


===========================================================================
 report_check_types -max_slew -max_cap -max_fanout -violators
============================================================================
======================= nom_fast_1p32V_m40C Corner ===================================

max fanout

Pin                                   Limit Fanout  Slack
---------------------------------------------------------
clkbuf_leaf_12_clk_regs/X                 8     18    -10 (VIOLATED)
clkbuf_leaf_10_clk_regs/X                 8     17     -9 (VIOLATED)
clkbuf_leaf_13_clk_regs/X                 8     17     -9 (VIOLATED)
clkbuf_leaf_14_clk_regs/X                 8     17     -9 (VIOLATED)
clkbuf_leaf_15_clk_regs/X                 8     17     -9 (VIOLATED)
clkbuf_leaf_17_clk_regs/X                 8     17     -9 (VIOLATED)
clkbuf_leaf_18_clk_regs/X                 8     17     -9 (VIOLATED)
clkbuf_leaf_25_clk_regs/X                 8     17     -9 (VIOLATED)
clkbuf_leaf_26_clk_regs/X                 8     17     -9 (VIOLATED)
clkbuf_leaf_29_clk_regs/X                 8     17     -9 (VIOLATED)
clkbuf_leaf_30_clk_regs/X                 8     17     -9 (VIOLATED)
clkbuf_leaf_41_clk_regs/X                 8     17     -9 (VIOLATED)
clkbuf_leaf_42_clk_regs/X                 8     17     -9 (VIOLATED)
clkbuf_leaf_48_clk_regs/X                 8     17     -9 (VIOLATED)
clkbuf_leaf_8_clk_regs/X                  8     17     -9 (VIOLATED)
clkbuf_leaf_9_clk_regs/X                  8     17     -9 (VIOLATED)
clkbuf_leaf_11_clk_regs/X                 8     16     -8 (VIOLATED)
clkbuf_leaf_19_clk_regs/X                 8     16     -8 (VIOLATED)
clkbuf_leaf_20_clk_regs/X                 8     16     -8 (VIOLATED)
clkbuf_leaf_21_clk_regs/X                 8     16     -8 (VIOLATED)
clkbuf_leaf_23_clk_regs/X                 8     16     -8 (VIOLATED)
clkbuf_leaf_28_clk_regs/X                 8     16     -8 (VIOLATED)
clkbuf_leaf_31_clk_regs/X                 8     16     -8 (VIOLATED)
clkbuf_leaf_33_clk_regs/X                 8     16     -8 (VIOLATED)
clkbuf_leaf_34_clk_regs/X                 8     16     -8 (VIOLATED)
clkbuf_leaf_35_clk_regs/X                 8     16     -8 (VIOLATED)
clkbuf_leaf_36_clk_regs/X                 8     16     -8 (VIOLATED)
clkbuf_leaf_37_clk_regs/X                 8     16     -8 (VIOLATED)
clkbuf_leaf_39_clk_regs/X                 8     16     -8 (VIOLATED)
clkbuf_leaf_49_clk_regs/X                 8     16     -8 (VIOLATED)
clkbuf_leaf_7_clk_regs/X                  8     16     -8 (VIOLATED)
fanout507/X                               8     16     -8 (VIOLATED)
clkbuf_leaf_16_clk_regs/X                 8     15     -7 (VIOLATED)
clkbuf_leaf_22_clk_regs/X                 8     15     -7 (VIOLATED)
clkbuf_leaf_24_clk_regs/X                 8     15     -7 (VIOLATED)
clkbuf_leaf_32_clk_regs/X                 8     15     -7 (VIOLATED)
clkbuf_leaf_6_clk_regs/X                  8     15     -7 (VIOLATED)
fanout701/X                               8     15     -7 (VIOLATED)
clkbuf_leaf_1_clk_regs/X                  8     14     -6 (VIOLATED)
clkbuf_leaf_27_clk_regs/X                 8     14     -6 (VIOLATED)
clkbuf_leaf_2_clk_regs/X                  8     14     -6 (VIOLATED)
clkbuf_leaf_38_clk_regs/X                 8     14     -6 (VIOLATED)
clkbuf_leaf_3_clk_regs/X                  8     14     -6 (VIOLATED)
clkbuf_leaf_43_clk_regs/X                 8     14     -6 (VIOLATED)
clkbuf_leaf_44_clk_regs/X                 8     14     -6 (VIOLATED)
clkbuf_leaf_45_clk_regs/X                 8     14     -6 (VIOLATED)
clkbuf_leaf_4_clk_regs/X                  8     14     -6 (VIOLATED)
clkbuf_leaf_40_clk_regs/X                 8     13     -5 (VIOLATED)
clkbuf_leaf_50_clk_regs/X                 8     13     -5 (VIOLATED)
clkbuf_leaf_5_clk_regs/X                  8     13     -5 (VIOLATED)
fanout675/X                               8     13     -5 (VIOLATED)
clkbuf_leaf_0_clk_regs/X                  8     12     -4 (VIOLATED)
clkbuf_leaf_46_clk_regs/X                 8     12     -4 (VIOLATED)
fanout460/X                               8     12     -4 (VIOLATED)
fanout498/X                               8     12     -4 (VIOLATED)
fanout483/X                               8     11     -3 (VIOLATED)
m.u_conv3.u_weights._15824_/Y             8     11     -3 (VIOLATED)
fanout1482/X                              8     10     -2 (VIOLATED)
fanout725/X                               8     10     -2 (VIOLATED)
fanout798/X                               8     10     -2 (VIOLATED)
fanout800/X                               8     10     -2 (VIOLATED)
fanout801/X                               8     10     -2 (VIOLATED)
fanout802/X                               8     10     -2 (VIOLATED)
fanout803/X                               8     10     -2 (VIOLATED)
fanout804/X                               8     10     -2 (VIOLATED)
fanout808/X                               8     10     -2 (VIOLATED)
fanout810/X                               8     10     -2 (VIOLATED)
fanout1226/X                              8      9        (VIOLATED)
fanout673/X                               8      9        (VIOLATED)
fanout678/X                               8      9        (VIOLATED)
fanout900/X                               8      9        (VIOLATED)

max capacitance

Pin                                        Limit         Cap       Slack
------------------------------------------------------------------------
sram/A_DOUT[6]                          0.064000    0.065522   -0.001522 (VIOLATED)



===========================================================================
report_parasitic_annotation -report_unannotated
============================================================================
Found 48 unannotated drivers.
 ena
 uio_in[1]
 uio_in[2]
 uio_in[3]
 uio_in[4]
 uio_in[5]
 uio_in[6]
 uio_in[7]
 clkload0/X
 clkload1/X
 clkload10/Y
 clkload11/X
 clkload12/Y
 clkload13/Y
 clkload14/X
 clkload15/Y
 clkload16/Y
 clkload17/Y
 clkload18/X
 clkload19/Y
 clkload2/X
 clkload20/Y
 clkload21/X
 clkload22/Y
 clkload23/Y
 clkload24/Y
 clkload25/Y
 clkload26/Y
 clkload27/Y
 clkload28/Y
 clkload29/Y
 clkload3/X
 clkload30/X
 clkload31/Y
 clkload32/Y
 clkload33/X
 clkload34/Y
 clkload35/Y
 clkload36/Y
 clkload37/Y
 clkload38/Y
 clkload39/Y
 clkload4/Y
 clkload5/Y
 clkload6/Y
 clkload7/Y
 clkload8/Y
 clkload9/Y
Found 0 partially unannotated drivers.

===========================================================================
max slew violation count 0
max fanout violation count 71
max cap violation count 1
============================================================================

===========================================================================
check_setup -verbose -unconstrained_endpoints -multiple_clock -no_clock -no_input_delay -loops -generated_clocks
===========================================================================
