Clock: clk
Sources: clk 
Generated: no
Virtual: yes
Propagated: no
Period: 100.000000

===========================================================================
report_clock_properties
============================================================================
Clock                   Period          Waveform
----------------------------------------------------
clk                 100.000000    0.000000 50.000000

===========================================================================
report_clock_latency
============================================================================
Clock clk
rise -> rise
    min     max
0.000000 0.000000 source latency
0.359238         network latency sram/A_CLK
        0.460685 network latency m.u_mnist_loader._73_/CLK
---------------
0.359238 0.460685 latency
        0.101447 skew

fall -> fall
    min     max
0.000000 0.000000 source latency
0.361876         network latency sram/A_CLK
        0.449418 network latency m.u_mnist_loader._73_/CLK
---------------
0.361876 0.449418 latency
        0.087542 skew



===========================================================================
report_clock_min_period
============================================================================
clk period_min = 9.00 fmax = 111.13
