%Warning-WIDTHEXPAND: /Users/marcandre/Desktop/Startup/TowardsBNN/binaryneuralnet-asic-TTIHP26/src/maxpool_2x2.sv:108:42: Operator ADD expects 10 bits on the LHS, but LHS's SEL generates 8 bits.
                                                                                                                        : ... note: In instance 'tt_um_maw_mnistbnn.m.u_pool2'
  108 |   assign top_byte_addr = 8'(INPUT_BASE)  + {1'b0, linear_top[11:3]};
      |                                          ^
                      ... For warning description see https://verilator.org/warn/WIDTHEXPAND?v=5.044
                      ... Use "/* verilator lint_off WIDTHEXPAND */" and lint_on around source to disable this message.
%Warning-WIDTHTRUNC: /Users/marcandre/Desktop/Startup/TowardsBNN/binaryneuralnet-asic-TTIHP26/src/maxpool_2x2.sv:108:24: Operator ASSIGNW expects 8 bits on the Assign RHS, but Assign RHS's ADD generates 10 bits.
                                                                                                                       : ... note: In instance 'tt_um_maw_mnistbnn.m.u_pool2'
  108 |   assign top_byte_addr = 8'(INPUT_BASE)  + {1'b0, linear_top[11:3]};
      |                        ^
                     ... For warning description see https://verilator.org/warn/WIDTHTRUNC?v=5.044
                     ... Use "/* verilator lint_off WIDTHTRUNC */" and lint_on around source to disable this message.
%Warning-WIDTHEXPAND: /Users/marcandre/Desktop/Startup/TowardsBNN/binaryneuralnet-asic-TTIHP26/src/maxpool_2x2.sv:109:42: Operator ADD expects 10 bits on the LHS, but LHS's SEL generates 8 bits.
                                                                                                                        : ... note: In instance 'tt_um_maw_mnistbnn.m.u_pool2'
  109 |   assign bot_byte_addr = 8'(INPUT_BASE)  + {1'b0, linear_bot[11:3]};
      |                                          ^
%Warning-WIDTHTRUNC: /Users/marcandre/Desktop/Startup/TowardsBNN/binaryneuralnet-asic-TTIHP26/src/maxpool_2x2.sv:109:24: Operator ASSIGNW expects 8 bits on the Assign RHS, but Assign RHS's ADD generates 10 bits.
                                                                                                                       : ... note: In instance 'tt_um_maw_mnistbnn.m.u_pool2'
  109 |   assign bot_byte_addr = 8'(INPUT_BASE)  + {1'b0, linear_bot[11:3]};
      |                        ^
%Warning-WIDTHEXPAND: /Users/marcandre/Desktop/Startup/TowardsBNN/binaryneuralnet-asic-TTIHP26/src/maxpool_2x2.sv:110:42: Operator ADD expects 10 bits on the LHS, but LHS's SEL generates 8 bits.
                                                                                                                        : ... note: In instance 'tt_um_maw_mnistbnn.m.u_pool2'
  110 |   assign out_byte_addr = 8'(OUTPUT_BASE) + {1'b0, linear_out[11:3]};
      |                                          ^
%Warning-WIDTHTRUNC: /Users/marcandre/Desktop/Startup/TowardsBNN/binaryneuralnet-asic-TTIHP26/src/maxpool_2x2.sv:110:24: Operator ASSIGNW expects 8 bits on the Assign RHS, but Assign RHS's ADD generates 10 bits.
                                                                                                                       : ... note: In instance 'tt_um_maw_mnistbnn.m.u_pool2'
  110 |   assign out_byte_addr = 8'(OUTPUT_BASE) + {1'b0, linear_out[11:3]};
      |                        ^
%Warning-WIDTHEXPAND: /Users/marcandre/Desktop/Startup/TowardsBNN/binaryneuralnet-asic-TTIHP26/src/conv_layer1.sv:127:38: Operator ADD expects 11 bits on the LHS, but LHS's VARREF 'OUTPUT_BASE' generates 8 bits.
                                                                                                                        : ... note: In instance 'tt_um_maw_mnistbnn.m.u_conv1'
  127 |   assign out_byte_addr = OUTPUT_BASE + {3'd0, linear_idx[10:3]};
      |                                      ^
%Warning-WIDTHTRUNC: /Users/marcandre/Desktop/Startup/TowardsBNN/binaryneuralnet-asic-TTIHP26/src/conv_layer1.sv:127:24: Operator ASSIGNW expects 8 bits on the Assign RHS, but Assign RHS's ADD generates 11 bits.
                                                                                                                       : ... note: In instance 'tt_um_maw_mnistbnn.m.u_conv1'
  127 |   assign out_byte_addr = OUTPUT_BASE + {3'd0, linear_idx[10:3]};
      |                        ^
%Warning-WIDTHEXPAND: /Users/marcandre/Desktop/Startup/TowardsBNN/binaryneuralnet-asic-TTIHP26/src/mnist_loader.sv:48:45: Operator MODDIV expects 32 bits on the LHS, but LHS's VARREF 'packet_counter' generates 7 bits.
                                                                                                                        : ... note: In instance 'tt_um_maw_mnistbnn.m.u_mnist_loader'
   48 |   assign bitmask_shift = 3'((packet_counter % 4) * 2);       
      |                                             ^
%Warning-UNUSEDSIGNAL: /Users/marcandre/Desktop/Startup/TowardsBNN/binaryneuralnet-asic-TTIHP26/src/mnist_loader.sv:19:20: Signal is not used: 'sram_rsp'
                                                                                                                         : ... note: In instance 'tt_um_maw_mnistbnn.m.u_mnist_loader'
   19 |   input sram_rsp_t sram_rsp,
      |                    ^~~~~~~~
                       ... For warning description see https://verilator.org/warn/UNUSEDSIGNAL?v=5.044
                       ... Use "/* verilator lint_off UNUSEDSIGNAL */" and lint_on around source to disable this message.
%Warning-UNUSEDPARAM: /Users/marcandre/Desktop/Startup/TowardsBNN/binaryneuralnet-asic-TTIHP26/src/conv_layer2.sv:39:18: Parameter is not used: 'IN_CHANNELS'
                                                                                                                       : ... note: In instance 'tt_um_maw_mnistbnn.m.u_conv2'
   39 |   localparam int IN_CHANNELS  = 8;
      |                  ^~~~~~~~~~~
                      ... For warning description see https://verilator.org/warn/UNUSEDPARAM?v=5.044
                      ... Use "/* verilator lint_off UNUSEDPARAM */" and lint_on around source to disable this message.
%Warning-UNUSEDPARAM: /Users/marcandre/Desktop/Startup/TowardsBNN/binaryneuralnet-asic-TTIHP26/src/conv_layer2.sv:40:18: Parameter is not used: 'OUT_CHANNELS'
                                                                                                                       : ... note: In instance 'tt_um_maw_mnistbnn.m.u_conv2'
   40 |   localparam int OUT_CHANNELS = 16;
      |                  ^~~~~~~~~~~~
%Warning-UNUSEDPARAM: /Users/marcandre/Desktop/Startup/TowardsBNN/binaryneuralnet-asic-TTIHP26/src/conv_layer2.sv:41:18: Parameter is not used: 'IN_CH_BITS'
                                                                                                                       : ... note: In instance 'tt_um_maw_mnistbnn.m.u_conv2'
   41 |   localparam int IN_CH_BITS   = 36;    
      |                  ^~~~~~~~~~
%Warning-UNUSEDPARAM: /Users/marcandre/Desktop/Startup/TowardsBNN/binaryneuralnet-asic-TTIHP26/src/conv_layer2.sv:42:18: Parameter is not used: 'OUT_CH_SZ'
                                                                                                                       : ... note: In instance 'tt_um_maw_mnistbnn.m.u_conv2'
   42 |   localparam int OUT_CH_SZ    = 16;    
      |                  ^~~~~~~~~
%Warning-UNUSEDPARAM: /Users/marcandre/Desktop/Startup/TowardsBNN/binaryneuralnet-asic-TTIHP26/src/conv_layer2.sv:43:18: Parameter is not used: 'THRESHOLD'
                                                                                                                       : ... note: In instance 'tt_um_maw_mnistbnn.m.u_conv2'
   43 |   localparam int THRESHOLD    = 37;    
      |                  ^~~~~~~~~
%Warning-UNUSEDSIGNAL: /Users/marcandre/Desktop/Startup/TowardsBNN/binaryneuralnet-asic-TTIHP26/src/classification_tree.sv:27:24: Bits of signal are not used: 'emb'[63:59,57:34,32:28,26:25,22,20:11,9:0]
                                                                                                                                : ... note: In instance 'tt_um_maw_mnistbnn.m.u_tree'
   27 |     input logic [63:0] emb;
      |                        ^~~
%Warning-UNUSEDSIGNAL: /Users/marcandre/Desktop/Startup/TowardsBNN/binaryneuralnet-asic-TTIHP26/src/classification_tree.sv:62:24: Bits of signal are not used: 'emb'[63,61:44,42,40:39,37:34,31:18,16:0]
                                                                                                                                : ... note: In instance 'tt_um_maw_mnistbnn.m.u_tree'
   62 |     input logic [63:0] emb;
      |                        ^~~
%Warning-UNUSEDSIGNAL: /Users/marcandre/Desktop/Startup/TowardsBNN/binaryneuralnet-asic-TTIHP26/src/classification_tree.sv:97:24: Bits of signal are not used: 'emb'[63:51,49:45,43:32,30:20,18:15,13:7,5:0]
                                                                                                                                : ... note: In instance 'tt_um_maw_mnistbnn.m.u_tree'
   97 |     input logic [63:0] emb;
      |                        ^~~
%Warning-UNUSEDSIGNAL: /Users/marcandre/Desktop/Startup/TowardsBNN/binaryneuralnet-asic-TTIHP26/src/classification_tree.sv:132:24: Bits of signal are not used: 'emb'[63:60,58:31,29:28,26:5,3:1]
                                                                                                                                 : ... note: In instance 'tt_um_maw_mnistbnn.m.u_tree'
  132 |     input logic [63:0] emb;
      |                        ^~~
%Warning-UNUSEDSIGNAL: /Users/marcandre/Desktop/Startup/TowardsBNN/binaryneuralnet-asic-TTIHP26/src/classification_tree.sv:167:24: Bits of signal are not used: 'emb'[63:58,56,54:47,45:40,38:36,34:29,27:23,21:0]
                                                                                                                                 : ... note: In instance 'tt_um_maw_mnistbnn.m.u_tree'
  167 |     input logic [63:0] emb;
      |                        ^~~
%Warning-UNUSEDSIGNAL: /Users/marcandre/Desktop/Startup/TowardsBNN/binaryneuralnet-asic-TTIHP26/src/classification_tree.sv:202:24: Bits of signal are not used: 'emb'[63,61:40,37:29,27:25,23:16,14:1]
                                                                                                                                 : ... note: In instance 'tt_um_maw_mnistbnn.m.u_tree'
  202 |     input logic [63:0] emb;
      |                        ^~~
%Warning-UNUSEDSIGNAL: /Users/marcandre/Desktop/Startup/TowardsBNN/binaryneuralnet-asic-TTIHP26/src/classification_tree.sv:237:24: Bits of signal are not used: 'emb'[63:56,54:34,32:20,18:17,15:9,7:0]
                                                                                                                                 : ... note: In instance 'tt_um_maw_mnistbnn.m.u_tree'
  237 |     input logic [63:0] emb;
      |                        ^~~
%Warning-UNUSEDSIGNAL: /Users/marcandre/Desktop/Startup/TowardsBNN/binaryneuralnet-asic-TTIHP26/src/classification_tree.sv:272:24: Bits of signal are not used: 'emb'[63:62,60:58,56:34,32,30:2,0]
                                                                                                                                 : ... note: In instance 'tt_um_maw_mnistbnn.m.u_tree'
  272 |     input logic [63:0] emb;
      |                        ^~~
%Warning-UNUSEDSIGNAL: /Users/marcandre/Desktop/Startup/TowardsBNN/binaryneuralnet-asic-TTIHP26/src/classification_tree.sv:307:24: Bits of signal are not used: 'emb'[63:59,56:50,48:45,43:24,22:6,4:0]
                                                                                                                                 : ... note: In instance 'tt_um_maw_mnistbnn.m.u_tree'
  307 |     input logic [63:0] emb;
      |                        ^~~
%Warning-UNUSEDSIGNAL: /Users/marcandre/Desktop/Startup/TowardsBNN/binaryneuralnet-asic-TTIHP26/src/classification_tree.sv:342:24: Bits of signal are not used: 'emb'[63:56,54:51,49,47:40,37:32,30:7,5:0]
                                                                                                                                 : ... note: In instance 'tt_um_maw_mnistbnn.m.u_tree'
  342 |     input logic [63:0] emb;
      |                        ^~~
%Warning-UNUSEDSIGNAL: /Users/marcandre/Desktop/Startup/TowardsBNN/binaryneuralnet-asic-TTIHP26/src/classification_tree.sv:377:24: Bits of signal are not used: 'emb'[63:59,57:46,44:28,26:24,22:14,12:2,0]
                                                                                                                                 : ... note: In instance 'tt_um_maw_mnistbnn.m.u_tree'
  377 |     input logic [63:0] emb;
      |                        ^~~
%Warning-UNUSEDSIGNAL: /Users/marcandre/Desktop/Startup/TowardsBNN/binaryneuralnet-asic-TTIHP26/src/classification_tree.sv:412:24: Bits of signal are not used: 'emb'[63:42,40,37:34,32:21,19:0]
                                                                                                                                 : ... note: In instance 'tt_um_maw_mnistbnn.m.u_tree'
  412 |     input logic [63:0] emb;
      |                        ^~~
%Warning-UNUSEDSIGNAL: /Users/marcandre/Desktop/Startup/TowardsBNN/binaryneuralnet-asic-TTIHP26/src/classification_tree.sv:443:24: Bits of signal are not used: 'emb'[63:51,49:42,40:39,37:22,20,18:15,13:1]
                                                                                                                                 : ... note: In instance 'tt_um_maw_mnistbnn.m.u_tree'
  443 |     input logic [63:0] emb;
      |                        ^~~
%Warning-UNUSEDSIGNAL: /Users/marcandre/Desktop/Startup/TowardsBNN/binaryneuralnet-asic-TTIHP26/src/classification_tree.sv:478:24: Bits of signal are not used: 'emb'[63:51,49:45,43:40,38,36,34:16,14:7,5:0]
                                                                                                                                 : ... note: In instance 'tt_um_maw_mnistbnn.m.u_tree'
  478 |     input logic [63:0] emb;
      |                        ^~~
%Warning-UNUSEDSIGNAL: /Users/marcandre/Desktop/Startup/TowardsBNN/binaryneuralnet-asic-TTIHP26/src/classification_tree.sv:513:24: Bits of signal are not used: 'emb'[63:51,49:36,34:28,26:20,18:17,15:3,1:0]
                                                                                                                                 : ... note: In instance 'tt_um_maw_mnistbnn.m.u_tree'
  513 |     input logic [63:0] emb;
      |                        ^~~
%Warning-UNUSEDSIGNAL: /Users/marcandre/Desktop/Startup/TowardsBNN/binaryneuralnet-asic-TTIHP26/src/classification_tree.sv:548:24: Bits of signal are not used: 'emb'[63,61:36,34:29,27,25:18,16:9,7:0]
                                                                                                                                 : ... note: In instance 'tt_um_maw_mnistbnn.m.u_tree'
  548 |     input logic [63:0] emb;
      |                        ^~~
%Warning-UNUSEDSIGNAL: /Users/marcandre/Desktop/Startup/TowardsBNN/binaryneuralnet-asic-TTIHP26/src/classification_tree.sv:583:24: Bits of signal are not used: 'emb'[63:60,58:41,39:34,32:31,29:18,15:11,9:0]
                                                                                                                                 : ... note: In instance 'tt_um_maw_mnistbnn.m.u_tree'
  583 |     input logic [63:0] emb;
      |                        ^~~
%Warning-UNUSEDSIGNAL: /Users/marcandre/Desktop/Startup/TowardsBNN/binaryneuralnet-asic-TTIHP26/src/classification_tree.sv:618:24: Bits of signal are not used: 'emb'[62:40,38:36,34,32:19,16:2,0]
                                                                                                                                 : ... note: In instance 'tt_um_maw_mnistbnn.m.u_tree'
  618 |     input logic [63:0] emb;
      |                        ^~~
%Warning-UNUSEDSIGNAL: /Users/marcandre/Desktop/Startup/TowardsBNN/binaryneuralnet-asic-TTIHP26/src/classification_tree.sv:653:24: Bits of signal are not used: 'emb'[63,61:58,56:54,52:46,44:36,34:22,20:3,1:0]
                                                                                                                                 : ... note: In instance 'tt_um_maw_mnistbnn.m.u_tree'
  653 |     input logic [63:0] emb;
      |                        ^~~
%Warning-UNUSEDSIGNAL: /Users/marcandre/Desktop/Startup/TowardsBNN/binaryneuralnet-asic-TTIHP26/src/classification_tree.sv:688:24: Bits of signal are not used: 'emb'[63:57,55:49,47:40,38:34,31:23,21:6,4:0]
                                                                                                                                 : ... note: In instance 'tt_um_maw_mnistbnn.m.u_tree'
  688 |     input logic [63:0] emb;
      |                        ^~~
%Warning-UNUSEDSIGNAL: /Users/marcandre/Desktop/Startup/TowardsBNN/binaryneuralnet-asic-TTIHP26/src/classification_tree.sv:723:24: Bits of signal are not used: 'emb'[63:60,57:28,26:19,17,15:11,9:4,2:0]
                                                                                                                                 : ... note: In instance 'tt_um_maw_mnistbnn.m.u_tree'
  723 |     input logic [63:0] emb;
      |                        ^~~
%Warning-UNUSEDSIGNAL: /Users/marcandre/Desktop/Startup/TowardsBNN/binaryneuralnet-asic-TTIHP26/src/classification_tree.sv:758:24: Bits of signal are not used: 'emb'[63:50,48:42,40:39,36:27,25:16,14:0]
                                                                                                                                 : ... note: In instance 'tt_um_maw_mnistbnn.m.u_tree'
  758 |     input logic [63:0] emb;
      |                        ^~~
%Warning-UNUSEDSIGNAL: /Users/marcandre/Desktop/Startup/TowardsBNN/binaryneuralnet-asic-TTIHP26/src/classification_tree.sv:793:24: Bits of signal are not used: 'emb'[63:45,43:39,37,35:30,28:22,20,18:7,5:0]
                                                                                                                                 : ... note: In instance 'tt_um_maw_mnistbnn.m.u_tree'
  793 |     input logic [63:0] emb;
      |                        ^~~
%Warning-UNUSEDSIGNAL: /Users/marcandre/Desktop/Startup/TowardsBNN/binaryneuralnet-asic-TTIHP26/src/classification_tree.sv:828:24: Bits of signal are not used: 'emb'[63:51,49:47,45,41:36,34:31,29:0]
                                                                                                                                 : ... note: In instance 'tt_um_maw_mnistbnn.m.u_tree'
  828 |     input logic [63:0] emb;
      |                        ^~~
%Warning-UNUSEDSIGNAL: /Users/marcandre/Desktop/Startup/TowardsBNN/binaryneuralnet-asic-TTIHP26/src/classification_tree.sv:863:24: Bits of signal are not used: 'emb'[63:51,49,47:44,42:40,38:36,34:16,14:9,7:0]
                                                                                                                                 : ... note: In instance 'tt_um_maw_mnistbnn.m.u_tree'
  863 |     input logic [63:0] emb;
      |                        ^~~
%Warning-UNUSEDSIGNAL: /Users/marcandre/Desktop/Startup/TowardsBNN/binaryneuralnet-asic-TTIHP26/src/classification_tree.sv:898:24: Bits of signal are not used: 'emb'[63:61,59:36,34:19,17:9,7:5,3,1:0]
                                                                                                                                 : ... note: In instance 'tt_um_maw_mnistbnn.m.u_tree'
  898 |     input logic [63:0] emb;
      |                        ^~~
%Warning-UNUSEDSIGNAL: /Users/marcandre/Desktop/Startup/TowardsBNN/binaryneuralnet-asic-TTIHP26/src/classification_tree.sv:933:24: Bits of signal are not used: 'emb'[63:56,54:38,35:31,29:22,20,18:0]
                                                                                                                                 : ... note: In instance 'tt_um_maw_mnistbnn.m.u_tree'
  933 |     input logic [63:0] emb;
      |                        ^~~
%Warning-UNUSEDSIGNAL: /Users/marcandre/Desktop/Startup/TowardsBNN/binaryneuralnet-asic-TTIHP26/src/classification_tree.sv:968:24: Bits of signal are not used: 'emb'[63:57,55,53,51:40,38:30,28:19,17:9,7:0]
                                                                                                                                 : ... note: In instance 'tt_um_maw_mnistbnn.m.u_tree'
  968 |     input logic [63:0] emb;
      |                        ^~~
%Warning-UNUSEDSIGNAL: /Users/marcandre/Desktop/Startup/TowardsBNN/binaryneuralnet-asic-TTIHP26/src/classification_tree.sv:1003:24: Bits of signal are not used: 'emb'[63,61:58,56:53,51:46,44:38,36:25,23:10,8:0]
                                                                                                                                  : ... note: In instance 'tt_um_maw_mnistbnn.m.u_tree'
 1003 |     input logic [63:0] emb;
      |                        ^~~
%Warning-UNUSEDSIGNAL: /Users/marcandre/Desktop/Startup/TowardsBNN/binaryneuralnet-asic-TTIHP26/src/classification_tree.sv:1038:24: Bits of signal are not used: 'emb'[63:62,60:50,47,45:34,32:18,16:0]
                                                                                                                                  : ... note: In instance 'tt_um_maw_mnistbnn.m.u_tree'
 1038 |     input logic [63:0] emb;
      |                        ^~~
%Warning-UNUSEDSIGNAL: /Users/marcandre/Desktop/Startup/TowardsBNN/binaryneuralnet-asic-TTIHP26/src/classification_tree.sv:1073:24: Bits of signal are not used: 'emb'[63,61:59,57:55,53:24,22:17,14:10,8:0]
                                                                                                                                  : ... note: In instance 'tt_um_maw_mnistbnn.m.u_tree'
 1073 |     input logic [63:0] emb;
      |                        ^~~
%Warning-UNUSEDSIGNAL: /Users/marcandre/Desktop/Startup/TowardsBNN/binaryneuralnet-asic-TTIHP26/src/classification_tree.sv:1108:24: Bits of signal are not used: 'emb'[63:58,56:43,40,38:21,19:17,15:9,7:0]
                                                                                                                                  : ... note: In instance 'tt_um_maw_mnistbnn.m.u_tree'
 1108 |     input logic [63:0] emb;
      |                        ^~~
%Warning-UNUSEDSIGNAL: /Users/marcandre/Desktop/Startup/TowardsBNN/binaryneuralnet-asic-TTIHP26/src/classification_tree.sv:1143:24: Bits of signal are not used: 'emb'[63:58,56:33,31,29:22,20,18:14,12:1]
                                                                                                                                  : ... note: In instance 'tt_um_maw_mnistbnn.m.u_tree'
 1143 |     input logic [63:0] emb;
      |                        ^~~
%Warning-UNUSEDSIGNAL: /Users/marcandre/Desktop/Startup/TowardsBNN/binaryneuralnet-asic-TTIHP26/src/classification_tree.sv:1178:24: Bits of signal are not used: 'emb'[63:60,58:53,51:28,26:25,23:21,19:14,12:0]
                                                                                                                                  : ... note: In instance 'tt_um_maw_mnistbnn.m.u_tree'
 1178 |     input logic [63:0] emb;
      |                        ^~~
%Warning-UNUSEDSIGNAL: /Users/marcandre/Desktop/Startup/TowardsBNN/binaryneuralnet-asic-TTIHP26/src/classification_tree.sv:1213:24: Bits of signal are not used: 'emb'[63:56,54:51,49:47,45:36,34,32:4,2:0]
                                                                                                                                  : ... note: In instance 'tt_um_maw_mnistbnn.m.u_tree'
 1213 |     input logic [63:0] emb;
      |                        ^~~
%Warning-UNUSEDSIGNAL: /Users/marcandre/Desktop/Startup/TowardsBNN/binaryneuralnet-asic-TTIHP26/src/classification_tree.sv:1248:24: Bits of signal are not used: 'emb'[63:55,53,51:41,39:31,29,27,25:1]
                                                                                                                                  : ... note: In instance 'tt_um_maw_mnistbnn.m.u_tree'
 1248 |     input logic [63:0] emb;
      |                        ^~~
%Warning-UNUSEDSIGNAL: /Users/marcandre/Desktop/Startup/TowardsBNN/binaryneuralnet-asic-TTIHP26/src/classification_tree.sv:1283:24: Bits of signal are not used: 'emb'[63:51,49:48,46:38,34:18,16:11,9:0]
                                                                                                                                  : ... note: In instance 'tt_um_maw_mnistbnn.m.u_tree'
 1283 |     input logic [63:0] emb;
      |                        ^~~
%Warning-UNUSEDSIGNAL: /Users/marcandre/Desktop/Startup/TowardsBNN/binaryneuralnet-asic-TTIHP26/src/classification_tree.sv:1318:24: Bits of signal are not used: 'emb'[63:57,55:51,49:40,38:34,32:22,20:18,16:9,7:0]
                                                                                                                                  : ... note: In instance 'tt_um_maw_mnistbnn.m.u_tree'
 1318 |     input logic [63:0] emb;
      |                        ^~~
%Warning-UNUSEDSIGNAL: /Users/marcandre/Desktop/Startup/TowardsBNN/binaryneuralnet-asic-TTIHP26/src/classification_tree.sv:1353:24: Bits of signal are not used: 'emb'[63:41,39:36,34:32,30:28,26:24,22:12,10:3,1:0]
                                                                                                                                  : ... note: In instance 'tt_um_maw_mnistbnn.m.u_tree'
 1353 |     input logic [63:0] emb;
      |                        ^~~
%Warning-UNUSEDSIGNAL: /Users/marcandre/Desktop/Startup/TowardsBNN/binaryneuralnet-asic-TTIHP26/src/classification_tree.sv:1388:24: Bits of signal are not used: 'emb'[63:59,57:49,45:32,30:18,16:6,4:0]
                                                                                                                                  : ... note: In instance 'tt_um_maw_mnistbnn.m.u_tree'
 1388 |     input logic [63:0] emb;
      |                        ^~~
%Warning-UNUSEDSIGNAL: /Users/marcandre/Desktop/Startup/TowardsBNN/binaryneuralnet-asic-TTIHP26/src/classification_tree.sv:1423:24: Bits of signal are not used: 'emb'[63:61,58:46,44,42:34,32:22,20:16,14:0]
                                                                                                                                  : ... note: In instance 'tt_um_maw_mnistbnn.m.u_tree'
 1423 |     input logic [63:0] emb;
      |                        ^~~
%Warning-UNUSEDSIGNAL: /Users/marcandre/Desktop/Startup/TowardsBNN/binaryneuralnet-asic-TTIHP26/src/classification_tree.sv:1458:24: Bits of signal are not used: 'emb'[63,61:43,41:34,32:31,29:25,23:17,15:0]
                                                                                                                                  : ... note: In instance 'tt_um_maw_mnistbnn.m.u_tree'
 1458 |     input logic [63:0] emb;
      |                        ^~~
%Warning-UNUSEDSIGNAL: /Users/marcandre/Desktop/Startup/TowardsBNN/binaryneuralnet-asic-TTIHP26/src/classification_tree.sv:1493:24: Bits of signal are not used: 'emb'[63:53,51:49,47:43,40:31,29:23,21:1]
                                                                                                                                  : ... note: In instance 'tt_um_maw_mnistbnn.m.u_tree'
 1493 |     input logic [63:0] emb;
      |                        ^~~
%Warning-UNUSEDSIGNAL: /Users/marcandre/Desktop/Startup/TowardsBNN/binaryneuralnet-asic-TTIHP26/src/classification_tree.sv:1528:24: Bits of signal are not used: 'emb'[62:50,48:46,44:26,23:19,17:0]
                                                                                                                                  : ... note: In instance 'tt_um_maw_mnistbnn.m.u_tree'
 1528 |     input logic [63:0] emb;
      |                        ^~~
%Warning-UNUSEDSIGNAL: /Users/marcandre/Desktop/Startup/TowardsBNN/binaryneuralnet-asic-TTIHP26/src/classification_tree.sv:1563:24: Bits of signal are not used: 'emb'[63,61:58,56:49,47:34,32:26,23:18,16:0]
                                                                                                                                  : ... note: In instance 'tt_um_maw_mnistbnn.m.u_tree'
 1563 |     input logic [63:0] emb;
      |                        ^~~
%Warning-UNUSEDSIGNAL: /Users/marcandre/Desktop/Startup/TowardsBNN/binaryneuralnet-asic-TTIHP26/src/classification_tree.sv:1598:24: Bits of signal are not used: 'emb'[63,61,59:44,42:28,26:25,23,21:3,1:0]
                                                                                                                                  : ... note: In instance 'tt_um_maw_mnistbnn.m.u_tree'
 1598 |     input logic [63:0] emb;
      |                        ^~~
%Warning-UNUSEDSIGNAL: /Users/marcandre/Desktop/Startup/TowardsBNN/binaryneuralnet-asic-TTIHP26/src/classification_tree.sv:1633:24: Bits of signal are not used: 'emb'[63:51,49:41,39:38,35:31,28:27,25:0]
                                                                                                                                  : ... note: In instance 'tt_um_maw_mnistbnn.m.u_tree'
 1633 |     input logic [63:0] emb;
      |                        ^~~
%Warning-UNUSEDSIGNAL: /Users/marcandre/Desktop/Startup/TowardsBNN/binaryneuralnet-asic-TTIHP26/src/classification_tree.sv:1668:24: Bits of signal are not used: 'emb'[63:48,46:36,34,32:30,28:19,17:11,9,7:0]
                                                                                                                                  : ... note: In instance 'tt_um_maw_mnistbnn.m.u_tree'
 1668 |     input logic [63:0] emb;
      |                        ^~~
%Warning-UNUSEDSIGNAL: /Users/marcandre/Desktop/Startup/TowardsBNN/binaryneuralnet-asic-TTIHP26/src/classification_tree.sv:1703:24: Bits of signal are not used: 'emb'[63:53,50:39,37:25,23:14,12:11,9:1]
                                                                                                                                  : ... note: In instance 'tt_um_maw_mnistbnn.m.u_tree'
 1703 |     input logic [63:0] emb;
      |                        ^~~
%Warning-UNUSEDSIGNAL: /Users/marcandre/Desktop/Startup/TowardsBNN/binaryneuralnet-asic-TTIHP26/src/classification_tree.sv:1738:24: Bits of signal are not used: 'emb'[63:58,56:49,47:40,38:23,21:20,18,16:6,4:0]
                                                                                                                                  : ... note: In instance 'tt_um_maw_mnistbnn.m.u_tree'
 1738 |     input logic [63:0] emb;
      |                        ^~~
%Warning-UNUSEDSIGNAL: /Users/marcandre/Desktop/Startup/TowardsBNN/binaryneuralnet-asic-TTIHP26/src/classification_tree.sv:1773:24: Bits of signal are not used: 'emb'[63:62,60:56,54:44,41:37,35:6,4,2:0]
                                                                                                                                  : ... note: In instance 'tt_um_maw_mnistbnn.m.u_tree'
 1773 |     input logic [63:0] emb;
      |                        ^~~
%Warning-UNUSEDSIGNAL: /Users/marcandre/Desktop/Startup/TowardsBNN/binaryneuralnet-asic-TTIHP26/src/classification_tree.sv:1808:24: Bits of signal are not used: 'emb'[61:58,56:46,44,42:40,38:21,19:0]
                                                                                                                                  : ... note: In instance 'tt_um_maw_mnistbnn.m.u_tree'
 1808 |     input logic [63:0] emb;
      |                        ^~~
%Warning-UNUSEDSIGNAL: /Users/marcandre/Desktop/Startup/TowardsBNN/binaryneuralnet-asic-TTIHP26/src/classification_tree.sv:1843:24: Bits of signal are not used: 'emb'[63:56,54:51,49:44,42:37,35:25,23:22,20:9,7:0]
                                                                                                                                  : ... note: In instance 'tt_um_maw_mnistbnn.m.u_tree'
 1843 |     input logic [63:0] emb;
      |                        ^~~
%Warning-UNUSEDSIGNAL: /Users/marcandre/Desktop/Startup/TowardsBNN/binaryneuralnet-asic-TTIHP26/src/classification_tree.sv:1878:24: Bits of signal are not used: 'emb'[63:47,45:43,40:38,36:23,21,19:0]
                                                                                                                                  : ... note: In instance 'tt_um_maw_mnistbnn.m.u_tree'
 1878 |     input logic [63:0] emb;
      |                        ^~~
%Warning-UNUSEDSIGNAL: /Users/marcandre/Desktop/Startup/TowardsBNN/binaryneuralnet-asic-TTIHP26/src/classification_tree.sv:1913:24: Bits of signal are not used: 'emb'[63:54,52,50:45,42:40,38:36,34:4,2:0]
                                                                                                                                  : ... note: In instance 'tt_um_maw_mnistbnn.m.u_tree'
 1913 |     input logic [63:0] emb;
      |                        ^~~
%Warning-UNUSEDSIGNAL: /Users/marcandre/Desktop/Startup/TowardsBNN/binaryneuralnet-asic-TTIHP26/src/classification_tree.sv:1948:24: Bits of signal are not used: 'emb'[63,61:59,57:55,53:36,34:26,24:10,8:6,4:0]
                                                                                                                                  : ... note: In instance 'tt_um_maw_mnistbnn.m.u_tree'
 1948 |     input logic [63:0] emb;
      |                        ^~~
%Warning-UNUSEDSIGNAL: /Users/marcandre/Desktop/Startup/TowardsBNN/binaryneuralnet-asic-TTIHP26/src/classification_tree.sv:1983:24: Bits of signal are not used: 'emb'[62:58,56:53,51:48,46:36,34:26,24:21,19:0]
                                                                                                                                  : ... note: In instance 'tt_um_maw_mnistbnn.m.u_tree'
 1983 |     input logic [63:0] emb;
      |                        ^~~
%Warning-UNUSEDSIGNAL: /Users/marcandre/Desktop/Startup/TowardsBNN/binaryneuralnet-asic-TTIHP26/src/classification_tree.sv:2018:24: Bits of signal are not used: 'emb'[63:51,49:46,44:34,32:31,29:25,23:22,20:18,16:0]
                                                                                                                                  : ... note: In instance 'tt_um_maw_mnistbnn.m.u_tree'
 2018 |     input logic [63:0] emb;
      |                        ^~~
%Warning-UNUSEDSIGNAL: /Users/marcandre/Desktop/Startup/TowardsBNN/binaryneuralnet-asic-TTIHP26/src/classification_tree.sv:2053:24: Bits of signal are not used: 'emb'[63:62,60:53,51,49:45,43:29,27:20,17:0]
                                                                                                                                  : ... note: In instance 'tt_um_maw_mnistbnn.m.u_tree'
 2053 |     input logic [63:0] emb;
      |                        ^~~
%Warning-UNUSEDSIGNAL: /Users/marcandre/Desktop/Startup/TowardsBNN/binaryneuralnet-asic-TTIHP26/src/classification_tree.sv:2088:24: Bits of signal are not used: 'emb'[63:61,59:54,51:48,46:40,38:36,34:26,24:0]
                                                                                                                                  : ... note: In instance 'tt_um_maw_mnistbnn.m.u_tree'
 2088 |     input logic [63:0] emb;
      |                        ^~~
%Warning-UNUSEDSIGNAL: /Users/marcandre/Desktop/Startup/TowardsBNN/binaryneuralnet-asic-TTIHP26/src/classification_tree.sv:2123:24: Bits of signal are not used: 'emb'[63:59,57:46,44,42:34,32:27,25:22,20:12,10:0]
                                                                                                                                  : ... note: In instance 'tt_um_maw_mnistbnn.m.u_tree'
 2123 |     input logic [63:0] emb;
      |                        ^~~
%Warning-UNUSEDSIGNAL: /Users/marcandre/Desktop/Startup/TowardsBNN/binaryneuralnet-asic-TTIHP26/src/classification_tree.sv:2158:24: Bits of signal are not used: 'emb'[63:59,57:51,49:36,34:29,27,25:20,18:1]
                                                                                                                                  : ... note: In instance 'tt_um_maw_mnistbnn.m.u_tree'
 2158 |     input logic [63:0] emb;
      |                        ^~~
%Warning-UNUSEDSIGNAL: /Users/marcandre/Desktop/Startup/TowardsBNN/binaryneuralnet-asic-TTIHP26/src/classification_tree.sv:2193:24: Bits of signal are not used: 'emb'[63:53,51,49:23,21:17,13:2,0]
                                                                                                                                  : ... note: In instance 'tt_um_maw_mnistbnn.m.u_tree'
 2193 |     input logic [63:0] emb;
      |                        ^~~
%Warning-UNUSEDSIGNAL: /Users/marcandre/Desktop/Startup/TowardsBNN/binaryneuralnet-asic-TTIHP26/src/classification_tree.sv:2228:24: Bits of signal are not used: 'emb'[62:40,38:37,35:17,15:14,12:6,4,2:0]
                                                                                                                                  : ... note: In instance 'tt_um_maw_mnistbnn.m.u_tree'
 2228 |     input logic [63:0] emb;
      |                        ^~~
%Warning-UNUSEDSIGNAL: /Users/marcandre/Desktop/Startup/TowardsBNN/binaryneuralnet-asic-TTIHP26/src/classification_tree.sv:2263:24: Bits of signal are not used: 'emb'[63:55,53:43,41:36,34:21,19:16,14:10,8:0]
                                                                                                                                  : ... note: In instance 'tt_um_maw_mnistbnn.m.u_tree'
 2263 |     input logic [63:0] emb;
      |                        ^~~
%Warning-UNUSEDSIGNAL: /Users/marcandre/Desktop/Startup/TowardsBNN/binaryneuralnet-asic-TTIHP26/src/classification_tree.sv:2298:24: Bits of signal are not used: 'emb'[63:60,58:54,52:42,40,38:28,25:1]
                                                                                                                                  : ... note: In instance 'tt_um_maw_mnistbnn.m.u_tree'
 2298 |     input logic [63:0] emb;
      |                        ^~~
%Warning-UNUSEDSIGNAL: /Users/marcandre/Desktop/Startup/TowardsBNN/binaryneuralnet-asic-TTIHP26/src/classification_tree.sv:2333:24: Bits of signal are not used: 'emb'[62:60,58:56,54:46,44:36,34:26,24:22,20:0]
                                                                                                                                  : ... note: In instance 'tt_um_maw_mnistbnn.m.u_tree'
 2333 |     input logic [63:0] emb;
      |                        ^~~
%Warning-UNUSEDSIGNAL: /Users/marcandre/Desktop/Startup/TowardsBNN/binaryneuralnet-asic-TTIHP26/src/classification_tree.sv:2368:24: Bits of signal are not used: 'emb'[62,60:48,46,44:36,34:26,24:12,10:0]
                                                                                                                                  : ... note: In instance 'tt_um_maw_mnistbnn.m.u_tree'
 2368 |     input logic [63:0] emb;
      |                        ^~~
%Warning-UNUSEDSIGNAL: /Users/marcandre/Desktop/Startup/TowardsBNN/binaryneuralnet-asic-TTIHP26/src/classification_tree.sv:2403:24: Bits of signal are not used: 'emb'[63,61:60,58:54,52:45,43:25,23:17,15:3,1:0]
                                                                                                                                  : ... note: In instance 'tt_um_maw_mnistbnn.m.u_tree'
 2403 |     input logic [63:0] emb;
      |                        ^~~
%Warning-UNUSEDSIGNAL: /Users/marcandre/Desktop/Startup/TowardsBNN/binaryneuralnet-asic-TTIHP26/src/classification_tree.sv:2438:24: Bits of signal are not used: 'emb'[63:58,56:45,42:36,34:30,28:26,24:23,21:0]
                                                                                                                                  : ... note: In instance 'tt_um_maw_mnistbnn.m.u_tree'
 2438 |     input logic [63:0] emb;
      |                        ^~~
%Warning-UNUSEDSIGNAL: /Users/marcandre/Desktop/Startup/TowardsBNN/binaryneuralnet-asic-TTIHP26/src/classification_tree.sv:2473:24: Bits of signal are not used: 'emb'[63,61:53,51:39,37:21,19:16,14:12,10,8:0]
                                                                                                                                  : ... note: In instance 'tt_um_maw_mnistbnn.m.u_tree'
 2473 |     input logic [63:0] emb;
      |                        ^~~
%Warning-UNUSEDSIGNAL: /Users/marcandre/Desktop/Startup/TowardsBNN/binaryneuralnet-asic-TTIHP26/src/classification_tree.sv:2508:24: Bits of signal are not used: 'emb'[63:57,55:47,45:33,31:29,27:11,9:5,3:2,0]
                                                                                                                                  : ... note: In instance 'tt_um_maw_mnistbnn.m.u_tree'
 2508 |     input logic [63:0] emb;
      |                        ^~~
%Warning-UNUSEDSIGNAL: /Users/marcandre/Desktop/Startup/TowardsBNN/binaryneuralnet-asic-TTIHP26/src/classification_tree.sv:2543:24: Bits of signal are not used: 'emb'[63:57,55:49,47:46,44:33,31:6,4,2,0]
                                                                                                                                  : ... note: In instance 'tt_um_maw_mnistbnn.m.u_tree'
 2543 |     input logic [63:0] emb;
      |                        ^~~
%Warning-UNUSEDSIGNAL: /Users/marcandre/Desktop/Startup/TowardsBNN/binaryneuralnet-asic-TTIHP26/src/classification_tree.sv:2578:24: Bits of signal are not used: 'emb'[63:50,48:45,43:36,34:31,29:14,12:5,3:0]
                                                                                                                                  : ... note: In instance 'tt_um_maw_mnistbnn.m.u_tree'
 2578 |     input logic [63:0] emb;
      |                        ^~~
%Warning-UNUSEDSIGNAL: /Users/marcandre/Desktop/Startup/TowardsBNN/binaryneuralnet-asic-TTIHP26/src/classification_tree.sv:2613:24: Bits of signal are not used: 'emb'[63:62,60:59,57:56,54:47,45:32,30,28:10,8:0]
                                                                                                                                  : ... note: In instance 'tt_um_maw_mnistbnn.m.u_tree'
 2613 |     input logic [63:0] emb;
      |                        ^~~
%Warning-UNUSEDSIGNAL: /Users/marcandre/Desktop/Startup/TowardsBNN/binaryneuralnet-asic-TTIHP26/src/classification_tree.sv:2648:24: Bits of signal are not used: 'emb'[63:60,58:55,53:38,36:29,27:21,19,17:2,0]
                                                                                                                                  : ... note: In instance 'tt_um_maw_mnistbnn.m.u_tree'
 2648 |     input logic [63:0] emb;
      |                        ^~~
%Warning-UNUSEDSIGNAL: /Users/marcandre/Desktop/Startup/TowardsBNN/binaryneuralnet-asic-TTIHP26/src/classification_tree.sv:2683:24: Bits of signal are not used: 'emb'[63:59,57:56,53:51,49:48,46:41,39:26,24:0]
                                                                                                                                  : ... note: In instance 'tt_um_maw_mnistbnn.m.u_tree'
 2683 |     input logic [63:0] emb;
      |                        ^~~
%Warning-UNUSEDSIGNAL: /Users/marcandre/Desktop/Startup/TowardsBNN/binaryneuralnet-asic-TTIHP26/src/classification_tree.sv:2718:24: Bits of signal are not used: 'emb'[63:55,53:48,46:41,38:25,23:20,18:12,10:0]
                                                                                                                                  : ... note: In instance 'tt_um_maw_mnistbnn.m.u_tree'
 2718 |     input logic [63:0] emb;
      |                        ^~~
%Warning-UNUSEDSIGNAL: /Users/marcandre/Desktop/Startup/TowardsBNN/binaryneuralnet-asic-TTIHP26/src/classification_tree.sv:2753:24: Bits of signal are not used: 'emb'[63:57,55:51,49:38,36:29,27:21,19:16,14:1]
                                                                                                                                  : ... note: In instance 'tt_um_maw_mnistbnn.m.u_tree'
 2753 |     input logic [63:0] emb;
      |                        ^~~
%Warning-UNUSEDSIGNAL: /Users/marcandre/Desktop/Startup/TowardsBNN/binaryneuralnet-asic-TTIHP26/src/classification_tree.sv:2788:24: Bits of signal are not used: 'emb'[63:53,51,49:38,36:23,21:18,16:9,7:5,3:0]
                                                                                                                                  : ... note: In instance 'tt_um_maw_mnistbnn.m.u_tree'
 2788 |     input logic [63:0] emb;
      |                        ^~~
%Warning-UNUSEDSIGNAL: /Users/marcandre/Desktop/Startup/TowardsBNN/binaryneuralnet-asic-TTIHP26/src/classification_tree.sv:2823:24: Bits of signal are not used: 'emb'[63:60,58,56,53:45,43:24,22:17,15:0]
                                                                                                                                  : ... note: In instance 'tt_um_maw_mnistbnn.m.u_tree'
 2823 |     input logic [63:0] emb;
      |                        ^~~
%Warning-UNUSEDSIGNAL: /Users/marcandre/Desktop/Startup/TowardsBNN/binaryneuralnet-asic-TTIHP26/src/classification_tree.sv:2858:24: Bits of signal are not used: 'emb'[63:60,58:51,49:42,40:33,31,29:28,26:25,23:0]
                                                                                                                                  : ... note: In instance 'tt_um_maw_mnistbnn.m.u_tree'
 2858 |     input logic [63:0] emb;
      |                        ^~~
%Warning-UNUSEDSIGNAL: /Users/marcandre/Desktop/Startup/TowardsBNN/binaryneuralnet-asic-TTIHP26/src/classification_tree.sv:2893:24: Bits of signal are not used: 'emb'[63:61,59:42,40:31,29:23,21:11,8:4,2:0]
                                                                                                                                  : ... note: In instance 'tt_um_maw_mnistbnn.m.u_tree'
 2893 |     input logic [63:0] emb;
      |                        ^~~
%Warning-UNUSEDSIGNAL: /Users/marcandre/Desktop/Startup/TowardsBNN/binaryneuralnet-asic-TTIHP26/src/classification_tree.sv:2928:24: Bits of signal are not used: 'emb'[63:55,52:43,41:27,25:24,22:19,17:2,0]
                                                                                                                                  : ... note: In instance 'tt_um_maw_mnistbnn.m.u_tree'
 2928 |     input logic [63:0] emb;
      |                        ^~~
%Warning-UNUSEDSIGNAL: /Users/marcandre/Desktop/Startup/TowardsBNN/binaryneuralnet-asic-TTIHP26/src/classification_tree.sv:2963:24: Bits of signal are not used: 'emb'[63:51,49:48,46:28,26:17,15:10,8:4,1:0]
                                                                                                                                  : ... note: In instance 'tt_um_maw_mnistbnn.m.u_tree'
 2963 |     input logic [63:0] emb;
      |                        ^~~
%Warning-UNUSEDSIGNAL: /Users/marcandre/Desktop/Startup/TowardsBNN/binaryneuralnet-asic-TTIHP26/src/classification_tree.sv:2998:24: Bits of signal are not used: 'emb'[63,61,59:53,51:37,35:18,16:5,3:0]
                                                                                                                                  : ... note: In instance 'tt_um_maw_mnistbnn.m.u_tree'
 2998 |     input logic [63:0] emb;
      |                        ^~~
%Warning-UNUSEDSIGNAL: /Users/marcandre/Desktop/Startup/TowardsBNN/binaryneuralnet-asic-TTIHP26/src/classification_tree.sv:3033:24: Bits of signal are not used: 'emb'[62,60:59,56:20,18:9,7:4,2:0]
                                                                                                                                  : ... note: In instance 'tt_um_maw_mnistbnn.m.u_tree'
 3033 |     input logic [63:0] emb;
      |                        ^~~
%Warning-UNUSEDSIGNAL: /Users/marcandre/Desktop/Startup/TowardsBNN/binaryneuralnet-asic-TTIHP26/src/classification_tree.sv:3068:24: Bits of signal are not used: 'emb'[63:57,55,53:48,46:32,30:29,27:20,18,16:0]
                                                                                                                                  : ... note: In instance 'tt_um_maw_mnistbnn.m.u_tree'
 3068 |     input logic [63:0] emb;
      |                        ^~~
%Warning-UNUSEDSIGNAL: /Users/marcandre/Desktop/Startup/TowardsBNN/binaryneuralnet-asic-TTIHP26/src/classification_tree.sv:3103:24: Bits of signal are not used: 'emb'[63:59,57:45,43:31,29:18,16:14,12:11,9:1]
                                                                                                                                  : ... note: In instance 'tt_um_maw_mnistbnn.m.u_tree'
 3103 |     input logic [63:0] emb;
      |                        ^~~
%Warning-UNUSEDSIGNAL: /Users/marcandre/Desktop/Startup/TowardsBNN/binaryneuralnet-asic-TTIHP26/src/classification_tree.sv:3138:24: Bits of signal are not used: 'emb'[63:60,58,56:51,49:37,35:31,29:23,21:10,8:0]
                                                                                                                                  : ... note: In instance 'tt_um_maw_mnistbnn.m.u_tree'
 3138 |     input logic [63:0] emb;
      |                        ^~~
%Warning-UNUSEDSIGNAL: /Users/marcandre/Desktop/Startup/TowardsBNN/binaryneuralnet-asic-TTIHP26/src/classification_tree.sv:3173:24: Bits of signal are not used: 'emb'[63:59,57:43,41,39:38,36:17,14:4,2:0]
                                                                                                                                  : ... note: In instance 'tt_um_maw_mnistbnn.m.u_tree'
 3173 |     input logic [63:0] emb;
      |                        ^~~
%Warning-UNUSEDSIGNAL: /Users/marcandre/Desktop/Startup/TowardsBNN/binaryneuralnet-asic-TTIHP26/src/classification_tree.sv:3208:24: Bits of signal are not used: 'emb'[61:57,55:54,52:48,46,44:22,20:0]
                                                                                                                                  : ... note: In instance 'tt_um_maw_mnistbnn.m.u_tree'
 3208 |     input logic [63:0] emb;
      |                        ^~~
%Warning-UNUSEDSIGNAL: /Users/marcandre/Desktop/Startup/TowardsBNN/binaryneuralnet-asic-TTIHP26/src/classification_tree.sv:3243:24: Bits of signal are not used: 'emb'[63:55,53,51:38,36,34,32:31,29:24,22:0]
                                                                                                                                  : ... note: In instance 'tt_um_maw_mnistbnn.m.u_tree'
 3243 |     input logic [63:0] emb;
      |                        ^~~
%Warning-UNUSEDSIGNAL: /Users/marcandre/Desktop/Startup/TowardsBNN/binaryneuralnet-asic-TTIHP26/src/classification_tree.sv:3278:24: Bits of signal are not used: 'emb'[61:53,51:32,30:25,23:21,19:9,7:0]
                                                                                                                                  : ... note: In instance 'tt_um_maw_mnistbnn.m.u_tree'
 3278 |     input logic [63:0] emb;
      |                        ^~~
%Warning-UNUSEDSIGNAL: /Users/marcandre/Desktop/Startup/TowardsBNN/binaryneuralnet-asic-TTIHP26/src/classification_tree.sv:3313:24: Bits of signal are not used: 'emb'[63:50,48:37,35:30,28:25,23:21,19:9,7:0]
                                                                                                                                  : ... note: In instance 'tt_um_maw_mnistbnn.m.u_tree'
 3313 |     input logic [63:0] emb;
      |                        ^~~
%Warning-UNUSEDSIGNAL: /Users/marcandre/Desktop/Startup/TowardsBNN/binaryneuralnet-asic-TTIHP26/src/classification_tree.sv:3348:24: Bits of signal are not used: 'emb'[63,61:43,41:38,36:26,24,22:6,3:0]
                                                                                                                                  : ... note: In instance 'tt_um_maw_mnistbnn.m.u_tree'
 3348 |     input logic [63:0] emb;
      |                        ^~~
%Warning-UNUSEDSIGNAL: /Users/marcandre/Desktop/Startup/TowardsBNN/binaryneuralnet-asic-TTIHP26/src/classification_tree.sv:3383:24: Bits of signal are not used: 'emb'[63:60,58:55,53:48,46,44:37,35:31,29:26,24:0]
                                                                                                                                  : ... note: In instance 'tt_um_maw_mnistbnn.m.u_tree'
 3383 |     input logic [63:0] emb;
      |                        ^~~
%Warning-UNUSEDSIGNAL: /Users/marcandre/Desktop/Startup/TowardsBNN/binaryneuralnet-asic-TTIHP26/src/classification_tree.sv:3418:24: Bits of signal are not used: 'emb'[63:62,60:58,56:32,30,27:21,19:0]
                                                                                                                                  : ... note: In instance 'tt_um_maw_mnistbnn.m.u_tree'
 3418 |     input logic [63:0] emb;
      |                        ^~~
%Warning-UNUSEDSIGNAL: /Users/marcandre/Desktop/Startup/TowardsBNN/binaryneuralnet-asic-TTIHP26/src/classification_tree.sv:3453:24: Bits of signal are not used: 'emb'[62:56,54:53,51:24,22:20,17:0]
                                                                                                                                  : ... note: In instance 'tt_um_maw_mnistbnn.m.u_tree'
 3453 |     input logic [63:0] emb;
      |                        ^~~
%Warning-UNUSEDSIGNAL: /Users/marcandre/Desktop/Startup/TowardsBNN/binaryneuralnet-asic-TTIHP26/src/classification_tree.sv:3488:24: Bits of signal are not used: 'emb'[63:60,58:38,36:33,31:24,22:21,19:9,7:3,1:0]
                                                                                                                                  : ... note: In instance 'tt_um_maw_mnistbnn.m.u_tree'
 3488 |     input logic [63:0] emb;
      |                        ^~~
%Warning-UNUSEDSIGNAL: /Users/marcandre/Desktop/Startup/TowardsBNN/binaryneuralnet-asic-TTIHP26/src/load_conv_op_3x6.sv:77:18: Bits of signal are not used: 'shifted'[15:6]
                                                                                                                             : ... note: In instance 'tt_um_maw_mnistbnn.m.u_conv2.u_loader'
   77 |     logic [15:0] shifted;
      |                  ^~~~~~~
%Warning-UNUSEDSIGNAL: /Users/marcandre/Desktop/Startup/TowardsBNN/binaryneuralnet-asic-TTIHP26/src/conv_weights_3x3_l1.sv:33:15: Signal is not used: 'clk_i'
                                                                                                                                : ... note: In instance 'tt_um_maw_mnistbnn.m.u_conv1.u_weights'
   33 |   input logic clk_i,
      |               ^~~~~
%Warning-UNUSEDSIGNAL: /Users/marcandre/Desktop/Startup/TowardsBNN/binaryneuralnet-asic-TTIHP26/src/conv_weights_3x3_l1.sv:34:15: Signal is not used: 'rst_ni'
                                                                                                                                : ... note: In instance 'tt_um_maw_mnistbnn.m.u_conv1.u_weights'
   34 |   input logic rst_ni,
      |               ^~~~~~
%Warning-UNUSEDSIGNAL: /Users/marcandre/Desktop/Startup/TowardsBNN/binaryneuralnet-asic-TTIHP26/src/conv_weights_3x3_l2.sv:33:15: Signal is not used: 'clk_i'
                                                                                                                                : ... note: In instance 'tt_um_maw_mnistbnn.m.u_conv2.u_weights'
   33 |   input logic clk_i,
      |               ^~~~~
%Warning-UNUSEDSIGNAL: /Users/marcandre/Desktop/Startup/TowardsBNN/binaryneuralnet-asic-TTIHP26/src/conv_weights_3x3_l2.sv:34:15: Signal is not used: 'rst_ni'
                                                                                                                                : ... note: In instance 'tt_um_maw_mnistbnn.m.u_conv2.u_weights'
   34 |   input logic rst_ni,
      |               ^~~~~~
- V e r i l a t i o n   R e p o r t: Verilator 5.044 2026-01-01 rev v5.040
- Verilator: Built from 2.520 MB sources in 122 modules, into 4.110 MB in 6 C++ files needing 0.000 MB
- Verilator: Walltime 0.305 s (elab=0.038, cvt=0.202, bld=0.000); cpu 0.286 s on 1 threads; alloced 45.461 MB
