
===========================================================================
report_checks -unconstrained
===========================================================================
======================= nom_typ_1p20V_25C Corner ===================================

Startpoint: rst_n (input port clocked by clk)
Endpoint: m.u_conv2._3331_ (recovery check against rising-edge clock clk)
Path Group: asynchronous
Path Type: max

Fanout         Cap        Slew       Delay        Time   Description
---------------------------------------------------------------------------------------------
                                  0.000000    0.000000   clock clk (rise edge)
                                  0.000000    0.000000   clock network delay (propagated)
                                 20.000000   20.000000 ^ input external delay
     1    0.003429    0.020624    0.002846   20.002846 ^ rst_n (in)
                                                         rst_n (net)
                      0.020624    0.000000   20.002846 ^ input1/A (sg13g2_buf_1)
     3    0.141205    0.577348    0.421545   20.424391 ^ input1/X (sg13g2_buf_1)
                                                         net1 (net)
                      0.584296    0.050909   20.475300 ^ fanout1819/A (sg13g2_buf_1)
     4    0.079042    0.326280    0.389532   20.864832 ^ fanout1819/X (sg13g2_buf_1)
                                                         net1819 (net)
                      0.327246    0.014451   20.879282 ^ fanout1801/A (sg13g2_buf_1)
     5    0.072986    0.301514    0.335689   21.214972 ^ fanout1801/X (sg13g2_buf_1)
                                                         net1801 (net)
                      0.301516    0.000671   21.215643 ^ fanout1788/A (sg13g2_buf_1)
     4    0.035942    0.152606    0.230024   21.445667 ^ fanout1788/X (sg13g2_buf_1)
                                                         net1788 (net)
                      0.152613    0.000862   21.446529 ^ fanout1784/A (sg13g2_buf_1)
     4    0.036536    0.154975    0.199178   21.645706 ^ fanout1784/X (sg13g2_buf_1)
                                                         net1784 (net)
                      0.154975    0.000181   21.645887 ^ fanout1783/A (sg13g2_buf_1)
     6    0.047087    0.197129    0.229102   21.874990 ^ fanout1783/X (sg13g2_buf_1)
                                                         net1783 (net)
                      0.197140    0.001274   21.876263 ^ fanout1782/A (sg13g2_buf_1)
     8    0.060306    0.250095    0.276332   22.152596 ^ fanout1782/X (sg13g2_buf_1)
                                                         net1782 (net)
                      0.250208    0.004412   22.157007 ^ m.u_conv2._3331_/RESET_B (sg13g2_dfrbpq_1)
                                             22.157007   data arrival time

                                100.000000  100.000000   clock clk (rise edge)
                                  0.000000  100.000000   clock source latency
     2    0.198852    0.161363    0.247617  100.247612 ^ clk (in)
                                                         clk (net)
                      0.362378    0.000000  100.247612 ^ clkbuf_regs_0_clk/A (sg13g2_buf_16)
     1    0.020214    0.035300    0.162878  100.410492 ^ clkbuf_regs_0_clk/X (sg13g2_buf_16)
                                                         clk_regs (net)
                      0.035300    0.000881  100.411369 ^ clkbuf_0_clk_regs/A (sg13g2_buf_16)
     8    0.222958    0.067075    0.089464  100.500839 ^ clkbuf_0_clk_regs/X (sg13g2_buf_16)
                                                         clknet_0_clk_regs (net)
                      0.094735    0.033552  100.534386 ^ clkbuf_3_5_0_clk_regs/A (sg13g2_buf_8)
     7    0.111828    0.069568    0.126491  100.660881 ^ clkbuf_3_5_0_clk_regs/X (sg13g2_buf_8)
                                                         clknet_3_5_0_clk_regs (net)
                      0.069730    0.002991  100.663872 ^ clkbuf_leaf_31_clk_regs/A (sg13g2_buf_8)
    16    0.089881    0.057739    0.114170  100.778038 ^ clkbuf_leaf_31_clk_regs/X (sg13g2_buf_8)
                                                         clknet_leaf_31_clk_regs (net)
                      0.058043    0.003141  100.781181 ^ m.u_conv2._3331_/CLK (sg13g2_dfrbpq_1)
                                 -0.250000  100.531181   clock uncertainty
                                  0.000000  100.531181   clock reconvergence pessimism
                                 -0.184602  100.346588   library recovery time
                                            100.346588   data required time
---------------------------------------------------------------------------------------------
                                            100.346588   data required time
                                            -22.157007   data arrival time
---------------------------------------------------------------------------------------------
                                             78.189575   slack (MET)


Startpoint: m.u_conv3._522_ (rising edge-triggered flip-flop clocked by clk)
Endpoint: uo_out[2] (output port clocked by clk)
Path Group: clk
Path Type: max

Fanout         Cap        Slew       Delay        Time   Description
---------------------------------------------------------------------------------------------
                                  0.000000    0.000000   clock clk (rise edge)
                                  0.000000    0.000000   clock source latency
     2    0.198852    0.161363    0.247617    0.247617 ^ clk (in)
                                                         clk (net)
                      0.362378    0.000000    0.247617 ^ clkbuf_regs_0_clk/A (sg13g2_buf_16)
     1    0.020214    0.035300    0.162876    0.410494 ^ clkbuf_regs_0_clk/X (sg13g2_buf_16)
                                                         clk_regs (net)
                      0.035300    0.000884    0.411378 ^ clkbuf_0_clk_regs/A (sg13g2_buf_16)
     8    0.222958    0.067075    0.089464    0.500842 ^ clkbuf_0_clk_regs/X (sg13g2_buf_16)
                                                         clknet_0_clk_regs (net)
                      0.094737    0.033554    0.534396 ^ clkbuf_3_2_0_clk_regs/A (sg13g2_buf_8)
     7    0.125064    0.077166    0.132350    0.666746 ^ clkbuf_3_2_0_clk_regs/X (sg13g2_buf_8)
                                                         clknet_3_2_0_clk_regs (net)
                      0.081668    0.014333    0.681079 ^ clkbuf_leaf_11_clk_regs/A (sg13g2_buf_8)
    16    0.099556    0.062940    0.122742    0.803821 ^ clkbuf_leaf_11_clk_regs/X (sg13g2_buf_8)
                                                         clknet_leaf_11_clk_regs (net)
                      0.063040    0.002076    0.805898 ^ m.u_conv3._522_/CLK (sg13g2_dfrbpq_1)
     1    0.004734    0.030479    0.188608    0.994505 ^ m.u_conv3._522_/Q (sg13g2_dfrbpq_1)
                                                         m.u_conv3.input_buf[61] (net)
                      0.030479    0.000147    0.994652 ^ hold3060/A (sg13g2_dlygate4sd3_1)
     1    0.007364    0.049788    0.373270    1.367923 ^ hold3060/X (sg13g2_dlygate4sd3_1)
                                                         net3060 (net)
                      0.049788    0.000313    1.368236 ^ fanout1533/A (sg13g2_buf_1)
     4    0.095532    0.392717    0.317135    1.685371 ^ fanout1533/X (sg13g2_buf_1)
                                                         net1533 (net)
                      0.394588    0.022135    1.707506 ^ fanout1532/A (sg13g2_buf_1)
     8    0.046287    0.194563    0.274853    1.982359 ^ fanout1532/X (sg13g2_buf_1)
                                                         net1532 (net)
                      0.194671    0.002395    1.984753 ^ m.u_conv3.u_weights._15930_/A (sg13g2_xor2_1)
     8    0.074308    0.636448    0.561142    2.545896 ^ m.u_conv3.u_weights._15930_/X (sg13g2_xor2_1)
                                                         m.u_conv3.u_weights._07999_ (net)
                      0.636449    0.000783    2.546679 ^ m.u_conv3.u_weights._15936_/B (sg13g2_nand2_1)
     7    0.045411    0.338777    0.451198    2.997877 v m.u_conv3.u_weights._15936_/Y (sg13g2_nand2_1)
                                                         m.u_conv3.u_weights._08065_ (net)
                      0.338778    0.001437    2.999314 v m.u_conv3.u_weights._15944_/A1 (sg13g2_a22oi_1)
     1    0.011326    0.146825    0.201631    3.200944 ^ m.u_conv3.u_weights._15944_/Y (sg13g2_a22oi_1)
                                                         m.u_conv3.u_weights._08153_ (net)
                      0.146827    0.000887    3.201832 ^ fanout346/A (sg13g2_buf_1)
     4    0.091440    0.376023    0.341397    3.543228 ^ fanout346/X (sg13g2_buf_1)
                                                         net346 (net)
                      0.376066    0.003461    3.546690 ^ fanout345/A (sg13g2_buf_1)
     4    0.119422    0.489605    0.458756    4.005445 ^ fanout345/X (sg13g2_buf_1)
                                                         net345 (net)
                      0.493595    0.035762    4.041207 ^ fanout343/A (sg13g2_buf_1)
     8    0.074698    0.308817    0.364182    4.405389 ^ fanout343/X (sg13g2_buf_1)
                                                         net343 (net)
                      0.309110    0.007863    4.413252 ^ m.u_conv3.u_weights._15951_/B (sg13g2_xnor2_1)
     2    0.069540    0.646027    0.576935    4.990188 ^ m.u_conv3.u_weights._15951_/Y (sg13g2_xnor2_1)
                                                         m.u_conv3.u_weights._08229_ (net)
                      0.646083    0.005025    4.995213 ^ fanout333/A (sg13g2_buf_1)
     8    0.130109    0.532588    0.531698    5.526911 ^ fanout333/X (sg13g2_buf_1)
                                                         net333 (net)
                      0.535456    0.031725    5.558636 ^ fanout332/A (sg13g2_buf_1)
     6    0.165260    0.676188    0.593700    6.152337 ^ fanout332/X (sg13g2_buf_1)
                                                         net332 (net)
                      0.676210    0.003379    6.155715 ^ fanout331/A (sg13g2_buf_1)
     8    0.083134    0.343736    0.408312    6.564027 ^ fanout331/X (sg13g2_buf_1)
                                                         net331 (net)
                      0.344453    0.012961    6.576988 ^ m.u_conv3.u_weights._15954_/B (sg13g2_nand2_1)
     3    0.024564    0.234263    0.256533    6.833520 v m.u_conv3.u_weights._15954_/Y (sg13g2_nand2_1)
                                                         m.u_conv3.u_weights._08262_ (net)
                      0.234267    0.001371    6.834891 v m.u_conv3.u_weights._22610_/A (sg13g2_xnor2_1)
     4    0.099598    0.830732    0.696927    7.531818 ^ m.u_conv3.u_weights._22610_/Y (sg13g2_xnor2_1)
                                                         m.u_conv3.u_weights._12450_ (net)
                      0.832314    0.029900    7.561718 ^ m.u_conv3.u_weights._22613_/A (sg13g2_xnor2_1)
     2    0.014098    0.238997    0.306001    7.867718 ^ m.u_conv3.u_weights._22613_/Y (sg13g2_xnor2_1)
                                                         m.u_conv3.u_weights._12453_ (net)
                      0.238997    0.000728    7.868446 ^ m.u_conv3.u_weights._22615_/B (sg13g2_xor2_1)
     2    0.012589    0.139244    0.208157    8.076604 ^ m.u_conv3.u_weights._22615_/X (sg13g2_xor2_1)
                                                         m.u_conv3.u_weights._12455_ (net)
                      0.139244    0.000357    8.076961 ^ m.u_conv3.u_weights._22620_/A (sg13g2_xnor2_1)
     2    0.010778    0.130590    0.153458    8.230418 ^ m.u_conv3.u_weights._22620_/Y (sg13g2_xnor2_1)
                                                         m.u_conv3.u_weights._12461_ (net)
                      0.130590    0.000249    8.230667 ^ m.u_conv3.u_weights._22622_/B (sg13g2_xor2_1)
     2    0.011241    0.124111    0.175111    8.405778 ^ m.u_conv3.u_weights._22622_/X (sg13g2_xor2_1)
                                                         m.u_conv3.u_weights._12463_ (net)
                      0.124111    0.000348    8.406126 ^ m.u_conv3.u_weights._22623_/B (sg13g2_xnor2_1)
     2    0.012302    0.137853    0.155538    8.561664 ^ m.u_conv3.u_weights._22623_/Y (sg13g2_xnor2_1)
                                                         m.u_conv3.u_weights._12464_ (net)
                      0.137853    0.000449    8.562113 ^ m.u_conv3.u_weights._22624_/B (sg13g2_xnor2_1)
     2    0.010932    0.130750    0.151107    8.713220 ^ m.u_conv3.u_weights._22624_/Y (sg13g2_xnor2_1)
                                                         m.u_conv3.u_weights._12465_ (net)
                      0.130750    0.000278    8.713498 ^ m.u_conv3.u_weights._22626_/B (sg13g2_xor2_1)
     2    0.011645    0.130621    0.177573    8.891070 ^ m.u_conv3.u_weights._22626_/X (sg13g2_xor2_1)
                                                         m.u_conv3.u_weights._12467_ (net)
                      0.130621    0.000187    8.891257 ^ m.u_conv3.u_weights._22659_/B (sg13g2_xnor2_1)
     2    0.011528    0.132759    0.152723    9.043981 ^ m.u_conv3.u_weights._22659_/Y (sg13g2_xnor2_1)
                                                         m.u_conv3.u_weights._12504_ (net)
                      0.132759    0.000244    9.044225 ^ m.u_conv3.u_weights._22731_/B (sg13g2_xor2_1)
     2    0.011559    0.128948    0.177638    9.221864 ^ m.u_conv3.u_weights._22731_/X (sg13g2_xor2_1)
                                                         m.u_conv3.u_weights._12583_ (net)
                      0.128948    0.000158    9.222022 ^ m.u_conv3.u_weights._22733_/B (sg13g2_xnor2_1)
     2    0.011370    0.131325    0.151132    9.373154 ^ m.u_conv3.u_weights._22733_/Y (sg13g2_xnor2_1)
                                                         m.u_conv3.u_weights._12585_ (net)
                      0.131325    0.000233    9.373386 ^ m.u_conv3.u_weights._22734_/B (sg13g2_xnor2_1)
     2    0.010072    0.122115    0.143299    9.516685 ^ m.u_conv3.u_weights._22734_/Y (sg13g2_xnor2_1)
                                                         m.u_conv3.u_weights._12586_ (net)
                      0.122115    0.000275    9.516961 ^ m.u_conv3.u_weights._22736_/B (sg13g2_xor2_1)
     2    0.010043    0.122065    0.165877    9.682837 ^ m.u_conv3.u_weights._22736_/X (sg13g2_xor2_1)
                                                         m.u_conv3.u_weights._12588_ (net)
                      0.122065    0.000171    9.683008 ^ m.u_conv3.u_weights._22739_/A (sg13g2_xor2_1)
     2    0.012540    0.176665    0.185189    9.868197 ^ m.u_conv3.u_weights._22739_/X (sg13g2_xor2_1)
                                                         m.u_conv3.u_weights._12592_ (net)
                      0.176665    0.000327    9.868524 ^ m.u_conv3.u_weights._22745_/A (sg13g2_xnor2_1)
     3    0.015312    0.119085    0.170863   10.039388 v m.u_conv3.u_weights._22745_/Y (sg13g2_xnor2_1)
                                                         m.u_conv3.u_weights._12598_ (net)
                      0.119085    0.000295   10.039682 v m.u_conv3.u_weights._22748_/A1 (sg13g2_o21ai_1)
     2    0.011476    0.159431    0.176891   10.216573 ^ m.u_conv3.u_weights._22748_/Y (sg13g2_o21ai_1)
                                                         m.u_conv3.u_weights._12601_ (net)
                      0.159431    0.000519   10.217092 ^ m.u_conv3.u_weights._22757_/A (sg13g2_nand4_1)
     3    0.013096    0.186280    0.205155   10.422247 v m.u_conv3.u_weights._22757_/Y (sg13g2_nand4_1)
                                                         m.u_conv3.u_weights._12611_ (net)
                      0.186280    0.000150   10.422397 v m.u_conv3.u_weights._22761_/A1 (sg13g2_a21oi_1)
     2    0.009297    0.107109    0.145128   10.567525 ^ m.u_conv3.u_weights._22761_/Y (sg13g2_a21oi_1)
                                                         m.u_conv3.u_weights._12616_ (net)
                      0.107109    0.000183   10.567708 ^ m.u_conv3.u_weights._22762_/B1 (sg13g2_a21o_1)
     2    0.009961    0.055286    0.116921   10.684628 ^ m.u_conv3.u_weights._22762_/X (sg13g2_a21o_1)
                                                         m.u_conv3.u_weights._12617_ (net)
                      0.055288    0.000393   10.685022 ^ m.u_conv3.u_weights._22765_/A (sg13g2_nand2_1)
     1    0.004646    0.050678    0.057555   10.742577 v m.u_conv3.u_weights._22765_/Y (sg13g2_nand2_1)
                                                         m.u_conv3.u_weights._12620_ (net)
                      0.050678    0.000107   10.742684 v m.u_conv3.u_weights._22775_/A1 (sg13g2_a21oi_1)
     3    0.123286    1.025205    0.746414   11.489099 ^ m.u_conv3.u_weights._22775_/Y (sg13g2_a21oi_1)
                                                         m.embedding[39] (net)
                      1.028080    0.044690   11.533789 ^ fanout64/A (sg13g2_buf_1)
     8    0.063686    0.265374    0.397415   11.931204 ^ fanout64/X (sg13g2_buf_1)
                                                         net64 (net)
                      0.265465    0.004100   11.935304 ^ m.u_tree._1572_/A (sg13g2_inv_1)
     8    0.090336    0.316375    0.352413   12.287717 v m.u_tree._1572_/Y (sg13g2_inv_1)
                                                         m.u_tree._1228_ (net)
                      0.316415    0.003115   12.290832 v m.u_tree._2498_/A1 (sg13g2_a21oi_1)
     2    0.011386    0.140228    0.185993   12.476826 ^ m.u_tree._2498_/Y (sg13g2_a21oi_1)
                                                         m.u_tree._1564_ (net)
                      0.140228    0.000196   12.477021 ^ m.u_tree._2500_/B (sg13g2_xnor2_1)
     2    0.014500    0.156857    0.175502   12.652524 ^ m.u_tree._2500_/Y (sg13g2_xnor2_1)
                                                         m.u_tree._1566_ (net)
                      0.156863    0.000782   12.653306 ^ m.u_tree._2528_/A (sg13g2_xor2_1)
     2    0.013056    0.139052    0.199188   12.852494 ^ m.u_tree._2528_/X (sg13g2_xor2_1)
                                                         m.u_tree._0028_ (net)
                      0.139052    0.000565   12.853060 ^ m.u_tree._2530_/B (sg13g2_xnor2_1)
     2    0.012116    0.138456    0.159409   13.012468 ^ m.u_tree._2530_/Y (sg13g2_xnor2_1)
                                                         m.u_tree._0030_ (net)
                      0.138456    0.000211   13.012680 ^ m.u_tree._2565_/A (sg13g2_xor2_1)
     2    0.015012    0.153690    0.204803   13.217484 ^ m.u_tree._2565_/X (sg13g2_xor2_1)
                                                         m.u_tree._0069_ (net)
                      0.153691    0.000751   13.218235 ^ m.u_tree._2567_/B (sg13g2_xnor2_1)
     2    0.010601    0.086832    0.129376   13.347610 v m.u_tree._2567_/Y (sg13g2_xnor2_1)
                                                         m.u_tree._0071_ (net)
                      0.086832    0.000111   13.347721 v m.u_tree._2577_/A1 (sg13g2_o21ai_1)
     2    0.012164    0.155124    0.171489   13.519211 ^ m.u_tree._2577_/Y (sg13g2_o21ai_1)
                                                         m.u_tree._0082_ (net)
                      0.155124    0.000261   13.519472 ^ m.u_tree._2581_/A (sg13g2_xnor2_1)
     2    0.013048    0.144584    0.172396   13.691869 ^ m.u_tree._2581_/Y (sg13g2_xnor2_1)
                                                         m.u_tree._0086_ (net)
                      0.144588    0.000610   13.692478 ^ m.u_tree._2586_/B (sg13g2_xnor2_1)
     2    0.011900    0.137721    0.159735   13.852214 ^ m.u_tree._2586_/Y (sg13g2_xnor2_1)
                                                         m.u_tree._0092_ (net)
                      0.137769    0.000409   13.852623 ^ m.u_tree._2592_/B (sg13g2_xor2_1)
     2    0.010882    0.120836    0.175075   14.027699 ^ m.u_tree._2592_/X (sg13g2_xor2_1)
                                                         m.u_tree._0098_ (net)
                      0.120836    0.000199   14.027898 ^ m.u_tree._2593_/A2 (sg13g2_a21oi_1)
     3    0.020697    0.141909    0.172347   14.200245 v m.u_tree._2593_/Y (sg13g2_a21oi_1)
                                                         m.u_tree._0100_ (net)
                      0.141909    0.000533   14.200778 v m.u_tree._2595_/A1 (sg13g2_o21ai_1)
     2    0.010963    0.152115    0.179975   14.380753 ^ m.u_tree._2595_/Y (sg13g2_o21ai_1)
                                                         m.u_tree._0102_ (net)
                      0.152115    0.000154   14.380907 ^ m.u_tree._2859_/A (sg13g2_xnor2_1)
     3    0.017019    0.125899    0.170767   14.551674 v m.u_tree._2859_/Y (sg13g2_xnor2_1)
                                                         m.u_tree._0392_ (net)
                      0.125903    0.000815   14.552489 v m.u_tree._2876_/A1 (sg13g2_a221oi_1)
     2    0.009040    0.177323    0.215729   14.768218 ^ m.u_tree._2876_/Y (sg13g2_a221oi_1)
                                                         m.u_tree._0411_ (net)
                      0.177323    0.000155   14.768373 ^ m.u_tree._2878_/C (sg13g2_or3_1)
     7    0.034396    0.145663    0.214439   14.982812 ^ m.u_tree._2878_/X (sg13g2_or3_1)
                                                         m.u_tree._0413_ (net)
                      0.145728    0.001359   14.984171 ^ m.u_tree._2881_/C (sg13g2_nand3_1)
     3    0.015957    0.169229    0.191291   15.175462 v m.u_tree._2881_/Y (sg13g2_nand3_1)
                                                         m.u_tree._0416_ (net)
                      0.169230    0.000686   15.176147 v m.u_tree._2882_/A2 (sg13g2_a21oi_1)
     2    0.010202    0.124520    0.159178   15.335324 ^ m.u_tree._2882_/Y (sg13g2_a21oi_1)
                                                         m.u_tree._0417_ (net)
                      0.124520    0.000298   15.335623 ^ m.u_tree._2887_/A (sg13g2_nor2b_1)
     1    0.007055    0.047051    0.070042   15.405664 v m.u_tree._2887_/Y (sg13g2_nor2b_1)
                                                         m.u_tree._0423_ (net)
                      0.047052    0.000291   15.405956 v m.u_tree._2906_/A1 (sg13g2_o21ai_1)
     7    0.032335    0.340893    0.296104   15.702061 ^ m.u_tree._2906_/Y (sg13g2_o21ai_1)
                                                         m.u_tree._0444_ (net)
                      0.340903    0.001567   15.703628 ^ m.u_tree._2914_/B (sg13g2_nand3b_1)
     4    0.027589    0.275729    0.340640   16.044268 v m.u_tree._2914_/Y (sg13g2_nand3b_1)
                                                         m.u_tree._0453_ (net)
                      0.275730    0.001247   16.045513 v m.u_tree._2918_/B (sg13g2_and3_1)
     2    0.007288    0.039898    0.167111   16.212626 v m.u_tree._2918_/X (sg13g2_and3_1)
                                                         m.u_tree._0457_ (net)
                      0.039898    0.000114   16.212738 v m.u_tree._2926_/A (sg13g2_nor4_1)
     2    0.012276    0.257642    0.256859   16.469597 ^ m.u_tree._2926_/Y (sg13g2_nor4_1)
                                                         m.u_tree._0466_ (net)
                      0.257645    0.000615   16.470213 ^ m.u_tree._2946_/B1 (sg13g2_a221oi_1)
     5    0.023310    0.198066    0.250838   16.721050 v m.u_tree._2946_/Y (sg13g2_a221oi_1)
                                                         m.u_tree._0488_ (net)
                      0.198154    0.001416   16.722466 v m.u_tree._2951_/C (sg13g2_nor4_1)
     2    0.019127    0.371830    0.368312   17.090776 ^ m.u_tree._2951_/Y (sg13g2_nor4_1)
                                                         m.u_tree._0493_ (net)
                      0.371840    0.001577   17.092354 ^ m.u_tree._2970_/C1 (sg13g2_a221oi_1)
     2    0.009177    0.114860    0.134678   17.227034 v m.u_tree._2970_/Y (sg13g2_a221oi_1)
                                                         m.u_tree._0514_ (net)
                      0.114860    0.000247   17.227280 v m.u_tree._2975_/B (sg13g2_nor4_1)
     3    0.020820    0.393400    0.377248   17.604528 ^ m.u_tree._2975_/Y (sg13g2_nor4_1)
                                                         m.u_tree._0520_ (net)
                      0.393409    0.001551   17.606079 ^ m.u_tree._2991_/B1 (sg13g2_o21ai_1)
     2    0.010140    0.127586    0.155902   17.761980 v m.u_tree._2991_/Y (sg13g2_o21ai_1)
                                                         m.u_tree._0537_ (net)
                      0.127586    0.000277   17.762259 v m.u_tree._2994_/B1 (sg13g2_a221oi_1)
     8    0.064257    0.840533    0.695787   18.458044 ^ m.u_tree._2994_/Y (sg13g2_a221oi_1)
                                                         m.u_tree._0541_ (net)
                      0.840543    0.002473   18.460518 ^ m.u_tree._2996_/S (sg13g2_mux2_1)
     3    0.025458    0.103500    0.358346   18.818863 v m.u_tree._2996_/X (sg13g2_mux2_1)
                                                         m.u_tree._0543_ (net)
                      0.103527    0.001654   18.820517 v m.u_tree._3004_/A1 (sg13g2_a22oi_1)
     3    0.012692    0.145274    0.155353   18.975870 ^ m.u_tree._3004_/Y (sg13g2_a22oi_1)
                                                         m.u_tree._0552_ (net)
                      0.145274    0.000096   18.975965 ^ m.u_tree._3021_/A1 (sg13g2_o21ai_1)
     2    0.010598    0.089742    0.131323   19.107288 v m.u_tree._3021_/Y (sg13g2_o21ai_1)
                                                         m.u_tree._0570_ (net)
                      0.089742    0.000398   19.107687 v m.u_tree._3022_/B1 (sg13g2_a21oi_1)
     5    0.024316    0.221647    0.214717   19.322403 ^ m.u_tree._3022_/Y (sg13g2_a21oi_1)
                                                         m.u_tree._0571_ (net)
                      0.221655    0.001103   19.323507 ^ m.u_tree._3026_/A (sg13g2_nor2_1)
     3    0.020831    0.121160    0.162343   19.485849 v m.u_tree._3026_/Y (sg13g2_nor2_1)
                                                         m.u_tree._0576_ (net)
                      0.121172    0.001144   19.486994 v m.u_tree._3031_/S (sg13g2_mux2_1)
     3    0.022731    0.104386    0.221883   19.708878 ^ m.u_tree._3031_/X (sg13g2_mux2_1)
                                                         m.u_tree._0581_ (net)
                      0.104397    0.001110   19.709988 ^ m.u_tree._3032_/A2 (sg13g2_a21oi_1)
     1    0.005912    0.076585    0.097272   19.807259 v m.u_tree._3032_/Y (sg13g2_a21oi_1)
                                                         m.u_tree._0582_ (net)
                      0.076585    0.000179   19.807438 v m.u_tree._3051_/A1 (sg13g2_o21ai_1)
     6    0.032062    0.338324    0.306965   20.114403 ^ m.u_tree._3051_/Y (sg13g2_o21ai_1)
                                                         m.u_tree._0603_ (net)
                      0.338328    0.001018   20.115421 ^ m.u_tree._3052_/B (sg13g2_nand2_1)
     2    0.010519    0.109055    0.159401   20.274822 v m.u_tree._3052_/Y (sg13g2_nand2_1)
                                                         m.u_tree._0604_ (net)
                      0.109055    0.000460   20.275282 v m.u_tree._3074_/A2 (sg13g2_o21ai_1)
     3    0.017535    0.207896    0.213436   20.488718 ^ m.u_tree._3074_/Y (sg13g2_o21ai_1)
                                                         m.u_tree._0629_ (net)
                      0.207903    0.001009   20.489727 ^ m.u_tree._3075_/B2 (sg13g2_a221oi_1)
     1    0.003396    0.094932    0.119543   20.609272 v m.u_tree._3075_/Y (sg13g2_a221oi_1)
                                                         m.u_tree._0630_ (net)
                      0.094932    0.000034   20.609304 v m.u_tree._3079_/A2 (sg13g2_a221oi_1)
     7    0.031390    0.441698    0.418831   21.028137 ^ m.u_tree._3079_/Y (sg13g2_a221oi_1)
                                                         m.u_tree._0634_ (net)
                      0.441702    0.001112   21.029249 ^ m.u_tree._3080_/B (sg13g2_nor2_1)
     3    0.020845    0.172833    0.214019   21.243267 v m.u_tree._3080_/Y (sg13g2_nor2_1)
                                                         m.u_tree._0635_ (net)
                      0.172834    0.000464   21.243731 v m.u_tree._3081_/S (sg13g2_mux2_1)
     3    0.021493    0.100878    0.231724   21.475454 ^ m.u_tree._3081_/X (sg13g2_mux2_1)
                                                         m.u_tree._0636_ (net)
                      0.100900    0.001439   21.476894 ^ m.u_tree._3086_/A2 (sg13g2_a21oi_1)
     1    0.005957    0.085137    0.096483   21.573376 v m.u_tree._3086_/Y (sg13g2_a21oi_1)
                                                         m.u_tree._0642_ (net)
                      0.085137    0.000204   21.573582 v m.u_tree._3106_/A1 (sg13g2_o21ai_1)
     5    0.020526    0.230734    0.230431   21.804012 ^ m.u_tree._3106_/Y (sg13g2_o21ai_1)
                                                         m.u_tree._0664_ (net)
                      0.230736    0.000506   21.804518 ^ m.u_tree._3107_/B (sg13g2_nand2_1)
     5    0.042035    0.257470    0.297494   22.102011 v m.u_tree._3107_/Y (sg13g2_nand2_1)
                                                         m.u_tree._0665_ (net)
                      0.257474    0.001366   22.103378 v m.u_tree._3117_/S (sg13g2_mux2_1)
     2    0.017501    0.085224    0.235845   22.339222 ^ m.u_tree._3117_/X (sg13g2_mux2_1)
                                                         m.u_tree._0676_ (net)
                      0.085241    0.001190   22.340412 ^ m.u_tree._3119_/B2 (sg13g2_a221oi_1)
     1    0.005869    0.087815    0.097540   22.437952 v m.u_tree._3119_/Y (sg13g2_a221oi_1)
                                                         m.u_tree._0678_ (net)
                      0.087815    0.000174   22.438128 v m.u_tree._3127_/A1 (sg13g2_o21ai_1)
     4    0.024398    0.265791    0.257849   22.695976 ^ m.u_tree._3127_/Y (sg13g2_o21ai_1)
                                                         m.u_tree._0687_ (net)
                      0.265821    0.002325   22.698301 ^ m.u_tree._3141_/C (sg13g2_and4_1)
     1    0.018119    0.099574    0.270836   22.969137 ^ m.u_tree._3141_/X (sg13g2_and4_1)
                                                         m.number_o[2] (net)
                      0.099615    0.001897   22.971033 ^ _82_/A (sg13g2_buf_1)
     1    0.007397    0.041270    0.102636   23.073669 ^ _82_/X (sg13g2_buf_1)
                                                         uo_out[2] (net)
                      0.041271    0.000174   23.073843 ^ uo_out[2] (out)
                                             23.073843   data arrival time

                                100.000000  100.000000   clock clk (rise edge)
                                  0.000000  100.000000   clock network delay (propagated)
                                 -0.250000   99.750000   clock uncertainty
                                  0.000000   99.750000   clock reconvergence pessimism
                                -20.000000   79.750000   output external delay
                                             79.750000   data required time
---------------------------------------------------------------------------------------------
                                             79.750000   data required time
                                            -23.073843   data arrival time
---------------------------------------------------------------------------------------------
                                             56.676151   slack (MET)




===========================================================================
report_checks --slack_max -0.01
============================================================================
======================= nom_typ_1p20V_25C Corner ===================================

No paths found.


===========================================================================
 report_check_types -max_slew -max_cap -max_fanout -violators
============================================================================
======================= nom_typ_1p20V_25C Corner ===================================

max fanout

Pin                                   Limit Fanout  Slack
---------------------------------------------------------
clkbuf_leaf_12_clk_regs/X                 8     18    -10 (VIOLATED)
clkbuf_leaf_10_clk_regs/X                 8     17     -9 (VIOLATED)
clkbuf_leaf_13_clk_regs/X                 8     17     -9 (VIOLATED)
clkbuf_leaf_14_clk_regs/X                 8     17     -9 (VIOLATED)
clkbuf_leaf_15_clk_regs/X                 8     17     -9 (VIOLATED)
clkbuf_leaf_17_clk_regs/X                 8     17     -9 (VIOLATED)
clkbuf_leaf_18_clk_regs/X                 8     17     -9 (VIOLATED)
clkbuf_leaf_25_clk_regs/X                 8     17     -9 (VIOLATED)
clkbuf_leaf_26_clk_regs/X                 8     17     -9 (VIOLATED)
clkbuf_leaf_29_clk_regs/X                 8     17     -9 (VIOLATED)
clkbuf_leaf_30_clk_regs/X                 8     17     -9 (VIOLATED)
clkbuf_leaf_41_clk_regs/X                 8     17     -9 (VIOLATED)
clkbuf_leaf_42_clk_regs/X                 8     17     -9 (VIOLATED)
clkbuf_leaf_48_clk_regs/X                 8     17     -9 (VIOLATED)
clkbuf_leaf_8_clk_regs/X                  8     17     -9 (VIOLATED)
clkbuf_leaf_9_clk_regs/X                  8     17     -9 (VIOLATED)
clkbuf_leaf_11_clk_regs/X                 8     16     -8 (VIOLATED)
clkbuf_leaf_19_clk_regs/X                 8     16     -8 (VIOLATED)
clkbuf_leaf_20_clk_regs/X                 8     16     -8 (VIOLATED)
clkbuf_leaf_21_clk_regs/X                 8     16     -8 (VIOLATED)
clkbuf_leaf_23_clk_regs/X                 8     16     -8 (VIOLATED)
clkbuf_leaf_28_clk_regs/X                 8     16     -8 (VIOLATED)
clkbuf_leaf_31_clk_regs/X                 8     16     -8 (VIOLATED)
clkbuf_leaf_33_clk_regs/X                 8     16     -8 (VIOLATED)
clkbuf_leaf_34_clk_regs/X                 8     16     -8 (VIOLATED)
clkbuf_leaf_35_clk_regs/X                 8     16     -8 (VIOLATED)
clkbuf_leaf_36_clk_regs/X                 8     16     -8 (VIOLATED)
clkbuf_leaf_37_clk_regs/X                 8     16     -8 (VIOLATED)
clkbuf_leaf_39_clk_regs/X                 8     16     -8 (VIOLATED)
clkbuf_leaf_49_clk_regs/X                 8     16     -8 (VIOLATED)
clkbuf_leaf_7_clk_regs/X                  8     16     -8 (VIOLATED)
clkbuf_leaf_16_clk_regs/X                 8     15     -7 (VIOLATED)
clkbuf_leaf_22_clk_regs/X                 8     15     -7 (VIOLATED)
clkbuf_leaf_24_clk_regs/X                 8     15     -7 (VIOLATED)
clkbuf_leaf_32_clk_regs/X                 8     15     -7 (VIOLATED)
clkbuf_leaf_6_clk_regs/X                  8     15     -7 (VIOLATED)
fanout701/X                               8     15     -7 (VIOLATED)
clkbuf_leaf_1_clk_regs/X                  8     14     -6 (VIOLATED)
clkbuf_leaf_27_clk_regs/X                 8     14     -6 (VIOLATED)
clkbuf_leaf_2_clk_regs/X                  8     14     -6 (VIOLATED)
clkbuf_leaf_38_clk_regs/X                 8     14     -6 (VIOLATED)
clkbuf_leaf_3_clk_regs/X                  8     14     -6 (VIOLATED)
clkbuf_leaf_43_clk_regs/X                 8     14     -6 (VIOLATED)
clkbuf_leaf_44_clk_regs/X                 8     14     -6 (VIOLATED)
clkbuf_leaf_45_clk_regs/X                 8     14     -6 (VIOLATED)
clkbuf_leaf_4_clk_regs/X                  8     14     -6 (VIOLATED)
clkbuf_leaf_40_clk_regs/X                 8     13     -5 (VIOLATED)
clkbuf_leaf_50_clk_regs/X                 8     13     -5 (VIOLATED)
clkbuf_leaf_5_clk_regs/X                  8     13     -5 (VIOLATED)
clkbuf_leaf_0_clk_regs/X                  8     12     -4 (VIOLATED)
clkbuf_leaf_46_clk_regs/X                 8     12     -4 (VIOLATED)
fanout498/X                               8     12     -4 (VIOLATED)
fanout483/X                               8     11     -3 (VIOLATED)
fanout798/X                               8     10     -2 (VIOLATED)
fanout800/X                               8     10     -2 (VIOLATED)
fanout801/X                               8     10     -2 (VIOLATED)
fanout802/X                               8     10     -2 (VIOLATED)
fanout803/X                               8     10     -2 (VIOLATED)
fanout804/X                               8     10     -2 (VIOLATED)
fanout808/X                               8     10     -2 (VIOLATED)
fanout810/X                               8     10     -2 (VIOLATED)

max capacitance

Pin                                        Limit         Cap       Slack
------------------------------------------------------------------------
sram/A_DOUT[6]                          0.064000    0.076659   -0.012659 (VIOLATED)



===========================================================================
report_parasitic_annotation -report_unannotated
============================================================================
Found 48 unannotated drivers.
 ena
 uio_in[1]
 uio_in[2]
 uio_in[3]
 uio_in[4]
 uio_in[5]
 uio_in[6]
 uio_in[7]
 clkload0/X
 clkload1/X
 clkload10/Y
 clkload11/X
 clkload12/Y
 clkload13/Y
 clkload14/X
 clkload15/Y
 clkload16/Y
 clkload17/Y
 clkload18/X
 clkload19/Y
 clkload2/X
 clkload20/Y
 clkload21/X
 clkload22/Y
 clkload23/Y
 clkload24/Y
 clkload25/Y
 clkload26/Y
 clkload27/Y
 clkload28/Y
 clkload29/Y
 clkload3/X
 clkload30/X
 clkload31/Y
 clkload32/Y
 clkload33/X
 clkload34/Y
 clkload35/Y
 clkload36/Y
 clkload37/Y
 clkload38/Y
 clkload39/Y
 clkload4/Y
 clkload5/Y
 clkload6/Y
 clkload7/Y
 clkload8/Y
 clkload9/Y
Found 0 partially unannotated drivers.

===========================================================================
max slew violation count 0
Writing metric design__max_slew_violation__count__corner:nom_typ_1p20V_25C: 0
max fanout violation count 61
Writing metric design__max_fanout_violation__count__corner:nom_typ_1p20V_25C: 61
max cap violation count 1
Writing metric design__max_cap_violation__count__corner:nom_typ_1p20V_25C: 1
============================================================================

===========================================================================
check_setup -verbose -unconstrained_endpoints -multiple_clock -no_clock -no_input_delay -loops -generated_clocks
===========================================================================
