Clock: clk
Sources: clk 
Generated: no
Virtual: yes
Propagated: no
Period: 100.000000

===========================================================================
report_clock_properties
============================================================================
Clock                   Period          Waveform
----------------------------------------------------
clk                 100.000000    0.000000 50.000000

===========================================================================
report_clock_latency
============================================================================
Clock clk
rise -> rise
    min     max
0.000000 0.000000 source latency
0.580193         network latency sram/A_CLK
        0.842675 network latency m.u_conv1._480_/CLK
---------------
0.580193 0.842675 latency
        0.262483 skew

fall -> fall
    min     max
0.000000 0.000000 source latency
0.580815         network latency sram/A_CLK
        0.816382 network latency m.u_conv1._480_/CLK
---------------
0.580815 0.816382 latency
        0.235566 skew



===========================================================================
report_clock_min_period
============================================================================
clk period_min = 13.38 fmax = 74.76
