
===========================================================================
 report_power
============================================================================
======================= nom_typ_1p20V_25C Corner ===================================

Group                    Internal    Switching      Leakage        Total
                            Power        Power        Power        Power (Watts)
------------------------------------------------------------------------
Sequential           4.067330e-04 4.863967e-07 3.467091e-07 4.075661e-04  61.0%
Combinational        1.643542e-05 2.182708e-05 3.552525e-06 4.181503e-05   6.3%
Clock                6.626709e-05 9.126197e-05 6.548198e-08 1.575945e-04  23.6%
Macro                6.136233e-05 0.000000e+00 2.475190e-08 6.138708e-05   9.2%
Pad                  0.000000e+00 0.000000e+00 0.000000e+00 0.000000e+00   0.0%
------------------------------------------------------------------------
Total                5.507980e-04 1.135755e-04 3.989459e-06 6.683628e-04 100.0%
                            82.4%        17.0%         0.6%
Writing metric power__internal__total: 0.0005507979658432305
Writing metric power__switching__total: 0.00011357545736245811
Writing metric power__leakage__total: 3.989458946307423e-6
Writing metric power__total: 0.0006683628307655454

