┏━━━━━━━┳━━━━━━━━━┳━━━━━━━━━━┳━━━━━━━━━━━━━━━━━━━━━━━━━━━━━┳━━━━━━━━━━━━━━━━━━━━━━━━━━━━━━━━┳━━━━━━━━┓
┃ P / R ┃ Partial ┃ Required ┃ Net                         ┃ Pin                            ┃ Layer  ┃
┡━━━━━━━╇━━━━━━━━━╇━━━━━━━━━━╇━━━━━━━━━━━━━━━━━━━━━━━━━━━━━╇━━━━━━━━━━━━━━━━━━━━━━━━━━━━━━━━╇━━━━━━━━┩
│ 2.27  │ 454.89  │ 200.00   │ m.embedding[16\]            │ fanout108/A                    │ Metal3 │
│ 1.76  │ 351.59  │ 200.00   │ net998                      │ fanout994/A                    │ Metal4 │
│ 1.72  │ 344.80  │ 200.00   │ m.embedding[44\]            │ m.u_tree._2640_/A1             │ Metal3 │
│ 1.72  │ 344.80  │ 200.00   │ m.embedding[44\]            │ fanout55/A                     │ Metal3 │
│ 1.52  │ 304.23  │ 200.00   │ m.u_conv3.u_weights._06885_ │ m.u_conv3.u_weights._17543_/C  │ Metal3 │
│ 1.48  │ 295.51  │ 200.00   │ net893                      │ fanout892/A                    │ Metal3 │
│ 1.40  │ 280.22  │ 200.00   │ m.sram_req_conv3[4\]        │ m._168_/A2                     │ Metal4 │
│ 1.40  │ 279.84  │ 200.00   │ net713                      │ m.u_conv3.u_weights._25294_/A  │ Metal2 │
│ 1.40  │ 279.77  │ 200.00   │ net597                      │ fanout593/A                    │ Metal4 │
│ 1.36  │ 271.95  │ 200.00   │ net860                      │ m.u_conv3.u_weights._27095_/A  │ Metal4 │
│ 1.32  │ 263.93  │ 200.00   │ net616                      │ fanout613/A                    │ Metal4 │
│ 1.32  │ 263.52  │ 200.00   │ net1304                     │ fanout1303/A                   │ Metal4 │
│ 1.28  │ 255.86  │ 200.00   │ net699                      │ fanout697/A                    │ Metal4 │
│ 1.25  │ 250.88  │ 200.00   │ net666                      │ m.u_conv3.u_weights._29252_/A  │ Metal3 │
│ 1.15  │ 229.78  │ 200.00   │ net1475                     │ fanout1474/A                   │ Metal2 │
│ 1.12  │ 225.00  │ 200.00   │ net1215                     │ fanout1214/A                   │ Metal2 │
│ 1.12  │ 223.88  │ 200.00   │ net1213                     │ fanout1206/A                   │ Metal4 │
│ 1.12  │ 223.25  │ 200.00   │ net1250                     │ m.u_conv3.u_weights._30335_/A1 │ Metal4 │
│ 1.10  │ 220.84  │ 200.00   │ m.u_conv3.u_weights._08204_ │ m.u_conv3.u_weights._18736_/C  │ Metal3 │
│ 1.10  │ 219.95  │ 200.00   │ net615                      │ fanout614/A                    │ Metal2 │
│ 1.08  │ 216.39  │ 200.00   │ net1212                     │ fanout1211/A                   │ Metal2 │
│ 1.08  │ 215.82  │ 200.00   │ m.embedding[35\]            │ fanout75/A                     │ Metal3 │
│ 1.08  │ 215.60  │ 200.00   │ net871                      │ fanout870/A                    │ Metal4 │
│ 1.06  │ 211.22  │ 200.00   │ net544                      │ fanout543/A                    │ Metal2 │
│ 1.06  │ 211.04  │ 200.00   │ net705                      │ m.u_conv3.u_weights._22889_/A1 │ Metal2 │
│ 1.04  │ 208.06  │ 200.00   │ net938                      │ fanout935/A                    │ Metal4 │
│ 1.04  │ 207.87  │ 200.00   │ net592                      │ fanout588/A                    │ Metal3 │
│ 1.04  │ 207.87  │ 200.00   │ net1121                     │ fanout1112/A                   │ Metal3 │
│ 1.02  │ 204.90  │ 200.00   │ net562                      │ m.u_conv3.u_weights._29111_/A  │ Metal2 │
│ 1.01  │ 202.90  │ 200.00   │ net537                      │ fanout536/A                    │ Metal2 │
│ 1.00  │ 200.22  │ 200.00   │ net1100                     │ fanout1099/A                   │ Metal3 │
│ 1.00  │ 200.09  │ 200.00   │ net1531                     │ fanout1530/A                   │ Metal4 │
│ 1.00  │ 199.99  │ 200.00   │ net1387                     │ fanout1385/A                   │ Metal4 │
│ 1.00  │ 199.88  │ 200.00   │ m.u_conv3.u_weights._03618_ │ fanout725/A                    │ Metal3 │
│ 1.00  │ 199.88  │ 200.00   │ net974                      │ fanout973/A                    │ Metal3 │
│ 1.00  │ 199.66  │ 200.00   │ m.u_conv3.u_weights._06695_ │ fanout548/A                    │ Metal4 │
│ 1.00  │ 199.66  │ 200.00   │ net1120                     │ fanout1119/A                   │ Metal4 │
│ 0.96  │ 192.25  │ 200.00   │ net631                      │ fanout630/A                    │ Metal3 │
│ 0.60  │ 120.19  │ 200.00   │ net544                      │ fanout543/A                    │ Metal3 │
│ 0.60  │ 119.97  │ 200.00   │ net345                      │ fanout343/A                    │ Metal4 │
│ 0.56  │ 112.43  │ 200.00   │ m.u_conv3.input_buf[40\]    │ fanout1426/A                   │ Metal4 │
│ 0.54  │ 108.91  │ 200.00   │ net701                      │ m.u_conv3.u_weights._16891_/A1 │ Metal3 │
│ 0.48  │ 96.06   │ 200.00   │ net1266                     │ fanout1265/A                   │ Metal4 │
│ 0.45  │ 89.83   │ 200.00   │ net604                      │ m.u_conv3.u_weights._27066_/A  │ Metal3 │
│ 0.44  │ 88.59   │ 200.00   │ net1019                     │ m.u_conv3.u_weights._28478_/A1 │ Metal4 │
│ 0.42  │ 84.91   │ 200.00   │ net913                      │ m.u_conv3.u_weights._28791_/A1 │ Metal4 │
│ 0.42  │ 84.56   │ 200.00   │ net1121                     │ fanout1112/A                   │ Metal4 │
│ 0.40  │ 80.12   │ 200.00   │ net333                      │ fanout332/A                    │ Metal4 │
│ 0.38  │ 76.52   │ 200.00   │ net1412                     │ fanout1410/A                   │ Metal3 │
│ 0.37  │ 74.63   │ 200.00   │ net1134                     │ fanout1133/A                   │ Metal4 │
│ 0.31  │ 62.27   │ 200.00   │ net498                      │ m.u_conv3.u_weights._24008_/A  │ Metal3 │
│ 0.31  │ 61.34   │ 200.00   │ net1359                     │ fanout1358/A                   │ Metal4 │
│ 0.31  │ 61.13   │ 200.00   │ net599                      │ m.u_conv3.u_weights._18264_/A2 │ Metal4 │
│ 0.25  │ 50.11   │ 200.00   │ net631                      │ fanout630/A                    │ Metal4 │
│ 0.23  │ 45.73   │ 200.00   │ net705                      │ m.u_conv3.u_weights._22889_/A1 │ Metal3 │
│ 0.21  │ 41.18   │ 200.00   │ net701                      │ m.u_conv3.u_weights._16891_/A1 │ Metal4 │
│ 0.20  │ 40.28   │ 200.00   │ net544                      │ fanout543/A                    │ Metal4 │
│ 0.14  │ 27.36   │ 200.00   │ net1100                     │ fanout1099/A                   │ Metal4 │
│ 0.12  │ 24.19   │ 200.00   │ net75                       │ fanout72/A                     │ Metal4 │
│ 0.10  │ 20.35   │ 200.00   │ m.u_conv3.u_weights._05166_ │ fanout656/A                    │ Metal4 │
│ 0.08  │ 16.75   │ 200.00   │ net483                      │ m.u_conv3.u_weights._27106_/A  │ Metal4 │
│ 0.08  │ 16.37   │ 200.00   │ m.u_conv3.u_weights._03618_ │ fanout725/A                    │ Metal4 │
│ 0.04  │ 8.74    │ 200.00   │ net592                      │ fanout588/A                    │ Metal4 │
│ 0.04  │ 8.40    │ 200.00   │ net974                      │ fanout973/A                    │ Metal4 │
│ 0.03  │ 6.53    │ 200.00   │ m.u_conv3.u_weights._06885_ │ m.u_conv3.u_weights._17543_/C  │ Metal4 │
│ 0.03  │ 6.53    │ 200.00   │ net604                      │ m.u_conv3.u_weights._27066_/A  │ Metal4 │
│ 0.02  │ 4.47    │ 200.00   │ net1212                     │ fanout1211/A                   │ Metal3 │
│ 0.00  │ 0.17    │ 200.00   │ net1212                     │ fanout1211/A                   │ Metal4 │
│ 0.00  │ 0.06    │ 200.00   │ net498                      │ m.u_conv3.u_weights._24008_/A  │ Metal4 │
└───────┴─────────┴──────────┴─────────────────────────────┴────────────────────────────────┴────────┘
