Clock: clk
Sources: clk 
Generated: no
Virtual: yes
Propagated: no
Period: 100.000000

===========================================================================
report_clock_properties
============================================================================
Clock                   Period          Waveform
----------------------------------------------------
clk                 100.000000    0.000000 50.000000

===========================================================================
report_clock_latency
============================================================================
Clock clk
rise -> rise
    min     max
0.000000 0.000000 source latency
0.494066         network latency sram/A_CLK
        3.074564 network latency m.u_conv2._3654_/CLK
---------------
0.494066 3.074564 latency
        2.580498 skew

fall -> fall
    min     max
0.000000 0.000000 source latency
0.201396         network latency sram/A_CLK
        2.484082 network latency m.u_conv2._3654_/CLK
---------------
0.201396 2.484082 latency
        2.282686 skew



===========================================================================
report_clock_min_period
============================================================================
clk period_min = 15.34 fmax = 65.17
