
===========================================================================
 report_power
============================================================================
======================= nom_typ_1p20V_25C Corner ===================================

Group                    Internal    Switching      Leakage        Total
                            Power        Power        Power        Power (Watts)
------------------------------------------------------------------------
Sequential           9.294333e-04 2.383536e-06 3.467091e-07 9.321635e-04  92.5%
Combinational        4.829013e-06 6.810036e-06 2.987497e-06 1.462655e-05   1.5%
Clock                0.000000e+00 0.000000e+00 0.000000e+00 0.000000e+00   0.0%
Macro                6.136233e-05 0.000000e+00 2.475190e-08 6.138708e-05   6.1%
Pad                  0.000000e+00 0.000000e+00 0.000000e+00 0.000000e+00   0.0%
------------------------------------------------------------------------
Total                9.956245e-04 9.193574e-06 3.358965e-06 1.008177e-03 100.0%
                            98.8%         0.9%         0.3%
Writing metric power__internal__total: 0.0009956244612112641
Writing metric power__switching__total: 9.19357353268424e-6
Writing metric power__leakage__total: 3.3589651593501912e-6
Writing metric power__total: 0.0010081769432872534

