
===========================================================================
Violator List
============================================================================
[hold reg-reg] m.u_mnist_loader._71_/Q -> sram/A_ADDR[0] : -1.525752
[hold reg-reg] m.u_mnist_loader._74_/Q -> sram/A_ADDR[3] : -1.515457
[hold reg-reg] m.u_mnist_loader._72_/Q -> sram/A_ADDR[1] : -1.514573
[hold reg-reg] m.u_mnist_loader._75_/Q -> sram/A_ADDR[4] : -1.512942
[hold reg-reg] m.u_mnist_loader._73_/Q -> sram/A_ADDR[2] : -1.488996
[hold reg-reg] m.u_conv3._584_/Q -> sram/A_ADDR[7] : -1.307127
[hold reg-reg] m.u_pool1._536_/Q -> sram/A_ADDR[6] : -1.291029
[hold reg-reg] m.u_pool1._536_/Q -> sram/A_ADDR[5] : -1.182541
[hold reg-reg] m.u_conv3._584_/Q -> sram/A_REN : -1.161684
[hold reg-reg] m.u_mnist_loader._76_/Q -> sram/A_WEN : -1.137106
[hold reg-reg] m.u_pool1._539_/Q -> m._287_/D : -0.631377
[hold reg-reg] m.u_pool1._533_/Q -> m.u_pool1._527_/D : -0.246425
[hold reg-reg] m.u_pool1._533_/Q -> m.u_pool1._526_/D : -0.227233
[hold reg-reg] m.u_pool1._534_/Q -> m.u_pool1._522_/D : -0.198143
[hold reg-reg] m.u_pool1._533_/Q -> m.u_pool1._524_/D : -0.195443
[hold reg-reg] m.u_conv2.u_loader._932_/Q -> m.u_conv2.u_loader._913_/D : -0.194634
[hold reg-reg] m.u_conv2.u_loader._932_/Q -> m.u_conv2.u_loader._915_/D : -0.168828
[hold reg-reg] m.u_conv1.u_loader._905_/Q -> m.u_conv1._506_/D : -0.168410
[hold reg-reg] m.u_conv2.u_loader._911_/Q -> m.u_conv2._3683_/D : -0.164549
[hold reg-reg] m.u_conv2.u_loader._927_/Q -> m.u_conv2.u_loader._931_/D : -0.162325
[hold reg-reg] m.u_conv2.u_loader._932_/Q -> m.u_conv2.u_loader._914_/D : -0.159307
[hold reg-reg] m.u_conv1.u_loader._904_/Q -> m.u_conv1._505_/D : -0.158931
[hold reg-reg] m.u_conv1.u_loader._902_/Q -> m.u_conv1._503_/D : -0.154226
[hold reg-reg] m.u_conv2.u_loader._927_/Q -> m.u_conv2.u_loader._900_/D : -0.151997
[hold reg-reg] m.u_conv1.u_loader._915_/Q -> m.u_conv1._498_/D : -0.148304
[hold reg-reg] m.u_conv1.u_loader._913_/Q -> m.u_conv1._496_/D : -0.141867
[hold reg-reg] m.u_conv1.u_loader._917_/Q -> m.u_conv1._500_/D : -0.139352
[hold reg-reg] m.u_conv1.u_loader._906_/Q -> m.u_conv1._507_/D : -0.138041
[hold reg-reg] m.u_conv2.u_loader._930_/Q -> m.u_conv2.u_loader._934_/D : -0.128953
[hold reg-reg] m.u_conv1.u_loader._916_/Q -> m.u_conv1._499_/D : -0.126603
[hold reg-reg] m._285_/Q -> m.u_conv1._511_/D : -0.122165
[hold reg-reg] m.u_conv1.u_loader._914_/Q -> m.u_conv1._497_/D : -0.121031
[hold reg-reg] m.u_conv1.u_loader._930_/Q -> m.u_conv1.u_loader._934_/D : -0.117048
[hold reg-reg] m._288_/Q -> m.u_pool2._406_/D : -0.102116
[hold reg-reg] m.u_conv2.u_loader._903_/Q -> m.u_conv2._3693_/D : -0.097743
[hold reg-reg] m.u_pool2._405_/Q -> m.u_pool2._382_/D : -0.094134
[hold reg-reg] m._285_/Q -> m.u_conv1._508_/D : -0.090651
[hold reg-reg] m.u_pool1._534_/Q -> m.u_pool1._520_/D : -0.090651
[hold reg-reg] m.u_pool1._533_/Q -> m.u_pool1._525_/D : -0.084938
[hold reg-reg] m._288_/Q -> m.u_pool2._402_/D : -0.053966
[hold reg-reg] m.u_pool2._405_/Q -> m.u_pool2._377_/D : -0.046150
[hold reg-reg] m.u_pool1._539_/Q -> m._284_/D : -0.031769
[hold reg-reg] m.u_pool2._384_/Q -> m.u_pool2._385_/D : -0.021270
[hold reg-reg] m.u_conv2.u_loader._925_/Q -> m.u_conv2.u_loader._905_/D : -0.018659
[hold reg-reg] m.u_conv2.u_loader._933_/Q -> m.u_conv2.u_loader._903_/D : -0.018022
[hold reg-reg] m.u_conv1.u_loader._933_/Q -> m.u_conv1.u_loader._903_/D : -0.016005
[hold reg-reg] m.u_pool2._405_/Q -> m.u_pool2._379_/D : -0.013560
[hold reg-reg] m.u_conv2.u_loader._933_/Q -> m.u_conv2.u_loader._902_/D : -0.004847
[hold reg-reg] m.u_conv2.u_loader._933_/Q -> m.u_conv2.u_loader._901_/D : -0.001633
Writing metric timing__hold_vio__count__corner:nom_typ_1p20V_25C: 49
Writing metric timing__hold_r2r__ws__corner:nom_typ_1p20V_25C: -1.525752
Writing metric timing__hold_r2r_vio__count__corner:nom_typ_1p20V_25C: 49
Writing metric timing__setup_vio__count__corner:nom_typ_1p20V_25C: 0
Writing metric timing__setup_r2r__ws__corner:nom_typ_1p20V_25C: 93.186073
Writing metric timing__setup_r2r_vio__count__corner:nom_typ_1p20V_25C: 0
