[WARNING ORD-0039] .openroad ignored with -python
[WARNING] Bterm VPWR is declared as a 'POWER' pin. It will be ignored.
[WARNING] Bterm VGND is declared as a 'GROUND' pin. It will be ignored.
[INFO ODB-0227] LEF file: /Users/marcandre/Desktop/Startup/TowardsBNN/binaryneuralnet-asic-TTIHP26/ttsetup/pdk/ciel/ihp-sg13g2/versions/c4b8b4e5e7a05f375cca3815d51b3a37721fbf5c/ihp-sg13g2/libs.ref/sg13g2_stdcell/lef/sg13g2_tech.lef, created 19 layers, 70 vias
[INFO ODB-0227] LEF file: /Users/marcandre/Desktop/Startup/TowardsBNN/binaryneuralnet-asic-TTIHP26/ttsetup/pdk/ciel/ihp-sg13g2/versions/c4b8b4e5e7a05f375cca3815d51b3a37721fbf5c/ihp-sg13g2/libs.ref/sg13g2_stdcell/lef/sg13g2_stdcell.lef, created 84 library cells
[INFO ODB-0227] LEF file: /Users/marcandre/Desktop/Startup/TowardsBNN/binaryneuralnet-asic-TTIHP26/ttsetup/pdk/ciel/ihp-sg13g2/versions/c4b8b4e5e7a05f375cca3815d51b3a37721fbf5c/ihp-sg13g2/libs.ref/sg13g2_io/lef/sg13g2_io.lef, created 22 library cells
[INFO ODB-0127] Reading DEF file: /Users/marcandre/Desktop/Startup/TowardsBNN/binaryneuralnet-asic-TTIHP26/tt/tech/ihp-sg13g2/def/tt_block_6x4_pgvdd.def
[INFO ODB-0128] Design: tt_um_template
[INFO ODB-0130]     Created 43 pins.
[INFO ODB-0132]     Created 2 special nets and 0 connections.
[INFO ODB-0133]     Created 43 nets and 0 connections.
[INFO ODB-0134] Finished DEF file: /Users/marcandre/Desktop/Startup/TowardsBNN/binaryneuralnet-asic-TTIHP26/tt/tech/ihp-sg13g2/def/tt_block_6x4_pgvdd.def
[INFO ODB-0227] LEF file: /Users/marcandre/Desktop/Startup/TowardsBNN/binaryneuralnet-asic-TTIHP26/ttsetup/pdk/ciel/ihp-sg13g2/versions/c4b8b4e5e7a05f375cca3815d51b3a37721fbf5c/ihp-sg13g2/libs.ref/sg13g2_stdcell/lef/sg13g2_tech.lef, created 19 layers, 70 vias
[INFO ODB-0227] LEF file: /Users/marcandre/Desktop/Startup/TowardsBNN/binaryneuralnet-asic-TTIHP26/ttsetup/pdk/ciel/ihp-sg13g2/versions/c4b8b4e5e7a05f375cca3815d51b3a37721fbf5c/ihp-sg13g2/libs.ref/sg13g2_stdcell/lef/sg13g2_stdcell.lef, created 84 library cells
[INFO ODB-0227] LEF file: /Users/marcandre/Desktop/Startup/TowardsBNN/binaryneuralnet-asic-TTIHP26/ttsetup/pdk/ciel/ihp-sg13g2/versions/c4b8b4e5e7a05f375cca3815d51b3a37721fbf5c/ihp-sg13g2/libs.ref/sg13g2_io/lef/sg13g2_io.lef, created 22 library cells
[INFO ODB-0127] Reading DEF file: /Users/marcandre/Desktop/Startup/TowardsBNN/binaryneuralnet-asic-TTIHP26/tt/tech/ihp-sg13g2/def/tt_block_6x4_pgvdd.def
[INFO ODB-0128] Design: tt_um_template
[INFO ODB-0130]     Created 43 pins.
[INFO ODB-0132]     Created 2 special nets and 0 connections.
[INFO ODB-0133]     Created 43 nets and 0 connections.
[INFO ODB-0134] Finished DEF file: /Users/marcandre/Desktop/Startup/TowardsBNN/binaryneuralnet-asic-TTIHP26/tt/tech/ihp-sg13g2/def/tt_block_6x4_pgvdd.def
Using manufacturing grid: 5 Using dbu per mircons: 1000
Found 43 block terminals in existing database...
Found 43 template_bterms…
Wrote pin clk at layer Metal4 at (187050, 709640, 187350, 710640, 'PLACED')...
Wrote pin ena at layer Metal4 at (190890, 709640, 191190, 710640, 'PLACED')...
Wrote pin rst_n at layer Metal4 at (183210, 709640, 183510, 710640, 'PLACED')...
Wrote pin ui_in[0] at layer Metal4 at (179370, 709640, 179670, 710640, 'PLACED')...
Wrote pin ui_in[1] at layer Metal4 at (175530, 709640, 175830, 710640, 'PLACED')...
Wrote pin ui_in[2] at layer Metal4 at (171690, 709640, 171990, 710640, 'PLACED')...
Wrote pin ui_in[3] at layer Metal4 at (167850, 709640, 168150, 710640, 'PLACED')...
Wrote pin ui_in[4] at layer Metal4 at (164010, 709640, 164310, 710640, 'PLACED')...
Wrote pin ui_in[5] at layer Metal4 at (160170, 709640, 160470, 710640, 'PLACED')...
Wrote pin ui_in[6] at layer Metal4 at (156330, 709640, 156630, 710640, 'PLACED')...
Wrote pin ui_in[7] at layer Metal4 at (152490, 709640, 152790, 710640, 'PLACED')...
Wrote pin uio_in[0] at layer Metal4 at (148650, 709640, 148950, 710640, 'PLACED')...
Wrote pin uio_in[1] at layer Metal4 at (144810, 709640, 145110, 710640, 'PLACED')...
Wrote pin uio_in[2] at layer Metal4 at (140970, 709640, 141270, 710640, 'PLACED')...
Wrote pin uio_in[3] at layer Metal4 at (137130, 709640, 137430, 710640, 'PLACED')...
Wrote pin uio_in[4] at layer Metal4 at (133290, 709640, 133590, 710640, 'PLACED')...
Wrote pin uio_in[5] at layer Metal4 at (129450, 709640, 129750, 710640, 'PLACED')...
Wrote pin uio_in[6] at layer Metal4 at (125610, 709640, 125910, 710640, 'PLACED')...
Wrote pin uio_in[7] at layer Metal4 at (121770, 709640, 122070, 710640, 'PLACED')...
Wrote pin uio_oe[0] at layer Metal4 at (56490, 709640, 56790, 710640, 'PLACED')...
Wrote pin uio_oe[1] at layer Metal4 at (52650, 709640, 52950, 710640, 'PLACED')...
Wrote pin uio_oe[2] at layer Metal4 at (48810, 709640, 49110, 710640, 'PLACED')...
Wrote pin uio_oe[3] at layer Metal4 at (44970, 709640, 45270, 710640, 'PLACED')...
Wrote pin uio_oe[4] at layer Metal4 at (41130, 709640, 41430, 710640, 'PLACED')...
Wrote pin uio_oe[5] at layer Metal4 at (37290, 709640, 37590, 710640, 'PLACED')...
Wrote pin uio_oe[6] at layer Metal4 at (33450, 709640, 33750, 710640, 'PLACED')...
Wrote pin uio_oe[7] at layer Metal4 at (29610, 709640, 29910, 710640, 'PLACED')...
Wrote pin uio_out[0] at layer Metal4 at (87210, 709640, 87510, 710640, 'PLACED')...
Wrote pin uio_out[1] at layer Metal4 at (83370, 709640, 83670, 710640, 'PLACED')...
Wrote pin uio_out[2] at layer Metal4 at (79530, 709640, 79830, 710640, 'PLACED')...
Wrote pin uio_out[3] at layer Metal4 at (75690, 709640, 75990, 710640, 'PLACED')...
Wrote pin uio_out[4] at layer Metal4 at (71850, 709640, 72150, 710640, 'PLACED')...
Wrote pin uio_out[5] at layer Metal4 at (68010, 709640, 68310, 710640, 'PLACED')...
Wrote pin uio_out[6] at layer Metal4 at (64170, 709640, 64470, 710640, 'PLACED')...
Wrote pin uio_out[7] at layer Metal4 at (60330, 709640, 60630, 710640, 'PLACED')...
Wrote pin uo_out[0] at layer Metal4 at (117930, 709640, 118230, 710640, 'PLACED')...
Wrote pin uo_out[1] at layer Metal4 at (114090, 709640, 114390, 710640, 'PLACED')...
Wrote pin uo_out[2] at layer Metal4 at (110250, 709640, 110550, 710640, 'PLACED')...
Wrote pin uo_out[3] at layer Metal4 at (106410, 709640, 106710, 710640, 'PLACED')...
Wrote pin uo_out[4] at layer Metal4 at (102570, 709640, 102870, 710640, 'PLACED')...
Wrote pin uo_out[5] at layer Metal4 at (98730, 709640, 99030, 710640, 'PLACED')...
Wrote pin uo_out[6] at layer Metal4 at (94890, 709640, 95190, 710640, 'PLACED')...
Wrote pin uo_out[7] at layer Metal4 at (91050, 709640, 91350, 710640, 'PLACED')...
