
Cell sg13g2_a21o_1 (0) disconnected node: X
Cell sg13g2_a21o_1 (0) disconnected node: A1
Cell sg13g2_a21o_1 (0) disconnected node: A2
Cell sg13g2_a21o_1 (0) disconnected node: B1
Cell sg13g2_a21o_1 (0) disconnected node: VDD
Cell sg13g2_a21o_1 (0) disconnected node: VSS

Subcircuit pins:
Circuit 1: sg13g2_a21o_1                   |Circuit 2: sg13g2_a21o_1                   
-------------------------------------------|-------------------------------------------
X                                          |X                                          
A1                                         |A1                                         
A2                                         |A2                                         
B1                                         |B1                                         
VDD                                        |VDD                                        
VSS                                        |VSS                                        
---------------------------------------------------------------------------------------
Cell pin lists are equivalent.
Device classes sg13g2_a21o_1 and sg13g2_a21o_1 are equivalent.

Cell sg13g2_decap_8 (0) disconnected node: VDD
Cell sg13g2_decap_8 (0) disconnected node: VSS

Subcircuit pins:
Circuit 1: sg13g2_decap_8                  |Circuit 2: sg13g2_decap_8                  
-------------------------------------------|-------------------------------------------
VDD                                        |VDD                                        
VSS                                        |VSS                                        
---------------------------------------------------------------------------------------
Cell pin lists are equivalent.
Device classes sg13g2_decap_8 and sg13g2_decap_8 are equivalent.

Cell sg13g2_nand2_1 (0) disconnected node: Y
Cell sg13g2_nand2_1 (0) disconnected node: A
Cell sg13g2_nand2_1 (0) disconnected node: B
Cell sg13g2_nand2_1 (0) disconnected node: VDD
Cell sg13g2_nand2_1 (0) disconnected node: VSS

Subcircuit pins:
Circuit 1: sg13g2_nand2_1                  |Circuit 2: sg13g2_nand2_1                  
-------------------------------------------|-------------------------------------------
Y                                          |Y                                          
A                                          |A                                          
B                                          |B                                          
VDD                                        |VDD                                        
VSS                                        |VSS                                        
---------------------------------------------------------------------------------------
Cell pin lists are equivalent.
Device classes sg13g2_nand2_1 and sg13g2_nand2_1 are equivalent.

Cell sg13g2_nand3_1 (0) disconnected node: Y
Cell sg13g2_nand3_1 (0) disconnected node: A
Cell sg13g2_nand3_1 (0) disconnected node: B
Cell sg13g2_nand3_1 (0) disconnected node: C
Cell sg13g2_nand3_1 (0) disconnected node: VDD
Cell sg13g2_nand3_1 (0) disconnected node: VSS

Subcircuit pins:
Circuit 1: sg13g2_nand3_1                  |Circuit 2: sg13g2_nand3_1                  
-------------------------------------------|-------------------------------------------
Y                                          |Y                                          
A                                          |A                                          
B                                          |B                                          
C                                          |C                                          
VDD                                        |VDD                                        
VSS                                        |VSS                                        
---------------------------------------------------------------------------------------
Cell pin lists are equivalent.
Device classes sg13g2_nand3_1 and sg13g2_nand3_1 are equivalent.

Cell sg13g2_xor2_1 (0) disconnected node: X
Cell sg13g2_xor2_1 (0) disconnected node: A
Cell sg13g2_xor2_1 (0) disconnected node: B
Cell sg13g2_xor2_1 (0) disconnected node: VDD
Cell sg13g2_xor2_1 (0) disconnected node: VSS

Subcircuit pins:
Circuit 1: sg13g2_xor2_1                   |Circuit 2: sg13g2_xor2_1                   
-------------------------------------------|-------------------------------------------
X                                          |X                                          
A                                          |A                                          
B                                          |B                                          
VDD                                        |VDD                                        
VSS                                        |VSS                                        
---------------------------------------------------------------------------------------
Cell pin lists are equivalent.
Device classes sg13g2_xor2_1 and sg13g2_xor2_1 are equivalent.

Cell sg13g2_fill_1 (0) disconnected node: VDD
Cell sg13g2_fill_1 (0) disconnected node: VSS
Cell sg13g2_fill_1 (1) disconnected node: VDD
Cell sg13g2_fill_1 (1) disconnected node: VSS

Subcircuit pins:
Circuit 1: sg13g2_fill_1                   |Circuit 2: sg13g2_fill_1                   
-------------------------------------------|-------------------------------------------
VDD                                        |VDD                                        
VSS                                        |VSS                                        
---------------------------------------------------------------------------------------
Cell pin lists are equivalent.
Device classes sg13g2_fill_1 and sg13g2_fill_1 are equivalent.

Cell sg13g2_decap_4 (0) disconnected node: VDD
Cell sg13g2_decap_4 (0) disconnected node: VSS

Subcircuit pins:
Circuit 1: sg13g2_decap_4                  |Circuit 2: sg13g2_decap_4                  
-------------------------------------------|-------------------------------------------
VDD                                        |VDD                                        
VSS                                        |VSS                                        
---------------------------------------------------------------------------------------
Cell pin lists are equivalent.
Device classes sg13g2_decap_4 and sg13g2_decap_4 are equivalent.

Cell sg13g2_nor3_1 (0) disconnected node: Y
Cell sg13g2_nor3_1 (0) disconnected node: A
Cell sg13g2_nor3_1 (0) disconnected node: B
Cell sg13g2_nor3_1 (0) disconnected node: C
Cell sg13g2_nor3_1 (0) disconnected node: VDD
Cell sg13g2_nor3_1 (0) disconnected node: VSS

Subcircuit pins:
Circuit 1: sg13g2_nor3_1                   |Circuit 2: sg13g2_nor3_1                   
-------------------------------------------|-------------------------------------------
Y                                          |Y                                          
A                                          |A                                          
B                                          |B                                          
C                                          |C                                          
VDD                                        |VDD                                        
VSS                                        |VSS                                        
---------------------------------------------------------------------------------------
Cell pin lists are equivalent.
Device classes sg13g2_nor3_1 and sg13g2_nor3_1 are equivalent.

Cell sg13g2_nor2_1 (0) disconnected node: Y
Cell sg13g2_nor2_1 (0) disconnected node: A
Cell sg13g2_nor2_1 (0) disconnected node: B
Cell sg13g2_nor2_1 (0) disconnected node: VDD
Cell sg13g2_nor2_1 (0) disconnected node: VSS

Subcircuit pins:
Circuit 1: sg13g2_nor2_1                   |Circuit 2: sg13g2_nor2_1                   
-------------------------------------------|-------------------------------------------
Y                                          |Y                                          
A                                          |A                                          
B                                          |B                                          
VDD                                        |VDD                                        
VSS                                        |VSS                                        
---------------------------------------------------------------------------------------
Cell pin lists are equivalent.
Device classes sg13g2_nor2_1 and sg13g2_nor2_1 are equivalent.

Cell sg13g2_xnor2_1 (0) disconnected node: Y
Cell sg13g2_xnor2_1 (0) disconnected node: A
Cell sg13g2_xnor2_1 (0) disconnected node: B
Cell sg13g2_xnor2_1 (0) disconnected node: VDD
Cell sg13g2_xnor2_1 (0) disconnected node: VSS

Subcircuit pins:
Circuit 1: sg13g2_xnor2_1                  |Circuit 2: sg13g2_xnor2_1                  
-------------------------------------------|-------------------------------------------
Y                                          |Y                                          
A                                          |A                                          
B                                          |B                                          
VDD                                        |VDD                                        
VSS                                        |VSS                                        
---------------------------------------------------------------------------------------
Cell pin lists are equivalent.
Device classes sg13g2_xnor2_1 and sg13g2_xnor2_1 are equivalent.

Cell sg13g2_fill_2 (0) disconnected node: VDD
Cell sg13g2_fill_2 (0) disconnected node: VSS
Cell sg13g2_fill_2 (1) disconnected node: VDD
Cell sg13g2_fill_2 (1) disconnected node: VSS

Subcircuit pins:
Circuit 1: sg13g2_fill_2                   |Circuit 2: sg13g2_fill_2                   
-------------------------------------------|-------------------------------------------
VDD                                        |VDD                                        
VSS                                        |VSS                                        
---------------------------------------------------------------------------------------
Cell pin lists are equivalent.
Device classes sg13g2_fill_2 and sg13g2_fill_2 are equivalent.

Cell sg13g2_nand2b_1 (0) disconnected node: Y
Cell sg13g2_nand2b_1 (0) disconnected node: A_N
Cell sg13g2_nand2b_1 (0) disconnected node: B
Cell sg13g2_nand2b_1 (0) disconnected node: VDD
Cell sg13g2_nand2b_1 (0) disconnected node: VSS

Subcircuit pins:
Circuit 1: sg13g2_nand2b_1                 |Circuit 2: sg13g2_nand2b_1                 
-------------------------------------------|-------------------------------------------
Y                                          |Y                                          
A_N                                        |A_N                                        
B                                          |B                                          
VDD                                        |VDD                                        
VSS                                        |VSS                                        
---------------------------------------------------------------------------------------
Cell pin lists are equivalent.
Device classes sg13g2_nand2b_1 and sg13g2_nand2b_1 are equivalent.

Cell sg13g2_a21oi_1 (0) disconnected node: Y
Cell sg13g2_a21oi_1 (0) disconnected node: A1
Cell sg13g2_a21oi_1 (0) disconnected node: A2
Cell sg13g2_a21oi_1 (0) disconnected node: B1
Cell sg13g2_a21oi_1 (0) disconnected node: VDD
Cell sg13g2_a21oi_1 (0) disconnected node: VSS

Subcircuit pins:
Circuit 1: sg13g2_a21oi_1                  |Circuit 2: sg13g2_a21oi_1                  
-------------------------------------------|-------------------------------------------
Y                                          |Y                                          
A1                                         |A1                                         
A2                                         |A2                                         
B1                                         |B1                                         
VDD                                        |VDD                                        
VSS                                        |VSS                                        
---------------------------------------------------------------------------------------
Cell pin lists are equivalent.
Device classes sg13g2_a21oi_1 and sg13g2_a21oi_1 are equivalent.

Cell sg13g2_a22oi_1 (0) disconnected node: Y
Cell sg13g2_a22oi_1 (0) disconnected node: A1
Cell sg13g2_a22oi_1 (0) disconnected node: A2
Cell sg13g2_a22oi_1 (0) disconnected node: B1
Cell sg13g2_a22oi_1 (0) disconnected node: B2
Cell sg13g2_a22oi_1 (0) disconnected node: VDD
Cell sg13g2_a22oi_1 (0) disconnected node: VSS

Subcircuit pins:
Circuit 1: sg13g2_a22oi_1                  |Circuit 2: sg13g2_a22oi_1                  
-------------------------------------------|-------------------------------------------
Y                                          |Y                                          
A1                                         |A1                                         
A2                                         |A2                                         
B1                                         |B1                                         
B2                                         |B2                                         
VDD                                        |VDD                                        
VSS                                        |VSS                                        
---------------------------------------------------------------------------------------
Cell pin lists are equivalent.
Device classes sg13g2_a22oi_1 and sg13g2_a22oi_1 are equivalent.

Cell sg13g2_nand4_1 (0) disconnected node: Y
Cell sg13g2_nand4_1 (0) disconnected node: A
Cell sg13g2_nand4_1 (0) disconnected node: B
Cell sg13g2_nand4_1 (0) disconnected node: C
Cell sg13g2_nand4_1 (0) disconnected node: D
Cell sg13g2_nand4_1 (0) disconnected node: VDD
Cell sg13g2_nand4_1 (0) disconnected node: VSS

Subcircuit pins:
Circuit 1: sg13g2_nand4_1                  |Circuit 2: sg13g2_nand4_1                  
-------------------------------------------|-------------------------------------------
Y                                          |Y                                          
A                                          |A                                          
B                                          |B                                          
C                                          |C                                          
D                                          |D                                          
VDD                                        |VDD                                        
VSS                                        |VSS                                        
---------------------------------------------------------------------------------------
Cell pin lists are equivalent.
Device classes sg13g2_nand4_1 and sg13g2_nand4_1 are equivalent.

Cell sg13g2_nor2b_1 (0) disconnected node: Y
Cell sg13g2_nor2b_1 (0) disconnected node: A
Cell sg13g2_nor2b_1 (0) disconnected node: B_N
Cell sg13g2_nor2b_1 (0) disconnected node: VDD
Cell sg13g2_nor2b_1 (0) disconnected node: VSS

Subcircuit pins:
Circuit 1: sg13g2_nor2b_1                  |Circuit 2: sg13g2_nor2b_1                  
-------------------------------------------|-------------------------------------------
Y                                          |Y                                          
A                                          |A                                          
B_N                                        |B_N                                        
VDD                                        |VDD                                        
VSS                                        |VSS                                        
---------------------------------------------------------------------------------------
Cell pin lists are equivalent.
Device classes sg13g2_nor2b_1 and sg13g2_nor2b_1 are equivalent.

Cell sg13g2_dfrbpq_1 (0) disconnected node: Q
Cell sg13g2_dfrbpq_1 (0) disconnected node: CLK
Cell sg13g2_dfrbpq_1 (0) disconnected node: D
Cell sg13g2_dfrbpq_1 (0) disconnected node: RESET_B
Cell sg13g2_dfrbpq_1 (0) disconnected node: VDD
Cell sg13g2_dfrbpq_1 (0) disconnected node: VSS

Subcircuit pins:
Circuit 1: sg13g2_dfrbpq_1                 |Circuit 2: sg13g2_dfrbpq_1                 
-------------------------------------------|-------------------------------------------
Q                                          |Q                                          
CLK                                        |CLK                                        
D                                          |D                                          
RESET_B                                    |RESET_B                                    
VDD                                        |VDD                                        
VSS                                        |VSS                                        
---------------------------------------------------------------------------------------
Cell pin lists are equivalent.
Device classes sg13g2_dfrbpq_1 and sg13g2_dfrbpq_1 are equivalent.

Cell sg13g2_buf_1 (0) disconnected node: X
Cell sg13g2_buf_1 (0) disconnected node: A
Cell sg13g2_buf_1 (0) disconnected node: VDD
Cell sg13g2_buf_1 (0) disconnected node: VSS

Subcircuit pins:
Circuit 1: sg13g2_buf_1                    |Circuit 2: sg13g2_buf_1                    
-------------------------------------------|-------------------------------------------
X                                          |X                                          
A                                          |A                                          
VDD                                        |VDD                                        
VSS                                        |VSS                                        
---------------------------------------------------------------------------------------
Cell pin lists are equivalent.
Device classes sg13g2_buf_1 and sg13g2_buf_1 are equivalent.

Cell sg13g2_o21ai_1 (0) disconnected node: Y
Cell sg13g2_o21ai_1 (0) disconnected node: A1
Cell sg13g2_o21ai_1 (0) disconnected node: A2
Cell sg13g2_o21ai_1 (0) disconnected node: B1
Cell sg13g2_o21ai_1 (0) disconnected node: VDD
Cell sg13g2_o21ai_1 (0) disconnected node: VSS

Subcircuit pins:
Circuit 1: sg13g2_o21ai_1                  |Circuit 2: sg13g2_o21ai_1                  
-------------------------------------------|-------------------------------------------
Y                                          |Y                                          
A1                                         |A1                                         
A2                                         |A2                                         
B1                                         |B1                                         
VDD                                        |VDD                                        
VSS                                        |VSS                                        
---------------------------------------------------------------------------------------
Cell pin lists are equivalent.
Device classes sg13g2_o21ai_1 and sg13g2_o21ai_1 are equivalent.

Cell sg13g2_inv_1 (0) disconnected node: Y
Cell sg13g2_inv_1 (0) disconnected node: A
Cell sg13g2_inv_1 (0) disconnected node: VDD
Cell sg13g2_inv_1 (0) disconnected node: VSS

Subcircuit pins:
Circuit 1: sg13g2_inv_1                    |Circuit 2: sg13g2_inv_1                    
-------------------------------------------|-------------------------------------------
Y                                          |Y                                          
A                                          |A                                          
VDD                                        |VDD                                        
VSS                                        |VSS                                        
---------------------------------------------------------------------------------------
Cell pin lists are equivalent.
Device classes sg13g2_inv_1 and sg13g2_inv_1 are equivalent.

Cell sg13g2_and3_1 (0) disconnected node: X
Cell sg13g2_and3_1 (0) disconnected node: A
Cell sg13g2_and3_1 (0) disconnected node: B
Cell sg13g2_and3_1 (0) disconnected node: C
Cell sg13g2_and3_1 (0) disconnected node: VDD
Cell sg13g2_and3_1 (0) disconnected node: VSS

Subcircuit pins:
Circuit 1: sg13g2_and3_1                   |Circuit 2: sg13g2_and3_1                   
-------------------------------------------|-------------------------------------------
X                                          |X                                          
A                                          |A                                          
B                                          |B                                          
C                                          |C                                          
VDD                                        |VDD                                        
VSS                                        |VSS                                        
---------------------------------------------------------------------------------------
Cell pin lists are equivalent.
Device classes sg13g2_and3_1 and sg13g2_and3_1 are equivalent.

Cell sg13g2_tielo (0) disconnected node: L_LO
Cell sg13g2_tielo (0) disconnected node: VDD
Cell sg13g2_tielo (0) disconnected node: VSS

Subcircuit pins:
Circuit 1: sg13g2_tielo                    |Circuit 2: sg13g2_tielo                    
-------------------------------------------|-------------------------------------------
L_LO                                       |L_LO                                       
VDD                                        |VDD                                        
VSS                                        |VSS                                        
---------------------------------------------------------------------------------------
Cell pin lists are equivalent.
Device classes sg13g2_tielo and sg13g2_tielo are equivalent.

Cell sg13g2_and2_1 (0) disconnected node: X
Cell sg13g2_and2_1 (0) disconnected node: A
Cell sg13g2_and2_1 (0) disconnected node: B
Cell sg13g2_and2_1 (0) disconnected node: VDD
Cell sg13g2_and2_1 (0) disconnected node: VSS

Subcircuit pins:
Circuit 1: sg13g2_and2_1                   |Circuit 2: sg13g2_and2_1                   
-------------------------------------------|-------------------------------------------
X                                          |X                                          
A                                          |A                                          
B                                          |B                                          
VDD                                        |VDD                                        
VSS                                        |VSS                                        
---------------------------------------------------------------------------------------
Cell pin lists are equivalent.
Device classes sg13g2_and2_1 and sg13g2_and2_1 are equivalent.

Cell sg13g2_a221oi_1 (0) disconnected node: Y
Cell sg13g2_a221oi_1 (0) disconnected node: A1
Cell sg13g2_a221oi_1 (0) disconnected node: A2
Cell sg13g2_a221oi_1 (0) disconnected node: B1
Cell sg13g2_a221oi_1 (0) disconnected node: B2
Cell sg13g2_a221oi_1 (0) disconnected node: C1
Cell sg13g2_a221oi_1 (0) disconnected node: VDD
Cell sg13g2_a221oi_1 (0) disconnected node: VSS

Subcircuit pins:
Circuit 1: sg13g2_a221oi_1                 |Circuit 2: sg13g2_a221oi_1                 
-------------------------------------------|-------------------------------------------
Y                                          |Y                                          
A1                                         |A1                                         
A2                                         |A2                                         
B1                                         |B1                                         
B2                                         |B2                                         
C1                                         |C1                                         
VDD                                        |VDD                                        
VSS                                        |VSS                                        
---------------------------------------------------------------------------------------
Cell pin lists are equivalent.
Device classes sg13g2_a221oi_1 and sg13g2_a221oi_1 are equivalent.

Cell sg13g2_mux2_1 (0) disconnected node: X
Cell sg13g2_mux2_1 (0) disconnected node: A0
Cell sg13g2_mux2_1 (0) disconnected node: A1
Cell sg13g2_mux2_1 (0) disconnected node: S
Cell sg13g2_mux2_1 (0) disconnected node: VDD
Cell sg13g2_mux2_1 (0) disconnected node: VSS

Subcircuit pins:
Circuit 1: sg13g2_mux2_1                   |Circuit 2: sg13g2_mux2_1                   
-------------------------------------------|-------------------------------------------
X                                          |X                                          
A0                                         |A0                                         
A1                                         |A1                                         
S                                          |S                                          
VDD                                        |VDD                                        
VSS                                        |VSS                                        
---------------------------------------------------------------------------------------
Cell pin lists are equivalent.
Device classes sg13g2_mux2_1 and sg13g2_mux2_1 are equivalent.

Cell sg13g2_or2_1 (0) disconnected node: X
Cell sg13g2_or2_1 (0) disconnected node: A
Cell sg13g2_or2_1 (0) disconnected node: B
Cell sg13g2_or2_1 (0) disconnected node: VDD
Cell sg13g2_or2_1 (0) disconnected node: VSS

Subcircuit pins:
Circuit 1: sg13g2_or2_1                    |Circuit 2: sg13g2_or2_1                    
-------------------------------------------|-------------------------------------------
X                                          |X                                          
A                                          |A                                          
B                                          |B                                          
VDD                                        |VDD                                        
VSS                                        |VSS                                        
---------------------------------------------------------------------------------------
Cell pin lists are equivalent.
Device classes sg13g2_or2_1 and sg13g2_or2_1 are equivalent.

Cell sg13g2_tiehi (0) disconnected node: L_HI
Cell sg13g2_tiehi (0) disconnected node: VDD
Cell sg13g2_tiehi (0) disconnected node: VSS

Subcircuit pins:
Circuit 1: sg13g2_tiehi                    |Circuit 2: sg13g2_tiehi                    
-------------------------------------------|-------------------------------------------
L_HI                                       |L_HI                                       
VDD                                        |VDD                                        
VSS                                        |VSS                                        
---------------------------------------------------------------------------------------
Cell pin lists are equivalent.
Device classes sg13g2_tiehi and sg13g2_tiehi are equivalent.

Cell sg13g2_buf_4 (0) disconnected node: X
Cell sg13g2_buf_4 (0) disconnected node: A
Cell sg13g2_buf_4 (0) disconnected node: VDD
Cell sg13g2_buf_4 (0) disconnected node: VSS

Subcircuit pins:
Circuit 1: sg13g2_buf_4                    |Circuit 2: sg13g2_buf_4                    
-------------------------------------------|-------------------------------------------
X                                          |X                                          
A                                          |A                                          
VDD                                        |VDD                                        
VSS                                        |VSS                                        
---------------------------------------------------------------------------------------
Cell pin lists are equivalent.
Device classes sg13g2_buf_4 and sg13g2_buf_4 are equivalent.

Cell sg13g2_or3_1 (0) disconnected node: X
Cell sg13g2_or3_1 (0) disconnected node: A
Cell sg13g2_or3_1 (0) disconnected node: B
Cell sg13g2_or3_1 (0) disconnected node: C
Cell sg13g2_or3_1 (0) disconnected node: VDD
Cell sg13g2_or3_1 (0) disconnected node: VSS

Subcircuit pins:
Circuit 1: sg13g2_or3_1                    |Circuit 2: sg13g2_or3_1                    
-------------------------------------------|-------------------------------------------
X                                          |X                                          
A                                          |A                                          
B                                          |B                                          
C                                          |C                                          
VDD                                        |VDD                                        
VSS                                        |VSS                                        
---------------------------------------------------------------------------------------
Cell pin lists are equivalent.
Device classes sg13g2_or3_1 and sg13g2_or3_1 are equivalent.

Cell sg13g2_nand3b_1 (0) disconnected node: Y
Cell sg13g2_nand3b_1 (0) disconnected node: A_N
Cell sg13g2_nand3b_1 (0) disconnected node: B
Cell sg13g2_nand3b_1 (0) disconnected node: C
Cell sg13g2_nand3b_1 (0) disconnected node: VDD
Cell sg13g2_nand3b_1 (0) disconnected node: VSS

Subcircuit pins:
Circuit 1: sg13g2_nand3b_1                 |Circuit 2: sg13g2_nand3b_1                 
-------------------------------------------|-------------------------------------------
Y                                          |Y                                          
A_N                                        |A_N                                        
B                                          |B                                          
C                                          |C                                          
VDD                                        |VDD                                        
VSS                                        |VSS                                        
---------------------------------------------------------------------------------------
Cell pin lists are equivalent.
Device classes sg13g2_nand3b_1 and sg13g2_nand3b_1 are equivalent.

Cell sg13g2_dlygate4sd3_1 (0) disconnected node: X
Cell sg13g2_dlygate4sd3_1 (0) disconnected node: A
Cell sg13g2_dlygate4sd3_1 (0) disconnected node: VDD
Cell sg13g2_dlygate4sd3_1 (0) disconnected node: VSS

Subcircuit pins:
Circuit 1: sg13g2_dlygate4sd3_1            |Circuit 2: sg13g2_dlygate4sd3_1            
-------------------------------------------|-------------------------------------------
X                                          |X                                          
A                                          |A                                          
VDD                                        |VDD                                        
VSS                                        |VSS                                        
---------------------------------------------------------------------------------------
Cell pin lists are equivalent.
Device classes sg13g2_dlygate4sd3_1 and sg13g2_dlygate4sd3_1 are equivalent.

Cell sg13g2_antennanp (0) disconnected node: A
Cell sg13g2_antennanp (0) disconnected node: VDD
Cell sg13g2_antennanp (0) disconnected node: VSS

Subcircuit pins:
Circuit 1: sg13g2_antennanp                |Circuit 2: sg13g2_antennanp                
-------------------------------------------|-------------------------------------------
A                                          |A                                          
VDD                                        |VDD                                        
VSS                                        |VSS                                        
---------------------------------------------------------------------------------------
Cell pin lists are equivalent.
Device classes sg13g2_antennanp and sg13g2_antennanp are equivalent.

Cell sg13g2_buf_8 (0) disconnected node: X
Cell sg13g2_buf_8 (0) disconnected node: A
Cell sg13g2_buf_8 (0) disconnected node: VDD
Cell sg13g2_buf_8 (0) disconnected node: VSS

Subcircuit pins:
Circuit 1: sg13g2_buf_8                    |Circuit 2: sg13g2_buf_8                    
-------------------------------------------|-------------------------------------------
X                                          |X                                          
A                                          |A                                          
VDD                                        |VDD                                        
VSS                                        |VSS                                        
---------------------------------------------------------------------------------------
Cell pin lists are equivalent.
Device classes sg13g2_buf_8 and sg13g2_buf_8 are equivalent.

Cell sg13g2_and4_1 (0) disconnected node: X
Cell sg13g2_and4_1 (0) disconnected node: A
Cell sg13g2_and4_1 (0) disconnected node: B
Cell sg13g2_and4_1 (0) disconnected node: C
Cell sg13g2_and4_1 (0) disconnected node: D
Cell sg13g2_and4_1 (0) disconnected node: VDD
Cell sg13g2_and4_1 (0) disconnected node: VSS

Subcircuit pins:
Circuit 1: sg13g2_and4_1                   |Circuit 2: sg13g2_and4_1                   
-------------------------------------------|-------------------------------------------
X                                          |X                                          
A                                          |A                                          
B                                          |B                                          
C                                          |C                                          
D                                          |D                                          
VDD                                        |VDD                                        
VSS                                        |VSS                                        
---------------------------------------------------------------------------------------
Cell pin lists are equivalent.
Device classes sg13g2_and4_1 and sg13g2_and4_1 are equivalent.

Cell sg13g2_nor4_1 (0) disconnected node: Y
Cell sg13g2_nor4_1 (0) disconnected node: A
Cell sg13g2_nor4_1 (0) disconnected node: B
Cell sg13g2_nor4_1 (0) disconnected node: C
Cell sg13g2_nor4_1 (0) disconnected node: D
Cell sg13g2_nor4_1 (0) disconnected node: VDD
Cell sg13g2_nor4_1 (0) disconnected node: VSS

Subcircuit pins:
Circuit 1: sg13g2_nor4_1                   |Circuit 2: sg13g2_nor4_1                   
-------------------------------------------|-------------------------------------------
Y                                          |Y                                          
A                                          |A                                          
B                                          |B                                          
C                                          |C                                          
D                                          |D                                          
VDD                                        |VDD                                        
VSS                                        |VSS                                        
---------------------------------------------------------------------------------------
Cell pin lists are equivalent.
Device classes sg13g2_nor4_1 and sg13g2_nor4_1 are equivalent.

Cell sg13g2_buf_2 (0) disconnected node: X
Cell sg13g2_buf_2 (0) disconnected node: A
Cell sg13g2_buf_2 (0) disconnected node: VDD
Cell sg13g2_buf_2 (0) disconnected node: VSS

Subcircuit pins:
Circuit 1: sg13g2_buf_2                    |Circuit 2: sg13g2_buf_2                    
-------------------------------------------|-------------------------------------------
X                                          |X                                          
A                                          |A                                          
VDD                                        |VDD                                        
VSS                                        |VSS                                        
---------------------------------------------------------------------------------------
Cell pin lists are equivalent.
Device classes sg13g2_buf_2 and sg13g2_buf_2 are equivalent.

Cell sg13g2_buf_16 (0) disconnected node: X
Cell sg13g2_buf_16 (0) disconnected node: A
Cell sg13g2_buf_16 (0) disconnected node: VDD
Cell sg13g2_buf_16 (0) disconnected node: VSS

Subcircuit pins:
Circuit 1: sg13g2_buf_16                   |Circuit 2: sg13g2_buf_16                   
-------------------------------------------|-------------------------------------------
X                                          |X                                          
A                                          |A                                          
VDD                                        |VDD                                        
VSS                                        |VSS                                        
---------------------------------------------------------------------------------------
Cell pin lists are equivalent.
Device classes sg13g2_buf_16 and sg13g2_buf_16 are equivalent.

Cell sg13g2_or4_1 (0) disconnected node: X
Cell sg13g2_or4_1 (0) disconnected node: A
Cell sg13g2_or4_1 (0) disconnected node: B
Cell sg13g2_or4_1 (0) disconnected node: C
Cell sg13g2_or4_1 (0) disconnected node: D
Cell sg13g2_or4_1 (0) disconnected node: VDD
Cell sg13g2_or4_1 (0) disconnected node: VSS

Subcircuit pins:
Circuit 1: sg13g2_or4_1                    |Circuit 2: sg13g2_or4_1                    
-------------------------------------------|-------------------------------------------
X                                          |X                                          
A                                          |A                                          
B                                          |B                                          
C                                          |C                                          
D                                          |D                                          
VDD                                        |VDD                                        
VSS                                        |VSS                                        
---------------------------------------------------------------------------------------
Cell pin lists are equivalent.
Device classes sg13g2_or4_1 and sg13g2_or4_1 are equivalent.

Cell sg13g2_inv_2 (0) disconnected node: Y
Cell sg13g2_inv_2 (0) disconnected node: A
Cell sg13g2_inv_2 (0) disconnected node: VDD
Cell sg13g2_inv_2 (0) disconnected node: VSS

Subcircuit pins:
Circuit 1: sg13g2_inv_2                    |Circuit 2: sg13g2_inv_2                    
-------------------------------------------|-------------------------------------------
Y                                          |Y                                          
A                                          |A                                          
VDD                                        |VDD                                        
VSS                                        |VSS                                        
---------------------------------------------------------------------------------------
Cell pin lists are equivalent.
Device classes sg13g2_inv_2 and sg13g2_inv_2 are equivalent.

Cell sg13g2_inv_8 (0) disconnected node: Y
Cell sg13g2_inv_8 (0) disconnected node: A
Cell sg13g2_inv_8 (0) disconnected node: VDD
Cell sg13g2_inv_8 (0) disconnected node: VSS

Subcircuit pins:
Circuit 1: sg13g2_inv_8                    |Circuit 2: sg13g2_inv_8                    
-------------------------------------------|-------------------------------------------
Y                                          |Y                                          
A                                          |A                                          
VDD                                        |VDD                                        
VSS                                        |VSS                                        
---------------------------------------------------------------------------------------
Cell pin lists are equivalent.
Device classes sg13g2_inv_8 and sg13g2_inv_8 are equivalent.

Cell sg13g2_inv_4 (0) disconnected node: Y
Cell sg13g2_inv_4 (0) disconnected node: A
Cell sg13g2_inv_4 (0) disconnected node: VDD
Cell sg13g2_inv_4 (0) disconnected node: VSS

Subcircuit pins:
Circuit 1: sg13g2_inv_4                    |Circuit 2: sg13g2_inv_4                    
-------------------------------------------|-------------------------------------------
Y                                          |Y                                          
A                                          |A                                          
VDD                                        |VDD                                        
VSS                                        |VSS                                        
---------------------------------------------------------------------------------------
Cell pin lists are equivalent.
Device classes sg13g2_inv_4 and sg13g2_inv_4 are equivalent.

Cell RM_IHPSG13_1P_256x8_c3_bm_bist (0) disconnected node: A_DIN[4]
Cell RM_IHPSG13_1P_256x8_c3_bm_bist (0) disconnected node: A_DIN[3]
Cell RM_IHPSG13_1P_256x8_c3_bm_bist (0) disconnected node: A_BIST_DIN[4]
Cell RM_IHPSG13_1P_256x8_c3_bm_bist (0) disconnected node: A_BIST_DIN[3]
Cell RM_IHPSG13_1P_256x8_c3_bm_bist (0) disconnected node: A_BM[4]
Cell RM_IHPSG13_1P_256x8_c3_bm_bist (0) disconnected node: A_BM[3]
Cell RM_IHPSG13_1P_256x8_c3_bm_bist (0) disconnected node: A_BIST_BM[4]
Cell RM_IHPSG13_1P_256x8_c3_bm_bist (0) disconnected node: A_BIST_BM[3]
Cell RM_IHPSG13_1P_256x8_c3_bm_bist (0) disconnected node: A_DOUT[4]
Cell RM_IHPSG13_1P_256x8_c3_bm_bist (0) disconnected node: A_DOUT[3]
Cell RM_IHPSG13_1P_256x8_c3_bm_bist (0) disconnected node: VSS
Cell RM_IHPSG13_1P_256x8_c3_bm_bist (0) disconnected node: VDD
Cell RM_IHPSG13_1P_256x8_c3_bm_bist (0) disconnected node: VDDARRAY
Cell RM_IHPSG13_1P_256x8_c3_bm_bist (0) disconnected node: A_DIN[5]
Cell RM_IHPSG13_1P_256x8_c3_bm_bist (0) disconnected node: A_DIN[2]
Cell RM_IHPSG13_1P_256x8_c3_bm_bist (0) disconnected node: A_BIST_DIN[5]
Cell RM_IHPSG13_1P_256x8_c3_bm_bist (0) disconnected node: A_BIST_DIN[2]
Cell RM_IHPSG13_1P_256x8_c3_bm_bist (0) disconnected node: A_BM[5]
Cell RM_IHPSG13_1P_256x8_c3_bm_bist (0) disconnected node: A_BM[2]
Cell RM_IHPSG13_1P_256x8_c3_bm_bist (0) disconnected node: A_BIST_BM[5]
Cell RM_IHPSG13_1P_256x8_c3_bm_bist (0) disconnected node: A_BIST_BM[2]
Cell RM_IHPSG13_1P_256x8_c3_bm_bist (0) disconnected node: A_DOUT[5]
Cell RM_IHPSG13_1P_256x8_c3_bm_bist (0) disconnected node: A_DOUT[2]
Cell RM_IHPSG13_1P_256x8_c3_bm_bist (0) disconnected node: A_DIN[6]
Cell RM_IHPSG13_1P_256x8_c3_bm_bist (0) disconnected node: A_DIN[1]
Cell RM_IHPSG13_1P_256x8_c3_bm_bist (0) disconnected node: A_BIST_DIN[6]
Cell RM_IHPSG13_1P_256x8_c3_bm_bist (0) disconnected node: A_BIST_DIN[1]
Cell RM_IHPSG13_1P_256x8_c3_bm_bist (0) disconnected node: A_BM[6]
Cell RM_IHPSG13_1P_256x8_c3_bm_bist (0) disconnected node: A_BM[1]
Cell RM_IHPSG13_1P_256x8_c3_bm_bist (0) disconnected node: A_BIST_BM[6]
Cell RM_IHPSG13_1P_256x8_c3_bm_bist (0) disconnected node: A_BIST_BM[1]
Cell RM_IHPSG13_1P_256x8_c3_bm_bist (0) disconnected node: A_DOUT[6]
Cell RM_IHPSG13_1P_256x8_c3_bm_bist (0) disconnected node: A_DOUT[1]
Cell RM_IHPSG13_1P_256x8_c3_bm_bist (0) disconnected node: A_DIN[7]
Cell RM_IHPSG13_1P_256x8_c3_bm_bist (0) disconnected node: A_DIN[0]
Cell RM_IHPSG13_1P_256x8_c3_bm_bist (0) disconnected node: A_BIST_DIN[7]
Cell RM_IHPSG13_1P_256x8_c3_bm_bist (0) disconnected node: A_BIST_DIN[0]
Cell RM_IHPSG13_1P_256x8_c3_bm_bist (0) disconnected node: A_BM[7]
Cell RM_IHPSG13_1P_256x8_c3_bm_bist (0) disconnected node: A_BM[0]
Cell RM_IHPSG13_1P_256x8_c3_bm_bist (0) disconnected node: A_BIST_BM[7]
Cell RM_IHPSG13_1P_256x8_c3_bm_bist (0) disconnected node: A_BIST_BM[0]
Cell RM_IHPSG13_1P_256x8_c3_bm_bist (0) disconnected node: A_DOUT[7]
Cell RM_IHPSG13_1P_256x8_c3_bm_bist (0) disconnected node: A_DOUT[0]
Cell RM_IHPSG13_1P_256x8_c3_bm_bist (0) disconnected node: A_ADDR[0]
Cell RM_IHPSG13_1P_256x8_c3_bm_bist (0) disconnected node: A_BIST_ADDR[0]
Cell RM_IHPSG13_1P_256x8_c3_bm_bist (0) disconnected node: A_ADDR[1]
Cell RM_IHPSG13_1P_256x8_c3_bm_bist (0) disconnected node: A_BIST_ADDR[1]
Cell RM_IHPSG13_1P_256x8_c3_bm_bist (0) disconnected node: A_ADDR[2]
Cell RM_IHPSG13_1P_256x8_c3_bm_bist (0) disconnected node: A_BIST_ADDR[2]
Cell RM_IHPSG13_1P_256x8_c3_bm_bist (0) disconnected node: A_ADDR[3]
Cell RM_IHPSG13_1P_256x8_c3_bm_bist (0) disconnected node: A_BIST_ADDR[3]
Cell RM_IHPSG13_1P_256x8_c3_bm_bist (0) disconnected node: A_ADDR[4]
Cell RM_IHPSG13_1P_256x8_c3_bm_bist (0) disconnected node: A_BIST_ADDR[4]
Cell RM_IHPSG13_1P_256x8_c3_bm_bist (0) disconnected node: A_ADDR[5]
Cell RM_IHPSG13_1P_256x8_c3_bm_bist (0) disconnected node: A_BIST_ADDR[5]
Cell RM_IHPSG13_1P_256x8_c3_bm_bist (0) disconnected node: A_ADDR[6]
Cell RM_IHPSG13_1P_256x8_c3_bm_bist (0) disconnected node: A_BIST_ADDR[6]
Cell RM_IHPSG13_1P_256x8_c3_bm_bist (0) disconnected node: A_ADDR[7]
Cell RM_IHPSG13_1P_256x8_c3_bm_bist (0) disconnected node: A_BIST_ADDR[7]
Cell RM_IHPSG13_1P_256x8_c3_bm_bist (0) disconnected node: A_CLK
Cell RM_IHPSG13_1P_256x8_c3_bm_bist (0) disconnected node: A_REN
Cell RM_IHPSG13_1P_256x8_c3_bm_bist (0) disconnected node: A_WEN
Cell RM_IHPSG13_1P_256x8_c3_bm_bist (0) disconnected node: A_MEN
Cell RM_IHPSG13_1P_256x8_c3_bm_bist (0) disconnected node: A_DLY
Cell RM_IHPSG13_1P_256x8_c3_bm_bist (0) disconnected node: A_BIST_EN
Cell RM_IHPSG13_1P_256x8_c3_bm_bist (0) disconnected node: A_BIST_CLK
Cell RM_IHPSG13_1P_256x8_c3_bm_bist (0) disconnected node: A_BIST_REN
Cell RM_IHPSG13_1P_256x8_c3_bm_bist (0) disconnected node: A_BIST_WEN
Cell RM_IHPSG13_1P_256x8_c3_bm_bist (0) disconnected node: A_BIST_MEN

Subcircuit pins:
Circuit 1: RM_IHPSG13_1P_256x8_c3_bm_bist  |Circuit 2: RM_IHPSG13_1P_256x8_c3_bm_bist  
-------------------------------------------|-------------------------------------------
A_DIN[4]                                   |A_DIN[4]                                   
A_DIN[3]                                   |A_DIN[3]                                   
A_BIST_DIN[4]                              |A_BIST_DIN[4]                              
A_BIST_DIN[3]                              |A_BIST_DIN[3]                              
A_BM[4]                                    |A_BM[4]                                    
A_BM[3]                                    |A_BM[3]                                    
A_BIST_BM[4]                               |A_BIST_BM[4]                               
A_BIST_BM[3]                               |A_BIST_BM[3]                               
A_DOUT[4]                                  |A_DOUT[4]                                  
A_DOUT[3]                                  |A_DOUT[3]                                  
VSS                                        |\VSS                                       
VDD                                        |\VDD                                       
VDDARRAY                                   |\VDDARRAY                                  
A_DIN[5]                                   |A_DIN[5]                                   
A_DIN[2]                                   |A_DIN[2]                                   
A_BIST_DIN[5]                              |A_BIST_DIN[5]                              
A_BIST_DIN[2]                              |A_BIST_DIN[2]                              
A_BM[5]                                    |A_BM[5]                                    
A_BM[2]                                    |A_BM[2]                                    
A_BIST_BM[5]                               |A_BIST_BM[5]                               
A_BIST_BM[2]                               |A_BIST_BM[2]                               
A_DOUT[5]                                  |A_DOUT[5]                                  
A_DOUT[2]                                  |A_DOUT[2]                                  
A_DIN[6]                                   |A_DIN[6]                                   
A_DIN[1]                                   |A_DIN[1]                                   
A_BIST_DIN[6]                              |A_BIST_DIN[6]                              
A_BIST_DIN[1]                              |A_BIST_DIN[1]                              
A_BM[6]                                    |A_BM[6]                                    
A_BM[1]                                    |A_BM[1]                                    
A_BIST_BM[6]                               |A_BIST_BM[6]                               
A_BIST_BM[1]                               |A_BIST_BM[1]                               
A_DOUT[6]                                  |A_DOUT[6]                                  
A_DOUT[1]                                  |A_DOUT[1]                                  
A_DIN[7]                                   |A_DIN[7]                                   
A_DIN[0]                                   |A_DIN[0]                                   
A_BIST_DIN[7]                              |A_BIST_DIN[7]                              
A_BIST_DIN[0]                              |A_BIST_DIN[0]                              
A_BM[7]                                    |A_BM[7]                                    
A_BM[0]                                    |A_BM[0]                                    
A_BIST_BM[7]                               |A_BIST_BM[7]                               
A_BIST_BM[0]                               |A_BIST_BM[0]                               
A_DOUT[7]                                  |A_DOUT[7]                                  
A_DOUT[0]                                  |A_DOUT[0]                                  
A_ADDR[0]                                  |A_ADDR[0]                                  
A_BIST_ADDR[0]                             |A_BIST_ADDR[0]                             
A_ADDR[1]                                  |A_ADDR[1]                                  
A_BIST_ADDR[1]                             |A_BIST_ADDR[1]                             
A_ADDR[2]                                  |A_ADDR[2]                                  
A_BIST_ADDR[2]                             |A_BIST_ADDR[2]                             
A_ADDR[3]                                  |A_ADDR[3]                                  
A_BIST_ADDR[3]                             |A_BIST_ADDR[3]                             
A_ADDR[4]                                  |A_ADDR[4]                                  
A_BIST_ADDR[4]                             |A_BIST_ADDR[4]                             
A_ADDR[5]                                  |A_ADDR[5]                                  
A_BIST_ADDR[5]                             |A_BIST_ADDR[5]                             
A_ADDR[6]                                  |A_ADDR[6]                                  
A_BIST_ADDR[6]                             |A_BIST_ADDR[6]                             
A_ADDR[7]                                  |A_ADDR[7]                                  
A_BIST_ADDR[7]                             |A_BIST_ADDR[7]                             
A_CLK                                      |A_CLK                                      
A_REN                                      |A_REN                                      
A_WEN                                      |A_WEN                                      
A_MEN                                      |A_MEN                                      
A_DLY                                      |A_DLY                                      
A_BIST_EN                                  |A_BIST_EN                                  
A_BIST_CLK                                 |A_BIST_CLK                                 
A_BIST_REN                                 |A_BIST_REN                                 
A_BIST_WEN                                 |A_BIST_WEN                                 
A_BIST_MEN                                 |A_BIST_MEN                                 
---------------------------------------------------------------------------------------
Cell pin lists are equivalent.
Device classes RM_IHPSG13_1P_256x8_c3_bm_bist and RM_IHPSG13_1P_256x8_c3_bm_bist are equivalent.

Cell sg13g2_inv_16 (0) disconnected node: Y
Cell sg13g2_inv_16 (0) disconnected node: A
Cell sg13g2_inv_16 (0) disconnected node: VDD
Cell sg13g2_inv_16 (0) disconnected node: VSS

Subcircuit pins:
Circuit 1: sg13g2_inv_16                   |Circuit 2: sg13g2_inv_16                   
-------------------------------------------|-------------------------------------------
Y                                          |Y                                          
A                                          |A                                          
VDD                                        |VDD                                        
VSS                                        |VSS                                        
---------------------------------------------------------------------------------------
Cell pin lists are equivalent.
Device classes sg13g2_inv_16 and sg13g2_inv_16 are equivalent.

Cell tt_um_maw_mnistbnn (0) disconnected node: ena
Cell tt_um_maw_mnistbnn (0) disconnected node: uio_in[1]
Cell tt_um_maw_mnistbnn (0) disconnected node: uio_in[2]
Cell tt_um_maw_mnistbnn (0) disconnected node: uio_in[3]
Cell tt_um_maw_mnistbnn (0) disconnected node: uio_in[4]
Cell tt_um_maw_mnistbnn (0) disconnected node: uio_in[5]
Cell tt_um_maw_mnistbnn (0) disconnected node: uio_in[6]
Cell tt_um_maw_mnistbnn (0) disconnected node: uio_in[7]
Cell tt_um_maw_mnistbnn (1) disconnected node: ena
Cell tt_um_maw_mnistbnn (1) disconnected node: uio_in[7]
Cell tt_um_maw_mnistbnn (1) disconnected node: uio_in[6]
Cell tt_um_maw_mnistbnn (1) disconnected node: uio_in[5]
Cell tt_um_maw_mnistbnn (1) disconnected node: uio_in[4]
Cell tt_um_maw_mnistbnn (1) disconnected node: uio_in[3]
Cell tt_um_maw_mnistbnn (1) disconnected node: uio_in[2]
Cell tt_um_maw_mnistbnn (1) disconnected node: uio_in[1]
Class tt_um_maw_mnistbnn (0):  Merged 57388 parallel devices.
Class tt_um_maw_mnistbnn (1):  Merged 57388 parallel devices.
Cell tt_um_maw_mnistbnn (0) disconnected node: ena
Cell tt_um_maw_mnistbnn (0) disconnected node: uio_in[1]
Cell tt_um_maw_mnistbnn (0) disconnected node: uio_in[2]
Cell tt_um_maw_mnistbnn (0) disconnected node: uio_in[3]
Cell tt_um_maw_mnistbnn (0) disconnected node: uio_in[4]
Cell tt_um_maw_mnistbnn (0) disconnected node: uio_in[5]
Cell tt_um_maw_mnistbnn (0) disconnected node: uio_in[6]
Cell tt_um_maw_mnistbnn (0) disconnected node: uio_in[7]
Cell tt_um_maw_mnistbnn (1) disconnected node: ena
Cell tt_um_maw_mnistbnn (1) disconnected node: uio_in[7]
Cell tt_um_maw_mnistbnn (1) disconnected node: uio_in[6]
Cell tt_um_maw_mnistbnn (1) disconnected node: uio_in[5]
Cell tt_um_maw_mnistbnn (1) disconnected node: uio_in[4]
Cell tt_um_maw_mnistbnn (1) disconnected node: uio_in[3]
Cell tt_um_maw_mnistbnn (1) disconnected node: uio_in[2]
Cell tt_um_maw_mnistbnn (1) disconnected node: uio_in[1]
Subcircuit summary:
Circuit 1: tt_um_maw_mnistbnn              |Circuit 2: tt_um_maw_mnistbnn              
-------------------------------------------|-------------------------------------------
sg13g2_a21o_1 (618)                        |sg13g2_a21o_1 (618)                        
sg13g2_decap_8 (39884->1)                  |sg13g2_decap_8 (39884->1)                  
sg13g2_nand2_1 (2428)                      |sg13g2_nand2_1 (2428)                      
sg13g2_nand3_1 (468)                       |sg13g2_nand3_1 (468)                       
sg13g2_xor2_1 (2231)                       |sg13g2_xor2_1 (2231)                       
sg13g2_fill_1 (6344->1)                    |sg13g2_fill_1 (6344->1)                    
sg13g2_decap_4 (4994->1)                   |sg13g2_decap_4 (4994->1)                   
sg13g2_nor3_1 (234)                        |sg13g2_nor3_1 (234)                        
sg13g2_nor2_1 (1924)                       |sg13g2_nor2_1 (1924)                       
sg13g2_xnor2_1 (4696)                      |sg13g2_xnor2_1 (4696)                      
sg13g2_fill_2 (6170->1)                    |sg13g2_fill_2 (6170->1)                    
sg13g2_nand2b_1 (836)                      |sg13g2_nand2b_1 (836)                      
sg13g2_a21oi_1 (1876)                      |sg13g2_a21oi_1 (1876)                      
sg13g2_a22oi_1 (422)                       |sg13g2_a22oi_1 (422)                       
sg13g2_nand4_1 (110)                       |sg13g2_nand4_1 (110)                       
sg13g2_nor2b_1 (716)                       |sg13g2_nor2b_1 (716)                       
sg13g2_dfrbpq_1 (754)                      |sg13g2_dfrbpq_1 (754)                      
sg13g2_buf_1 (1835)                        |sg13g2_buf_1 (1835)                        
sg13g2_o21ai_1 (2378)                      |sg13g2_o21ai_1 (2378)                      
sg13g2_inv_1 (758)                         |sg13g2_inv_1 (758)                         
sg13g2_and3_1 (104)                        |sg13g2_and3_1 (104)                        
sg13g2_tielo (322)                         |sg13g2_tielo (322)                         
sg13g2_and2_1 (932)                        |sg13g2_and2_1 (932)                        
sg13g2_a221oi_1 (138)                      |sg13g2_a221oi_1 (138)                      
sg13g2_mux2_1 (222)                        |sg13g2_mux2_1 (222)                        
sg13g2_or2_1 (345)                         |sg13g2_or2_1 (345)                         
sg13g2_tiehi (81)                          |sg13g2_tiehi (81)                          
sg13g2_buf_4 (4)                           |sg13g2_buf_4 (4)                           
sg13g2_or3_1 (154)                         |sg13g2_or3_1 (154)                         
sg13g2_nand3b_1 (26)                       |sg13g2_nand3b_1 (26)                       
sg13g2_dlygate4sd3_1 (849)                 |sg13g2_dlygate4sd3_1 (849)                 
sg13g2_antennanp (104)                     |sg13g2_antennanp (104)                     
sg13g2_buf_8 (72)                          |sg13g2_buf_8 (72)                          
sg13g2_and4_1 (23)                         |sg13g2_and4_1 (23)                         
sg13g2_nor4_1 (47)                         |sg13g2_nor4_1 (47)                         
sg13g2_buf_2 (2)                           |sg13g2_buf_2 (2)                           
sg13g2_buf_16 (8)                          |sg13g2_buf_16 (8)                          
sg13g2_or4_1 (5)                           |sg13g2_or4_1 (5)                           
sg13g2_inv_2 (9)                           |sg13g2_inv_2 (9)                           
sg13g2_inv_8 (2)                           |sg13g2_inv_8 (2)                           
sg13g2_inv_4 (8)                           |sg13g2_inv_4 (8)                           
RM_IHPSG13_1P_256x8_c3_bm_bist (1)         |RM_IHPSG13_1P_256x8_c3_bm_bist (1)         
sg13g2_inv_16 (1)                          |sg13g2_inv_16 (1)                          
Number of devices: 25747                   |Number of devices: 25747                   
Number of nets: 25659                      |Number of nets: 25659                      
---------------------------------------------------------------------------------------
Resolving symmetries by property value.
Resolving symmetries by pin name.
Resolving symmetries by net name.
Netlists match with 24 symmetries.

Subcircuit pins:
Circuit 1: tt_um_maw_mnistbnn              |Circuit 2: tt_um_maw_mnistbnn              
-------------------------------------------|-------------------------------------------
uo_out[4]                                  |uo_out[4]                                  
uo_out[0]                                  |uo_out[0]                                  
uo_out[1]                                  |uo_out[1]                                  
uo_out[2]                                  |uo_out[2]                                  
uo_out[3]                                  |uo_out[3]                                  
rst_n                                      |rst_n                                      
uio_in[0]                                  |uio_in[0]                                  
ui_in[7]                                   |ui_in[7]                                   
ui_in[3]                                   |ui_in[3]                                   
ui_in[6]                                   |ui_in[6]                                   
ui_in[2]                                   |ui_in[2]                                   
ui_in[5]                                   |ui_in[5]                                   
ui_in[1]                                   |ui_in[1]                                   
ui_in[4]                                   |ui_in[4]                                   
ui_in[0]                                   |ui_in[0]                                   
uio_oe[0]                                  |uio_oe[0]                                  
uio_oe[1]                                  |uio_oe[1]                                  
uio_oe[2]                                  |uio_oe[2]                                  
uio_oe[3]                                  |uio_oe[3]                                  
uio_oe[4]                                  |uio_oe[4]                                  
uio_oe[5]                                  |uio_oe[5]                                  
uio_oe[6]                                  |uio_oe[6]                                  
uio_oe[7]                                  |uio_oe[7]                                  
uio_out[0]                                 |uio_out[0]                                 
uio_out[1]                                 |uio_out[1]                                 
uio_out[2]                                 |uio_out[2]                                 
uio_out[3]                                 |uio_out[3]                                 
uio_out[4]                                 |uio_out[4]                                 
uio_out[5]                                 |uio_out[5]                                 
uio_out[6]                                 |uio_out[6]                                 
uio_out[7]                                 |uio_out[7]                                 
uo_out[5]                                  |uo_out[5]                                  
uo_out[6]                                  |uo_out[6]                                  
uo_out[7]                                  |uo_out[7]                                  
VGND                                       |VGND                                       
VPWR                                       |VPWR                                       
clk                                        |clk                                        
ena                                        |ena                                        
uio_in[1]                                  |uio_in[1]                                  
uio_in[2]                                  |uio_in[2]                                  
uio_in[3]                                  |uio_in[3]                                  
uio_in[4]                                  |uio_in[4]                                  
uio_in[5]                                  |uio_in[5]                                  
uio_in[6]                                  |uio_in[6]                                  
uio_in[7]                                  |uio_in[7]                                  
---------------------------------------------------------------------------------------
Cell pin lists are equivalent.
Device classes tt_um_maw_mnistbnn and tt_um_maw_mnistbnn are equivalent.

Final result: Circuits match uniquely.
.
