
 /----------------------------------------------------------------------------\
 |  yosys -- Yosys Open SYnthesis Suite                                       |
 |  Copyright (C) 2012 - 2026  Claire Xenia Wolf <claire@yosyshq.com>         |
 |  Distributed under an ISC-like license, type "license" to see terms        |
 \----------------------------------------------------------------------------/
 Yosys 0.62 (git sha1 7326bb7d6641500ecb285c291a54a662cb1e76cf, clang++ 21.1.2 -fPIC -O3)

-- Running command `
                    verilog_defines -DPDK_ihp-sg13g2;
verilog_defines -DSCL_sg13g2_stdcell;
verilog_defines -D__librelane__;
verilog_defines -DSYNTHESIS;
verilog_defines -D__pnr__;
verilog_defines -DUSE_POWER_PINS;
read_verilog -sv -lib /home/marc-andre/binaryneuralnet-asic-TTIHP26/runs/wokwi/tmp/f76ecb46469b49f7b83827ad5eb90e77.bb.v;

                    blackbox;
                    write_verilog -noattr -noexpr -nohex -nodec -defparam -blackboxes /home/marc-andre/binaryneuralnet-asic-TTIHP26/runs/wokwi/tmp/f76ecb46469b49f7b83827ad5eb90e77.bb.v;
                    ' --

1. Executing Verilog-2005 frontend: /home/marc-andre/binaryneuralnet-asic-TTIHP26/runs/wokwi/tmp/f76ecb46469b49f7b83827ad5eb90e77.bb.v
Parsing SystemVerilog input from `/home/marc-andre/binaryneuralnet-asic-TTIHP26/runs/wokwi/tmp/f76ecb46469b49f7b83827ad5eb90e77.bb.v' to AST representation.
Generating RTLIL representation for module `\RM_IHPSG13_1P_256x8_c3_bm_bist'.
Successfully finished Verilog frontend.

2. Executing Verilog backend.
Dumping module `\RM_IHPSG13_1P_256x8_c3_bm_bist'.

End of script. Logfile hash: 728551c13f, CPU: user 0.02s system 0.01s, MEM: 57.05 MB peak
Yosys 0.62 (git sha1 7326bb7d6641500ecb285c291a54a662cb1e76cf, clang++ 21.1.2 -fPIC -O3)
Time spent: 57% 2x read_verilog (0 sec), 27% 2x write_verilog (0 sec), ...
