Reading timing models for corner nom_typ_1p20V_25C…
Reading timing library for the 'nom_typ_1p20V_25C' corner at '/home/marc-andre/binaryneuralnet-asic-TTIHP26/ttsetup/pdk/ciel/ihp-sg13g2/versions/c4b8b4e5e7a05f375cca3815d51b3a37721fbf5c/ihp-sg13g2/libs.ref/sg13g2_stdcell/lib/sg13g2_stdcell_typ_1p20V_25C.lib'…
Reading timing library for the 'nom_typ_1p20V_25C' corner at '/home/marc-andre/binaryneuralnet-asic-TTIHP26/ttsetup/pdk/ciel/ihp-sg13g2/versions/c4b8b4e5e7a05f375cca3815d51b3a37721fbf5c/ihp-sg13g2/libs.ref/sg13g2_io/lib/sg13g2_io_typ_1p2V_3p3V_25C.lib'…
Reading timing library for the 'nom_typ_1p20V_25C' corner at '/home/marc-andre/binaryneuralnet-asic-TTIHP26/macros/SRAM/RM_IHPSG13_1P_256x8_c3_bm_bist_typ_1p20V_25C.lib'…
Reading timing library for the 'nom_typ_1p20V_25C' corner at '/home/marc-andre/binaryneuralnet-asic-TTIHP26/macros/SRAM/RM_IHPSG13_1P_256x8_c3_bm_bist_typ_1p20V_25C.lib'…
[WARNING STA-1140] /home/marc-andre/binaryneuralnet-asic-TTIHP26/macros/SRAM/RM_IHPSG13_1P_256x8_c3_bm_bist_typ_1p20V_25C.lib line 20, library RM_IHPSG13_1P_256x8_c3_bm_bist_typ_1p20V_25C already exists.
Reading OpenROAD database at '/home/marc-andre/binaryneuralnet-asic-TTIHP26/runs/wokwi/48-odb-reportdisconnectedpins/tt_um_maw_mnistbnn.odb'…
Reading design constraints file at '/nix/store/l33lk5v0n41516xxy5nybn9yz57gn0m3-python3-3.13.9-env/lib/python3.13/site-packages/librelane/scripts/base.sdc'…
[INFO] Using clock clk…
[INFO] Setting output delay to: 20
[INFO] Setting input delay to: 20
[INFO] Setting load to: 0.006
[INFO] Setting clock uncertainty to: 0.25
[INFO] Setting clock transition to: 0.15
[INFO] Setting timing derate to: 5%
sg13g2_decap_* sg13g2_fill_1 sg13g2_fill_2
[INFO DPL-0001] Placed 57392 filler instances.
Setting global connections for newly added cells…
[INFO] Setting global connections...
sram matched with sram
sram matched with sram
[INFO ODB-0403] 114784 connections made, 0 conflicts skipped.
Updating metrics…
Cell type report:                       Count       Area
  Macro                                     1   17546.88
  Fill cell                             57392  576703.41
  Antenna cell                            104     566.09
  Buffer                                   24     174.18
  Clock buffer                             78    2013.98
  Timing Repair Buffer                   2668   27130.72
  Inverter                                748    4071.51
  Clock inverter                           30     277.60
  Sequential cell                         754   36937.56
  Multi-Input combinational cell        21336  229879.04
  Total                                 83135  895300.98
Writing OpenROAD database to '/home/marc-andre/binaryneuralnet-asic-TTIHP26/runs/wokwi/52-openroad-fillinsertion/tt_um_maw_mnistbnn.odb'…
Writing netlist to '/home/marc-andre/binaryneuralnet-asic-TTIHP26/runs/wokwi/52-openroad-fillinsertion/tt_um_maw_mnistbnn.nl.v'…
Writing powered netlist to '/home/marc-andre/binaryneuralnet-asic-TTIHP26/runs/wokwi/52-openroad-fillinsertion/tt_um_maw_mnistbnn.pnl.v'…
Writing layout to '/home/marc-andre/binaryneuralnet-asic-TTIHP26/runs/wokwi/52-openroad-fillinsertion/tt_um_maw_mnistbnn.def'…
Writing timing constraints to '/home/marc-andre/binaryneuralnet-asic-TTIHP26/runs/wokwi/52-openroad-fillinsertion/tt_um_maw_mnistbnn.sdc'…
